rx-module-binary-tree.cpp:18:1:RX_BINARY_TREE::RX_BINARY_TREE()	0	static
rx-module-binary-tree.cpp:66:7:Node* RX_BINARY_TREE::newNode(SUBSYSTEM_DATA_MODULE*)	8	static
rx-module-binary-tree.cpp:75:10:uint32_t RX_BINARY_TREE::max(uint32_t, uint32_t)	0	static
rx-module-binary-tree.cpp:80:6:bool RX_BINARY_TREE::isValid(int32_t)	0	static
rx-module-binary-tree.cpp:85:9:uint8_t RX_BINARY_TREE::height(Node*)	0	static
rx-module-binary-tree.cpp:92:9:int32_t RX_BINARY_TREE::node_key(Node*)	0	static
rx-module-binary-tree.cpp:44:7:Node* RX_BINARY_TREE::find(Node*, int32_t)	16	static
rx-module-binary-tree.cpp:31:24:SUBSYSTEM_DATA_MODULE* RX_BINARY_TREE::FindElement(uint32_t)	8	static
rx-module-binary-tree.cpp:101:9:int32_t RX_BINARY_TREE::element_key(SUBSYSTEM_DATA_MODULE*)	0	static
rx-module-binary-tree.cpp:108:7:Node* RX_BINARY_TREE::rightRotate(Node*)	8	static
rx-module-binary-tree.cpp:127:7:Node* RX_BINARY_TREE::leftRotate(Node*)	8	static
rx-module-binary-tree.cpp:146:5:int RX_BINARY_TREE::getBalance(Node*)	0	static
rx-module-binary-tree.cpp:153:7:Node* RX_BINARY_TREE::insert(Node*, SUBSYSTEM_DATA_MODULE*)	32	static
rx-module-binary-tree.cpp:22:6:void RX_BINARY_TREE::AddNode(SUBSYSTEM_DATA_MODULE*)	8	static
