Archive member included to satisfy reference by file (symbol)

c:/ides/st/stm32cubeide_1.3.0/stm32cubeide/plugins/com.st.stm32cube.ide.mcu.externaltools.gnu-tools-for-stm32.7-2018-q2-update.win32_1.0.0.201904181610/tools/bin/../lib/gcc/arm-none-eabi/7.3.1/../../../../arm-none-eabi/lib/thumb/v6-m\libstdc++_nano.a(pure.o)
                              Core/Src/subsystem-can-driver/subsystem-data-module.o (__cxa_pure_virtual)
c:/ides/st/stm32cubeide_1.3.0/stm32cubeide/plugins/com.st.stm32cube.ide.mcu.externaltools.gnu-tools-for-stm32.7-2018-q2-update.win32_1.0.0.201904181610/tools/bin/../lib/gcc/arm-none-eabi/7.3.1/../../../../arm-none-eabi/lib/thumb/v6-m\libstdc++_nano.a(eh_terminate.o)
                              c:/ides/st/stm32cubeide_1.3.0/stm32cubeide/plugins/com.st.stm32cube.ide.mcu.externaltools.gnu-tools-for-stm32.7-2018-q2-update.win32_1.0.0.201904181610/tools/bin/../lib/gcc/arm-none-eabi/7.3.1/../../../../arm-none-eabi/lib/thumb/v6-m\libstdc++_nano.a(pure.o) (std::terminate())
c:/ides/st/stm32cubeide_1.3.0/stm32cubeide/plugins/com.st.stm32cube.ide.mcu.externaltools.gnu-tools-for-stm32.7-2018-q2-update.win32_1.0.0.201904181610/tools/bin/../lib/gcc/arm-none-eabi/7.3.1/../../../../arm-none-eabi/lib/thumb/v6-m\libstdc++_nano.a(eh_unex_handler.o)
                              c:/ides/st/stm32cubeide_1.3.0/stm32cubeide/plugins/com.st.stm32cube.ide.mcu.externaltools.gnu-tools-for-stm32.7-2018-q2-update.win32_1.0.0.201904181610/tools/bin/../lib/gcc/arm-none-eabi/7.3.1/../../../../arm-none-eabi/lib/thumb/v6-m\libstdc++_nano.a(eh_terminate.o) (__cxxabiv1::__unexpected_handler)
c:/ides/st/stm32cubeide_1.3.0/stm32cubeide/plugins/com.st.stm32cube.ide.mcu.externaltools.gnu-tools-for-stm32.7-2018-q2-update.win32_1.0.0.201904181610/tools/bin/../lib/gcc/arm-none-eabi/7.3.1/../../../../arm-none-eabi/lib/thumb/v6-m\libstdc++_nano.a(eh_term_handler.o)
                              c:/ides/st/stm32cubeide_1.3.0/stm32cubeide/plugins/com.st.stm32cube.ide.mcu.externaltools.gnu-tools-for-stm32.7-2018-q2-update.win32_1.0.0.201904181610/tools/bin/../lib/gcc/arm-none-eabi/7.3.1/../../../../arm-none-eabi/lib/thumb/v6-m\libstdc++_nano.a(eh_terminate.o) (__cxxabiv1::__terminate_handler)
c:/ides/st/stm32cubeide_1.3.0/stm32cubeide/plugins/com.st.stm32cube.ide.mcu.externaltools.gnu-tools-for-stm32.7-2018-q2-update.win32_1.0.0.201904181610/tools/bin/../lib/gcc/arm-none-eabi/7.3.1/../../../../arm-none-eabi/lib/thumb/v6-m\libc_nano.a(lib_a-abort.o)
                              c:/ides/st/stm32cubeide_1.3.0/stm32cubeide/plugins/com.st.stm32cube.ide.mcu.externaltools.gnu-tools-for-stm32.7-2018-q2-update.win32_1.0.0.201904181610/tools/bin/../lib/gcc/arm-none-eabi/7.3.1/../../../../arm-none-eabi/lib/thumb/v6-m\libstdc++_nano.a(eh_terminate.o) (abort)
c:/ides/st/stm32cubeide_1.3.0/stm32cubeide/plugins/com.st.stm32cube.ide.mcu.externaltools.gnu-tools-for-stm32.7-2018-q2-update.win32_1.0.0.201904181610/tools/bin/../lib/gcc/arm-none-eabi/7.3.1/../../../../arm-none-eabi/lib/thumb/v6-m\libc_nano.a(lib_a-errno.o)
                              Core/Src/syscalls.o (__errno)
c:/ides/st/stm32cubeide_1.3.0/stm32cubeide/plugins/com.st.stm32cube.ide.mcu.externaltools.gnu-tools-for-stm32.7-2018-q2-update.win32_1.0.0.201904181610/tools/bin/../lib/gcc/arm-none-eabi/7.3.1/../../../../arm-none-eabi/lib/thumb/v6-m\libc_nano.a(lib_a-exit.o)
                              c:/ides/st/stm32cubeide_1.3.0/stm32cubeide/plugins/com.st.stm32cube.ide.mcu.externaltools.gnu-tools-for-stm32.7-2018-q2-update.win32_1.0.0.201904181610/tools/bin/../lib/gcc/arm-none-eabi/7.3.1/../../../../arm-none-eabi/lib/thumb/v6-m/crt0.o (exit)
c:/ides/st/stm32cubeide_1.3.0/stm32cubeide/plugins/com.st.stm32cube.ide.mcu.externaltools.gnu-tools-for-stm32.7-2018-q2-update.win32_1.0.0.201904181610/tools/bin/../lib/gcc/arm-none-eabi/7.3.1/../../../../arm-none-eabi/lib/thumb/v6-m\libc_nano.a(lib_a-impure.o)
                              c:/ides/st/stm32cubeide_1.3.0/stm32cubeide/plugins/com.st.stm32cube.ide.mcu.externaltools.gnu-tools-for-stm32.7-2018-q2-update.win32_1.0.0.201904181610/tools/bin/../lib/gcc/arm-none-eabi/7.3.1/../../../../arm-none-eabi/lib/thumb/v6-m\libc_nano.a(lib_a-exit.o) (_global_impure_ptr)
c:/ides/st/stm32cubeide_1.3.0/stm32cubeide/plugins/com.st.stm32cube.ide.mcu.externaltools.gnu-tools-for-stm32.7-2018-q2-update.win32_1.0.0.201904181610/tools/bin/../lib/gcc/arm-none-eabi/7.3.1/../../../../arm-none-eabi/lib/thumb/v6-m\libc_nano.a(lib_a-init.o)
                              c:/ides/st/stm32cubeide_1.3.0/stm32cubeide/plugins/com.st.stm32cube.ide.mcu.externaltools.gnu-tools-for-stm32.7-2018-q2-update.win32_1.0.0.201904181610/tools/bin/../lib/gcc/arm-none-eabi/7.3.1/../../../../arm-none-eabi/lib/thumb/v6-m/crt0.o (__libc_init_array)
[...]
Memory Configuration

Name             Origin             Length             Attributes
RAM              0x0000000020000000 0x0000000000004000 xrw
FLASH            0x0000000008000000 0x0000000000020000 xr
*default*        0x0000000000000000 0xffffffffffffffff

Linker script and memory map

LOAD c:/ides/st/stm32cubeide_1.3.0/stm32cubeide/plugins/com.st.stm32cube.ide.mcu.externaltools.gnu-tools-for-stm32.7-2018-q2-update.win32_1.0.0.201904181610/tools/bin/../lib/gcc/arm-none-eabi/7.3.1/thumb/v6-m/crti.o
LOAD c:/ides/st/stm32cubeide_1.3.0/stm32cubeide/plugins/com.st.stm32cube.ide.mcu.externaltools.gnu-tools-for-stm32.7-2018-q2-update.win32_1.0.0.201904181610/tools/bin/../lib/gcc/arm-none-eabi/7.3.1/thumb/v6-m/crtbegin.o
LOAD c:/ides/st/stm32cubeide_1.3.0/stm32cubeide/plugins/com.st.stm32cube.ide.mcu.externaltools.gnu-tools-for-stm32.7-2018-q2-update.win32_1.0.0.201904181610/tools/bin/../lib/gcc/arm-none-eabi/7.3.1/../../../../arm-none-eabi/lib/thumb/v6-m/crt0.o
LOAD Core/Src/main.o
LOAD Core/Src/stm32f0xx_hal_msp.o
LOAD Core/Src/stm32f0xx_it.o
LOAD Core/Src/syscalls.o
LOAD Core/Src/sysmem.o
LOAD Core/Src/system_stm32f0xx.o
LOAD Core/Src/subsystem-can-driver/aux-data-module.o
LOAD Core/Src/subsystem-can-driver/bms-data-module.o
LOAD Core/Src/subsystem-can-driver/mppt-data-module.o
LOAD Core/Src/subsystem-can-driver/subsystem-data-module.o
LOAD Core/Src/subsystem-can-driver/helper-code/rx-module-binary-tree.o
LOAD Core/Startup/startup_stm32f072rbtx.o
LOAD Drivers/STM32F0xx_HAL_Driver/Src/stm32f0xx_hal.o
LOAD Drivers/STM32F0xx_HAL_Driver/Src/stm32f0xx_hal_can.o
LOAD Drivers/STM32F0xx_HAL_Driver/Src/stm32f0xx_hal_cortex.o
LOAD Drivers/STM32F0xx_HAL_Driver/Src/stm32f0xx_hal_dma.o
LOAD Drivers/STM32F0xx_HAL_Driver/Src/stm32f0xx_hal_exti.o
LOAD Drivers/STM32F0xx_HAL_Driver/Src/stm32f0xx_hal_flash.o
LOAD Drivers/STM32F0xx_HAL_Driver/Src/stm32f0xx_hal_flash_ex.o
LOAD Drivers/STM32F0xx_HAL_Driver/Src/stm32f0xx_hal_gpio.o
LOAD Drivers/STM32F0xx_HAL_Driver/Src/stm32f0xx_hal_i2c.o
LOAD Drivers/STM32F0xx_HAL_Driver/Src/stm32f0xx_hal_i2c_ex.o
LOAD Drivers/STM32F0xx_HAL_Driver/Src/stm32f0xx_hal_pwr.o
LOAD Drivers/STM32F0xx_HAL_Driver/Src/stm32f0xx_hal_pwr_ex.o
LOAD Drivers/STM32F0xx_HAL_Driver/Src/stm32f0xx_hal_rcc.o
LOAD Drivers/STM32F0xx_HAL_Driver/Src/stm32f0xx_hal_rcc_ex.o
LOAD Drivers/STM32F0xx_HAL_Driver/Src/stm32f0xx_hal_spi.o
LOAD Drivers/STM32F0xx_HAL_Driver/Src/stm32f0xx_hal_spi_ex.o
LOAD Drivers/STM32F0xx_HAL_Driver/Src/stm32f0xx_hal_tim.o
LOAD Drivers/STM32F0xx_HAL_Driver/Src/stm32f0xx_hal_tim_ex.o
START GROUP
LOAD c:/ides/st/stm32cubeide_1.3.0/stm32cubeide/plugins/com.st.stm32cube.ide.mcu.externaltools.gnu-tools-for-stm32.7-2018-q2-update.win32_1.0.0.201904181610/tools/bin/../lib/gcc/arm-none-eabi/7.3.1/../../../../arm-none-eabi/lib/thumb/v6-m\libstdc++_nano.a
LOAD c:/ides/st/stm32cubeide_1.3.0/stm32cubeide/plugins/com.st.stm32cube.ide.mcu.externaltools.gnu-tools-for-stm32.7-2018-q2-update.win32_1.0.0.201904181610/tools/bin/../lib/gcc/arm-none-eabi/7.3.1/../../../../arm-none-eabi/lib/thumb/v6-m\libsupc++_nano.a
END GROUP
LOAD c:/ides/st/stm32cubeide_1.3.0/stm32cubeide/plugins/com.st.stm32cube.ide.mcu.externaltools.gnu-tools-for-stm32.7-2018-q2-update.win32_1.0.0.201904181610/tools/bin/../lib/gcc/arm-none-eabi/7.3.1/../../../../arm-none-eabi/lib/thumb/v6-m\libstdc++_nano.a
LOAD c:/ides/st/stm32cubeide_1.3.0/stm32cubeide/plugins/com.st.stm32cube.ide.mcu.externaltools.gnu-tools-for-stm32.7-2018-q2-update.win32_1.0.0.201904181610/tools/bin/../lib/gcc/arm-none-eabi/7.3.1/../../../../arm-none-eabi/lib/thumb/v6-m\libm.a
LOAD c:/ides/st/stm32cubeide_1.3.0/stm32cubeide/plugins/com.st.stm32cube.ide.mcu.externaltools.gnu-tools-for-stm32.7-2018-q2-update.win32_1.0.0.201904181610/tools/bin/../lib/gcc/arm-none-eabi/7.3.1/../../../../arm-none-eabi/lib/thumb/v6-m\libc_nano.a
START GROUP
LOAD c:/ides/st/stm32cubeide_1.3.0/stm32cubeide/plugins/com.st.stm32cube.ide.mcu.externaltools.gnu-tools-for-stm32.7-2018-q2-update.win32_1.0.0.201904181610/tools/bin/../lib/gcc/arm-none-eabi/7.3.1/thumb/v6-m\libgcc.a
LOAD c:/ides/st/stm32cubeide_1.3.0/stm32cubeide/plugins/com.st.stm32cube.ide.mcu.externaltools.gnu-tools-for-stm32.7-2018-q2-update.win32_1.0.0.201904181610/tools/bin/../lib/gcc/arm-none-eabi/7.3.1/../../../../arm-none-eabi/lib/thumb/v6-m\libc_nano.a
END GROUP
START GROUP
LOAD c:/ides/st/stm32cubeide_1.3.0/stm32cubeide/plugins/com.st.stm32cube.ide.mcu.externaltools.gnu-tools-for-stm32.7-2018-q2-update.win32_1.0.0.201904181610/tools/bin/../lib/gcc/arm-none-eabi/7.3.1/thumb/v6-m\libgcc.a
LOAD c:/ides/st/stm32cubeide_1.3.0/stm32cubeide/plugins/com.st.stm32cube.ide.mcu.externaltools.gnu-tools-for-stm32.7-2018-q2-update.win32_1.0.0.201904181610/tools/bin/../lib/gcc/arm-none-eabi/7.3.1/../../../../arm-none-eabi/lib/thumb/v6-m\libc_nano.a
LOAD c:/ides/st/stm32cubeide_1.3.0/stm32cubeide/plugins/com.st.stm32cube.ide.mcu.externaltools.gnu-tools-for-stm32.7-2018-q2-update.win32_1.0.0.201904181610/tools/bin/../lib/gcc/arm-none-eabi/7.3.1/../../../../arm-none-eabi/lib/thumb/v6-m\libnosys.a
END GROUP
START GROUP
LOAD c:/ides/st/stm32cubeide_1.3.0/stm32cubeide/plugins/com.st.stm32cube.ide.mcu.externaltools.gnu-tools-for-stm32.7-2018-q2-update.win32_1.0.0.201904181610/tools/bin/../lib/gcc/arm-none-eabi/7.3.1/thumb/v6-m\libgcc.a
LOAD c:/ides/st/stm32cubeide_1.3.0/stm32cubeide/plugins/com.st.stm32cube.ide.mcu.externaltools.gnu-tools-for-stm32.7-2018-q2-update.win32_1.0.0.201904181610/tools/bin/../lib/gcc/arm-none-eabi/7.3.1/../../../../arm-none-eabi/lib/thumb/v6-m\libc_nano.a
LOAD c:/ides/st/stm32cubeide_1.3.0/stm32cubeide/plugins/com.st.stm32cube.ide.mcu.externaltools.gnu-tools-for-stm32.7-2018-q2-update.win32_1.0.0.201904181610/tools/bin/../lib/gcc/arm-none-eabi/7.3.1/../../../../arm-none-eabi/lib/thumb/v6-m\libnosys.a
END GROUP
LOAD c:/ides/st/stm32cubeide_1.3.0/stm32cubeide/plugins/com.st.stm32cube.ide.mcu.externaltools.gnu-tools-for-stm32.7-2018-q2-update.win32_1.0.0.201904181610/tools/bin/../lib/gcc/arm-none-eabi/7.3.1/thumb/v6-m/crtend.o
LOAD c:/ides/st/stm32cubeide_1.3.0/stm32cubeide/plugins/com.st.stm32cube.ide.mcu.externaltools.gnu-tools-for-stm32.7-2018-q2-update.win32_1.0.0.201904181610/tools/bin/../lib/gcc/arm-none-eabi/7.3.1/thumb/v6-m/crtn.o
                0x0000000020004000                _estack = (ORIGIN (RAM) + LENGTH (RAM))
                0x0000000000000200                _Min_Heap_Size = 0x200
                0x0000000000000400                _Min_Stack_Size = 0x400

.isr_vector     0x0000000008000000       0xc0
                0x0000000008000000                . = ALIGN (0x4)
 *(.isr_vector)
 .isr_vector    0x0000000008000000       0xc0 Core/Startup/startup_stm32f072rbtx.o
                0x0000000008000000                g_pfnVectors
                0x00000000080000c0                . = ALIGN (0x4)

.text           0x00000000080000c0     0x448c
                0x00000000080000c0                . = ALIGN (0x4)
 *(.text)
 .text          0x00000000080000c0       0x48 c:/ides/st/stm32cubeide_1.3.0/stm32cubeide/plugins/com.st.stm32cube.ide.mcu.externaltools.gnu-tools-for-stm32.7-2018-q2-update.win32_1.0.0.201904181610/tools/bin/../lib/gcc/arm-none-eabi/7.3.1/thumb/v6-m/crtbegin.o
 .text          0x0000000008000108      0x114 c:/ides/st/stm32cubeide_1.3.0/stm32cubeide/plugins/com.st.stm32cube.ide.mcu.externaltools.gnu-tools-for-stm32.7-2018-q2-update.win32_1.0.0.201904181610/tools/bin/../lib/gcc/arm-none-eabi/7.3.1/thumb/v6-m\libgcc.a(_udivsi3.o)
                0x0000000008000108                __aeabi_uidiv
                0x0000000008000108                __udivsi3
                0x0000000008000214                __aeabi_uidivmod
 .text          0x000000000800021c      0x1d4 c:/ides/st/stm32cubeide_1.3.0/stm32cubeide/plugins/com.st.stm32cube.ide.mcu.externaltools.gnu-tools-for-stm32.7-2018-q2-update.win32_1.0.0.201904181610/tools/bin/../lib/gcc/arm-none-eabi/7.3.1/thumb/v6-m\libgcc.a(_divsi3.o)
                0x000000000800021c                __divsi3
                0x000000000800021c                __aeabi_idiv
                0x00000000080003e8                __aeabi_idivmod
 .text          0x00000000080003f0        0x4 c:/ides/st/stm32cubeide_1.3.0/stm32cubeide/plugins/com.st.stm32cube.ide.mcu.externaltools.gnu-tools-for-stm32.7-2018-q2-update.win32_1.0.0.201904181610/tools/bin/../lib/gcc/arm-none-eabi/7.3.1/thumb/v6-m\libgcc.a(_dvmd_tls.o)
                0x00000000080003f0                __aeabi_idiv0
                0x00000000080003f0                __aeabi_ldiv0
 *(.text*)
 .text.main     0x00000000080003f4       0x80 Core/Src/main.o
                0x00000000080003f4                main
 .text._Z18SystemClock_Configv
                0x0000000008000474       0x90 Core/Src/main.o
                0x0000000008000474                SystemClock_Config()
 .text._ZL12MX_SPI2_Initv
                0x0000000008000504       0x84 Core/Src/main.o
 .text._ZL12MX_TIM2_Initv
                0x0000000008000588       0xc0 Core/Src/main.o
 .text._ZL12MX_GPIO_Initv
                0x0000000008000648      0x178 Core/Src/main.o
 .text.HAL_GPIO_EXTI_Callback
                0x00000000080007c0       0x98 Core/Src/main.o
                0x00000000080007c0                HAL_GPIO_EXTI_Callback
 .text.HAL_TIM_PeriodElapsedCallback
                0x0000000008000858       0xdc Core/Src/main.o
                0x0000000008000858                HAL_TIM_PeriodElapsedCallback
 .text._Z26AUX_MotherReceive_CallbackP21SUBSYSTEM_DATA_MODULE
                0x0000000008000934       0x50 Core/Src/main.o
                0x0000000008000934                AUX_MotherReceive_Callback(SUBSYSTEM_DATA_MODULE*)
 .text._Z9DAC_Write5slavePh
                0x0000000008000984       0x9c Core/Src/main.o
                0x0000000008000984                DAC_Write(slave, unsigned char*)
 .text._Z15DAC_SpliceWrite5slavehPt
                0x0000000008000a20       0x60 Core/Src/main.o
                0x0000000008000a20                DAC_SpliceWrite(slave, unsigned char, unsigned short*)
 .text.Error_Handler
                0x0000000008000a80        0xa Core/Src/main.o
                0x0000000008000a80                Error_Handler
 .text._ZN40SUBSYSTEM_DATA_MODULE_TEMPLATE_INTERFACEI13AUX_MESSAGE_025AUX_MESSAGE_0_DATA_PACKETE19GetOldestDataPacketEPb
                0x0000000008000a8a       0x52 Core/Src/main.o
                0x0000000008000a8a                SUBSYSTEM_DATA_MODULE_TEMPLATE_INTERFACE<AUX_MESSAGE_0, AUX_MESSAGE_0_DATA_PACKET>::GetOldestDataPacket(bool*)
 .text._ZN11HELPER_FIFOIhLt3ELt8EE8PopFrontEPb
                0x0000000008000adc       0x86 Core/Src/main.o
                0x0000000008000adc                HELPER_FIFO<unsigned char, (unsigned short)3, (unsigned short)8>::PopFront(bool*)
 *fill*         0x0000000008000b62        0x2 
 .text._Z41__static_initialization_and_destruction_0ii
                0x0000000008000b64       0x30 Core/Src/main.o
 .text._GLOBAL__sub_I_hspi2
                0x0000000008000b94       0x18 Core/Src/main.o
 .text.HAL_MspInit
                0x0000000008000bac       0x48 Core/Src/stm32f0xx_hal_msp.o
                0x0000000008000bac                HAL_MspInit
 .text.HAL_SPI_MspInit
                0x0000000008000bf4       0x9c Core/Src/stm32f0xx_hal_msp.o
                0x0000000008000bf4                HAL_SPI_MspInit
 .text.HAL_TIM_Base_MspInit
                0x0000000008000c90       0x48 Core/Src/stm32f0xx_hal_msp.o
                0x0000000008000c90                HAL_TIM_Base_MspInit
 .text.NMI_Handler
                0x0000000008000cd8        0xa Core/Src/stm32f0xx_it.o
                0x0000000008000cd8                NMI_Handler
 .text.HardFault_Handler
                0x0000000008000ce2        0x6 Core/Src/stm32f0xx_it.o
                0x0000000008000ce2                HardFault_Handler
 .text.SVC_Handler
                0x0000000008000ce8        0xa Core/Src/stm32f0xx_it.o
                0x0000000008000ce8                SVC_Handler
 .text.PendSV_Handler
                0x0000000008000cf2        0xa Core/Src/stm32f0xx_it.o
                0x0000000008000cf2                PendSV_Handler
 .text.SysTick_Handler
                0x0000000008000cfc        0xe Core/Src/stm32f0xx_it.o
                0x0000000008000cfc                SysTick_Handler
 .text.EXTI0_1_IRQHandler
                0x0000000008000d0a       0x10 Core/Src/stm32f0xx_it.o
                0x0000000008000d0a                EXTI0_1_IRQHandler
 *fill*         0x0000000008000d1a        0x2 
 .text.TIM2_IRQHandler
                0x0000000008000d1c       0x18 Core/Src/stm32f0xx_it.o
                0x0000000008000d1c                TIM2_IRQHandler
 .text._getpid  0x0000000008000d34        0xc Core/Src/syscalls.o
                0x0000000008000d34                _getpid
 .text._kill    0x0000000008000d40       0x20 Core/Src/syscalls.o
                0x0000000008000d40                _kill
 .text._exit    0x0000000008000d60       0x18 Core/Src/syscalls.o
                0x0000000008000d60                _exit
 .text.SystemInit
                0x0000000008000d78        0xa Core/Src/system_stm32f0xx.o
                0x0000000008000d78                SystemInit
 .text._ZN13AUX_MESSAGE_017dataPacketToArrayE25AUX_MESSAGE_0_DATA_PACKETPh
                0x0000000008000d82       0xd8 Core/Src/subsystem-can-driver/aux-data-module.o
                0x0000000008000d82                AUX_MESSAGE_0::dataPacketToArray(AUX_MESSAGE_0_DATA_PACKET, unsigned char*)
 .text._ZN13AUX_MESSAGE_017arrayToDataPacketEPh
                0x0000000008000e5a       0xb0 Core/Src/subsystem-can-driver/aux-data-module.o
                0x0000000008000e5a                AUX_MESSAGE_0::arrayToDataPacket(unsigned char*)
 *fill*         0x0000000008000f0a        0x2 
 .text._ZN13AUX_MESSAGE_0C2Ev
                0x0000000008000f0c       0x2c Core/Src/subsystem-can-driver/aux-data-module.o
                0x0000000008000f0c                AUX_MESSAGE_0::AUX_MESSAGE_0()
                0x0000000008000f0c                AUX_MESSAGE_0::AUX_MESSAGE_0()
 .text._ZN40SUBSYSTEM_DATA_MODULE_TEMPLATE_INTERFACEI13AUX_MESSAGE_025AUX_MESSAGE_0_DATA_PACKETEC2Emhb
                0x0000000008000f38       0x3c Core/Src/subsystem-can-driver/aux-data-module.o
                0x0000000008000f38                SUBSYSTEM_DATA_MODULE_TEMPLATE_INTERFACE<AUX_MESSAGE_0, AUX_MESSAGE_0_DATA_PACKET>::SUBSYSTEM_DATA_MODULE_TEMPLATE_INTERFACE(unsigned long, unsigned char, bool)
                0x0000000008000f38                SUBSYSTEM_DATA_MODULE_TEMPLATE_INTERFACE<AUX_MESSAGE_0, AUX_MESSAGE_0_DATA_PACKET>::SUBSYSTEM_DATA_MODULE_TEMPLATE_INTERFACE(unsigned long, unsigned char, bool)
 .text._ZN40SUBSYSTEM_DATA_MODULE_TEMPLATE_INTERFACEI13AUX_MESSAGE_025AUX_MESSAGE_0_DATA_PACKETE18fillTransmitBufferEv
                0x0000000008000f74       0x58 Core/Src/subsystem-can-driver/aux-data-module.o
                0x0000000008000f74                SUBSYSTEM_DATA_MODULE_TEMPLATE_INTERFACE<AUX_MESSAGE_0, AUX_MESSAGE_0_DATA_PACKET>::fillTransmitBuffer()
 .text.HAL_CAN_RxFifo0MsgPendingCallback
                0x0000000008000fcc       0x84 Core/Src/subsystem-can-driver/subsystem-data-module.o
                0x0000000008000fcc                HAL_CAN_RxFifo0MsgPendingCallback
 .text.CEC_CAN_IRQHandler
                0x0000000008001050       0x18 Core/Src/subsystem-can-driver/subsystem-data-module.o
                0x0000000008001050                CEC_CAN_IRQHandler
 .text.HAL_CAN_MspInit
                0x0000000008001068       0xac Core/Src/subsystem-can-driver/subsystem-data-module.o
                0x0000000008001068                HAL_CAN_MspInit
 .text._ZN21SUBSYSTEM_DATA_MODULEC2Emhb
                0x0000000008001114       0x58 Core/Src/subsystem-can-driver/subsystem-data-module.o
                0x0000000008001114                SUBSYSTEM_DATA_MODULE::SUBSYSTEM_DATA_MODULE(unsigned long, unsigned char, bool)
                0x0000000008001114                SUBSYSTEM_DATA_MODULE::SUBSYSTEM_DATA_MODULE(unsigned long, unsigned char, bool)
 .text._ZN21SUBSYSTEM_DATA_MODULE19FindReceivingModuleEm
                0x000000000800116c       0x24 Core/Src/subsystem-can-driver/subsystem-data-module.o
                0x000000000800116c                SUBSYSTEM_DATA_MODULE::FindReceivingModule(unsigned long)
 .text._ZN21SUBSYSTEM_DATA_MODULE12SetupReceiveEPFvPS_E
                0x0000000008001190       0x40 Core/Src/subsystem-can-driver/subsystem-data-module.o
                0x0000000008001190                SUBSYSTEM_DATA_MODULE::SetupReceive(void (*)(SUBSYSTEM_DATA_MODULE*))
 .text._ZN21SUBSYSTEM_DATA_MODULE19CallReceiveCallbackEv
                0x00000000080011d0       0x22 Core/Src/subsystem-can-driver/subsystem-data-module.o
                0x00000000080011d0                SUBSYSTEM_DATA_MODULE::CallReceiveCallback()
 *fill*         0x00000000080011f2        0x2 
 .text._ZN21SUBSYSTEM_DATA_MODULE8StartCANEv
                0x00000000080011f4       0xc4 Core/Src/subsystem-can-driver/subsystem-data-module.o
                0x00000000080011f4                SUBSYSTEM_DATA_MODULE::StartCAN()
 .text._ZN21SUBSYSTEM_DATA_MODULE11isFifoEmptyEv
                0x00000000080012b8       0x1c Core/Src/subsystem-can-driver/subsystem-data-module.o
                0x00000000080012b8                SUBSYSTEM_DATA_MODULE::isFifoEmpty()
 .text._ZN21SUBSYSTEM_DATA_MODULE9addToFifoEPh
                0x00000000080012d4       0x26 Core/Src/subsystem-can-driver/subsystem-data-module.o
                0x00000000080012d4                SUBSYSTEM_DATA_MODULE::addToFifo(unsigned char*)
 .text._ZN11HELPER_FIFOIhLt3ELt8EEC2Ev
                0x00000000080012fa       0x24 Core/Src/subsystem-can-driver/subsystem-data-module.o
                0x00000000080012fa                HELPER_FIFO<unsigned char, (unsigned short)3, (unsigned short)8>::HELPER_FIFO()
                0x00000000080012fa                HELPER_FIFO<unsigned char, (unsigned short)3, (unsigned short)8>::HELPER_FIFO()
 .text._ZN11HELPER_FIFOIhLt3ELt8EE7IsEmptyEv
                0x000000000800131e       0x2a Core/Src/subsystem-can-driver/subsystem-data-module.o
                0x000000000800131e                HELPER_FIFO<unsigned char, (unsigned short)3, (unsigned short)8>::IsEmpty()
 .text._ZN11HELPER_FIFOIhLt3ELt8EE8PushBackEPhPb
                0x0000000008001348       0x80 Core/Src/subsystem-can-driver/subsystem-data-module.o
                0x0000000008001348                HELPER_FIFO<unsigned char, (unsigned short)3, (unsigned short)8>::PushBack(unsigned char*, bool*)
 .text._ZN11HELPER_FIFOIhLt3ELt8EE13copyArrayDataEtPh
                0x00000000080013c8       0x58 Core/Src/subsystem-can-driver/subsystem-data-module.o
                0x00000000080013c8                HELPER_FIFO<unsigned char, (unsigned short)3, (unsigned short)8>::copyArrayData(unsigned short, unsigned char*)
 .text._Z41__static_initialization_and_destruction_0ii
                0x0000000008001420       0x30 Core/Src/subsystem-can-driver/subsystem-data-module.o
 .text._GLOBAL__sub_I__ZN21SUBSYSTEM_DATA_MODULE13rxModulesTreeE
                0x0000000008001450       0x18 Core/Src/subsystem-can-driver/subsystem-data-module.o
 .text._ZN14RX_BINARY_TREEC2Ev
                0x0000000008001468       0x1e Core/Src/subsystem-can-driver/helper-code/rx-module-binary-tree.o
                0x0000000008001468                RX_BINARY_TREE::RX_BINARY_TREE()
                0x0000000008001468                RX_BINARY_TREE::RX_BINARY_TREE()
 .text._ZN14RX_BINARY_TREE7AddNodeEP21SUBSYSTEM_DATA_MODULE
                0x0000000008001486       0x34 Core/Src/subsystem-can-driver/helper-code/rx-module-binary-tree.o
                0x0000000008001486                RX_BINARY_TREE::AddNode(SUBSYSTEM_DATA_MODULE*)
 .text._ZN14RX_BINARY_TREE11FindElementEm
                0x00000000080014ba       0x32 Core/Src/subsystem-can-driver/helper-code/rx-module-binary-tree.o
                0x00000000080014ba                RX_BINARY_TREE::FindElement(unsigned long)
 .text._ZN14RX_BINARY_TREE4findEP4Nodel
                0x00000000080014ec       0x88 Core/Src/subsystem-can-driver/helper-code/rx-module-binary-tree.o
                0x00000000080014ec                RX_BINARY_TREE::find(Node*, long)
 .text._ZN14RX_BINARY_TREE7newNodeEP21SUBSYSTEM_DATA_MODULE
                0x0000000008001574       0x62 Core/Src/subsystem-can-driver/helper-code/rx-module-binary-tree.o
                0x0000000008001574                RX_BINARY_TREE::newNode(SUBSYSTEM_DATA_MODULE*)
 .text._ZN14RX_BINARY_TREE3maxEmm
                0x00000000080015d6       0x22 Core/Src/subsystem-can-driver/helper-code/rx-module-binary-tree.o
                0x00000000080015d6                RX_BINARY_TREE::max(unsigned long, unsigned long)
 .text._ZN14RX_BINARY_TREE6heightEP4Node
                0x00000000080015f8       0x20 Core/Src/subsystem-can-driver/helper-code/rx-module-binary-tree.o
                0x00000000080015f8                RX_BINARY_TREE::height(Node*)
 .text._ZN14RX_BINARY_TREE8node_keyEP4Node
                0x0000000008001618       0x32 Core/Src/subsystem-can-driver/helper-code/rx-module-binary-tree.o
                0x0000000008001618                RX_BINARY_TREE::node_key(Node*)
 .text._ZN14RX_BINARY_TREE11element_keyEP21SUBSYSTEM_DATA_MODULE
                0x000000000800164a       0x22 Core/Src/subsystem-can-driver/helper-code/rx-module-binary-tree.o
                0x000000000800164a                RX_BINARY_TREE::element_key(SUBSYSTEM_DATA_MODULE*)
 .text._ZN14RX_BINARY_TREE11rightRotateEP4Node
                0x000000000800166c       0xa0 Core/Src/subsystem-can-driver/helper-code/rx-module-binary-tree.o
                0x000000000800166c                RX_BINARY_TREE::rightRotate(Node*)
 .text._ZN14RX_BINARY_TREE10leftRotateEP4Node
                0x000000000800170c       0xa0 Core/Src/subsystem-can-driver/helper-code/rx-module-binary-tree.o
                0x000000000800170c                RX_BINARY_TREE::leftRotate(Node*)
 .text._ZN14RX_BINARY_TREE10getBalanceEP4Node
                0x00000000080017ac       0x40 Core/Src/subsystem-can-driver/helper-code/rx-module-binary-tree.o
                0x00000000080017ac                RX_BINARY_TREE::getBalance(Node*)
 .text._ZN14RX_BINARY_TREE6insertEP4NodeP21SUBSYSTEM_DATA_MODULE
                0x00000000080017ec      0x22e Core/Src/subsystem-can-driver/helper-code/rx-module-binary-tree.o
                0x00000000080017ec                RX_BINARY_TREE::insert(Node*, SUBSYSTEM_DATA_MODULE*)
 *fill*         0x0000000008001a1a        0x2 
 .text.Reset_Handler
                0x0000000008001a1c       0x50 Core/Startup/startup_stm32f072rbtx.o
                0x0000000008001a1c                Reset_Handler
 .text.Default_Handler
                0x0000000008001a6c        0x2 Core/Startup/startup_stm32f072rbtx.o
                0x0000000008001a6c                TIM1_CC_IRQHandler
                0x0000000008001a6c                TSC_IRQHandler
                0x0000000008001a6c                ADC1_COMP_IRQHandler
                0x0000000008001a6c                I2C1_IRQHandler
                0x0000000008001a6c                RCC_CRS_IRQHandler
                0x0000000008001a6c                SPI1_IRQHandler
                0x0000000008001a6c                TIM6_DAC_IRQHandler
                0x0000000008001a6c                USART3_4_IRQHandler
                0x0000000008001a6c                EXTI2_3_IRQHandler
                0x0000000008001a6c                I2C2_IRQHandler
                0x0000000008001a6c                TIM17_IRQHandler
                0x0000000008001a6c                RTC_IRQHandler
                0x0000000008001a6c                PVD_VDDIO2_IRQHandler
                0x0000000008001a6c                DMA1_Channel4_5_6_7_IRQHandler
                0x0000000008001a6c                TIM16_IRQHandler
                0x0000000008001a6c                TIM3_IRQHandler
                0x0000000008001a6c                EXTI4_15_IRQHandler
                0x0000000008001a6c                DMA1_Channel1_IRQHandler
                0x0000000008001a6c                Default_Handler
                0x0000000008001a6c                TIM14_IRQHandler
                0x0000000008001a6c                TIM7_IRQHandler
                0x0000000008001a6c                TIM15_IRQHandler
                0x0000000008001a6c                USB_IRQHandler
                0x0000000008001a6c                SPI2_IRQHandler
                0x0000000008001a6c                WWDG_IRQHandler
                0x0000000008001a6c                DMA1_Channel2_3_IRQHandler
                0x0000000008001a6c                USART2_IRQHandler
                0x0000000008001a6c                FLASH_IRQHandler
                0x0000000008001a6c                USART1_IRQHandler
                0x0000000008001a6c                TIM1_BRK_UP_TRG_COM_IRQHandler
 *fill*         0x0000000008001a6e        0x2 
 .text.HAL_Init
                0x0000000008001a70       0x28 Drivers/STM32F0xx_HAL_Driver/Src/stm32f0xx_hal.o
                0x0000000008001a70                HAL_Init
 .text.HAL_InitTick
                0x0000000008001a98       0x68 Drivers/STM32F0xx_HAL_Driver/Src/stm32f0xx_hal.o
                0x0000000008001a98                HAL_InitTick
 .text.HAL_IncTick
                0x0000000008001b00       0x24 Drivers/STM32F0xx_HAL_Driver/Src/stm32f0xx_hal.o
                0x0000000008001b00                HAL_IncTick
 .text.HAL_GetTick
                0x0000000008001b24       0x14 Drivers/STM32F0xx_HAL_Driver/Src/stm32f0xx_hal.o
                0x0000000008001b24                HAL_GetTick
 .text.HAL_CAN_Init
                0x0000000008001b38      0x1fc Drivers/STM32F0xx_HAL_Driver/Src/stm32f0xx_hal_can.o
                0x0000000008001b38                HAL_CAN_Init
 .text.HAL_CAN_ConfigFilter
                0x0000000008001d34      0x1e4 Drivers/STM32F0xx_HAL_Driver/Src/stm32f0xx_hal_can.o
                0x0000000008001d34                HAL_CAN_ConfigFilter
 .text.HAL_CAN_Start
                0x0000000008001f18       0x8c Drivers/STM32F0xx_HAL_Driver/Src/stm32f0xx_hal_can.o
                0x0000000008001f18                HAL_CAN_Start
 .text.HAL_CAN_GetRxMessage
                0x0000000008001fa4      0x23a Drivers/STM32F0xx_HAL_Driver/Src/stm32f0xx_hal_can.o
                0x0000000008001fa4                HAL_CAN_GetRxMessage
 .text.HAL_CAN_GetRxFifoFillLevel
                0x00000000080021de       0x56 Drivers/STM32F0xx_HAL_Driver/Src/stm32f0xx_hal_can.o
                0x00000000080021de                HAL_CAN_GetRxFifoFillLevel
 .text.HAL_CAN_ActivateNotification
                0x0000000008002234       0x54 Drivers/STM32F0xx_HAL_Driver/Src/stm32f0xx_hal_can.o
                0x0000000008002234                HAL_CAN_ActivateNotification
 .text.HAL_CAN_IRQHandler
                0x0000000008002288      0x362 Drivers/STM32F0xx_HAL_Driver/Src/stm32f0xx_hal_can.o
                0x0000000008002288                HAL_CAN_IRQHandler
 .text.HAL_CAN_TxMailbox0CompleteCallback
                0x00000000080025ea       0x10 Drivers/STM32F0xx_HAL_Driver/Src/stm32f0xx_hal_can.o
                0x00000000080025ea                HAL_CAN_TxMailbox0CompleteCallback
 .text.HAL_CAN_TxMailbox1CompleteCallback
                0x00000000080025fa       0x10 Drivers/STM32F0xx_HAL_Driver/Src/stm32f0xx_hal_can.o
                0x00000000080025fa                HAL_CAN_TxMailbox1CompleteCallback
 .text.HAL_CAN_TxMailbox2CompleteCallback
                0x000000000800260a       0x10 Drivers/STM32F0xx_HAL_Driver/Src/stm32f0xx_hal_can.o
                0x000000000800260a                HAL_CAN_TxMailbox2CompleteCallback
 .text.HAL_CAN_TxMailbox0AbortCallback
                0x000000000800261a       0x10 Drivers/STM32F0xx_HAL_Driver/Src/stm32f0xx_hal_can.o
                0x000000000800261a                HAL_CAN_TxMailbox0AbortCallback
 .text.HAL_CAN_TxMailbox1AbortCallback
                0x000000000800262a       0x10 Drivers/STM32F0xx_HAL_Driver/Src/stm32f0xx_hal_can.o
                0x000000000800262a                HAL_CAN_TxMailbox1AbortCallback
 .text.HAL_CAN_TxMailbox2AbortCallback
                0x000000000800263a       0x10 Drivers/STM32F0xx_HAL_Driver/Src/stm32f0xx_hal_can.o
                0x000000000800263a                HAL_CAN_TxMailbox2AbortCallback
 .text.HAL_CAN_RxFifo0FullCallback
                0x000000000800264a       0x10 Drivers/STM32F0xx_HAL_Driver/Src/stm32f0xx_hal_can.o
                0x000000000800264a                HAL_CAN_RxFifo0FullCallback
 .text.HAL_CAN_RxFifo1MsgPendingCallback
                0x000000000800265a       0x10 Drivers/STM32F0xx_HAL_Driver/Src/stm32f0xx_hal_can.o
                0x000000000800265a                HAL_CAN_RxFifo1MsgPendingCallback
 .text.HAL_CAN_RxFifo1FullCallback
                0x000000000800266a       0x10 Drivers/STM32F0xx_HAL_Driver/Src/stm32f0xx_hal_can.o
                0x000000000800266a                HAL_CAN_RxFifo1FullCallback
 .text.HAL_CAN_SleepCallback
                0x000000000800267a       0x10 Drivers/STM32F0xx_HAL_Driver/Src/stm32f0xx_hal_can.o
                0x000000000800267a                HAL_CAN_SleepCallback
 .text.HAL_CAN_WakeUpFromRxMsgCallback
                0x000000000800268a       0x10 Drivers/STM32F0xx_HAL_Driver/Src/stm32f0xx_hal_can.o
                0x000000000800268a                HAL_CAN_WakeUpFromRxMsgCallback
 .text.HAL_CAN_ErrorCallback
                0x000000000800269a       0x10 Drivers/STM32F0xx_HAL_Driver/Src/stm32f0xx_hal_can.o
                0x000000000800269a                HAL_CAN_ErrorCallback
 *fill*         0x00000000080026aa        0x2 
 .text.__NVIC_EnableIRQ
                0x00000000080026ac       0x34 Drivers/STM32F0xx_HAL_Driver/Src/stm32f0xx_hal_cortex.o
 .text.__NVIC_SetPriority
                0x00000000080026e0       0xdc Drivers/STM32F0xx_HAL_Driver/Src/stm32f0xx_hal_cortex.o
 .text.SysTick_Config
                0x00000000080027bc       0x48 Drivers/STM32F0xx_HAL_Driver/Src/stm32f0xx_hal_cortex.o
 .text.HAL_NVIC_SetPriority
                0x0000000008002804       0x2a Drivers/STM32F0xx_HAL_Driver/Src/stm32f0xx_hal_cortex.o
                0x0000000008002804                HAL_NVIC_SetPriority
 .text.HAL_NVIC_EnableIRQ
                0x000000000800282e       0x20 Drivers/STM32F0xx_HAL_Driver/Src/stm32f0xx_hal_cortex.o
                0x000000000800282e                HAL_NVIC_EnableIRQ
 .text.HAL_SYSTICK_Config
                0x000000000800284e       0x1a Drivers/STM32F0xx_HAL_Driver/Src/stm32f0xx_hal_cortex.o
                0x000000000800284e                HAL_SYSTICK_Config
 .text.HAL_GPIO_Init
                0x0000000008002868      0x2f0 Drivers/STM32F0xx_HAL_Driver/Src/stm32f0xx_hal_gpio.o
                0x0000000008002868                HAL_GPIO_Init
 .text.HAL_GPIO_ReadPin
                0x0000000008002b58       0x3a Drivers/STM32F0xx_HAL_Driver/Src/stm32f0xx_hal_gpio.o
                0x0000000008002b58                HAL_GPIO_ReadPin
 .text.HAL_GPIO_WritePin
                0x0000000008002b92       0x3a Drivers/STM32F0xx_HAL_Driver/Src/stm32f0xx_hal_gpio.o
                0x0000000008002b92                HAL_GPIO_WritePin
 .text.HAL_GPIO_EXTI_IRQHandler
                0x0000000008002bcc       0x38 Drivers/STM32F0xx_HAL_Driver/Src/stm32f0xx_hal_gpio.o
                0x0000000008002bcc                HAL_GPIO_EXTI_IRQHandler
 .text.HAL_RCC_OscConfig
                0x0000000008002c04      0x70c Drivers/STM32F0xx_HAL_Driver/Src/stm32f0xx_hal_rcc.o
                0x0000000008002c04                HAL_RCC_OscConfig
 .text.HAL_RCC_ClockConfig
                0x0000000008003310      0x1b4 Drivers/STM32F0xx_HAL_Driver/Src/stm32f0xx_hal_rcc.o
                0x0000000008003310                HAL_RCC_ClockConfig
 .text.HAL_RCC_GetSysClockFreq
                0x00000000080034c4       0xfc Drivers/STM32F0xx_HAL_Driver/Src/stm32f0xx_hal_rcc.o
                0x00000000080034c4                HAL_RCC_GetSysClockFreq
 .text.HAL_SPI_Init
                0x00000000080035c0      0x134 Drivers/STM32F0xx_HAL_Driver/Src/stm32f0xx_hal_spi.o
                0x00000000080035c0                HAL_SPI_Init
 .text.HAL_SPI_Transmit
                0x00000000080036f4      0x302 Drivers/STM32F0xx_HAL_Driver/Src/stm32f0xx_hal_spi.o
                0x00000000080036f4                HAL_SPI_Transmit
 .text.HAL_SPI_GetState
                0x00000000080039f6       0x18 Drivers/STM32F0xx_HAL_Driver/Src/stm32f0xx_hal_spi.o
                0x00000000080039f6                HAL_SPI_GetState
 *fill*         0x0000000008003a0e        0x2 
 .text.SPI_WaitFlagStateUntilTimeout
                0x0000000008003a10       0xe0 Drivers/STM32F0xx_HAL_Driver/Src/stm32f0xx_hal_spi.o
 .text.SPI_WaitFifoStateUntilTimeout
                0x0000000008003af0       0xe8 Drivers/STM32F0xx_HAL_Driver/Src/stm32f0xx_hal_spi.o
 .text.SPI_EndRxTxTransaction
                0x0000000008003bd8       0x8c Drivers/STM32F0xx_HAL_Driver/Src/stm32f0xx_hal_spi.o
 .text.HAL_TIM_Base_Init
                0x0000000008003c64       0x58 Drivers/STM32F0xx_HAL_Driver/Src/stm32f0xx_hal_tim.o
                0x0000000008003c64                HAL_TIM_Base_Init
 .text.HAL_TIM_Base_Start_IT
                0x0000000008003cbc       0x44 Drivers/STM32F0xx_HAL_Driver/Src/stm32f0xx_hal_tim.o
                0x0000000008003cbc                HAL_TIM_Base_Start_IT
 .text.HAL_TIM_IRQHandler
                0x0000000008003d00      0x22c Drivers/STM32F0xx_HAL_Driver/Src/stm32f0xx_hal_tim.o
                0x0000000008003d00                HAL_TIM_IRQHandler
 .text.HAL_TIM_ConfigClockSource
                0x0000000008003f2c      0x17c Drivers/STM32F0xx_HAL_Driver/Src/stm32f0xx_hal_tim.o
                0x0000000008003f2c                HAL_TIM_ConfigClockSource
 .text.HAL_TIM_OC_DelayElapsedCallback
                0x00000000080040a8       0x10 Drivers/STM32F0xx_HAL_Driver/Src/stm32f0xx_hal_tim.o
                0x00000000080040a8                HAL_TIM_OC_DelayElapsedCallback
 .text.HAL_TIM_IC_CaptureCallback
                0x00000000080040b8       0x10 Drivers/STM32F0xx_HAL_Driver/Src/stm32f0xx_hal_tim.o
                0x00000000080040b8                HAL_TIM_IC_CaptureCallback
 .text.HAL_TIM_PWM_PulseFinishedCallback
                0x00000000080040c8       0x10 Drivers/STM32F0xx_HAL_Driver/Src/stm32f0xx_hal_tim.o
                0x00000000080040c8                HAL_TIM_PWM_PulseFinishedCallback
 .text.HAL_TIM_TriggerCallback
                0x00000000080040d8       0x10 Drivers/STM32F0xx_HAL_Driver/Src/stm32f0xx_hal_tim.o
                0x00000000080040d8                HAL_TIM_TriggerCallback
 .text.TIM_Base_SetConfig
                0x00000000080040e8      0x100 Drivers/STM32F0xx_HAL_Driver/Src/stm32f0xx_hal_tim.o
                0x00000000080040e8                TIM_Base_SetConfig
 .text.TIM_TI1_ConfigInputStage
                0x00000000080041e8       0x5c Drivers/STM32F0xx_HAL_Driver/Src/stm32f0xx_hal_tim.o
 .text.TIM_TI2_ConfigInputStage
                0x0000000008004244       0x64 Drivers/STM32F0xx_HAL_Driver/Src/stm32f0xx_hal_tim.o
 .text.TIM_ITRx_SetConfig
                0x00000000080042a8       0x32 Drivers/STM32F0xx_HAL_Driver/Src/stm32f0xx_hal_tim.o
 *fill*         0x00000000080042da        0x2 
 .text.TIM_ETR_SetConfig
                0x00000000080042dc       0x40 Drivers/STM32F0xx_HAL_Driver/Src/stm32f0xx_hal_tim.o
                0x00000000080042dc                TIM_ETR_SetConfig
 .text.HAL_TIMEx_MasterConfigSynchronization
                0x000000000800431c       0xbc Drivers/STM32F0xx_HAL_Driver/Src/stm32f0xx_hal_tim_ex.o
                0x000000000800431c                HAL_TIMEx_MasterConfigSynchronization
 .text.HAL_TIMEx_CommutCallback
                0x00000000080043d8       0x10 Drivers/STM32F0xx_HAL_Driver/Src/stm32f0xx_hal_tim_ex.o
                0x00000000080043d8                HAL_TIMEx_CommutCallback
 .text.HAL_TIMEx_BreakCallback
                0x00000000080043e8       0x10 Drivers/STM32F0xx_HAL_Driver/Src/stm32f0xx_hal_tim_ex.o
                0x00000000080043e8                HAL_TIMEx_BreakCallback
 .text.__cxa_pure_virtual
                0x00000000080043f8        0x6 c:/ides/st/stm32cubeide_1.3.0/stm32cubeide/plugins/com.st.stm32cube.ide.mcu.externaltools.gnu-tools-for-stm32.7-2018-q2-update.win32_1.0.0.201904181610/tools/bin/../lib/gcc/arm-none-eabi/7.3.1/../../../../arm-none-eabi/lib/thumb/v6-m\libstdc++_nano.a(pure.o)
                0x00000000080043f8                __cxa_pure_virtual
 .text._ZN10__cxxabiv111__terminateEPFvvE
                0x00000000080043fe        0x8 c:/ides/st/stm32cubeide_1.3.0/stm32cubeide/plugins/com.st.stm32cube.ide.mcu.externaltools.gnu-tools-for-stm32.7-2018-q2-update.win32_1.0.0.201904181610/tools/bin/../lib/gcc/arm-none-eabi/7.3.1/../../../../arm-none-eabi/lib/thumb/v6-m\libstdc++_nano.a(eh_terminate.o)
                0x00000000080043fe                __cxxabiv1::__terminate(void (*)())
 *fill*         0x0000000008004406        0x2 
 .text._ZSt9terminatev
                0x0000000008004408       0x10 c:/ides/st/stm32cubeide_1.3.0/stm32cubeide/plugins/com.st.stm32cube.ide.mcu.externaltools.gnu-tools-for-stm32.7-2018-q2-update.win32_1.0.0.201904181610/tools/bin/../lib/gcc/arm-none-eabi/7.3.1/../../../../arm-none-eabi/lib/thumb/v6-m\libstdc++_nano.a(eh_terminate.o)
                0x0000000008004408                std::terminate()
 .text.abort    0x0000000008004418        0xe c:/ides/st/stm32cubeide_1.3.0/stm32cubeide/plugins/com.st.stm32cube.ide.mcu.externaltools.gnu-tools-for-stm32.7-2018-q2-update.win32_1.0.0.201904181610/tools/bin/../lib/gcc/arm-none-eabi/7.3.1/../../../../arm-none-eabi/lib/thumb/v6-m\libc_nano.a(lib_a-abort.o)
                0x0000000008004418                abort
 *fill*         0x0000000008004426        0x2 
 .text.__errno  0x0000000008004428        0xc c:/ides/st/stm32cubeide_1.3.0/stm32cubeide/plugins/com.st.stm32cube.ide.mcu.externaltools.gnu-tools-for-stm32.7-2018-q2-update.win32_1.0.0.201904181610/tools/bin/../lib/gcc/arm-none-eabi/7.3.1/../../../../arm-none-eabi/lib/thumb/v6-m\libc_nano.a(lib_a-errno.o)
                0x0000000008004428                __errno
 .text.__libc_init_array
                0x0000000008004434       0x48 c:/ides/st/stm32cubeide_1.3.0/stm32cubeide/plugins/com.st.stm32cube.ide.mcu.externaltools.gnu-tools-for-stm32.7-2018-q2-update.win32_1.0.0.201904181610/tools/bin/../lib/gcc/arm-none-eabi/7.3.1/../../../../arm-none-eabi/lib/thumb/v6-m\libc_nano.a(lib_a-init.o)
                0x0000000008004434                __libc_init_array
 .text.memcpy   0x000000000800447c       0x12 c:/ides/st/stm32cubeide_1.3.0/stm32cubeide/plugins/com.st.stm32cube.ide.mcu.externaltools.gnu-tools-for-stm32.7-2018-q2-update.win32_1.0.0.201904181610/tools/bin/../lib/gcc/arm-none-eabi/7.3.1/../../../../arm-none-eabi/lib/thumb/v6-m\libc_nano.a(lib_a-memcpy-stub.o)
                0x000000000800447c                memcpy
 .text.memset   0x000000000800448e       0x10 c:/ides/st/stm32cubeide_1.3.0/stm32cubeide/plugins/com.st.stm32cube.ide.mcu.externaltools.gnu-tools-for-stm32.7-2018-q2-update.win32_1.0.0.201904181610/tools/bin/../lib/gcc/arm-none-eabi/7.3.1/../../../../arm-none-eabi/lib/thumb/v6-m\libc_nano.a(lib_a-memset.o)
                0x000000000800448e                memset
 .text._raise_r
                0x000000000800449e       0x54 c:/ides/st/stm32cubeide_1.3.0/stm32cubeide/plugins/com.st.stm32cube.ide.mcu.externaltools.gnu-tools-for-stm32.7-2018-q2-update.win32_1.0.0.201904181610/tools/bin/../lib/gcc/arm-none-eabi/7.3.1/../../../../arm-none-eabi/lib/thumb/v6-m\libc_nano.a(lib_a-signal.o)
                0x000000000800449e                _raise_r
 *fill*         0x00000000080044f2        0x2 
 .text.raise    0x00000000080044f4       0x14 c:/ides/st/stm32cubeide_1.3.0/stm32cubeide/plugins/com.st.stm32cube.ide.mcu.externaltools.gnu-tools-for-stm32.7-2018-q2-update.win32_1.0.0.201904181610/tools/bin/../lib/gcc/arm-none-eabi/7.3.1/../../../../arm-none-eabi/lib/thumb/v6-m\libc_nano.a(lib_a-signal.o)
                0x00000000080044f4                raise
 .text._kill_r  0x0000000008004508       0x24 c:/ides/st/stm32cubeide_1.3.0/stm32cubeide/plugins/com.st.stm32cube.ide.mcu.externaltools.gnu-tools-for-stm32.7-2018-q2-update.win32_1.0.0.201904181610/tools/bin/../lib/gcc/arm-none-eabi/7.3.1/../../../../arm-none-eabi/lib/thumb/v6-m\libc_nano.a(lib_a-signalr.o)
                0x0000000008004508                _kill_r
 .text._getpid_r
                0x000000000800452c        0x8 c:/ides/st/stm32cubeide_1.3.0/stm32cubeide/plugins/com.st.stm32cube.ide.mcu.externaltools.gnu-tools-for-stm32.7-2018-q2-update.win32_1.0.0.201904181610/tools/bin/../lib/gcc/arm-none-eabi/7.3.1/../../../../arm-none-eabi/lib/thumb/v6-m\libc_nano.a(lib_a-signalr.o)
                0x000000000800452c                _getpid_r
 *(.glue_7)
 .glue_7        0x0000000008004534        0x0 linker stubs
 *(.glue_7t)
 .glue_7t       0x0000000008004534        0x0 linker stubs
 *(.eh_frame)
 .eh_frame      0x0000000008004534        0x0 c:/ides/st/stm32cubeide_1.3.0/stm32cubeide/plugins/com.st.stm32cube.ide.mcu.externaltools.gnu-tools-for-stm32.7-2018-q2-update.win32_1.0.0.201904181610/tools/bin/../lib/gcc/arm-none-eabi/7.3.1/thumb/v6-m/crtbegin.o
 *(.init)
 .init          0x0000000008004534        0x4 c:/ides/st/stm32cubeide_1.3.0/stm32cubeide/plugins/com.st.stm32cube.ide.mcu.externaltools.gnu-tools-for-stm32.7-2018-q2-update.win32_1.0.0.201904181610/tools/bin/../lib/gcc/arm-none-eabi/7.3.1/thumb/v6-m/crti.o
                0x0000000008004534                _init
 .init          0x0000000008004538        0x8 c:/ides/st/stm32cubeide_1.3.0/stm32cubeide/plugins/com.st.stm32cube.ide.mcu.externaltools.gnu-tools-for-stm32.7-2018-q2-update.win32_1.0.0.201904181610/tools/bin/../lib/gcc/arm-none-eabi/7.3.1/thumb/v6-m/crtn.o
 *(.fini)
 .fini          0x0000000008004540        0x4 c:/ides/st/stm32cubeide_1.3.0/stm32cubeide/plugins/com.st.stm32cube.ide.mcu.externaltools.gnu-tools-for-stm32.7-2018-q2-update.win32_1.0.0.201904181610/tools/bin/../lib/gcc/arm-none-eabi/7.3.1/thumb/v6-m/crti.o
                0x0000000008004540                _fini
 .fini          0x0000000008004544        0x8 c:/ides/st/stm32cubeide_1.3.0/stm32cubeide/plugins/com.st.stm32cube.ide.mcu.externaltools.gnu-tools-for-stm32.7-2018-q2-update.win32_1.0.0.201904181610/tools/bin/../lib/gcc/arm-none-eabi/7.3.1/thumb/v6-m/crtn.o
                0x000000000800454c                . = ALIGN (0x4)
                0x000000000800454c                _etext = .

.vfp11_veneer   0x000000000800454c        0x0
 .vfp11_veneer  0x000000000800454c        0x0 linker stubs

.v4_bx          0x000000000800454c        0x0
 .v4_bx         0x000000000800454c        0x0 linker stubs

.iplt           0x000000000800454c        0x0
 .iplt          0x000000000800454c        0x0 c:/ides/st/stm32cubeide_1.3.0/stm32cubeide/plugins/com.st.stm32cube.ide.mcu.externaltools.gnu-tools-for-stm32.7-2018-q2-update.win32_1.0.0.201904181610/tools/bin/../lib/gcc/arm-none-eabi/7.3.1/thumb/v6-m/crtbegin.o

.rodata         0x000000000800454c       0x54
                0x000000000800454c                . = ALIGN (0x4)
 *(.rodata)
 .rodata        0x000000000800454c       0x20 Drivers/STM32F0xx_HAL_Driver/Src/stm32f0xx_hal_rcc.o
 *(.rodata*)
 .rodata.AHBPrescTable
                0x000000000800456c       0x10 Core/Src/system_stm32f0xx.o
                0x000000000800456c                AHBPrescTable
 .rodata._ZTV13AUX_MESSAGE_0
                0x000000000800457c        0xc Core/Src/subsystem-can-driver/aux-data-module.o
                0x000000000800457c                vtable for AUX_MESSAGE_0
 .rodata._ZTV40SUBSYSTEM_DATA_MODULE_TEMPLATE_INTERFACEI13AUX_MESSAGE_025AUX_MESSAGE_0_DATA_PACKETE
                0x0000000008004588        0xc Core/Src/subsystem-can-driver/aux-data-module.o
                0x0000000008004588                vtable for SUBSYSTEM_DATA_MODULE_TEMPLATE_INTERFACE<AUX_MESSAGE_0, AUX_MESSAGE_0_DATA_PACKET>
 .rodata._ZTV21SUBSYSTEM_DATA_MODULE
                0x0000000008004594        0xc Core/Src/subsystem-can-driver/subsystem-data-module.o
                0x0000000008004594                vtable for SUBSYSTEM_DATA_MODULE
                0x00000000080045a0                . = ALIGN (0x4)

.rel.dyn        0x00000000080045a0        0x0
 .rel.iplt      0x00000000080045a0        0x0 c:/ides/st/stm32cubeide_1.3.0/stm32cubeide/plugins/com.st.stm32cube.ide.mcu.externaltools.gnu-tools-for-stm32.7-2018-q2-update.win32_1.0.0.201904181610/tools/bin/../lib/gcc/arm-none-eabi/7.3.1/thumb/v6-m/crtbegin.o

.ARM.extab      0x00000000080045a0        0x0
                0x00000000080045a0                . = ALIGN (0x4)
 *(.ARM.extab* .gnu.linkonce.armextab.*)
                0x00000000080045a0                . = ALIGN (0x4)

.ARM            0x00000000080045a0        0x0
                0x00000000080045a0                . = ALIGN (0x4)
                0x00000000080045a0                __exidx_start = .
 *(.ARM.exidx*)
                0x00000000080045a0                __exidx_end = .
                0x00000000080045a0                . = ALIGN (0x4)

.preinit_array  0x00000000080045a0        0x0
                0x00000000080045a0                . = ALIGN (0x4)
                0x00000000080045a0                PROVIDE (__preinit_array_start = .)
 *(.preinit_array*)
                0x00000000080045a0                PROVIDE (__preinit_array_end = .)
                0x00000000080045a0                . = ALIGN (0x4)

.init_array     0x00000000080045a0        0xc
                0x00000000080045a0                . = ALIGN (0x4)
                0x00000000080045a0                PROVIDE (__init_array_start = .)
 *(SORT_BY_NAME(.init_array.*))
 *(.init_array*)
 .init_array    0x00000000080045a0        0x4 c:/ides/st/stm32cubeide_1.3.0/stm32cubeide/plugins/com.st.stm32cube.ide.mcu.externaltools.gnu-tools-for-stm32.7-2018-q2-update.win32_1.0.0.201904181610/tools/bin/../lib/gcc/arm-none-eabi/7.3.1/thumb/v6-m/crtbegin.o
 .init_array    0x00000000080045a4        0x4 Core/Src/main.o
 .init_array    0x00000000080045a8        0x4 Core/Src/subsystem-can-driver/subsystem-data-module.o
                0x00000000080045ac                PROVIDE (__init_array_end = .)
                0x00000000080045ac                . = ALIGN (0x4)

.fini_array     0x00000000080045ac        0x4
                0x00000000080045ac                . = ALIGN (0x4)
                [!provide]                        PROVIDE (__fini_array_start = .)
 *(SORT_BY_NAME(.fini_array.*))
 *(.fini_array*)
 .fini_array    0x00000000080045ac        0x4 c:/ides/st/stm32cubeide_1.3.0/stm32cubeide/plugins/com.st.stm32cube.ide.mcu.externaltools.gnu-tools-for-stm32.7-2018-q2-update.win32_1.0.0.201904181610/tools/bin/../lib/gcc/arm-none-eabi/7.3.1/thumb/v6-m/crtbegin.o
                [!provide]                        PROVIDE (__fini_array_end = .)
                0x00000000080045b0                . = ALIGN (0x4)
                0x00000000080045b0                _sidata = LOADADDR (.data)

.data           0x0000000020000000       0xdc load address 0x00000000080045b0
                0x0000000020000000                . = ALIGN (0x4)
                0x0000000020000000                _sdata = .
 *(.data)
 *(.data*)
 .data.sine     0x0000000020000000       0x64 Core/Src/main.o
                0x0000000020000000                sine
 .data._ZZ4mainE8DAC_Init
                0x0000000020000064        0x3 Core/Src/main.o
 *fill*         0x0000000020000067        0x1 
 .data.SystemCoreClock
                0x0000000020000068        0x4 Core/Src/system_stm32f0xx.o
                0x0000000020000068                SystemCoreClock
 .data.uwTickPrio
                0x000000002000006c        0x4 Drivers/STM32F0xx_HAL_Driver/Src/stm32f0xx_hal.o
                0x000000002000006c                uwTickPrio
 .data.uwTickFreq
                0x0000000020000070        0x1 Drivers/STM32F0xx_HAL_Driver/Src/stm32f0xx_hal.o
                0x0000000020000070                uwTickFreq
 *fill*         0x0000000020000071        0x3 
 .data._ZN10__cxxabiv119__terminate_handlerE
                0x0000000020000074        0x4 c:/ides/st/stm32cubeide_1.3.0/stm32cubeide/plugins/com.st.stm32cube.ide.mcu.externaltools.gnu-tools-for-stm32.7-2018-q2-update.win32_1.0.0.201904181610/tools/bin/../lib/gcc/arm-none-eabi/7.3.1/../../../../arm-none-eabi/lib/thumb/v6-m\libstdc++_nano.a(eh_term_handler.o)
                0x0000000020000074                __cxxabiv1::__terminate_handler
 .data._impure_ptr
                0x0000000020000078        0x4 c:/ides/st/stm32cubeide_1.3.0/stm32cubeide/plugins/com.st.stm32cube.ide.mcu.externaltools.gnu-tools-for-stm32.7-2018-q2-update.win32_1.0.0.201904181610/tools/bin/../lib/gcc/arm-none-eabi/7.3.1/../../../../arm-none-eabi/lib/thumb/v6-m\libc_nano.a(lib_a-impure.o)
                0x0000000020000078                _impure_ptr
 .data.impure_data
                0x000000002000007c       0x60 c:/ides/st/stm32cubeide_1.3.0/stm32cubeide/plugins/com.st.stm32cube.ide.mcu.externaltools.gnu-tools-for-stm32.7-2018-q2-update.win32_1.0.0.201904181610/tools/bin/../lib/gcc/arm-none-eabi/7.3.1/../../../../arm-none-eabi/lib/thumb/v6-m\libc_nano.a(lib_a-impure.o)
                0x00000000200000dc                . = ALIGN (0x4)
                0x00000000200000dc                _edata = .

.igot.plt       0x00000000200000dc        0x0 load address 0x000000000800468c
 .igot.plt      0x00000000200000dc        0x0 c:/ides/st/stm32cubeide_1.3.0/stm32cubeide/plugins/com.st.stm32cube.ide.mcu.externaltools.gnu-tools-for-stm32.7-2018-q2-update.win32_1.0.0.201904181610/tools/bin/../lib/gcc/arm-none-eabi/7.3.1/thumb/v6-m/crtbegin.o
                0x00000000200000dc                . = ALIGN (0x4)

.bss            0x00000000200000dc      0x184 load address 0x000000000800468c
                0x00000000200000dc                _sbss = .
                0x00000000200000dc                __bss_start__ = _sbss
 *(.bss)
 .bss           0x00000000200000dc       0x1c c:/ides/st/stm32cubeide_1.3.0/stm32cubeide/plugins/com.st.stm32cube.ide.mcu.externaltools.gnu-tools-for-stm32.7-2018-q2-update.win32_1.0.0.201904181610/tools/bin/../lib/gcc/arm-none-eabi/7.3.1/thumb/v6-m/crtbegin.o
 *(.bss*)
 .bss.hspi2     0x00000000200000f8       0x64 Core/Src/main.o
                0x00000000200000f8                hspi2
 .bss.htim2     0x000000002000015c       0x40 Core/Src/main.o
                0x000000002000015c                htim2
 .bss._ZL10aux0Packet
                0x000000002000019c        0x8 Core/Src/main.o
 .bss._ZL4aux0  0x00000000200001a4       0x40 Core/Src/main.o
 .bss._ZL9active_CT
                0x00000000200001e4        0x1 Core/Src/main.o
 .bss._ZL13active_Cruise
                0x00000000200001e5        0x1 Core/Src/main.o
 .bss._ZL11newInput_CT
                0x00000000200001e6        0x1 Core/Src/main.o
 .bss._ZL15newInput_Cruise
                0x00000000200001e7        0x1 Core/Src/main.o
 .bss._ZL12sysPrecharge
                0x00000000200001e8        0x1 Core/Src/main.o
 .bss._ZL15sysMCCoilActive
                0x00000000200001e9        0x1 Core/Src/main.o
 .bss._ZL17sysMPPTCoilActive
                0x00000000200001ea        0x1 Core/Src/main.o
 *fill*         0x00000000200001eb        0x1 
 .bss._ZL13tickPrecharge
                0x00000000200001ec        0x4 Core/Src/main.o
 .bss._ZL8tickCoil
                0x00000000200001f0        0x4 Core/Src/main.o
 .bss._ZL12newInput_CAN
                0x00000000200001f4        0x1 Core/Src/main.o
 *fill*         0x00000000200001f5        0x3 
 .bss._ZN21SUBSYSTEM_DATA_MODULE13rxModulesTreeE
                0x00000000200001f8       0x38 Core/Src/subsystem-can-driver/subsystem-data-module.o
                0x00000000200001f8                SUBSYSTEM_DATA_MODULE::rxModulesTree
 .bss._ZN21SUBSYSTEM_DATA_MODULE4hcanE
                0x0000000020000230       0x28 Core/Src/subsystem-can-driver/subsystem-data-module.o
                0x0000000020000230                SUBSYSTEM_DATA_MODULE::hcan
 *(COMMON)
 COMMON         0x0000000020000258        0x4 Drivers/STM32F0xx_HAL_Driver/Src/stm32f0xx_hal.o
                0x0000000020000258                uwTick
 COMMON         0x000000002000025c        0x4 c:/ides/st/stm32cubeide_1.3.0/stm32cubeide/plugins/com.st.stm32cube.ide.mcu.externaltools.gnu-tools-for-stm32.7-2018-q2-update.win32_1.0.0.201904181610/tools/bin/../lib/gcc/arm-none-eabi/7.3.1/../../../../arm-none-eabi/lib/thumb/v6-m\libc_nano.a(lib_a-reent.o)
                0x000000002000025c                errno
                0x0000000020000260                . = ALIGN (0x4)
                0x0000000020000260                _ebss = .
                0x0000000020000260                __bss_end__ = _ebss

._user_heap_stack
                0x0000000020000260      0x600 load address 0x000000000800468c
                0x0000000020000260                . = ALIGN (0x8)
                0x0000000020000260                PROVIDE (end = .)
                [!provide]                        PROVIDE (_end = .)
                0x0000000020000460                . = (. + _Min_Heap_Size)
 *fill*         0x0000000020000260      0x200 
                0x0000000020000860                . = (. + _Min_Stack_Size)
 *fill*         0x0000000020000460      0x400 
                0x0000000020000860                . = ALIGN (0x8)

/DISCARD/
 libc.a(*)
 libm.a(*)
 libgcc.a(*)

.ARM.attributes
                0x0000000000000000       0x28
 *(.ARM.attributes)
 .ARM.attributes
                0x0000000000000000       0x1e c:/ides/st/stm32cubeide_1.3.0/stm32cubeide/plugins/com.st.stm32cube.ide.mcu.externaltools.gnu-tools-for-stm32.7-2018-q2-update.win32_1.0.0.201904181610/tools/bin/../lib/gcc/arm-none-eabi/7.3.1/thumb/v6-m/crti.o
 .ARM.attributes
                0x000000000000001e       0x2c c:/ides/st/stm32cubeide_1.3.0/stm32cubeide/plugins/com.st.stm32cube.ide.mcu.externaltools.gnu-tools-for-stm32.7-2018-q2-update.win32_1.0.0.201904181610/tools/bin/../lib/gcc/arm-none-eabi/7.3.1/thumb/v6-m/crtbegin.o
 .ARM.attributes
                0x000000000000004a       0x31 Core/Src/main.o
 .ARM.attributes
                0x000000000000007b       0x31 Core/Src/stm32f0xx_hal_msp.o
 .ARM.attributes
                0x00000000000000ac       0x31 Core/Src/stm32f0xx_it.o
 .ARM.attributes
                0x00000000000000dd       0x31 Core/Src/syscalls.o
 .ARM.attributes
                0x000000000000010e       0x31 Core/Src/system_stm32f0xx.o
 .ARM.attributes
                0x000000000000013f       0x31 Core/Src/subsystem-can-driver/aux-data-module.o
 .ARM.attributes
                0x0000000000000170       0x31 Core/Src/subsystem-can-driver/subsystem-data-module.o
 .ARM.attributes
                0x00000000000001a1       0x31 Core/Src/subsystem-can-driver/helper-code/rx-module-binary-tree.o
 .ARM.attributes
                0x00000000000001d2       0x21 Core/Startup/startup_stm32f072rbtx.o
 .ARM.attributes
                0x00000000000001f3       0x31 Drivers/STM32F0xx_HAL_Driver/Src/stm32f0xx_hal.o
 .ARM.attributes
                0x0000000000000224       0x31 Drivers/STM32F0xx_HAL_Driver/Src/stm32f0xx_hal_can.o
 .ARM.attributes
                0x0000000000000255       0x31 Drivers/STM32F0xx_HAL_Driver/Src/stm32f0xx_hal_cortex.o
 .ARM.attributes
                0x0000000000000286       0x31 Drivers/STM32F0xx_HAL_Driver/Src/stm32f0xx_hal_gpio.o
 .ARM.attributes
                0x00000000000002b7       0x31 Drivers/STM32F0xx_HAL_Driver/Src/stm32f0xx_hal_rcc.o
 .ARM.attributes
                0x00000000000002e8       0x31 Drivers/STM32F0xx_HAL_Driver/Src/stm32f0xx_hal_spi.o
 .ARM.attributes
                0x0000000000000319       0x31 Drivers/STM32F0xx_HAL_Driver/Src/stm32f0xx_hal_tim.o
 .ARM.attributes
                0x000000000000034a       0x31 Drivers/STM32F0xx_HAL_Driver/Src/stm32f0xx_hal_tim_ex.o
 .ARM.attributes
                0x000000000000037b       0x2c c:/ides/st/stm32cubeide_1.3.0/stm32cubeide/plugins/com.st.stm32cube.ide.mcu.externaltools.gnu-tools-for-stm32.7-2018-q2-update.win32_1.0.0.201904181610/tools/bin/../lib/gcc/arm-none-eabi/7.3.1/../../../../arm-none-eabi/lib/thumb/v6-m\libstdc++_nano.a(pure.o)
 .ARM.attributes
                0x00000000000003a7       0x2c c:/ides/st/stm32cubeide_1.3.0/stm32cubeide/plugins/com.st.stm32cube.ide.mcu.externaltools.gnu-tools-for-stm32.7-2018-q2-update.win32_1.0.0.201904181610/tools/bin/../lib/gcc/arm-none-eabi/7.3.1/../../../../arm-none-eabi/lib/thumb/v6-m\libstdc++_nano.a(eh_terminate.o)
 .ARM.attributes
                0x00000000000003d3       0x2c c:/ides/st/stm32cubeide_1.3.0/stm32cubeide/plugins/com.st.stm32cube.ide.mcu.externaltools.gnu-tools-for-stm32.7-2018-q2-update.win32_1.0.0.201904181610/tools/bin/../lib/gcc/arm-none-eabi/7.3.1/../../../../arm-none-eabi/lib/thumb/v6-m\libstdc++_nano.a(eh_term_handler.o)
 .ARM.attributes
                0x00000000000003ff       0x2c c:/ides/st/stm32cubeide_1.3.0/stm32cubeide/plugins/com.st.stm32cube.ide.mcu.externaltools.gnu-tools-for-stm32.7-2018-q2-update.win32_1.0.0.201904181610/tools/bin/../lib/gcc/arm-none-eabi/7.3.1/../../../../arm-none-eabi/lib/thumb/v6-m\libc_nano.a(lib_a-abort.o)
 .ARM.attributes
                0x000000000000042b       0x2c c:/ides/st/stm32cubeide_1.3.0/stm32cubeide/plugins/com.st.stm32cube.ide.mcu.externaltools.gnu-tools-for-stm32.7-2018-q2-update.win32_1.0.0.201904181610/tools/bin/../lib/gcc/arm-none-eabi/7.3.1/../../../../arm-none-eabi/lib/thumb/v6-m\libc_nano.a(lib_a-errno.o)
 .ARM.attributes
                0x0000000000000457       0x2c c:/ides/st/stm32cubeide_1.3.0/stm32cubeide/plugins/com.st.stm32cube.ide.mcu.externaltools.gnu-tools-for-stm32.7-2018-q2-update.win32_1.0.0.201904181610/tools/bin/../lib/gcc/arm-none-eabi/7.3.1/../../../../arm-none-eabi/lib/thumb/v6-m\libc_nano.a(lib_a-impure.o)
 .ARM.attributes
                0x0000000000000483       0x2c c:/ides/st/stm32cubeide_1.3.0/stm32cubeide/plugins/com.st.stm32cube.ide.mcu.externaltools.gnu-tools-for-stm32.7-2018-q2-update.win32_1.0.0.201904181610/tools/bin/../lib/gcc/arm-none-eabi/7.3.1/../../../../arm-none-eabi/lib/thumb/v6-m\libc_nano.a(lib_a-init.o)
 .ARM.attributes
                0x00000000000004af       0x2c c:/ides/st/stm32cubeide_1.3.0/stm32cubeide/plugins/com.st.stm32cube.ide.mcu.externaltools.gnu-tools-for-stm32.7-2018-q2-update.win32_1.0.0.201904181610/tools/bin/../lib/gcc/arm-none-eabi/7.3.1/../../../../arm-none-eabi/lib/thumb/v6-m\libc_nano.a(lib_a-memcpy-stub.o)
 .ARM.attributes
                0x00000000000004db       0x2c c:/ides/st/stm32cubeide_1.3.0/stm32cubeide/plugins/com.st.stm32cube.ide.mcu.externaltools.gnu-tools-for-stm32.7-2018-q2-update.win32_1.0.0.201904181610/tools/bin/../lib/gcc/arm-none-eabi/7.3.1/../../../../arm-none-eabi/lib/thumb/v6-m\libc_nano.a(lib_a-memset.o)
 .ARM.attributes
                0x0000000000000507       0x2c c:/ides/st/stm32cubeide_1.3.0/stm32cubeide/plugins/com.st.stm32cube.ide.mcu.externaltools.gnu-tools-for-stm32.7-2018-q2-update.win32_1.0.0.201904181610/tools/bin/../lib/gcc/arm-none-eabi/7.3.1/../../../../arm-none-eabi/lib/thumb/v6-m\libc_nano.a(lib_a-signal.o)
 .ARM.attributes
                0x0000000000000533       0x2c c:/ides/st/stm32cubeide_1.3.0/stm32cubeide/plugins/com.st.stm32cube.ide.mcu.externaltools.gnu-tools-for-stm32.7-2018-q2-update.win32_1.0.0.201904181610/tools/bin/../lib/gcc/arm-none-eabi/7.3.1/../../../../arm-none-eabi/lib/thumb/v6-m\libc_nano.a(lib_a-signalr.o)
 .ARM.attributes
                0x000000000000055f       0x2c c:/ides/st/stm32cubeide_1.3.0/stm32cubeide/plugins/com.st.stm32cube.ide.mcu.externaltools.gnu-tools-for-stm32.7-2018-q2-update.win32_1.0.0.201904181610/tools/bin/../lib/gcc/arm-none-eabi/7.3.1/../../../../arm-none-eabi/lib/thumb/v6-m\libc_nano.a(lib_a-reent.o)
 .ARM.attributes
                0x000000000000058b       0x1e c:/ides/st/stm32cubeide_1.3.0/stm32cubeide/plugins/com.st.stm32cube.ide.mcu.externaltools.gnu-tools-for-stm32.7-2018-q2-update.win32_1.0.0.201904181610/tools/bin/../lib/gcc/arm-none-eabi/7.3.1/thumb/v6-m\libgcc.a(_udivsi3.o)
 .ARM.attributes
                0x00000000000005a9       0x1e c:/ides/st/stm32cubeide_1.3.0/stm32cubeide/plugins/com.st.stm32cube.ide.mcu.externaltools.gnu-tools-for-stm32.7-2018-q2-update.win32_1.0.0.201904181610/tools/bin/../lib/gcc/arm-none-eabi/7.3.1/thumb/v6-m\libgcc.a(_divsi3.o)
 .ARM.attributes
                0x00000000000005c7       0x1e c:/ides/st/stm32cubeide_1.3.0/stm32cubeide/plugins/com.st.stm32cube.ide.mcu.externaltools.gnu-tools-for-stm32.7-2018-q2-update.win32_1.0.0.201904181610/tools/bin/../lib/gcc/arm-none-eabi/7.3.1/thumb/v6-m\libgcc.a(_dvmd_tls.o)
 .ARM.attributes
                0x00000000000005e5       0x1e c:/ides/st/stm32cubeide_1.3.0/stm32cubeide/plugins/com.st.stm32cube.ide.mcu.externaltools.gnu-tools-for-stm32.7-2018-q2-update.win32_1.0.0.201904181610/tools/bin/../lib/gcc/arm-none-eabi/7.3.1/thumb/v6-m/crtn.o
OUTPUT(mcb_rev2.elf elf32-littlearm)

.debug_info     0x0000000000000000     0xe056
 .debug_info    0x0000000000000000     0x1564 Core/Src/main.o
 .debug_info    0x0000000000001564      0xc5c Core/Src/stm32f0xx_hal_msp.o
 .debug_info    0x00000000000021c0      0x667 Core/Src/stm32f0xx_it.o
 .debug_info    0x0000000000002827      0xebd Core/Src/syscalls.o
 .debug_info    0x00000000000036e4      0x29e Core/Src/system_stm32f0xx.o
 .debug_info    0x0000000000003982     0x104a Core/Src/subsystem-can-driver/aux-data-module.o
 .debug_info    0x00000000000049cc     0x1598 Core/Src/subsystem-can-driver/subsystem-data-module.o
 .debug_info    0x0000000000005f64      0x8a3 Core/Src/subsystem-can-driver/helper-code/rx-module-binary-tree.o
 .debug_info    0x0000000000006807       0x22 Core/Startup/startup_stm32f072rbtx.o
 .debug_info    0x0000000000006829      0x6c0 Drivers/STM32F0xx_HAL_Driver/Src/stm32f0xx_hal.o
 .debug_info    0x0000000000006ee9      0xf1b Drivers/STM32F0xx_HAL_Driver/Src/stm32f0xx_hal_can.o
 .debug_info    0x0000000000007e04      0x78c Drivers/STM32F0xx_HAL_Driver/Src/stm32f0xx_hal_cortex.o
 .debug_info    0x0000000000008590      0x67a Drivers/STM32F0xx_HAL_Driver/Src/stm32f0xx_hal_gpio.o
 .debug_info    0x0000000000008c0a      0x82d Drivers/STM32F0xx_HAL_Driver/Src/stm32f0xx_hal_rcc.o
 .debug_info    0x0000000000009437     0x1603 Drivers/STM32F0xx_HAL_Driver/Src/stm32f0xx_hal_spi.o
 .debug_info    0x000000000000aa3a     0x252c Drivers/STM32F0xx_HAL_Driver/Src/stm32f0xx_hal_tim.o
 .debug_info    0x000000000000cf66     0x10f0 Drivers/STM32F0xx_HAL_Driver/Src/stm32f0xx_hal_tim_ex.o

.debug_abbrev   0x0000000000000000     0x2613
 .debug_abbrev  0x0000000000000000      0x3a2 Core/Src/main.o
 .debug_abbrev  0x00000000000003a2      0x1a6 Core/Src/stm32f0xx_hal_msp.o
 .debug_abbrev  0x0000000000000548      0x15a Core/Src/stm32f0xx_it.o
 .debug_abbrev  0x00000000000006a2      0x261 Core/Src/syscalls.o
 .debug_abbrev  0x0000000000000903      0x12b Core/Src/system_stm32f0xx.o
 .debug_abbrev  0x0000000000000a2e      0x42b Core/Src/subsystem-can-driver/aux-data-module.o
 .debug_abbrev  0x0000000000000e59      0x4de Core/Src/subsystem-can-driver/subsystem-data-module.o
 .debug_abbrev  0x0000000000001337      0x276 Core/Src/subsystem-can-driver/helper-code/rx-module-binary-tree.o
 .debug_abbrev  0x00000000000015ad       0x12 Core/Startup/startup_stm32f072rbtx.o
 .debug_abbrev  0x00000000000015bf      0x1c7 Drivers/STM32F0xx_HAL_Driver/Src/stm32f0xx_hal.o
 .debug_abbrev  0x0000000000001786      0x1d5 Drivers/STM32F0xx_HAL_Driver/Src/stm32f0xx_hal_can.o
 .debug_abbrev  0x000000000000195b      0x273 Drivers/STM32F0xx_HAL_Driver/Src/stm32f0xx_hal_cortex.o
 .debug_abbrev  0x0000000000001bce      0x1c0 Drivers/STM32F0xx_HAL_Driver/Src/stm32f0xx_hal_gpio.o
 .debug_abbrev  0x0000000000001d8e      0x20f Drivers/STM32F0xx_HAL_Driver/Src/stm32f0xx_hal_rcc.o
 .debug_abbrev  0x0000000000001f9d      0x228 Drivers/STM32F0xx_HAL_Driver/Src/stm32f0xx_hal_spi.o
 .debug_abbrev  0x00000000000021c5      0x230 Drivers/STM32F0xx_HAL_Driver/Src/stm32f0xx_hal_tim.o
 .debug_abbrev  0x00000000000023f5      0x21e Drivers/STM32F0xx_HAL_Driver/Src/stm32f0xx_hal_tim_ex.o

.debug_aranges  0x0000000000000000      0xe20
 .debug_aranges
                0x0000000000000000       0x90 Core/Src/main.o
 .debug_aranges
                0x0000000000000090       0x40 Core/Src/stm32f0xx_hal_msp.o
 .debug_aranges
                0x00000000000000d0       0x50 Core/Src/stm32f0xx_it.o
 .debug_aranges
                0x0000000000000120       0xa8 Core/Src/syscalls.o
 .debug_aranges
                0x00000000000001c8       0x28 Core/Src/system_stm32f0xx.o
 .debug_aranges
                0x00000000000001f0       0x40 Core/Src/subsystem-can-driver/aux-data-module.o
 .debug_aranges
                0x0000000000000230       0xc0 Core/Src/subsystem-can-driver/subsystem-data-module.o
 .debug_aranges
                0x00000000000002f0       0x88 Core/Src/subsystem-can-driver/helper-code/rx-module-binary-tree.o
 .debug_aranges
                0x0000000000000378       0x28 Core/Startup/startup_stm32f072rbtx.o
 .debug_aranges
                0x00000000000003a0       0xd0 Drivers/STM32F0xx_HAL_Driver/Src/stm32f0xx_hal.o
 .debug_aranges
                0x0000000000000470      0x138 Drivers/STM32F0xx_HAL_Driver/Src/stm32f0xx_hal_can.o
 .debug_aranges
                0x00000000000005a8       0xc0 Drivers/STM32F0xx_HAL_Driver/Src/stm32f0xx_hal_cortex.o
 .debug_aranges
                0x0000000000000668       0x58 Drivers/STM32F0xx_HAL_Driver/Src/stm32f0xx_hal_gpio.o
 .debug_aranges
                0x00000000000006c0       0x80 Drivers/STM32F0xx_HAL_Driver/Src/stm32f0xx_hal_rcc.o
 .debug_aranges
                0x0000000000000740      0x1d8 Drivers/STM32F0xx_HAL_Driver/Src/stm32f0xx_hal_spi.o
 .debug_aranges
                0x0000000000000918      0x3b8 Drivers/STM32F0xx_HAL_Driver/Src/stm32f0xx_hal_tim.o
 .debug_aranges
                0x0000000000000cd0      0x150 Drivers/STM32F0xx_HAL_Driver/Src/stm32f0xx_hal_tim_ex.o

.debug_ranges   0x0000000000000000      0xd18
 .debug_ranges  0x0000000000000000       0x80 Core/Src/main.o
 .debug_ranges  0x0000000000000080       0x30 Core/Src/stm32f0xx_hal_msp.o
 .debug_ranges  0x00000000000000b0       0x40 Core/Src/stm32f0xx_it.o
 .debug_ranges  0x00000000000000f0       0x98 Core/Src/syscalls.o
 .debug_ranges  0x0000000000000188       0x18 Core/Src/system_stm32f0xx.o
 .debug_ranges  0x00000000000001a0       0x30 Core/Src/subsystem-can-driver/aux-data-module.o
 .debug_ranges  0x00000000000001d0       0xb0 Core/Src/subsystem-can-driver/subsystem-data-module.o
 .debug_ranges  0x0000000000000280       0x78 Core/Src/subsystem-can-driver/helper-code/rx-module-binary-tree.o
 .debug_ranges  0x00000000000002f8       0x20 Core/Startup/startup_stm32f072rbtx.o
 .debug_ranges  0x0000000000000318       0xc0 Drivers/STM32F0xx_HAL_Driver/Src/stm32f0xx_hal.o
 .debug_ranges  0x00000000000003d8      0x128 Drivers/STM32F0xx_HAL_Driver/Src/stm32f0xx_hal_can.o
 .debug_ranges  0x0000000000000500       0xb0 Drivers/STM32F0xx_HAL_Driver/Src/stm32f0xx_hal_cortex.o
 .debug_ranges  0x00000000000005b0       0x48 Drivers/STM32F0xx_HAL_Driver/Src/stm32f0xx_hal_gpio.o
 .debug_ranges  0x00000000000005f8       0x70 Drivers/STM32F0xx_HAL_Driver/Src/stm32f0xx_hal_rcc.o
 .debug_ranges  0x0000000000000668      0x1c8 Drivers/STM32F0xx_HAL_Driver/Src/stm32f0xx_hal_spi.o
 .debug_ranges  0x0000000000000830      0x3a8 Drivers/STM32F0xx_HAL_Driver/Src/stm32f0xx_hal_tim.o
 .debug_ranges  0x0000000000000bd8      0x140 Drivers/STM32F0xx_HAL_Driver/Src/stm32f0xx_hal_tim_ex.o

.debug_macro    0x0000000000000000    0x18517
 .debug_macro   0x0000000000000000      0x212 Core/Src/main.o
 .debug_macro   0x0000000000000212      0xb1a Core/Src/main.o
 .debug_macro   0x0000000000000d2c      0x139 Core/Src/main.o
 .debug_macro   0x0000000000000e65       0x2e Core/Src/main.o
 .debug_macro   0x0000000000000e93       0x22 Core/Src/main.o
 .debug_macro   0x0000000000000eb5       0x1c Core/Src/main.o
 .debug_macro   0x0000000000000ed1       0x22 Core/Src/main.o
 .debug_macro   0x0000000000000ef3       0x8e Core/Src/main.o
 .debug_macro   0x0000000000000f81       0x51 Core/Src/main.o
 .debug_macro   0x0000000000000fd2       0xef Core/Src/main.o
 .debug_macro   0x00000000000010c1       0x6a Core/Src/main.o
 .debug_macro   0x000000000000112b      0x1df Core/Src/main.o
 .debug_macro   0x000000000000130a       0x1c Core/Src/main.o
 .debug_macro   0x0000000000001326       0x22 Core/Src/main.o
 .debug_macro   0x0000000000001348       0xb5 Core/Src/main.o
 .debug_macro   0x00000000000013fd      0x391 Core/Src/main.o
 .debug_macro   0x000000000000178e     0xfe50 Core/Src/main.o
 .debug_macro   0x00000000000115de       0x3c Core/Src/main.o
 .debug_macro   0x000000000001161a      0x17b Core/Src/main.o
 .debug_macro   0x0000000000011795       0x53 Core/Src/main.o
 .debug_macro   0x00000000000117e8      0x946 Core/Src/main.o
 .debug_macro   0x000000000001212e      0x5f3 Core/Src/main.o
 .debug_macro   0x0000000000012721      0x12f Core/Src/main.o
 .debug_macro   0x0000000000012850      0x1a7 Core/Src/main.o
 .debug_macro   0x00000000000129f7      0x1a7 Core/Src/main.o
 .debug_macro   0x0000000000012b9e      0x22c Core/Src/main.o
 .debug_macro   0x0000000000012dca       0x34 Core/Src/main.o
 .debug_macro   0x0000000000012dfe       0x43 Core/Src/main.o
 .debug_macro   0x0000000000012e41       0x28 Core/Src/main.o
 .debug_macro   0x0000000000012e69      0x408 Core/Src/main.o
 .debug_macro   0x0000000000013271       0xb0 Core/Src/main.o
 .debug_macro   0x0000000000013321      0x217 Core/Src/main.o
 .debug_macro   0x0000000000013538      0x22c Core/Src/main.o
 .debug_macro   0x0000000000013764       0x5f Core/Src/main.o
 .debug_macro   0x00000000000137c3       0xa5 Core/Src/main.o
 .debug_macro   0x0000000000013868       0x4c Core/Src/main.o
 .debug_macro   0x00000000000138b4      0x16d Core/Src/main.o
 .debug_macro   0x0000000000013a21      0x305 Core/Src/main.o
 .debug_macro   0x0000000000013d26      0x8ae Core/Src/main.o
 .debug_macro   0x00000000000145d4       0x28 Core/Src/main.o
 .debug_macro   0x00000000000145fc      0x130 Core/Src/main.o
 .debug_macro   0x000000000001472c       0x76 Core/Src/main.o
 .debug_macro   0x00000000000147a2      0x1d3 Core/Src/stm32f0xx_hal_msp.o
 .debug_macro   0x0000000000014975      0xa48 Core/Src/stm32f0xx_hal_msp.o
 .debug_macro   0x00000000000153bd      0x391 Core/Src/stm32f0xx_hal_msp.o
 .debug_macro   0x000000000001574e      0x174 Core/Src/stm32f0xx_hal_msp.o
 .debug_macro   0x00000000000158c2      0x1dd Core/Src/stm32f0xx_it.o
 .debug_macro   0x0000000000015a9f      0x243 Core/Src/syscalls.o
 .debug_macro   0x0000000000015ce2       0x40 Core/Src/syscalls.o
 .debug_macro   0x0000000000015d22       0x18 Core/Src/syscalls.o
 .debug_macro   0x0000000000015d3a       0x94 Core/Src/syscalls.o
 .debug_macro   0x0000000000015dce       0x3c Core/Src/syscalls.o
 .debug_macro   0x0000000000015e0a       0x34 Core/Src/syscalls.o
 .debug_macro   0x0000000000015e3e       0x57 Core/Src/syscalls.o
 .debug_macro   0x0000000000015e95      0x330 Core/Src/syscalls.o
 .debug_macro   0x00000000000161c5       0x52 Core/Src/syscalls.o
 .debug_macro   0x0000000000016217       0x1f Core/Src/syscalls.o
 .debug_macro   0x0000000000016236       0x43 Core/Src/syscalls.o
 .debug_macro   0x0000000000016279       0x20 Core/Src/syscalls.o
 .debug_macro   0x0000000000016299      0x1a3 Core/Src/syscalls.o
 .debug_macro   0x000000000001643c       0x10 Core/Src/syscalls.o
 .debug_macro   0x000000000001644c       0x35 Core/Src/syscalls.o
 .debug_macro   0x0000000000016481       0x10 Core/Src/syscalls.o
 .debug_macro   0x0000000000016491       0x10 Core/Src/syscalls.o
 .debug_macro   0x00000000000164a1       0x10 Core/Src/syscalls.o
 .debug_macro   0x00000000000164b1       0x1c Core/Src/syscalls.o
 .debug_macro   0x00000000000164cd       0x52 Core/Src/syscalls.o
 .debug_macro   0x000000000001651f       0x40 Core/Src/syscalls.o
 .debug_macro   0x000000000001655f       0x10 Core/Src/syscalls.o
 .debug_macro   0x000000000001656f       0x40 Core/Src/syscalls.o
 .debug_macro   0x00000000000165af       0xd7 Core/Src/syscalls.o
 .debug_macro   0x0000000000016686       0x1c Core/Src/syscalls.o
 .debug_macro   0x00000000000166a2       0x3d Core/Src/syscalls.o
 .debug_macro   0x00000000000166df       0x35 Core/Src/syscalls.o
 .debug_macro   0x0000000000016714      0x122 Core/Src/syscalls.o
 .debug_macro   0x0000000000016836       0x16 Core/Src/syscalls.o
 .debug_macro   0x000000000001684c       0x16 Core/Src/syscalls.o
 .debug_macro   0x0000000000016862       0x29 Core/Src/syscalls.o
 .debug_macro   0x000000000001688b       0x10 Core/Src/syscalls.o
 .debug_macro   0x000000000001689b      0x241 Core/Src/syscalls.o
 .debug_macro   0x0000000000016adc       0x1c Core/Src/syscalls.o
 .debug_macro   0x0000000000016af8       0x10 Core/Src/syscalls.o
 .debug_macro   0x0000000000016b08       0x10 Core/Src/syscalls.o
 .debug_macro   0x0000000000016b18       0x16 Core/Src/syscalls.o
 .debug_macro   0x0000000000016b2e      0x145 Core/Src/syscalls.o
 .debug_macro   0x0000000000016c73      0x189 Core/Src/syscalls.o
 .debug_macro   0x0000000000016dfc       0x16 Core/Src/syscalls.o
 .debug_macro   0x0000000000016e12       0x88 Core/Src/syscalls.o
 .debug_macro   0x0000000000016e9a      0x1c4 Core/Src/system_stm32f0xx.o
 .debug_macro   0x000000000001705e      0x20e Core/Src/subsystem-can-driver/aux-data-module.o
 .debug_macro   0x000000000001726c      0x204 Core/Src/subsystem-can-driver/subsystem-data-module.o
 .debug_macro   0x0000000000017470      0x208 Core/Src/subsystem-can-driver/helper-code/rx-module-binary-tree.o
 .debug_macro   0x0000000000017678      0x1e8 Drivers/STM32F0xx_HAL_Driver/Src/stm32f0xx_hal.o
 .debug_macro   0x0000000000017860      0x1cc Drivers/STM32F0xx_HAL_Driver/Src/stm32f0xx_hal_can.o
 .debug_macro   0x0000000000017a2c      0x1c4 Drivers/STM32F0xx_HAL_Driver/Src/stm32f0xx_hal_cortex.o
 .debug_macro   0x0000000000017bf0      0x1fc Drivers/STM32F0xx_HAL_Driver/Src/stm32f0xx_hal_gpio.o
 .debug_macro   0x0000000000017dec      0x1d6 Drivers/STM32F0xx_HAL_Driver/Src/stm32f0xx_hal_rcc.o
 .debug_macro   0x0000000000017fc2      0x1cc Drivers/STM32F0xx_HAL_Driver/Src/stm32f0xx_hal_spi.o
 .debug_macro   0x000000000001818e      0x1c5 Drivers/STM32F0xx_HAL_Driver/Src/stm32f0xx_hal_tim.o
 .debug_macro   0x0000000000018353      0x1c4 Drivers/STM32F0xx_HAL_Driver/Src/stm32f0xx_hal_tim_ex.o

.debug_line     0x0000000000000000     0xa96b
 .debug_line    0x0000000000000000      0x9ef Core/Src/main.o
 .debug_line    0x00000000000009ef      0x71d Core/Src/stm32f0xx_hal_msp.o
 .debug_line    0x000000000000110c      0x73d Core/Src/stm32f0xx_it.o
 .debug_line    0x0000000000001849      0x75b Core/Src/syscalls.o
 .debug_line    0x0000000000001fa4      0x6e8 Core/Src/system_stm32f0xx.o
 .debug_line    0x000000000000268c      0x821 Core/Src/subsystem-can-driver/aux-data-module.o
 .debug_line    0x0000000000002ead      0x9ce Core/Src/subsystem-can-driver/subsystem-data-module.o
 .debug_line    0x000000000000387b      0x97e Core/Src/subsystem-can-driver/helper-code/rx-module-binary-tree.o
 .debug_line    0x00000000000041f9       0x89 Core/Startup/startup_stm32f072rbtx.o
 .debug_line    0x0000000000004282      0x87b Drivers/STM32F0xx_HAL_Driver/Src/stm32f0xx_hal.o
 .debug_line    0x0000000000004afd      0xb5a Drivers/STM32F0xx_HAL_Driver/Src/stm32f0xx_hal_can.o
 .debug_line    0x0000000000005657      0x893 Drivers/STM32F0xx_HAL_Driver/Src/stm32f0xx_hal_cortex.o
 .debug_line    0x0000000000005eea      0x855 Drivers/STM32F0xx_HAL_Driver/Src/stm32f0xx_hal_gpio.o
 .debug_line    0x000000000000673f      0x968 Drivers/STM32F0xx_HAL_Driver/Src/stm32f0xx_hal_rcc.o
 .debug_line    0x00000000000070a7     0x1150 Drivers/STM32F0xx_HAL_Driver/Src/stm32f0xx_hal_spi.o
 .debug_line    0x00000000000081f7     0x1aad Drivers/STM32F0xx_HAL_Driver/Src/stm32f0xx_hal_tim.o
 .debug_line    0x0000000000009ca4      0xcc7 Drivers/STM32F0xx_HAL_Driver/Src/stm32f0xx_hal_tim_ex.o

.debug_str      0x0000000000000000    0x82612
 .debug_str     0x0000000000000000    0x79a59 Core/Src/main.o
                                      0x79f76 (size before relaxing)
 .debug_str     0x0000000000079a59      0x243 Core/Src/stm32f0xx_hal_msp.o
                                      0x7903a (size before relaxing)
 .debug_str     0x0000000000079c9c       0x99 Core/Src/stm32f0xx_it.o
                                      0x78bb4 (size before relaxing)
 .debug_str     0x0000000000079d35     0x5234 Core/Src/syscalls.o
                                       0x87fd (size before relaxing)
 .debug_str     0x000000000007ef69       0x5f Core/Src/system_stm32f0xx.o
                                      0x78610 (size before relaxing)
 .debug_str     0x000000000007efc8      0xce2 Core/Src/subsystem-can-driver/aux-data-module.o
                                      0x79e03 (size before relaxing)
 .debug_str     0x000000000007fcaa      0x2ae Core/Src/subsystem-can-driver/subsystem-data-module.o
                                      0x79f1e (size before relaxing)
 .debug_str     0x000000000007ff58       0x91 Core/Src/subsystem-can-driver/helper-code/rx-module-binary-tree.o
                                      0x790e2 (size before relaxing)
 .debug_str     0x000000000007ffe9       0x36 Core/Startup/startup_stm32f072rbtx.o
                                         0x81 (size before relaxing)
 .debug_str     0x000000000008001f      0x385 Drivers/STM32F0xx_HAL_Driver/Src/stm32f0xx_hal.o
                                      0x78b7e (size before relaxing)
 .debug_str     0x00000000000803a4      0x42f Drivers/STM32F0xx_HAL_Driver/Src/stm32f0xx_hal_can.o
                                      0x78e01 (size before relaxing)
 .debug_str     0x00000000000807d3      0x1d1 Drivers/STM32F0xx_HAL_Driver/Src/stm32f0xx_hal_cortex.o
                                      0x78a32 (size before relaxing)
 .debug_str     0x00000000000809a4      0x1e9 Drivers/STM32F0xx_HAL_Driver/Src/stm32f0xx_hal_gpio.o
                                      0x788ac (size before relaxing)
 .debug_str     0x0000000000080b8d      0x249 Drivers/STM32F0xx_HAL_Driver/Src/stm32f0xx_hal_rcc.o
                                      0x78a25 (size before relaxing)
 .debug_str     0x0000000000080dd6      0x568 Drivers/STM32F0xx_HAL_Driver/Src/stm32f0xx_hal_spi.o
                                      0x78f49 (size before relaxing)
 .debug_str     0x000000000008133e      0xda5 Drivers/STM32F0xx_HAL_Driver/Src/stm32f0xx_hal_tim.o
                                      0x79809 (size before relaxing)
 .debug_str     0x00000000000820e3      0x52f Drivers/STM32F0xx_HAL_Driver/Src/stm32f0xx_hal_tim_ex.o
                                      0x78fbd (size before relaxing)

.comment        0x0000000000000000       0x7b
 .comment       0x0000000000000000       0x7b Core/Src/main.o
                                         0x7c (size before relaxing)
 .comment       0x000000000000007b       0x7c Core/Src/stm32f0xx_hal_msp.o
 .comment       0x000000000000007b       0x7c Core/Src/stm32f0xx_it.o
 .comment       0x000000000000007b       0x7c Core/Src/syscalls.o
 .comment       0x000000000000007b       0x7c Core/Src/system_stm32f0xx.o
 .comment       0x000000000000007b       0x7c Core/Src/subsystem-can-driver/aux-data-module.o
 .comment       0x000000000000007b       0x7c Core/Src/subsystem-can-driver/subsystem-data-module.o
 .comment       0x000000000000007b       0x7c Core/Src/subsystem-can-driver/helper-code/rx-module-binary-tree.o
 .comment       0x000000000000007b       0x7c Drivers/STM32F0xx_HAL_Driver/Src/stm32f0xx_hal.o
 .comment       0x000000000000007b       0x7c Drivers/STM32F0xx_HAL_Driver/Src/stm32f0xx_hal_can.o
 .comment       0x000000000000007b       0x7c Drivers/STM32F0xx_HAL_Driver/Src/stm32f0xx_hal_cortex.o
 .comment       0x000000000000007b       0x7c Drivers/STM32F0xx_HAL_Driver/Src/stm32f0xx_hal_gpio.o
 .comment       0x000000000000007b       0x7c Drivers/STM32F0xx_HAL_Driver/Src/stm32f0xx_hal_rcc.o
 .comment       0x000000000000007b       0x7c Drivers/STM32F0xx_HAL_Driver/Src/stm32f0xx_hal_spi.o
 .comment       0x000000000000007b       0x7c Drivers/STM32F0xx_HAL_Driver/Src/stm32f0xx_hal_tim.o
 .comment       0x000000000000007b       0x7c Drivers/STM32F0xx_HAL_Driver/Src/stm32f0xx_hal_tim_ex.o

.debug_frame    0x0000000000000000     0x3584
 .debug_frame   0x0000000000000000      0x1e4 Core/Src/main.o
 .debug_frame   0x00000000000001e4       0xb0 Core/Src/stm32f0xx_hal_msp.o
 .debug_frame   0x0000000000000294       0xd4 Core/Src/stm32f0xx_it.o
 .debug_frame   0x0000000000000368      0x244 Core/Src/syscalls.o
 .debug_frame   0x00000000000005ac       0x4c Core/Src/system_stm32f0xx.o
 .debug_frame   0x00000000000005f8       0xb0 Core/Src/subsystem-can-driver/aux-data-module.o
 .debug_frame   0x00000000000006a8      0x2a8 Core/Src/subsystem-can-driver/subsystem-data-module.o
 .debug_frame   0x0000000000000950      0x1d0 Core/Src/subsystem-can-driver/helper-code/rx-module-binary-tree.o
 .debug_frame   0x0000000000000b20      0x2a4 Drivers/STM32F0xx_HAL_Driver/Src/stm32f0xx_hal.o
 .debug_frame   0x0000000000000dc4      0x490 Drivers/STM32F0xx_HAL_Driver/Src/stm32f0xx_hal_can.o
 .debug_frame   0x0000000000001254      0x2a0 Drivers/STM32F0xx_HAL_Driver/Src/stm32f0xx_hal_cortex.o
 .debug_frame   0x00000000000014f4      0x110 Drivers/STM32F0xx_HAL_Driver/Src/stm32f0xx_hal_gpio.o
 .debug_frame   0x0000000000001604      0x198 Drivers/STM32F0xx_HAL_Driver/Src/stm32f0xx_hal_rcc.o
 .debug_frame   0x000000000000179c      0x710 Drivers/STM32F0xx_HAL_Driver/Src/stm32f0xx_hal_spi.o
 .debug_frame   0x0000000000001eac      0xe90 Drivers/STM32F0xx_HAL_Driver/Src/stm32f0xx_hal_tim.o
 .debug_frame   0x0000000000002d3c      0x4f0 Drivers/STM32F0xx_HAL_Driver/Src/stm32f0xx_hal_tim_ex.o
 .debug_frame   0x000000000000322c       0x40 c:/ides/st/stm32cubeide_1.3.0/stm32cubeide/plugins/com.st.stm32cube.ide.mcu.externaltools.gnu-tools-for-stm32.7-2018-q2-update.win32_1.0.0.201904181610/tools/bin/../lib/gcc/arm-none-eabi/7.3.1/../../../../arm-none-eabi/lib/thumb/v6-m\libstdc++_nano.a(pure.o)
 .debug_frame   0x000000000000326c       0xb0 c:/ides/st/stm32cubeide_1.3.0/stm32cubeide/plugins/com.st.stm32cube.ide.mcu.externaltools.gnu-tools-for-stm32.7-2018-q2-update.win32_1.0.0.201904181610/tools/bin/../lib/gcc/arm-none-eabi/7.3.1/../../../../arm-none-eabi/lib/thumb/v6-m\libstdc++_nano.a(eh_terminate.o)
 .debug_frame   0x000000000000331c       0x28 c:/ides/st/stm32cubeide_1.3.0/stm32cubeide/plugins/com.st.stm32cube.ide.mcu.externaltools.gnu-tools-for-stm32.7-2018-q2-update.win32_1.0.0.201904181610/tools/bin/../lib/gcc/arm-none-eabi/7.3.1/../../../../arm-none-eabi/lib/thumb/v6-m\libc_nano.a(lib_a-abort.o)
 .debug_frame   0x0000000000003344       0x20 c:/ides/st/stm32cubeide_1.3.0/stm32cubeide/plugins/com.st.stm32cube.ide.mcu.externaltools.gnu-tools-for-stm32.7-2018-q2-update.win32_1.0.0.201904181610/tools/bin/../lib/gcc/arm-none-eabi/7.3.1/../../../../arm-none-eabi/lib/thumb/v6-m\libc_nano.a(lib_a-errno.o)
 .debug_frame   0x0000000000003364       0x2c c:/ides/st/stm32cubeide_1.3.0/stm32cubeide/plugins/com.st.stm32cube.ide.mcu.externaltools.gnu-tools-for-stm32.7-2018-q2-update.win32_1.0.0.201904181610/tools/bin/../lib/gcc/arm-none-eabi/7.3.1/../../../../arm-none-eabi/lib/thumb/v6-m\libc_nano.a(lib_a-init.o)
 .debug_frame   0x0000000000003390       0x28 c:/ides/st/stm32cubeide_1.3.0/stm32cubeide/plugins/com.st.stm32cube.ide.mcu.externaltools.gnu-tools-for-stm32.7-2018-q2-update.win32_1.0.0.201904181610/tools/bin/../lib/gcc/arm-none-eabi/7.3.1/../../../../arm-none-eabi/lib/thumb/v6-m\libc_nano.a(lib_a-memcpy-stub.o)
 .debug_frame   0x00000000000033b8       0x20 c:/ides/st/stm32cubeide_1.3.0/stm32cubeide/plugins/com.st.stm32cube.ide.mcu.externaltools.gnu-tools-for-stm32.7-2018-q2-update.win32_1.0.0.201904181610/tools/bin/../lib/gcc/arm-none-eabi/7.3.1/../../../../arm-none-eabi/lib/thumb/v6-m\libc_nano.a(lib_a-memset.o)
 .debug_frame   0x00000000000033d8       0xe0 c:/ides/st/stm32cubeide_1.3.0/stm32cubeide/plugins/com.st.stm32cube.ide.mcu.externaltools.gnu-tools-for-stm32.7-2018-q2-update.win32_1.0.0.201904181610/tools/bin/../lib/gcc/arm-none-eabi/7.3.1/../../../../arm-none-eabi/lib/thumb/v6-m\libc_nano.a(lib_a-signal.o)
 .debug_frame   0x00000000000034b8       0x44 c:/ides/st/stm32cubeide_1.3.0/stm32cubeide/plugins/com.st.stm32cube.ide.mcu.externaltools.gnu-tools-for-stm32.7-2018-q2-update.win32_1.0.0.201904181610/tools/bin/../lib/gcc/arm-none-eabi/7.3.1/../../../../arm-none-eabi/lib/thumb/v6-m\libc_nano.a(lib_a-signalr.o)
 .debug_frame   0x00000000000034fc       0x48 c:/ides/st/stm32cubeide_1.3.0/stm32cubeide/plugins/com.st.stm32cube.ide.mcu.externaltools.gnu-tools-for-stm32.7-2018-q2-update.win32_1.0.0.201904181610/tools/bin/../lib/gcc/arm-none-eabi/7.3.1/../../../../arm-none-eabi/lib/thumb/v6-m\libc_nano.a(lib_a-reent.o)
 .debug_frame   0x0000000000003544       0x20 c:/ides/st/stm32cubeide_1.3.0/stm32cubeide/plugins/com.st.stm32cube.ide.mcu.externaltools.gnu-tools-for-stm32.7-2018-q2-update.win32_1.0.0.201904181610/tools/bin/../lib/gcc/arm-none-eabi/7.3.1/thumb/v6-m\libgcc.a(_udivsi3.o)
 .debug_frame   0x0000000000003564       0x20 c:/ides/st/stm32cubeide_1.3.0/stm32cubeide/plugins/com.st.stm32cube.ide.mcu.externaltools.gnu-tools-for-stm32.7-2018-q2-update.win32_1.0.0.201904181610/tools/bin/../lib/gcc/arm-none-eabi/7.3.1/thumb/v6-m\libgcc.a(_divsi3.o)
