subsystem-data-module.cpp:26:6:void HAL_CAN_RxFifo0MsgPendingCallback(CAN_HandleTypeDef*)	64	static
subsystem-data-module.cpp:143:1:SUBSYSTEM_DATA_MODULE::SUBSYSTEM_DATA_MODULE(uint32_t, uint8_t, bool, bool, bool)	24	static
subsystem-data-module.cpp:147:24:static SUBSYSTEM_DATA_MODULE* SUBSYSTEM_DATA_MODULE::FindReceivingModule(uint32_t)	16	static
subsystem-data-module.cpp:152:6:void SUBSYSTEM_DATA_MODULE::SetupReceive(subsystemReceiveCallback)	32	static,ignoring_inline_asm
subsystem-data-module.cpp:171:6:void SUBSYSTEM_DATA_MODULE::SendData()	16	static
subsystem-data-module.cpp:187:6:void SUBSYSTEM_DATA_MODULE::CallReceiveCallback()	16	static
subsystem-data-module.cpp:195:6:static void SUBSYSTEM_DATA_MODULE::StartCAN()	48	static
subsystem-data-module.cpp:234:6:void SUBSYSTEM_DATA_MODULE::sendTransmitBufferData()	48	static
subsystem-data-module.cpp:261:6:void SUBSYSTEM_DATA_MODULE::sendRTRMessage()	48	static
subsystem-data-module.cpp:289:6:bool SUBSYSTEM_DATA_MODULE::isFifoEmpty()	16	static
subsystem-data-module.cpp:294:6:bool SUBSYSTEM_DATA_MODULE::isFifoFull()	16	static
subsystem-data-module.cpp:299:6:bool SUBSYSTEM_DATA_MODULE::addToFifo(uint8_t*)	32	static
helper-fifo.hpp:45:5:HELPER_FIFO<T, DEPTH, SIZE>::HELPER_FIFO() [with T = unsigned char; short unsigned int DEPTH = 3; short unsigned int SIZE = 8]	16	static
helper-fifo.hpp:49:10:bool HELPER_FIFO<T, DEPTH, SIZE>::IsEmpty() [with T = unsigned char; short unsigned int DEPTH = 3; short unsigned int SIZE = 8]	16	static
helper-fifo.hpp:53:10:bool HELPER_FIFO<T, DEPTH, SIZE>::IsFull() [with T = unsigned char; short unsigned int DEPTH = 3; short unsigned int SIZE = 8]	16	static
helper-fifo.hpp:58:10:void HELPER_FIFO<T, DEPTH, SIZE>::PushBack(T*, bool*) [with T = unsigned char; short unsigned int DEPTH = 3; short unsigned int SIZE = 8]	24	static
helper-fifo.hpp:120:10:void HELPER_FIFO<T, DEPTH, SIZE>::copyArrayData(uint16_t, T*) [with T = unsigned char; short unsigned int DEPTH = 3; short unsigned int SIZE = 8]	40	static
subsystem-data-module.cpp:304:1:void __static_initialization_and_destruction_0(int, int)	16	static
subsystem-data-module.cpp:304:1:cpp)	8	static
