Archive member included to satisfy reference by file (symbol)

c:/st/stm32cubeide_1.0.1/stm32cubeide/plugins/com.st.stm32cube.ide.mcu.externaltools.gnu-tools-for-stm32.7-2018-q2-update.win32_1.0.0.201904181610/tools/bin/../lib/gcc/arm-none-eabi/7.3.1/../../../../arm-none-eabi/lib/thumb/v6-m\libstdc++_nano.a(pure.o)
                              Core/subsystem-can-driver/subsystem-data-module.o (__cxa_pure_virtual)
c:/st/stm32cubeide_1.0.1/stm32cubeide/plugins/com.st.stm32cube.ide.mcu.externaltools.gnu-tools-for-stm32.7-2018-q2-update.win32_1.0.0.201904181610/tools/bin/../lib/gcc/arm-none-eabi/7.3.1/../../../../arm-none-eabi/lib/thumb/v6-m\libstdc++_nano.a(eh_terminate.o)
                              c:/st/stm32cubeide_1.0.1/stm32cubeide/plugins/com.st.stm32cube.ide.mcu.externaltools.gnu-tools-for-stm32.7-2018-q2-update.win32_1.0.0.201904181610/tools/bin/../lib/gcc/arm-none-eabi/7.3.1/../../../../arm-none-eabi/lib/thumb/v6-m\libstdc++_nano.a(pure.o) (std::terminate())
c:/st/stm32cubeide_1.0.1/stm32cubeide/plugins/com.st.stm32cube.ide.mcu.externaltools.gnu-tools-for-stm32.7-2018-q2-update.win32_1.0.0.201904181610/tools/bin/../lib/gcc/arm-none-eabi/7.3.1/../../../../arm-none-eabi/lib/thumb/v6-m\libstdc++_nano.a(eh_unex_handler.o)
                              c:/st/stm32cubeide_1.0.1/stm32cubeide/plugins/com.st.stm32cube.ide.mcu.externaltools.gnu-tools-for-stm32.7-2018-q2-update.win32_1.0.0.201904181610/tools/bin/../lib/gcc/arm-none-eabi/7.3.1/../../../../arm-none-eabi/lib/thumb/v6-m\libstdc++_nano.a(eh_terminate.o) (__cxxabiv1::__unexpected_handler)
c:/st/stm32cubeide_1.0.1/stm32cubeide/plugins/com.st.stm32cube.ide.mcu.externaltools.gnu-tools-for-stm32.7-2018-q2-update.win32_1.0.0.201904181610/tools/bin/../lib/gcc/arm-none-eabi/7.3.1/../../../../arm-none-eabi/lib/thumb/v6-m\libstdc++_nano.a(eh_term_handler.o)
                              c:/st/stm32cubeide_1.0.1/stm32cubeide/plugins/com.st.stm32cube.ide.mcu.externaltools.gnu-tools-for-stm32.7-2018-q2-update.win32_1.0.0.201904181610/tools/bin/../lib/gcc/arm-none-eabi/7.3.1/../../../../arm-none-eabi/lib/thumb/v6-m\libstdc++_nano.a(eh_terminate.o) (__cxxabiv1::__terminate_handler)
c:/st/stm32cubeide_1.0.1/stm32cubeide/plugins/com.st.stm32cube.ide.mcu.externaltools.gnu-tools-for-stm32.7-2018-q2-update.win32_1.0.0.201904181610/tools/bin/../lib/gcc/arm-none-eabi/7.3.1/../../../../arm-none-eabi/lib/thumb/v6-m\libc_nano.a(lib_a-abort.o)
                              c:/st/stm32cubeide_1.0.1/stm32cubeide/plugins/com.st.stm32cube.ide.mcu.externaltools.gnu-tools-for-stm32.7-2018-q2-update.win32_1.0.0.201904181610/tools/bin/../lib/gcc/arm-none-eabi/7.3.1/../../../../arm-none-eabi/lib/thumb/v6-m\libstdc++_nano.a(eh_terminate.o) (abort)
c:/st/stm32cubeide_1.0.1/stm32cubeide/plugins/com.st.stm32cube.ide.mcu.externaltools.gnu-tools-for-stm32.7-2018-q2-update.win32_1.0.0.201904181610/tools/bin/../lib/gcc/arm-none-eabi/7.3.1/../../../../arm-none-eabi/lib/thumb/v6-m\libc_nano.a(lib_a-errno.o)
                              Core/Src/syscalls.o (__errno)
c:/st/stm32cubeide_1.0.1/stm32cubeide/plugins/com.st.stm32cube.ide.mcu.externaltools.gnu-tools-for-stm32.7-2018-q2-update.win32_1.0.0.201904181610/tools/bin/../lib/gcc/arm-none-eabi/7.3.1/../../../../arm-none-eabi/lib/thumb/v6-m\libc_nano.a(lib_a-exit.o)
                              c:/st/stm32cubeide_1.0.1/stm32cubeide/plugins/com.st.stm32cube.ide.mcu.externaltools.gnu-tools-for-stm32.7-2018-q2-update.win32_1.0.0.201904181610/tools/bin/../lib/gcc/arm-none-eabi/7.3.1/../../../../arm-none-eabi/lib/thumb/v6-m/crt0.o (exit)
c:/st/stm32cubeide_1.0.1/stm32cubeide/plugins/com.st.stm32cube.ide.mcu.externaltools.gnu-tools-for-stm32.7-2018-q2-update.win32_1.0.0.201904181610/tools/bin/../lib/gcc/arm-none-eabi/7.3.1/../../../../arm-none-eabi/lib/thumb/v6-m\libc_nano.a(lib_a-impure.o)
                              c:/st/stm32cubeide_1.0.1/stm32cubeide/plugins/com.st.stm32cube.ide.mcu.externaltools.gnu-tools-for-stm32.7-2018-q2-update.win32_1.0.0.201904181610/tools/bin/../lib/gcc/arm-none-eabi/7.3.1/../../../../arm-none-eabi/lib/thumb/v6-m\libc_nano.a(lib_a-exit.o) (_global_impure_ptr)
c:/st/stm32cubeide_1.0.1/stm32cubeide/plugins/com.st.stm32cube.ide.mcu.externaltools.gnu-tools-for-stm32.7-2018-q2-update.win32_1.0.0.201904181610/tools/bin/../lib/gcc/arm-none-eabi/7.3.1/../../../../arm-none-eabi/lib/thumb/v6-m\libc_nano.a(lib_a-init.o)
                              c:/st/stm32cubeide_1.0.1/stm32cubeide/plugins/com.st.stm32cube.ide.mcu.externaltools.gnu-tools-for-stm32.7-2018-q2-update.win32_1.0.0.201904181610/tools/bin/../lib/gcc/arm-none-eabi/7.3.1/../../../../arm-none-eabi/lib/thumb/v6-m/crt0.o (__libc_init_array)
c:/st/stm32cubeide_1.0.1/stm32cubeide/plugins/com.st.stm32cube.ide.mcu.externaltools.gnu-tools-for-stm32.7-2018-q2-update.win32_1.0.0.201904181610/tools/bin/../lib/gcc/arm-none-eabi/7.3.1/../../../../arm-none-eabi/lib/thumb/v6-m\libc_nano.a(lib_a-memset.o)
[...]
Memory Configuration

Name             Origin             Length             Attributes
RAM              0x0000000020000000 0x0000000000004000 xrw
FLASH            0x0000000008000000 0x0000000000020000 xr
*default*        0x0000000000000000 0xffffffffffffffff

Linker script and memory map

LOAD c:/st/stm32cubeide_1.0.1/stm32cubeide/plugins/com.st.stm32cube.ide.mcu.externaltools.gnu-tools-for-stm32.7-2018-q2-update.win32_1.0.0.201904181610/tools/bin/../lib/gcc/arm-none-eabi/7.3.1/thumb/v6-m/crti.o
LOAD c:/st/stm32cubeide_1.0.1/stm32cubeide/plugins/com.st.stm32cube.ide.mcu.externaltools.gnu-tools-for-stm32.7-2018-q2-update.win32_1.0.0.201904181610/tools/bin/../lib/gcc/arm-none-eabi/7.3.1/thumb/v6-m/crtbegin.o
LOAD c:/st/stm32cubeide_1.0.1/stm32cubeide/plugins/com.st.stm32cube.ide.mcu.externaltools.gnu-tools-for-stm32.7-2018-q2-update.win32_1.0.0.201904181610/tools/bin/../lib/gcc/arm-none-eabi/7.3.1/../../../../arm-none-eabi/lib/thumb/v6-m/crt0.o
LOAD Core/Src/main.o
LOAD Core/Src/stm32f0xx_hal_msp.o
LOAD Core/Src/stm32f0xx_it.o
LOAD Core/Src/syscalls.o
LOAD Core/Src/sysmem.o
LOAD Core/Src/system_stm32f0xx.o
LOAD Core/Startup/startup_stm32f072rbtx.o
LOAD Core/subsystem-can-driver/aux-data-module.o
LOAD Core/subsystem-can-driver/bms-data-module.o
LOAD Core/subsystem-can-driver/mppt-data-module.o
LOAD Core/subsystem-can-driver/subsystem-data-module.o
LOAD Core/subsystem-can-driver/helper-code/rx-module-binary-tree.o
LOAD Drivers/STM32F0xx_HAL_Driver/Src/stm32f0xx_hal.o
LOAD Drivers/STM32F0xx_HAL_Driver/Src/stm32f0xx_hal_can.o
LOAD Drivers/STM32F0xx_HAL_Driver/Src/stm32f0xx_hal_cortex.o
LOAD Drivers/STM32F0xx_HAL_Driver/Src/stm32f0xx_hal_dma.o
LOAD Drivers/STM32F0xx_HAL_Driver/Src/stm32f0xx_hal_exti.o
LOAD Drivers/STM32F0xx_HAL_Driver/Src/stm32f0xx_hal_flash.o
LOAD Drivers/STM32F0xx_HAL_Driver/Src/stm32f0xx_hal_flash_ex.o
LOAD Drivers/STM32F0xx_HAL_Driver/Src/stm32f0xx_hal_gpio.o
LOAD Drivers/STM32F0xx_HAL_Driver/Src/stm32f0xx_hal_i2c.o
LOAD Drivers/STM32F0xx_HAL_Driver/Src/stm32f0xx_hal_i2c_ex.o
LOAD Drivers/STM32F0xx_HAL_Driver/Src/stm32f0xx_hal_pwr.o
LOAD Drivers/STM32F0xx_HAL_Driver/Src/stm32f0xx_hal_pwr_ex.o
LOAD Drivers/STM32F0xx_HAL_Driver/Src/stm32f0xx_hal_rcc.o
LOAD Drivers/STM32F0xx_HAL_Driver/Src/stm32f0xx_hal_rcc_ex.o
LOAD Drivers/STM32F0xx_HAL_Driver/Src/stm32f0xx_hal_tim.o
LOAD Drivers/STM32F0xx_HAL_Driver/Src/stm32f0xx_hal_tim_ex.o
START GROUP
LOAD c:/st/stm32cubeide_1.0.1/stm32cubeide/plugins/com.st.stm32cube.ide.mcu.externaltools.gnu-tools-for-stm32.7-2018-q2-update.win32_1.0.0.201904181610/tools/bin/../lib/gcc/arm-none-eabi/7.3.1/../../../../arm-none-eabi/lib/thumb/v6-m\libstdc++_nano.a
LOAD c:/st/stm32cubeide_1.0.1/stm32cubeide/plugins/com.st.stm32cube.ide.mcu.externaltools.gnu-tools-for-stm32.7-2018-q2-update.win32_1.0.0.201904181610/tools/bin/../lib/gcc/arm-none-eabi/7.3.1/../../../../arm-none-eabi/lib/thumb/v6-m\libsupc++_nano.a
END GROUP
LOAD c:/st/stm32cubeide_1.0.1/stm32cubeide/plugins/com.st.stm32cube.ide.mcu.externaltools.gnu-tools-for-stm32.7-2018-q2-update.win32_1.0.0.201904181610/tools/bin/../lib/gcc/arm-none-eabi/7.3.1/../../../../arm-none-eabi/lib/thumb/v6-m\libstdc++_nano.a
LOAD c:/st/stm32cubeide_1.0.1/stm32cubeide/plugins/com.st.stm32cube.ide.mcu.externaltools.gnu-tools-for-stm32.7-2018-q2-update.win32_1.0.0.201904181610/tools/bin/../lib/gcc/arm-none-eabi/7.3.1/../../../../arm-none-eabi/lib/thumb/v6-m\libm.a
LOAD c:/st/stm32cubeide_1.0.1/stm32cubeide/plugins/com.st.stm32cube.ide.mcu.externaltools.gnu-tools-for-stm32.7-2018-q2-update.win32_1.0.0.201904181610/tools/bin/../lib/gcc/arm-none-eabi/7.3.1/../../../../arm-none-eabi/lib/thumb/v6-m\libc_nano.a
START GROUP
LOAD c:/st/stm32cubeide_1.0.1/stm32cubeide/plugins/com.st.stm32cube.ide.mcu.externaltools.gnu-tools-for-stm32.7-2018-q2-update.win32_1.0.0.201904181610/tools/bin/../lib/gcc/arm-none-eabi/7.3.1/thumb/v6-m\libgcc.a
LOAD c:/st/stm32cubeide_1.0.1/stm32cubeide/plugins/com.st.stm32cube.ide.mcu.externaltools.gnu-tools-for-stm32.7-2018-q2-update.win32_1.0.0.201904181610/tools/bin/../lib/gcc/arm-none-eabi/7.3.1/../../../../arm-none-eabi/lib/thumb/v6-m\libc_nano.a
END GROUP
START GROUP
LOAD c:/st/stm32cubeide_1.0.1/stm32cubeide/plugins/com.st.stm32cube.ide.mcu.externaltools.gnu-tools-for-stm32.7-2018-q2-update.win32_1.0.0.201904181610/tools/bin/../lib/gcc/arm-none-eabi/7.3.1/thumb/v6-m\libgcc.a
LOAD c:/st/stm32cubeide_1.0.1/stm32cubeide/plugins/com.st.stm32cube.ide.mcu.externaltools.gnu-tools-for-stm32.7-2018-q2-update.win32_1.0.0.201904181610/tools/bin/../lib/gcc/arm-none-eabi/7.3.1/../../../../arm-none-eabi/lib/thumb/v6-m\libc_nano.a
LOAD c:/st/stm32cubeide_1.0.1/stm32cubeide/plugins/com.st.stm32cube.ide.mcu.externaltools.gnu-tools-for-stm32.7-2018-q2-update.win32_1.0.0.201904181610/tools/bin/../lib/gcc/arm-none-eabi/7.3.1/../../../../arm-none-eabi/lib/thumb/v6-m\libnosys.a
END GROUP
START GROUP
LOAD c:/st/stm32cubeide_1.0.1/stm32cubeide/plugins/com.st.stm32cube.ide.mcu.externaltools.gnu-tools-for-stm32.7-2018-q2-update.win32_1.0.0.201904181610/tools/bin/../lib/gcc/arm-none-eabi/7.3.1/thumb/v6-m\libgcc.a
LOAD c:/st/stm32cubeide_1.0.1/stm32cubeide/plugins/com.st.stm32cube.ide.mcu.externaltools.gnu-tools-for-stm32.7-2018-q2-update.win32_1.0.0.201904181610/tools/bin/../lib/gcc/arm-none-eabi/7.3.1/../../../../arm-none-eabi/lib/thumb/v6-m\libc_nano.a
LOAD c:/st/stm32cubeide_1.0.1/stm32cubeide/plugins/com.st.stm32cube.ide.mcu.externaltools.gnu-tools-for-stm32.7-2018-q2-update.win32_1.0.0.201904181610/tools/bin/../lib/gcc/arm-none-eabi/7.3.1/../../../../arm-none-eabi/lib/thumb/v6-m\libnosys.a
END GROUP
LOAD c:/st/stm32cubeide_1.0.1/stm32cubeide/plugins/com.st.stm32cube.ide.mcu.externaltools.gnu-tools-for-stm32.7-2018-q2-update.win32_1.0.0.201904181610/tools/bin/../lib/gcc/arm-none-eabi/7.3.1/thumb/v6-m/crtend.o
LOAD c:/st/stm32cubeide_1.0.1/stm32cubeide/plugins/com.st.stm32cube.ide.mcu.externaltools.gnu-tools-for-stm32.7-2018-q2-update.win32_1.0.0.201904181610/tools/bin/../lib/gcc/arm-none-eabi/7.3.1/thumb/v6-m/crtn.o
                0x0000000020004000                _estack = (ORIGIN (RAM) + LENGTH (RAM))
                0x0000000000000200                _Min_Heap_Size = 0x200
                0x0000000000000400                _Min_Stack_Size = 0x400

.isr_vector     0x0000000008000000       0xc0
                0x0000000008000000                . = ALIGN (0x4)
 *(.isr_vector)
 .isr_vector    0x0000000008000000       0xc0 Core/Startup/startup_stm32f072rbtx.o
                0x0000000008000000                g_pfnVectors
                0x00000000080000c0                . = ALIGN (0x4)

.text           0x00000000080000c0     0x33a4
                0x00000000080000c0                . = ALIGN (0x4)
 *(.text)
 .text          0x00000000080000c0       0x48 c:/st/stm32cubeide_1.0.1/stm32cubeide/plugins/com.st.stm32cube.ide.mcu.externaltools.gnu-tools-for-stm32.7-2018-q2-update.win32_1.0.0.201904181610/tools/bin/../lib/gcc/arm-none-eabi/7.3.1/thumb/v6-m/crtbegin.o
 .text          0x0000000008000108      0x114 c:/st/stm32cubeide_1.0.1/stm32cubeide/plugins/com.st.stm32cube.ide.mcu.externaltools.gnu-tools-for-stm32.7-2018-q2-update.win32_1.0.0.201904181610/tools/bin/../lib/gcc/arm-none-eabi/7.3.1/thumb/v6-m\libgcc.a(_udivsi3.o)
                0x0000000008000108                __aeabi_uidiv
                0x0000000008000108                __udivsi3
                0x0000000008000214                __aeabi_uidivmod
 .text          0x000000000800021c        0x4 c:/st/stm32cubeide_1.0.1/stm32cubeide/plugins/com.st.stm32cube.ide.mcu.externaltools.gnu-tools-for-stm32.7-2018-q2-update.win32_1.0.0.201904181610/tools/bin/../lib/gcc/arm-none-eabi/7.3.1/thumb/v6-m\libgcc.a(_dvmd_tls.o)
                0x000000000800021c                __aeabi_idiv0
                0x000000000800021c                __aeabi_ldiv0
 *(.text*)
 .text.HAL_GPIO_EXTI_Callback
                0x0000000008000220       0x70 Core/Src/main.o
                0x0000000008000220                HAL_GPIO_EXTI_Callback
 .text.HAL_TIM_PeriodElapsedCallback
                0x0000000008000290       0xa4 Core/Src/main.o
                0x0000000008000290                HAL_TIM_PeriodElapsedCallback
 .text.main     0x0000000008000334      0x228 Core/Src/main.o
                0x0000000008000334                main
 .text._Z18SystemClock_Configv
                0x000000000800055c       0x88 Core/Src/main.o
                0x000000000800055c                SystemClock_Config()
 .text._ZL11MX_CAN_Initv
                0x00000000080005e4       0x74 Core/Src/main.o
 .text._ZL12MX_TIM2_Initv
                0x0000000008000658       0xc0 Core/Src/main.o
 .text._ZL12MX_GPIO_Initv
                0x0000000008000718      0x1b8 Core/Src/main.o
 .text.Error_Handler
                0x00000000080008d0        0xa Core/Src/main.o
                0x00000000080008d0                Error_Handler
 *fill*         0x00000000080008da        0x2 
 .text.HAL_MspInit
                0x00000000080008dc       0x48 Core/Src/stm32f0xx_hal_msp.o
                0x00000000080008dc                HAL_MspInit
 .text.HAL_CAN_MspInit
                0x0000000008000924       0x9c Core/Src/stm32f0xx_hal_msp.o
                0x0000000008000924                HAL_CAN_MspInit
 .text.HAL_TIM_Base_MspInit
                0x00000000080009c0       0x48 Core/Src/stm32f0xx_hal_msp.o
                0x00000000080009c0                HAL_TIM_Base_MspInit
 .text.NMI_Handler
                0x0000000008000a08        0xa Core/Src/stm32f0xx_it.o
                0x0000000008000a08                NMI_Handler
 .text.HardFault_Handler
                0x0000000008000a12        0x6 Core/Src/stm32f0xx_it.o
                0x0000000008000a12                HardFault_Handler
 .text.SVC_Handler
                0x0000000008000a18        0xa Core/Src/stm32f0xx_it.o
                0x0000000008000a18                SVC_Handler
 .text.PendSV_Handler
                0x0000000008000a22        0xa Core/Src/stm32f0xx_it.o
                0x0000000008000a22                PendSV_Handler
 .text.SysTick_Handler
                0x0000000008000a2c        0xe Core/Src/stm32f0xx_it.o
                0x0000000008000a2c                SysTick_Handler
 .text.EXTI0_1_IRQHandler
                0x0000000008000a3a       0x10 Core/Src/stm32f0xx_it.o
                0x0000000008000a3a                EXTI0_1_IRQHandler
 .text.EXTI2_3_IRQHandler
                0x0000000008000a4a       0x16 Core/Src/stm32f0xx_it.o
                0x0000000008000a4a                EXTI2_3_IRQHandler
 .text.EXTI4_15_IRQHandler
                0x0000000008000a60       0x40 Core/Src/stm32f0xx_it.o
                0x0000000008000a60                EXTI4_15_IRQHandler
 .text.TIM2_IRQHandler
                0x0000000008000aa0       0x18 Core/Src/stm32f0xx_it.o
                0x0000000008000aa0                TIM2_IRQHandler
 .text._getpid  0x0000000008000ab8        0xc Core/Src/syscalls.o
                0x0000000008000ab8                _getpid
 .text._kill    0x0000000008000ac4       0x20 Core/Src/syscalls.o
                0x0000000008000ac4                _kill
 .text._exit    0x0000000008000ae4       0x18 Core/Src/syscalls.o
                0x0000000008000ae4                _exit
 .text.SystemInit
                0x0000000008000afc        0xa Core/Src/system_stm32f0xx.o
                0x0000000008000afc                SystemInit
 *fill*         0x0000000008000b06        0x2 
 .text.Reset_Handler
                0x0000000008000b08       0x50 Core/Startup/startup_stm32f072rbtx.o
                0x0000000008000b08                Reset_Handler
 .text.Default_Handler
                0x0000000008000b58        0x2 Core/Startup/startup_stm32f072rbtx.o
                0x0000000008000b58                TIM1_CC_IRQHandler
                0x0000000008000b58                TSC_IRQHandler
                0x0000000008000b58                ADC1_COMP_IRQHandler
                0x0000000008000b58                I2C1_IRQHandler
                0x0000000008000b58                RCC_CRS_IRQHandler
                0x0000000008000b58                SPI1_IRQHandler
                0x0000000008000b58                TIM6_DAC_IRQHandler
                0x0000000008000b58                USART3_4_IRQHandler
                0x0000000008000b58                I2C2_IRQHandler
                0x0000000008000b58                TIM17_IRQHandler
                0x0000000008000b58                CEC_CAN_IRQHandler
                0x0000000008000b58                RTC_IRQHandler
                0x0000000008000b58                PVD_VDDIO2_IRQHandler
                0x0000000008000b58                DMA1_Channel4_5_6_7_IRQHandler
                0x0000000008000b58                TIM16_IRQHandler
                0x0000000008000b58                TIM3_IRQHandler
                0x0000000008000b58                DMA1_Channel1_IRQHandler
                0x0000000008000b58                Default_Handler
                0x0000000008000b58                TIM14_IRQHandler
                0x0000000008000b58                TIM7_IRQHandler
                0x0000000008000b58                TIM15_IRQHandler
                0x0000000008000b58                USB_IRQHandler
                0x0000000008000b58                SPI2_IRQHandler
                0x0000000008000b58                WWDG_IRQHandler
                0x0000000008000b58                DMA1_Channel2_3_IRQHandler
                0x0000000008000b58                USART2_IRQHandler
                0x0000000008000b58                FLASH_IRQHandler
                0x0000000008000b58                USART1_IRQHandler
                0x0000000008000b58                TIM1_BRK_UP_TRG_COM_IRQHandler
 .text._ZN13AUX_MESSAGE_017dataPacketToArrayE25AUX_MESSAGE_0_DATA_PACKETPh
                0x0000000008000b5a       0xbc Core/subsystem-can-driver/aux-data-module.o
                0x0000000008000b5a                AUX_MESSAGE_0::dataPacketToArray(AUX_MESSAGE_0_DATA_PACKET, unsigned char*)
 *fill*         0x0000000008000c16        0x2 
 .text._ZN13AUX_MESSAGE_0C2Ev
                0x0000000008000c18       0x2c Core/subsystem-can-driver/aux-data-module.o
                0x0000000008000c18                AUX_MESSAGE_0::AUX_MESSAGE_0()
                0x0000000008000c18                AUX_MESSAGE_0::AUX_MESSAGE_0()
 .text._ZN40SUBSYSTEM_DATA_MODULE_TEMPLATE_INTERFACEI13AUX_MESSAGE_025AUX_MESSAGE_0_DATA_PACKETEC2Emhb
                0x0000000008000c44       0x3c Core/subsystem-can-driver/aux-data-module.o
                0x0000000008000c44                SUBSYSTEM_DATA_MODULE_TEMPLATE_INTERFACE<AUX_MESSAGE_0, AUX_MESSAGE_0_DATA_PACKET>::SUBSYSTEM_DATA_MODULE_TEMPLATE_INTERFACE(unsigned long, unsigned char, bool)
                0x0000000008000c44                SUBSYSTEM_DATA_MODULE_TEMPLATE_INTERFACE<AUX_MESSAGE_0, AUX_MESSAGE_0_DATA_PACKET>::SUBSYSTEM_DATA_MODULE_TEMPLATE_INTERFACE(unsigned long, unsigned char, bool)
 .text._ZN40SUBSYSTEM_DATA_MODULE_TEMPLATE_INTERFACEI13AUX_MESSAGE_025AUX_MESSAGE_0_DATA_PACKETE18fillTransmitBufferEv
                0x0000000008000c80       0x58 Core/subsystem-can-driver/aux-data-module.o
                0x0000000008000c80                SUBSYSTEM_DATA_MODULE_TEMPLATE_INTERFACE<AUX_MESSAGE_0, AUX_MESSAGE_0_DATA_PACKET>::fillTransmitBuffer()
 .text._ZN21SUBSYSTEM_DATA_MODULEC2Emhb
                0x0000000008000cd8       0x58 Core/subsystem-can-driver/subsystem-data-module.o
                0x0000000008000cd8                SUBSYSTEM_DATA_MODULE::SUBSYSTEM_DATA_MODULE(unsigned long, unsigned char, bool)
                0x0000000008000cd8                SUBSYSTEM_DATA_MODULE::SUBSYSTEM_DATA_MODULE(unsigned long, unsigned char, bool)
 .text._ZN21SUBSYSTEM_DATA_MODULE12SetupReceiveEPFvPS_E
                0x0000000008000d30       0x40 Core/subsystem-can-driver/subsystem-data-module.o
                0x0000000008000d30                SUBSYSTEM_DATA_MODULE::SetupReceive(void (*)(SUBSYSTEM_DATA_MODULE*))
 .text._ZN21SUBSYSTEM_DATA_MODULE8SendDataEv
                0x0000000008000d70       0x24 Core/subsystem-can-driver/subsystem-data-module.o
                0x0000000008000d70                SUBSYSTEM_DATA_MODULE::SendData()
 .text._ZN21SUBSYSTEM_DATA_MODULE8StartCANEP19__CAN_HandleTypeDef
                0x0000000008000d94       0xf0 Core/subsystem-can-driver/subsystem-data-module.o
                0x0000000008000d94                SUBSYSTEM_DATA_MODULE::StartCAN(__CAN_HandleTypeDef*)
 .text._ZN21SUBSYSTEM_DATA_MODULE22sendTransmitBufferDataEv
                0x0000000008000e84       0x88 Core/subsystem-can-driver/subsystem-data-module.o
                0x0000000008000e84                SUBSYSTEM_DATA_MODULE::sendTransmitBufferData()
 .text._ZN11HELPER_FIFOIhLt3ELt8EEC2Ev
                0x0000000008000f0c       0x24 Core/subsystem-can-driver/subsystem-data-module.o
                0x0000000008000f0c                HELPER_FIFO<unsigned char, (unsigned short)3, (unsigned short)8>::HELPER_FIFO()
                0x0000000008000f0c                HELPER_FIFO<unsigned char, (unsigned short)3, (unsigned short)8>::HELPER_FIFO()
 .text._Z41__static_initialization_and_destruction_0ii
                0x0000000008000f30       0x30 Core/subsystem-can-driver/subsystem-data-module.o
 .text._GLOBAL__sub_I__ZN21SUBSYSTEM_DATA_MODULE13rxModulesTreeE
                0x0000000008000f60       0x18 Core/subsystem-can-driver/subsystem-data-module.o
 .text._ZN14RX_BINARY_TREEC2Ev
                0x0000000008000f78       0x1e Core/subsystem-can-driver/helper-code/rx-module-binary-tree.o
                0x0000000008000f78                RX_BINARY_TREE::RX_BINARY_TREE()
                0x0000000008000f78                RX_BINARY_TREE::RX_BINARY_TREE()
 .text._ZN14RX_BINARY_TREE7AddNodeEP21SUBSYSTEM_DATA_MODULE
                0x0000000008000f96       0x34 Core/subsystem-can-driver/helper-code/rx-module-binary-tree.o
                0x0000000008000f96                RX_BINARY_TREE::AddNode(SUBSYSTEM_DATA_MODULE*)
 .text._ZN14RX_BINARY_TREE7newNodeEP21SUBSYSTEM_DATA_MODULE
                0x0000000008000fca       0x62 Core/subsystem-can-driver/helper-code/rx-module-binary-tree.o
                0x0000000008000fca                RX_BINARY_TREE::newNode(SUBSYSTEM_DATA_MODULE*)
 .text._ZN14RX_BINARY_TREE3maxEmm
                0x000000000800102c       0x22 Core/subsystem-can-driver/helper-code/rx-module-binary-tree.o
                0x000000000800102c                RX_BINARY_TREE::max(unsigned long, unsigned long)
 .text._ZN14RX_BINARY_TREE6heightEP4Node
                0x000000000800104e       0x20 Core/subsystem-can-driver/helper-code/rx-module-binary-tree.o
                0x000000000800104e                RX_BINARY_TREE::height(Node*)
 .text._ZN14RX_BINARY_TREE8node_keyEP4Node
                0x000000000800106e       0x32 Core/subsystem-can-driver/helper-code/rx-module-binary-tree.o
                0x000000000800106e                RX_BINARY_TREE::node_key(Node*)
 .text._ZN14RX_BINARY_TREE11element_keyEP21SUBSYSTEM_DATA_MODULE
                0x00000000080010a0       0x22 Core/subsystem-can-driver/helper-code/rx-module-binary-tree.o
                0x00000000080010a0                RX_BINARY_TREE::element_key(SUBSYSTEM_DATA_MODULE*)
 .text._ZN14RX_BINARY_TREE11rightRotateEP4Node
                0x00000000080010c2       0xa0 Core/subsystem-can-driver/helper-code/rx-module-binary-tree.o
                0x00000000080010c2                RX_BINARY_TREE::rightRotate(Node*)
 .text._ZN14RX_BINARY_TREE10leftRotateEP4Node
                0x0000000008001162       0xa0 Core/subsystem-can-driver/helper-code/rx-module-binary-tree.o
                0x0000000008001162                RX_BINARY_TREE::leftRotate(Node*)
 .text._ZN14RX_BINARY_TREE10getBalanceEP4Node
                0x0000000008001202       0x40 Core/subsystem-can-driver/helper-code/rx-module-binary-tree.o
                0x0000000008001202                RX_BINARY_TREE::getBalance(Node*)
 .text._ZN14RX_BINARY_TREE6insertEP4NodeP21SUBSYSTEM_DATA_MODULE
                0x0000000008001242      0x22e Core/subsystem-can-driver/helper-code/rx-module-binary-tree.o
                0x0000000008001242                RX_BINARY_TREE::insert(Node*, SUBSYSTEM_DATA_MODULE*)
 .text.HAL_Init
                0x0000000008001470       0x28 Drivers/STM32F0xx_HAL_Driver/Src/stm32f0xx_hal.o
                0x0000000008001470                HAL_Init
 .text.HAL_InitTick
                0x0000000008001498       0x68 Drivers/STM32F0xx_HAL_Driver/Src/stm32f0xx_hal.o
                0x0000000008001498                HAL_InitTick
 .text.HAL_IncTick
                0x0000000008001500       0x24 Drivers/STM32F0xx_HAL_Driver/Src/stm32f0xx_hal.o
                0x0000000008001500                HAL_IncTick
 .text.HAL_GetTick
                0x0000000008001524       0x14 Drivers/STM32F0xx_HAL_Driver/Src/stm32f0xx_hal.o
                0x0000000008001524                HAL_GetTick
 .text.HAL_CAN_Init
                0x0000000008001538      0x1fc Drivers/STM32F0xx_HAL_Driver/Src/stm32f0xx_hal_can.o
                0x0000000008001538                HAL_CAN_Init
 .text.HAL_CAN_ConfigFilter
                0x0000000008001734      0x1e4 Drivers/STM32F0xx_HAL_Driver/Src/stm32f0xx_hal_can.o
                0x0000000008001734                HAL_CAN_ConfigFilter
 .text.HAL_CAN_Start
                0x0000000008001918       0x8c Drivers/STM32F0xx_HAL_Driver/Src/stm32f0xx_hal_can.o
                0x0000000008001918                HAL_CAN_Start
 .text.HAL_CAN_AddTxMessage
                0x00000000080019a4      0x1be Drivers/STM32F0xx_HAL_Driver/Src/stm32f0xx_hal_can.o
                0x00000000080019a4                HAL_CAN_AddTxMessage
 .text.HAL_CAN_GetTxMailboxesFreeLevel
                0x0000000008001b62       0x70 Drivers/STM32F0xx_HAL_Driver/Src/stm32f0xx_hal_can.o
                0x0000000008001b62                HAL_CAN_GetTxMailboxesFreeLevel
 .text.HAL_CAN_ActivateNotification
                0x0000000008001bd2       0x54 Drivers/STM32F0xx_HAL_Driver/Src/stm32f0xx_hal_can.o
                0x0000000008001bd2                HAL_CAN_ActivateNotification
 *fill*         0x0000000008001c26        0x2 
 .text.__NVIC_EnableIRQ
                0x0000000008001c28       0x34 Drivers/STM32F0xx_HAL_Driver/Src/stm32f0xx_hal_cortex.o
 .text.__NVIC_SetPriority
                0x0000000008001c5c       0xdc Drivers/STM32F0xx_HAL_Driver/Src/stm32f0xx_hal_cortex.o
 .text.SysTick_Config
                0x0000000008001d38       0x48 Drivers/STM32F0xx_HAL_Driver/Src/stm32f0xx_hal_cortex.o
 .text.HAL_NVIC_SetPriority
                0x0000000008001d80       0x2a Drivers/STM32F0xx_HAL_Driver/Src/stm32f0xx_hal_cortex.o
                0x0000000008001d80                HAL_NVIC_SetPriority
 .text.HAL_NVIC_EnableIRQ
                0x0000000008001daa       0x20 Drivers/STM32F0xx_HAL_Driver/Src/stm32f0xx_hal_cortex.o
                0x0000000008001daa                HAL_NVIC_EnableIRQ
 .text.HAL_SYSTICK_Config
                0x0000000008001dca       0x1a Drivers/STM32F0xx_HAL_Driver/Src/stm32f0xx_hal_cortex.o
                0x0000000008001dca                HAL_SYSTICK_Config
 .text.HAL_GPIO_Init
                0x0000000008001de4      0x2f0 Drivers/STM32F0xx_HAL_Driver/Src/stm32f0xx_hal_gpio.o
                0x0000000008001de4                HAL_GPIO_Init
 .text.HAL_GPIO_ReadPin
                0x00000000080020d4       0x3a Drivers/STM32F0xx_HAL_Driver/Src/stm32f0xx_hal_gpio.o
                0x00000000080020d4                HAL_GPIO_ReadPin
 .text.HAL_GPIO_WritePin
                0x000000000800210e       0x3a Drivers/STM32F0xx_HAL_Driver/Src/stm32f0xx_hal_gpio.o
                0x000000000800210e                HAL_GPIO_WritePin
 .text.HAL_GPIO_EXTI_IRQHandler
                0x0000000008002148       0x38 Drivers/STM32F0xx_HAL_Driver/Src/stm32f0xx_hal_gpio.o
                0x0000000008002148                HAL_GPIO_EXTI_IRQHandler
 .text.HAL_RCC_OscConfig
                0x0000000008002180      0x70c Drivers/STM32F0xx_HAL_Driver/Src/stm32f0xx_hal_rcc.o
                0x0000000008002180                HAL_RCC_OscConfig
 .text.HAL_RCC_ClockConfig
                0x000000000800288c      0x1b4 Drivers/STM32F0xx_HAL_Driver/Src/stm32f0xx_hal_rcc.o
                0x000000000800288c                HAL_RCC_ClockConfig
 .text.HAL_RCC_GetSysClockFreq
                0x0000000008002a40       0xfc Drivers/STM32F0xx_HAL_Driver/Src/stm32f0xx_hal_rcc.o
                0x0000000008002a40                HAL_RCC_GetSysClockFreq
 .text.HAL_TIM_Base_Init
                0x0000000008002b3c       0x58 Drivers/STM32F0xx_HAL_Driver/Src/stm32f0xx_hal_tim.o
                0x0000000008002b3c                HAL_TIM_Base_Init
 .text.HAL_TIM_Base_Start_IT
                0x0000000008002b94       0x44 Drivers/STM32F0xx_HAL_Driver/Src/stm32f0xx_hal_tim.o
                0x0000000008002b94                HAL_TIM_Base_Start_IT
 .text.HAL_TIM_Base_Stop_IT
                0x0000000008002bd8       0x54 Drivers/STM32F0xx_HAL_Driver/Src/stm32f0xx_hal_tim.o
                0x0000000008002bd8                HAL_TIM_Base_Stop_IT
 .text.HAL_TIM_IRQHandler
                0x0000000008002c2c      0x22c Drivers/STM32F0xx_HAL_Driver/Src/stm32f0xx_hal_tim.o
                0x0000000008002c2c                HAL_TIM_IRQHandler
 .text.HAL_TIM_ConfigClockSource
                0x0000000008002e58      0x17c Drivers/STM32F0xx_HAL_Driver/Src/stm32f0xx_hal_tim.o
                0x0000000008002e58                HAL_TIM_ConfigClockSource
 .text.HAL_TIM_OC_DelayElapsedCallback
                0x0000000008002fd4       0x10 Drivers/STM32F0xx_HAL_Driver/Src/stm32f0xx_hal_tim.o
                0x0000000008002fd4                HAL_TIM_OC_DelayElapsedCallback
 .text.HAL_TIM_IC_CaptureCallback
                0x0000000008002fe4       0x10 Drivers/STM32F0xx_HAL_Driver/Src/stm32f0xx_hal_tim.o
                0x0000000008002fe4                HAL_TIM_IC_CaptureCallback
 .text.HAL_TIM_PWM_PulseFinishedCallback
                0x0000000008002ff4       0x10 Drivers/STM32F0xx_HAL_Driver/Src/stm32f0xx_hal_tim.o
                0x0000000008002ff4                HAL_TIM_PWM_PulseFinishedCallback
 .text.HAL_TIM_TriggerCallback
                0x0000000008003004       0x10 Drivers/STM32F0xx_HAL_Driver/Src/stm32f0xx_hal_tim.o
                0x0000000008003004                HAL_TIM_TriggerCallback
 .text.TIM_Base_SetConfig
                0x0000000008003014      0x100 Drivers/STM32F0xx_HAL_Driver/Src/stm32f0xx_hal_tim.o
                0x0000000008003014                TIM_Base_SetConfig
 .text.TIM_TI1_ConfigInputStage
                0x0000000008003114       0x5c Drivers/STM32F0xx_HAL_Driver/Src/stm32f0xx_hal_tim.o
 .text.TIM_TI2_ConfigInputStage
                0x0000000008003170       0x64 Drivers/STM32F0xx_HAL_Driver/Src/stm32f0xx_hal_tim.o
 .text.TIM_ITRx_SetConfig
                0x00000000080031d4       0x32 Drivers/STM32F0xx_HAL_Driver/Src/stm32f0xx_hal_tim.o
 *fill*         0x0000000008003206        0x2 
 .text.TIM_ETR_SetConfig
                0x0000000008003208       0x40 Drivers/STM32F0xx_HAL_Driver/Src/stm32f0xx_hal_tim.o
                0x0000000008003208                TIM_ETR_SetConfig
 .text.HAL_TIMEx_MasterConfigSynchronization
                0x0000000008003248       0xbc Drivers/STM32F0xx_HAL_Driver/Src/stm32f0xx_hal_tim_ex.o
                0x0000000008003248                HAL_TIMEx_MasterConfigSynchronization
 .text.HAL_TIMEx_CommutCallback
                0x0000000008003304       0x10 Drivers/STM32F0xx_HAL_Driver/Src/stm32f0xx_hal_tim_ex.o
                0x0000000008003304                HAL_TIMEx_CommutCallback
 .text.HAL_TIMEx_BreakCallback
                0x0000000008003314       0x10 Drivers/STM32F0xx_HAL_Driver/Src/stm32f0xx_hal_tim_ex.o
                0x0000000008003314                HAL_TIMEx_BreakCallback
 .text.__cxa_pure_virtual
                0x0000000008003324        0x6 c:/st/stm32cubeide_1.0.1/stm32cubeide/plugins/com.st.stm32cube.ide.mcu.externaltools.gnu-tools-for-stm32.7-2018-q2-update.win32_1.0.0.201904181610/tools/bin/../lib/gcc/arm-none-eabi/7.3.1/../../../../arm-none-eabi/lib/thumb/v6-m\libstdc++_nano.a(pure.o)
                0x0000000008003324                __cxa_pure_virtual
 .text._ZN10__cxxabiv111__terminateEPFvvE
                0x000000000800332a        0x8 c:/st/stm32cubeide_1.0.1/stm32cubeide/plugins/com.st.stm32cube.ide.mcu.externaltools.gnu-tools-for-stm32.7-2018-q2-update.win32_1.0.0.201904181610/tools/bin/../lib/gcc/arm-none-eabi/7.3.1/../../../../arm-none-eabi/lib/thumb/v6-m\libstdc++_nano.a(eh_terminate.o)
                0x000000000800332a                __cxxabiv1::__terminate(void (*)())
 *fill*         0x0000000008003332        0x2 
 .text._ZSt9terminatev
                0x0000000008003334       0x10 c:/st/stm32cubeide_1.0.1/stm32cubeide/plugins/com.st.stm32cube.ide.mcu.externaltools.gnu-tools-for-stm32.7-2018-q2-update.win32_1.0.0.201904181610/tools/bin/../lib/gcc/arm-none-eabi/7.3.1/../../../../arm-none-eabi/lib/thumb/v6-m\libstdc++_nano.a(eh_terminate.o)
                0x0000000008003334                std::terminate()
 .text.abort    0x0000000008003344        0xe c:/st/stm32cubeide_1.0.1/stm32cubeide/plugins/com.st.stm32cube.ide.mcu.externaltools.gnu-tools-for-stm32.7-2018-q2-update.win32_1.0.0.201904181610/tools/bin/../lib/gcc/arm-none-eabi/7.3.1/../../../../arm-none-eabi/lib/thumb/v6-m\libc_nano.a(lib_a-abort.o)
                0x0000000008003344                abort
 *fill*         0x0000000008003352        0x2 
 .text.__errno  0x0000000008003354        0xc c:/st/stm32cubeide_1.0.1/stm32cubeide/plugins/com.st.stm32cube.ide.mcu.externaltools.gnu-tools-for-stm32.7-2018-q2-update.win32_1.0.0.201904181610/tools/bin/../lib/gcc/arm-none-eabi/7.3.1/../../../../arm-none-eabi/lib/thumb/v6-m\libc_nano.a(lib_a-errno.o)
                0x0000000008003354                __errno
 .text.__libc_init_array
                0x0000000008003360       0x48 c:/st/stm32cubeide_1.0.1/stm32cubeide/plugins/com.st.stm32cube.ide.mcu.externaltools.gnu-tools-for-stm32.7-2018-q2-update.win32_1.0.0.201904181610/tools/bin/../lib/gcc/arm-none-eabi/7.3.1/../../../../arm-none-eabi/lib/thumb/v6-m\libc_nano.a(lib_a-init.o)
                0x0000000008003360                __libc_init_array
 .text.memset   0x00000000080033a8       0x10 c:/st/stm32cubeide_1.0.1/stm32cubeide/plugins/com.st.stm32cube.ide.mcu.externaltools.gnu-tools-for-stm32.7-2018-q2-update.win32_1.0.0.201904181610/tools/bin/../lib/gcc/arm-none-eabi/7.3.1/../../../../arm-none-eabi/lib/thumb/v6-m\libc_nano.a(lib_a-memset.o)
                0x00000000080033a8                memset
 .text._raise_r
                0x00000000080033b8       0x54 c:/st/stm32cubeide_1.0.1/stm32cubeide/plugins/com.st.stm32cube.ide.mcu.externaltools.gnu-tools-for-stm32.7-2018-q2-update.win32_1.0.0.201904181610/tools/bin/../lib/gcc/arm-none-eabi/7.3.1/../../../../arm-none-eabi/lib/thumb/v6-m\libc_nano.a(lib_a-signal.o)
                0x00000000080033b8                _raise_r
 .text.raise    0x000000000800340c       0x14 c:/st/stm32cubeide_1.0.1/stm32cubeide/plugins/com.st.stm32cube.ide.mcu.externaltools.gnu-tools-for-stm32.7-2018-q2-update.win32_1.0.0.201904181610/tools/bin/../lib/gcc/arm-none-eabi/7.3.1/../../../../arm-none-eabi/lib/thumb/v6-m\libc_nano.a(lib_a-signal.o)
                0x000000000800340c                raise
 .text._kill_r  0x0000000008003420       0x24 c:/st/stm32cubeide_1.0.1/stm32cubeide/plugins/com.st.stm32cube.ide.mcu.externaltools.gnu-tools-for-stm32.7-2018-q2-update.win32_1.0.0.201904181610/tools/bin/../lib/gcc/arm-none-eabi/7.3.1/../../../../arm-none-eabi/lib/thumb/v6-m\libc_nano.a(lib_a-signalr.o)
                0x0000000008003420                _kill_r
 .text._getpid_r
                0x0000000008003444        0x8 c:/st/stm32cubeide_1.0.1/stm32cubeide/plugins/com.st.stm32cube.ide.mcu.externaltools.gnu-tools-for-stm32.7-2018-q2-update.win32_1.0.0.201904181610/tools/bin/../lib/gcc/arm-none-eabi/7.3.1/../../../../arm-none-eabi/lib/thumb/v6-m\libc_nano.a(lib_a-signalr.o)
                0x0000000008003444                _getpid_r
 *(.glue_7)
 .glue_7        0x000000000800344c        0x0 linker stubs
 *(.glue_7t)
 .glue_7t       0x000000000800344c        0x0 linker stubs
 *(.eh_frame)
 .eh_frame      0x000000000800344c        0x0 c:/st/stm32cubeide_1.0.1/stm32cubeide/plugins/com.st.stm32cube.ide.mcu.externaltools.gnu-tools-for-stm32.7-2018-q2-update.win32_1.0.0.201904181610/tools/bin/../lib/gcc/arm-none-eabi/7.3.1/thumb/v6-m/crtbegin.o
 *(.init)
 .init          0x000000000800344c        0x4 c:/st/stm32cubeide_1.0.1/stm32cubeide/plugins/com.st.stm32cube.ide.mcu.externaltools.gnu-tools-for-stm32.7-2018-q2-update.win32_1.0.0.201904181610/tools/bin/../lib/gcc/arm-none-eabi/7.3.1/thumb/v6-m/crti.o
                0x000000000800344c                _init
 .init          0x0000000008003450        0x8 c:/st/stm32cubeide_1.0.1/stm32cubeide/plugins/com.st.stm32cube.ide.mcu.externaltools.gnu-tools-for-stm32.7-2018-q2-update.win32_1.0.0.201904181610/tools/bin/../lib/gcc/arm-none-eabi/7.3.1/thumb/v6-m/crtn.o
 *(.fini)
 .fini          0x0000000008003458        0x4 c:/st/stm32cubeide_1.0.1/stm32cubeide/plugins/com.st.stm32cube.ide.mcu.externaltools.gnu-tools-for-stm32.7-2018-q2-update.win32_1.0.0.201904181610/tools/bin/../lib/gcc/arm-none-eabi/7.3.1/thumb/v6-m/crti.o
                0x0000000008003458                _fini
 .fini          0x000000000800345c        0x8 c:/st/stm32cubeide_1.0.1/stm32cubeide/plugins/com.st.stm32cube.ide.mcu.externaltools.gnu-tools-for-stm32.7-2018-q2-update.win32_1.0.0.201904181610/tools/bin/../lib/gcc/arm-none-eabi/7.3.1/thumb/v6-m/crtn.o
                0x0000000008003464                . = ALIGN (0x4)
                0x0000000008003464                _etext = .

.vfp11_veneer   0x0000000008003464        0x0
 .vfp11_veneer  0x0000000008003464        0x0 linker stubs

.v4_bx          0x0000000008003464        0x0
 .v4_bx         0x0000000008003464        0x0 linker stubs

.iplt           0x0000000008003464        0x0
 .iplt          0x0000000008003464        0x0 c:/st/stm32cubeide_1.0.1/stm32cubeide/plugins/com.st.stm32cube.ide.mcu.externaltools.gnu-tools-for-stm32.7-2018-q2-update.win32_1.0.0.201904181610/tools/bin/../lib/gcc/arm-none-eabi/7.3.1/thumb/v6-m/crtbegin.o

.rodata         0x0000000008003464       0x54
                0x0000000008003464                . = ALIGN (0x4)
 *(.rodata)
 .rodata        0x0000000008003464       0x20 Drivers/STM32F0xx_HAL_Driver/Src/stm32f0xx_hal_rcc.o
 *(.rodata*)
 .rodata.AHBPrescTable
                0x0000000008003484       0x10 Core/Src/system_stm32f0xx.o
                0x0000000008003484                AHBPrescTable
 .rodata._ZTV13AUX_MESSAGE_0
                0x0000000008003494        0xc Core/subsystem-can-driver/aux-data-module.o
                0x0000000008003494                vtable for AUX_MESSAGE_0
 .rodata._ZTV40SUBSYSTEM_DATA_MODULE_TEMPLATE_INTERFACEI13AUX_MESSAGE_025AUX_MESSAGE_0_DATA_PACKETE
                0x00000000080034a0        0xc Core/subsystem-can-driver/aux-data-module.o
                0x00000000080034a0                vtable for SUBSYSTEM_DATA_MODULE_TEMPLATE_INTERFACE<AUX_MESSAGE_0, AUX_MESSAGE_0_DATA_PACKET>
 .rodata._ZTV21SUBSYSTEM_DATA_MODULE
                0x00000000080034ac        0xc Core/subsystem-can-driver/subsystem-data-module.o
                0x00000000080034ac                vtable for SUBSYSTEM_DATA_MODULE
                0x00000000080034b8                . = ALIGN (0x4)

.rel.dyn        0x00000000080034b8        0x0
 .rel.iplt      0x00000000080034b8        0x0 c:/st/stm32cubeide_1.0.1/stm32cubeide/plugins/com.st.stm32cube.ide.mcu.externaltools.gnu-tools-for-stm32.7-2018-q2-update.win32_1.0.0.201904181610/tools/bin/../lib/gcc/arm-none-eabi/7.3.1/thumb/v6-m/crtbegin.o

.ARM.extab      0x00000000080034b8        0x0
                0x00000000080034b8                . = ALIGN (0x4)
 *(.ARM.extab* .gnu.linkonce.armextab.*)
                0x00000000080034b8                . = ALIGN (0x4)

.ARM            0x00000000080034b8        0x0
                0x00000000080034b8                . = ALIGN (0x4)
                0x00000000080034b8                __exidx_start = .
 *(.ARM.exidx*)
                0x00000000080034b8                __exidx_end = .
                0x00000000080034b8                . = ALIGN (0x4)

.preinit_array  0x00000000080034b8        0x0
                0x00000000080034b8                . = ALIGN (0x4)
                0x00000000080034b8                PROVIDE (__preinit_array_start = .)
 *(.preinit_array*)
                0x00000000080034b8                PROVIDE (__preinit_array_end = .)
                0x00000000080034b8                . = ALIGN (0x4)

.init_array     0x00000000080034b8        0x8
                0x00000000080034b8                . = ALIGN (0x4)
                0x00000000080034b8                PROVIDE (__init_array_start = .)
 *(SORT_BY_NAME(.init_array.*))
 *(.init_array*)
 .init_array    0x00000000080034b8        0x4 c:/st/stm32cubeide_1.0.1/stm32cubeide/plugins/com.st.stm32cube.ide.mcu.externaltools.gnu-tools-for-stm32.7-2018-q2-update.win32_1.0.0.201904181610/tools/bin/../lib/gcc/arm-none-eabi/7.3.1/thumb/v6-m/crtbegin.o
 .init_array    0x00000000080034bc        0x4 Core/subsystem-can-driver/subsystem-data-module.o
                0x00000000080034c0                PROVIDE (__init_array_end = .)
                0x00000000080034c0                . = ALIGN (0x4)

.fini_array     0x00000000080034c0        0x4
                0x00000000080034c0                . = ALIGN (0x4)
                [!provide]                        PROVIDE (__fini_array_start = .)
 *(SORT_BY_NAME(.fini_array.*))
 *(.fini_array*)
 .fini_array    0x00000000080034c0        0x4 c:/st/stm32cubeide_1.0.1/stm32cubeide/plugins/com.st.stm32cube.ide.mcu.externaltools.gnu-tools-for-stm32.7-2018-q2-update.win32_1.0.0.201904181610/tools/bin/../lib/gcc/arm-none-eabi/7.3.1/thumb/v6-m/crtbegin.o
                [!provide]                        PROVIDE (__fini_array_end = .)
                0x00000000080034c4                . = ALIGN (0x4)
                0x00000000080034c4                _sidata = LOADADDR (.data)

.data           0x0000000020000000       0x74 load address 0x00000000080034c4
                0x0000000020000000                . = ALIGN (0x4)
                0x0000000020000000                _sdata = .
 *(.data)
 *(.data*)
 .data.SystemCoreClock
                0x0000000020000000        0x4 Core/Src/system_stm32f0xx.o
                0x0000000020000000                SystemCoreClock
 .data.uwTickPrio
                0x0000000020000004        0x4 Drivers/STM32F0xx_HAL_Driver/Src/stm32f0xx_hal.o
                0x0000000020000004                uwTickPrio
 .data.uwTickFreq
                0x0000000020000008        0x1 Drivers/STM32F0xx_HAL_Driver/Src/stm32f0xx_hal.o
                0x0000000020000008                uwTickFreq
 *fill*         0x0000000020000009        0x3 
 .data._ZN10__cxxabiv119__terminate_handlerE
                0x000000002000000c        0x4 c:/st/stm32cubeide_1.0.1/stm32cubeide/plugins/com.st.stm32cube.ide.mcu.externaltools.gnu-tools-for-stm32.7-2018-q2-update.win32_1.0.0.201904181610/tools/bin/../lib/gcc/arm-none-eabi/7.3.1/../../../../arm-none-eabi/lib/thumb/v6-m\libstdc++_nano.a(eh_term_handler.o)
                0x000000002000000c                __cxxabiv1::__terminate_handler
 .data._impure_ptr
                0x0000000020000010        0x4 c:/st/stm32cubeide_1.0.1/stm32cubeide/plugins/com.st.stm32cube.ide.mcu.externaltools.gnu-tools-for-stm32.7-2018-q2-update.win32_1.0.0.201904181610/tools/bin/../lib/gcc/arm-none-eabi/7.3.1/../../../../arm-none-eabi/lib/thumb/v6-m\libc_nano.a(lib_a-impure.o)
                0x0000000020000010                _impure_ptr
 .data.impure_data
                0x0000000020000014       0x60 c:/st/stm32cubeide_1.0.1/stm32cubeide/plugins/com.st.stm32cube.ide.mcu.externaltools.gnu-tools-for-stm32.7-2018-q2-update.win32_1.0.0.201904181610/tools/bin/../lib/gcc/arm-none-eabi/7.3.1/../../../../arm-none-eabi/lib/thumb/v6-m\libc_nano.a(lib_a-impure.o)
                0x0000000020000074                . = ALIGN (0x4)
                0x0000000020000074                _edata = .

.igot.plt       0x0000000020000074        0x0 load address 0x0000000008003538
 .igot.plt      0x0000000020000074        0x0 c:/st/stm32cubeide_1.0.1/stm32cubeide/plugins/com.st.stm32cube.ide.mcu.externaltools.gnu-tools-for-stm32.7-2018-q2-update.win32_1.0.0.201904181610/tools/bin/../lib/gcc/arm-none-eabi/7.3.1/thumb/v6-m/crtbegin.o
                0x0000000020000074                . = ALIGN (0x4)

.bss            0x0000000020000074       0xcc load address 0x0000000008003538
                0x0000000020000074                _sbss = .
                0x0000000020000074                __bss_start__ = _sbss
 *(.bss)
 .bss           0x0000000020000074       0x1c c:/st/stm32cubeide_1.0.1/stm32cubeide/plugins/com.st.stm32cube.ide.mcu.externaltools.gnu-tools-for-stm32.7-2018-q2-update.win32_1.0.0.201904181610/tools/bin/../lib/gcc/arm-none-eabi/7.3.1/thumb/v6-m/crtbegin.o
 *(.bss*)
 .bss.hcan      0x0000000020000090       0x28 Core/Src/main.o
                0x0000000020000090                hcan
 .bss.htim2     0x00000000200000b8       0x40 Core/Src/main.o
                0x00000000200000b8                htim2
 .bss.btnSignal_flag
                0x00000000200000f8        0x1 Core/Src/main.o
                0x00000000200000f8                btnSignal_flag
 .bss.swtchSignal_flag
                0x00000000200000f9        0x1 Core/Src/main.o
                0x00000000200000f9                swtchSignal_flag
 *fill*         0x00000000200000fa        0x2 
 .bss._ZN21SUBSYSTEM_DATA_MODULE13rxModulesTreeE
                0x00000000200000fc       0x38 Core/subsystem-can-driver/subsystem-data-module.o
                0x00000000200000fc                SUBSYSTEM_DATA_MODULE::rxModulesTree
 .bss._ZN21SUBSYSTEM_DATA_MODULE4hcanE
                0x0000000020000134        0x4 Core/subsystem-can-driver/subsystem-data-module.o
                0x0000000020000134                SUBSYSTEM_DATA_MODULE::hcan
 *(COMMON)
 COMMON         0x0000000020000138        0x4 Drivers/STM32F0xx_HAL_Driver/Src/stm32f0xx_hal.o
                0x0000000020000138                uwTick
 COMMON         0x000000002000013c        0x4 c:/st/stm32cubeide_1.0.1/stm32cubeide/plugins/com.st.stm32cube.ide.mcu.externaltools.gnu-tools-for-stm32.7-2018-q2-update.win32_1.0.0.201904181610/tools/bin/../lib/gcc/arm-none-eabi/7.3.1/../../../../arm-none-eabi/lib/thumb/v6-m\libc_nano.a(lib_a-reent.o)
                0x000000002000013c                errno
                0x0000000020000140                . = ALIGN (0x4)
                0x0000000020000140                _ebss = .
                0x0000000020000140                __bss_end__ = _ebss

._user_heap_stack
                0x0000000020000140      0x600 load address 0x0000000008003538
                0x0000000020000140                . = ALIGN (0x8)
                0x0000000020000140                PROVIDE (end = .)
                [!provide]                        PROVIDE (_end = .)
                0x0000000020000340                . = (. + _Min_Heap_Size)
 *fill*         0x0000000020000140      0x200 
                0x0000000020000740                . = (. + _Min_Stack_Size)
 *fill*         0x0000000020000340      0x400 
                0x0000000020000740                . = ALIGN (0x8)

/DISCARD/
 libc.a(*)
 libm.a(*)
 libgcc.a(*)

.ARM.attributes
                0x0000000000000000       0x28
 *(.ARM.attributes)
 .ARM.attributes
                0x0000000000000000       0x1e c:/st/stm32cubeide_1.0.1/stm32cubeide/plugins/com.st.stm32cube.ide.mcu.externaltools.gnu-tools-for-stm32.7-2018-q2-update.win32_1.0.0.201904181610/tools/bin/../lib/gcc/arm-none-eabi/7.3.1/thumb/v6-m/crti.o
 .ARM.attributes
                0x000000000000001e       0x2c c:/st/stm32cubeide_1.0.1/stm32cubeide/plugins/com.st.stm32cube.ide.mcu.externaltools.gnu-tools-for-stm32.7-2018-q2-update.win32_1.0.0.201904181610/tools/bin/../lib/gcc/arm-none-eabi/7.3.1/thumb/v6-m/crtbegin.o
 .ARM.attributes
                0x000000000000004a       0x31 Core/Src/main.o
 .ARM.attributes
                0x000000000000007b       0x31 Core/Src/stm32f0xx_hal_msp.o
 .ARM.attributes
                0x00000000000000ac       0x31 Core/Src/stm32f0xx_it.o
 .ARM.attributes
                0x00000000000000dd       0x31 Core/Src/syscalls.o
 .ARM.attributes
                0x000000000000010e       0x31 Core/Src/system_stm32f0xx.o
 .ARM.attributes
                0x000000000000013f       0x21 Core/Startup/startup_stm32f072rbtx.o
 .ARM.attributes
                0x0000000000000160       0x31 Core/subsystem-can-driver/aux-data-module.o
 .ARM.attributes
                0x0000000000000191       0x31 Core/subsystem-can-driver/subsystem-data-module.o
 .ARM.attributes
                0x00000000000001c2       0x31 Core/subsystem-can-driver/helper-code/rx-module-binary-tree.o
 .ARM.attributes
                0x00000000000001f3       0x31 Drivers/STM32F0xx_HAL_Driver/Src/stm32f0xx_hal.o
 .ARM.attributes
                0x0000000000000224       0x31 Drivers/STM32F0xx_HAL_Driver/Src/stm32f0xx_hal_can.o
 .ARM.attributes
                0x0000000000000255       0x31 Drivers/STM32F0xx_HAL_Driver/Src/stm32f0xx_hal_cortex.o
 .ARM.attributes
                0x0000000000000286       0x31 Drivers/STM32F0xx_HAL_Driver/Src/stm32f0xx_hal_gpio.o
 .ARM.attributes
                0x00000000000002b7       0x31 Drivers/STM32F0xx_HAL_Driver/Src/stm32f0xx_hal_rcc.o
 .ARM.attributes
                0x00000000000002e8       0x31 Drivers/STM32F0xx_HAL_Driver/Src/stm32f0xx_hal_tim.o
 .ARM.attributes
                0x0000000000000319       0x31 Drivers/STM32F0xx_HAL_Driver/Src/stm32f0xx_hal_tim_ex.o
 .ARM.attributes
                0x000000000000034a       0x2c c:/st/stm32cubeide_1.0.1/stm32cubeide/plugins/com.st.stm32cube.ide.mcu.externaltools.gnu-tools-for-stm32.7-2018-q2-update.win32_1.0.0.201904181610/tools/bin/../lib/gcc/arm-none-eabi/7.3.1/../../../../arm-none-eabi/lib/thumb/v6-m\libstdc++_nano.a(pure.o)
 .ARM.attributes
                0x0000000000000376       0x2c c:/st/stm32cubeide_1.0.1/stm32cubeide/plugins/com.st.stm32cube.ide.mcu.externaltools.gnu-tools-for-stm32.7-2018-q2-update.win32_1.0.0.201904181610/tools/bin/../lib/gcc/arm-none-eabi/7.3.1/../../../../arm-none-eabi/lib/thumb/v6-m\libstdc++_nano.a(eh_terminate.o)
 .ARM.attributes
                0x00000000000003a2       0x2c c:/st/stm32cubeide_1.0.1/stm32cubeide/plugins/com.st.stm32cube.ide.mcu.externaltools.gnu-tools-for-stm32.7-2018-q2-update.win32_1.0.0.201904181610/tools/bin/../lib/gcc/arm-none-eabi/7.3.1/../../../../arm-none-eabi/lib/thumb/v6-m\libstdc++_nano.a(eh_term_handler.o)
 .ARM.attributes
                0x00000000000003ce       0x2c c:/st/stm32cubeide_1.0.1/stm32cubeide/plugins/com.st.stm32cube.ide.mcu.externaltools.gnu-tools-for-stm32.7-2018-q2-update.win32_1.0.0.201904181610/tools/bin/../lib/gcc/arm-none-eabi/7.3.1/../../../../arm-none-eabi/lib/thumb/v6-m\libc_nano.a(lib_a-abort.o)
 .ARM.attributes
                0x00000000000003fa       0x2c c:/st/stm32cubeide_1.0.1/stm32cubeide/plugins/com.st.stm32cube.ide.mcu.externaltools.gnu-tools-for-stm32.7-2018-q2-update.win32_1.0.0.201904181610/tools/bin/../lib/gcc/arm-none-eabi/7.3.1/../../../../arm-none-eabi/lib/thumb/v6-m\libc_nano.a(lib_a-errno.o)
 .ARM.attributes
                0x0000000000000426       0x2c c:/st/stm32cubeide_1.0.1/stm32cubeide/plugins/com.st.stm32cube.ide.mcu.externaltools.gnu-tools-for-stm32.7-2018-q2-update.win32_1.0.0.201904181610/tools/bin/../lib/gcc/arm-none-eabi/7.3.1/../../../../arm-none-eabi/lib/thumb/v6-m\libc_nano.a(lib_a-impure.o)
 .ARM.attributes
                0x0000000000000452       0x2c c:/st/stm32cubeide_1.0.1/stm32cubeide/plugins/com.st.stm32cube.ide.mcu.externaltools.gnu-tools-for-stm32.7-2018-q2-update.win32_1.0.0.201904181610/tools/bin/../lib/gcc/arm-none-eabi/7.3.1/../../../../arm-none-eabi/lib/thumb/v6-m\libc_nano.a(lib_a-init.o)
 .ARM.attributes
                0x000000000000047e       0x2c c:/st/stm32cubeide_1.0.1/stm32cubeide/plugins/com.st.stm32cube.ide.mcu.externaltools.gnu-tools-for-stm32.7-2018-q2-update.win32_1.0.0.201904181610/tools/bin/../lib/gcc/arm-none-eabi/7.3.1/../../../../arm-none-eabi/lib/thumb/v6-m\libc_nano.a(lib_a-memset.o)
 .ARM.attributes
                0x00000000000004aa       0x2c c:/st/stm32cubeide_1.0.1/stm32cubeide/plugins/com.st.stm32cube.ide.mcu.externaltools.gnu-tools-for-stm32.7-2018-q2-update.win32_1.0.0.201904181610/tools/bin/../lib/gcc/arm-none-eabi/7.3.1/../../../../arm-none-eabi/lib/thumb/v6-m\libc_nano.a(lib_a-signal.o)
 .ARM.attributes
                0x00000000000004d6       0x2c c:/st/stm32cubeide_1.0.1/stm32cubeide/plugins/com.st.stm32cube.ide.mcu.externaltools.gnu-tools-for-stm32.7-2018-q2-update.win32_1.0.0.201904181610/tools/bin/../lib/gcc/arm-none-eabi/7.3.1/../../../../arm-none-eabi/lib/thumb/v6-m\libc_nano.a(lib_a-signalr.o)
 .ARM.attributes
                0x0000000000000502       0x2c c:/st/stm32cubeide_1.0.1/stm32cubeide/plugins/com.st.stm32cube.ide.mcu.externaltools.gnu-tools-for-stm32.7-2018-q2-update.win32_1.0.0.201904181610/tools/bin/../lib/gcc/arm-none-eabi/7.3.1/../../../../arm-none-eabi/lib/thumb/v6-m\libc_nano.a(lib_a-reent.o)
 .ARM.attributes
                0x000000000000052e       0x1e c:/st/stm32cubeide_1.0.1/stm32cubeide/plugins/com.st.stm32cube.ide.mcu.externaltools.gnu-tools-for-stm32.7-2018-q2-update.win32_1.0.0.201904181610/tools/bin/../lib/gcc/arm-none-eabi/7.3.1/thumb/v6-m\libgcc.a(_udivsi3.o)
 .ARM.attributes
                0x000000000000054c       0x1e c:/st/stm32cubeide_1.0.1/stm32cubeide/plugins/com.st.stm32cube.ide.mcu.externaltools.gnu-tools-for-stm32.7-2018-q2-update.win32_1.0.0.201904181610/tools/bin/../lib/gcc/arm-none-eabi/7.3.1/thumb/v6-m\libgcc.a(_dvmd_tls.o)
 .ARM.attributes
                0x000000000000056a       0x1e c:/st/stm32cubeide_1.0.1/stm32cubeide/plugins/com.st.stm32cube.ide.mcu.externaltools.gnu-tools-for-stm32.7-2018-q2-update.win32_1.0.0.201904181610/tools/bin/../lib/gcc/arm-none-eabi/7.3.1/thumb/v6-m/crtn.o
OUTPUT(AUX_MotherBoard.elf elf32-littlearm)

.debug_info     0x0000000000000000     0xc462
 .debug_info    0x0000000000000000     0x1190 Core/Src/main.o
 .debug_info    0x0000000000001190      0xd60 Core/Src/stm32f0xx_hal_msp.o
 .debug_info    0x0000000000001ef0      0x689 Core/Src/stm32f0xx_it.o
 .debug_info    0x0000000000002579      0xebd Core/Src/syscalls.o
 .debug_info    0x0000000000003436      0x29e Core/Src/system_stm32f0xx.o
 .debug_info    0x00000000000036d4       0x22 Core/Startup/startup_stm32f072rbtx.o
 .debug_info    0x00000000000036f6     0x1059 Core/subsystem-can-driver/aux-data-module.o
 .debug_info    0x000000000000474f     0x1243 Core/subsystem-can-driver/subsystem-data-module.o
 .debug_info    0x0000000000005992      0x8a3 Core/subsystem-can-driver/helper-code/rx-module-binary-tree.o
 .debug_info    0x0000000000006235      0x6c0 Drivers/STM32F0xx_HAL_Driver/Src/stm32f0xx_hal.o
 .debug_info    0x00000000000068f5      0xf1e Drivers/STM32F0xx_HAL_Driver/Src/stm32f0xx_hal_can.o
 .debug_info    0x0000000000007813      0x78c Drivers/STM32F0xx_HAL_Driver/Src/stm32f0xx_hal_cortex.o
 .debug_info    0x0000000000007f9f      0x67a Drivers/STM32F0xx_HAL_Driver/Src/stm32f0xx_hal_gpio.o
 .debug_info    0x0000000000008619      0x82d Drivers/STM32F0xx_HAL_Driver/Src/stm32f0xx_hal_rcc.o
 .debug_info    0x0000000000008e46     0x252c Drivers/STM32F0xx_HAL_Driver/Src/stm32f0xx_hal_tim.o
 .debug_info    0x000000000000b372     0x10f0 Drivers/STM32F0xx_HAL_Driver/Src/stm32f0xx_hal_tim_ex.o

.debug_abbrev   0x0000000000000000     0x223d
 .debug_abbrev  0x0000000000000000      0x2a9 Core/Src/main.o
 .debug_abbrev  0x00000000000002a9      0x1d1 Core/Src/stm32f0xx_hal_msp.o
 .debug_abbrev  0x000000000000047a      0x15a Core/Src/stm32f0xx_it.o
 .debug_abbrev  0x00000000000005d4      0x261 Core/Src/syscalls.o
 .debug_abbrev  0x0000000000000835      0x12b Core/Src/system_stm32f0xx.o
 .debug_abbrev  0x0000000000000960       0x12 Core/Startup/startup_stm32f072rbtx.o
 .debug_abbrev  0x0000000000000972      0x405 Core/subsystem-can-driver/aux-data-module.o
 .debug_abbrev  0x0000000000000d77      0x442 Core/subsystem-can-driver/subsystem-data-module.o
 .debug_abbrev  0x00000000000011b9      0x276 Core/subsystem-can-driver/helper-code/rx-module-binary-tree.o
 .debug_abbrev  0x000000000000142f      0x1c7 Drivers/STM32F0xx_HAL_Driver/Src/stm32f0xx_hal.o
 .debug_abbrev  0x00000000000015f6      0x1b7 Drivers/STM32F0xx_HAL_Driver/Src/stm32f0xx_hal_can.o
 .debug_abbrev  0x00000000000017ad      0x273 Drivers/STM32F0xx_HAL_Driver/Src/stm32f0xx_hal_cortex.o
 .debug_abbrev  0x0000000000001a20      0x1c0 Drivers/STM32F0xx_HAL_Driver/Src/stm32f0xx_hal_gpio.o
 .debug_abbrev  0x0000000000001be0      0x20f Drivers/STM32F0xx_HAL_Driver/Src/stm32f0xx_hal_rcc.o
 .debug_abbrev  0x0000000000001def      0x230 Drivers/STM32F0xx_HAL_Driver/Src/stm32f0xx_hal_tim.o
 .debug_abbrev  0x000000000000201f      0x21e Drivers/STM32F0xx_HAL_Driver/Src/stm32f0xx_hal_tim_ex.o

.debug_aranges  0x0000000000000000      0xc08
 .debug_aranges
                0x0000000000000000       0x58 Core/Src/main.o
 .debug_aranges
                0x0000000000000058       0x40 Core/Src/stm32f0xx_hal_msp.o
 .debug_aranges
                0x0000000000000098       0x60 Core/Src/stm32f0xx_it.o
 .debug_aranges
                0x00000000000000f8       0xa8 Core/Src/syscalls.o
 .debug_aranges
                0x00000000000001a0       0x28 Core/Src/system_stm32f0xx.o
 .debug_aranges
                0x00000000000001c8       0x28 Core/Startup/startup_stm32f072rbtx.o
 .debug_aranges
                0x00000000000001f0       0x40 Core/subsystem-can-driver/aux-data-module.o
 .debug_aranges
                0x0000000000000230       0xa8 Core/subsystem-can-driver/subsystem-data-module.o
 .debug_aranges
                0x00000000000002d8       0x88 Core/subsystem-can-driver/helper-code/rx-module-binary-tree.o
 .debug_aranges
                0x0000000000000360       0xd0 Drivers/STM32F0xx_HAL_Driver/Src/stm32f0xx_hal.o
 .debug_aranges
                0x0000000000000430      0x138 Drivers/STM32F0xx_HAL_Driver/Src/stm32f0xx_hal_can.o
 .debug_aranges
                0x0000000000000568       0xc0 Drivers/STM32F0xx_HAL_Driver/Src/stm32f0xx_hal_cortex.o
 .debug_aranges
                0x0000000000000628       0x58 Drivers/STM32F0xx_HAL_Driver/Src/stm32f0xx_hal_gpio.o
 .debug_aranges
                0x0000000000000680       0x80 Drivers/STM32F0xx_HAL_Driver/Src/stm32f0xx_hal_rcc.o
 .debug_aranges
                0x0000000000000700      0x3b8 Drivers/STM32F0xx_HAL_Driver/Src/stm32f0xx_hal_tim.o
 .debug_aranges
                0x0000000000000ab8      0x150 Drivers/STM32F0xx_HAL_Driver/Src/stm32f0xx_hal_tim_ex.o

.debug_ranges   0x0000000000000000      0xb10
 .debug_ranges  0x0000000000000000       0x48 Core/Src/main.o
 .debug_ranges  0x0000000000000048       0x30 Core/Src/stm32f0xx_hal_msp.o
 .debug_ranges  0x0000000000000078       0x50 Core/Src/stm32f0xx_it.o
 .debug_ranges  0x00000000000000c8       0x98 Core/Src/syscalls.o
 .debug_ranges  0x0000000000000160       0x18 Core/Src/system_stm32f0xx.o
 .debug_ranges  0x0000000000000178       0x20 Core/Startup/startup_stm32f072rbtx.o
 .debug_ranges  0x0000000000000198       0x30 Core/subsystem-can-driver/aux-data-module.o
 .debug_ranges  0x00000000000001c8       0x98 Core/subsystem-can-driver/subsystem-data-module.o
 .debug_ranges  0x0000000000000260       0x78 Core/subsystem-can-driver/helper-code/rx-module-binary-tree.o
 .debug_ranges  0x00000000000002d8       0xc0 Drivers/STM32F0xx_HAL_Driver/Src/stm32f0xx_hal.o
 .debug_ranges  0x0000000000000398      0x128 Drivers/STM32F0xx_HAL_Driver/Src/stm32f0xx_hal_can.o
 .debug_ranges  0x00000000000004c0       0xb0 Drivers/STM32F0xx_HAL_Driver/Src/stm32f0xx_hal_cortex.o
 .debug_ranges  0x0000000000000570       0x48 Drivers/STM32F0xx_HAL_Driver/Src/stm32f0xx_hal_gpio.o
 .debug_ranges  0x00000000000005b8       0x70 Drivers/STM32F0xx_HAL_Driver/Src/stm32f0xx_hal_rcc.o
 .debug_ranges  0x0000000000000628      0x3a8 Drivers/STM32F0xx_HAL_Driver/Src/stm32f0xx_hal_tim.o
 .debug_ranges  0x00000000000009d0      0x140 Drivers/STM32F0xx_HAL_Driver/Src/stm32f0xx_hal_tim_ex.o

.debug_macro    0x0000000000000000    0x17f80
 .debug_macro   0x0000000000000000      0x1fd Core/Src/main.o
 .debug_macro   0x00000000000001fd      0xb1a Core/Src/main.o
 .debug_macro   0x0000000000000d17      0x133 Core/Src/main.o
 .debug_macro   0x0000000000000e4a       0x2e Core/Src/main.o
 .debug_macro   0x0000000000000e78       0x22 Core/Src/main.o
 .debug_macro   0x0000000000000e9a       0x1c Core/Src/main.o
 .debug_macro   0x0000000000000eb6       0x22 Core/Src/main.o
 .debug_macro   0x0000000000000ed8       0x8e Core/Src/main.o
 .debug_macro   0x0000000000000f66       0x51 Core/Src/main.o
 .debug_macro   0x0000000000000fb7       0xef Core/Src/main.o
 .debug_macro   0x00000000000010a6       0x6a Core/Src/main.o
 .debug_macro   0x0000000000001110      0x1df Core/Src/main.o
 .debug_macro   0x00000000000012ef       0x1c Core/Src/main.o
 .debug_macro   0x000000000000130b       0x22 Core/Src/main.o
 .debug_macro   0x000000000000132d       0xb5 Core/Src/main.o
 .debug_macro   0x00000000000013e2      0x391 Core/Src/main.o
 .debug_macro   0x0000000000001773     0xfe50 Core/Src/main.o
 .debug_macro   0x00000000000115c3       0x3c Core/Src/main.o
 .debug_macro   0x00000000000115ff      0x17b Core/Src/main.o
 .debug_macro   0x000000000001177a       0x53 Core/Src/main.o
 .debug_macro   0x00000000000117cd      0x946 Core/Src/main.o
 .debug_macro   0x0000000000012113      0x5f3 Core/Src/main.o
 .debug_macro   0x0000000000012706      0x12f Core/Src/main.o
 .debug_macro   0x0000000000012835      0x1a7 Core/Src/main.o
 .debug_macro   0x00000000000129dc      0x1a7 Core/Src/main.o
 .debug_macro   0x0000000000012b83      0x22c Core/Src/main.o
 .debug_macro   0x0000000000012daf       0x34 Core/Src/main.o
 .debug_macro   0x0000000000012de3       0x43 Core/Src/main.o
 .debug_macro   0x0000000000012e26       0x28 Core/Src/main.o
 .debug_macro   0x0000000000012e4e      0x408 Core/Src/main.o
 .debug_macro   0x0000000000013256       0xb0 Core/Src/main.o
 .debug_macro   0x0000000000013306      0x217 Core/Src/main.o
 .debug_macro   0x000000000001351d      0x22c Core/Src/main.o
 .debug_macro   0x0000000000013749       0x5f Core/Src/main.o
 .debug_macro   0x00000000000137a8       0xa5 Core/Src/main.o
 .debug_macro   0x000000000001384d       0x4c Core/Src/main.o
 .debug_macro   0x0000000000013899      0x16d Core/Src/main.o
 .debug_macro   0x0000000000013a06      0x8ae Core/Src/main.o
 .debug_macro   0x00000000000142b4       0x28 Core/Src/main.o
 .debug_macro   0x00000000000142dc      0x130 Core/Src/main.o
 .debug_macro   0x000000000001440c       0xdc Core/Src/main.o
 .debug_macro   0x00000000000144e8      0x1be Core/Src/stm32f0xx_hal_msp.o
 .debug_macro   0x00000000000146a6      0xa48 Core/Src/stm32f0xx_hal_msp.o
 .debug_macro   0x00000000000150ee      0x391 Core/Src/stm32f0xx_hal_msp.o
 .debug_macro   0x000000000001547f      0x174 Core/Src/stm32f0xx_hal_msp.o
 .debug_macro   0x00000000000155f3      0x1c8 Core/Src/stm32f0xx_it.o
 .debug_macro   0x00000000000157bb      0x243 Core/Src/syscalls.o
 .debug_macro   0x00000000000159fe       0x40 Core/Src/syscalls.o
 .debug_macro   0x0000000000015a3e       0x18 Core/Src/syscalls.o
 .debug_macro   0x0000000000015a56       0x94 Core/Src/syscalls.o
 .debug_macro   0x0000000000015aea       0x3c Core/Src/syscalls.o
 .debug_macro   0x0000000000015b26       0x34 Core/Src/syscalls.o
 .debug_macro   0x0000000000015b5a       0x57 Core/Src/syscalls.o
 .debug_macro   0x0000000000015bb1      0x330 Core/Src/syscalls.o
 .debug_macro   0x0000000000015ee1       0x52 Core/Src/syscalls.o
 .debug_macro   0x0000000000015f33       0x1f Core/Src/syscalls.o
 .debug_macro   0x0000000000015f52       0x43 Core/Src/syscalls.o
 .debug_macro   0x0000000000015f95       0x20 Core/Src/syscalls.o
 .debug_macro   0x0000000000015fb5      0x1a3 Core/Src/syscalls.o
 .debug_macro   0x0000000000016158       0x10 Core/Src/syscalls.o
 .debug_macro   0x0000000000016168       0x35 Core/Src/syscalls.o
 .debug_macro   0x000000000001619d       0x10 Core/Src/syscalls.o
 .debug_macro   0x00000000000161ad       0x10 Core/Src/syscalls.o
 .debug_macro   0x00000000000161bd       0x10 Core/Src/syscalls.o
 .debug_macro   0x00000000000161cd       0x1c Core/Src/syscalls.o
 .debug_macro   0x00000000000161e9       0x52 Core/Src/syscalls.o
 .debug_macro   0x000000000001623b       0x40 Core/Src/syscalls.o
 .debug_macro   0x000000000001627b       0x10 Core/Src/syscalls.o
 .debug_macro   0x000000000001628b       0x40 Core/Src/syscalls.o
 .debug_macro   0x00000000000162cb       0xd7 Core/Src/syscalls.o
 .debug_macro   0x00000000000163a2       0x1c Core/Src/syscalls.o
 .debug_macro   0x00000000000163be       0x3d Core/Src/syscalls.o
 .debug_macro   0x00000000000163fb       0x35 Core/Src/syscalls.o
 .debug_macro   0x0000000000016430      0x122 Core/Src/syscalls.o
 .debug_macro   0x0000000000016552       0x16 Core/Src/syscalls.o
 .debug_macro   0x0000000000016568       0x16 Core/Src/syscalls.o
 .debug_macro   0x000000000001657e       0x29 Core/Src/syscalls.o
 .debug_macro   0x00000000000165a7       0x10 Core/Src/syscalls.o
 .debug_macro   0x00000000000165b7      0x241 Core/Src/syscalls.o
 .debug_macro   0x00000000000167f8       0x1c Core/Src/syscalls.o
 .debug_macro   0x0000000000016814       0x10 Core/Src/syscalls.o
 .debug_macro   0x0000000000016824       0x10 Core/Src/syscalls.o
 .debug_macro   0x0000000000016834       0x16 Core/Src/syscalls.o
 .debug_macro   0x000000000001684a      0x145 Core/Src/syscalls.o
 .debug_macro   0x000000000001698f      0x189 Core/Src/syscalls.o
 .debug_macro   0x0000000000016b18       0x16 Core/Src/syscalls.o
 .debug_macro   0x0000000000016b2e       0x88 Core/Src/syscalls.o
 .debug_macro   0x0000000000016bb6      0x1af Core/Src/system_stm32f0xx.o
 .debug_macro   0x0000000000016d65      0x1f9 Core/subsystem-can-driver/aux-data-module.o
 .debug_macro   0x0000000000016f5e      0x1ef Core/subsystem-can-driver/subsystem-data-module.o
 .debug_macro   0x000000000001714d      0x1f3 Core/subsystem-can-driver/helper-code/rx-module-binary-tree.o
 .debug_macro   0x0000000000017340      0x1d3 Drivers/STM32F0xx_HAL_Driver/Src/stm32f0xx_hal.o
 .debug_macro   0x0000000000017513      0x1b7 Drivers/STM32F0xx_HAL_Driver/Src/stm32f0xx_hal_can.o
 .debug_macro   0x00000000000176ca      0x1af Drivers/STM32F0xx_HAL_Driver/Src/stm32f0xx_hal_cortex.o
 .debug_macro   0x0000000000017879      0x1e7 Drivers/STM32F0xx_HAL_Driver/Src/stm32f0xx_hal_gpio.o
 .debug_macro   0x0000000000017a60      0x1c1 Drivers/STM32F0xx_HAL_Driver/Src/stm32f0xx_hal_rcc.o
 .debug_macro   0x0000000000017c21      0x1b0 Drivers/STM32F0xx_HAL_Driver/Src/stm32f0xx_hal_tim.o
 .debug_macro   0x0000000000017dd1      0x1af Drivers/STM32F0xx_HAL_Driver/Src/stm32f0xx_hal_tim_ex.o

.debug_line     0x0000000000000000     0x9358
 .debug_line    0x0000000000000000      0x8fc Core/Src/main.o
 .debug_line    0x00000000000008fc      0x6d8 Core/Src/stm32f0xx_hal_msp.o
 .debug_line    0x0000000000000fd4      0x723 Core/Src/stm32f0xx_it.o
 .debug_line    0x00000000000016f7      0x742 Core/Src/syscalls.o
 .debug_line    0x0000000000001e39      0x6a3 Core/Src/system_stm32f0xx.o
 .debug_line    0x00000000000024dc       0x89 Core/Startup/startup_stm32f072rbtx.o
 .debug_line    0x0000000000002565      0x7d0 Core/subsystem-can-driver/aux-data-module.o
 .debug_line    0x0000000000002d35      0x938 Core/subsystem-can-driver/subsystem-data-module.o
 .debug_line    0x000000000000366d      0x92d Core/subsystem-can-driver/helper-code/rx-module-binary-tree.o
 .debug_line    0x0000000000003f9a      0x836 Drivers/STM32F0xx_HAL_Driver/Src/stm32f0xx_hal.o
 .debug_line    0x00000000000047d0      0xb1d Drivers/STM32F0xx_HAL_Driver/Src/stm32f0xx_hal_can.o
 .debug_line    0x00000000000052ed      0x84e Drivers/STM32F0xx_HAL_Driver/Src/stm32f0xx_hal_cortex.o
 .debug_line    0x0000000000005b3b      0x810 Drivers/STM32F0xx_HAL_Driver/Src/stm32f0xx_hal_gpio.o
 .debug_line    0x000000000000634b      0x923 Drivers/STM32F0xx_HAL_Driver/Src/stm32f0xx_hal_rcc.o
 .debug_line    0x0000000000006c6e     0x1a68 Drivers/STM32F0xx_HAL_Driver/Src/stm32f0xx_hal_tim.o
 .debug_line    0x00000000000086d6      0xc82 Drivers/STM32F0xx_HAL_Driver/Src/stm32f0xx_hal_tim_ex.o

.debug_str      0x0000000000000000    0x802cb
 .debug_str     0x0000000000000000    0x77bb1 Core/Src/main.o
                                      0x78107 (size before relaxing)
 .debug_str     0x0000000000077bb1      0x23e Core/Src/stm32f0xx_hal_msp.o
                                      0x7764d (size before relaxing)
 .debug_str     0x0000000000077def       0xc0 Core/Src/stm32f0xx_it.o
                                      0x77178 (size before relaxing)
 .debug_str     0x0000000000077eaf     0x5234 Core/Src/syscalls.o
                                       0x87f4 (size before relaxing)
 .debug_str     0x000000000007d0e3       0x5f Core/Src/system_stm32f0xx.o
                                      0x769cc (size before relaxing)
 .debug_str     0x000000000007d142       0x36 Core/Startup/startup_stm32f072rbtx.o
                                         0x78 (size before relaxing)
 .debug_str     0x000000000007d178      0xd70 Core/subsystem-can-driver/aux-data-module.o
                                      0x783b2 (size before relaxing)
 .debug_str     0x000000000007dee8      0x2c9 Core/subsystem-can-driver/subsystem-data-module.o
                                      0x781b5 (size before relaxing)
 .debug_str     0x000000000007e1b1       0x8d Core/subsystem-can-driver/helper-code/rx-module-binary-tree.o
                                      0x7767b (size before relaxing)
 .debug_str     0x000000000007e23e      0x385 Drivers/STM32F0xx_HAL_Driver/Src/stm32f0xx_hal.o
                                      0x76f3a (size before relaxing)
 .debug_str     0x000000000007e5c3      0x42f Drivers/STM32F0xx_HAL_Driver/Src/stm32f0xx_hal_can.o
                                      0x771bd (size before relaxing)
 .debug_str     0x000000000007e9f2      0x1d1 Drivers/STM32F0xx_HAL_Driver/Src/stm32f0xx_hal_cortex.o
                                      0x76dee (size before relaxing)
 .debug_str     0x000000000007ebc3      0x1e5 Drivers/STM32F0xx_HAL_Driver/Src/stm32f0xx_hal_gpio.o
                                      0x76c68 (size before relaxing)
 .debug_str     0x000000000007eda8      0x249 Drivers/STM32F0xx_HAL_Driver/Src/stm32f0xx_hal_rcc.o
                                      0x76de1 (size before relaxing)
 .debug_str     0x000000000007eff1      0xdab Drivers/STM32F0xx_HAL_Driver/Src/stm32f0xx_hal_tim.o
                                      0x77bc5 (size before relaxing)
 .debug_str     0x000000000007fd9c      0x52f Drivers/STM32F0xx_HAL_Driver/Src/stm32f0xx_hal_tim_ex.o
                                      0x77379 (size before relaxing)

.comment        0x0000000000000000       0x7b
 .comment       0x0000000000000000       0x7b Core/Src/main.o
                                         0x7c (size before relaxing)
 .comment       0x000000000000007b       0x7c Core/Src/stm32f0xx_hal_msp.o
 .comment       0x000000000000007b       0x7c Core/Src/stm32f0xx_it.o
 .comment       0x000000000000007b       0x7c Core/Src/syscalls.o
 .comment       0x000000000000007b       0x7c Core/Src/system_stm32f0xx.o
 .comment       0x000000000000007b       0x7c Core/subsystem-can-driver/aux-data-module.o
 .comment       0x000000000000007b       0x7c Core/subsystem-can-driver/subsystem-data-module.o
 .comment       0x000000000000007b       0x7c Core/subsystem-can-driver/helper-code/rx-module-binary-tree.o
 .comment       0x000000000000007b       0x7c Drivers/STM32F0xx_HAL_Driver/Src/stm32f0xx_hal.o
 .comment       0x000000000000007b       0x7c Drivers/STM32F0xx_HAL_Driver/Src/stm32f0xx_hal_can.o
 .comment       0x000000000000007b       0x7c Drivers/STM32F0xx_HAL_Driver/Src/stm32f0xx_hal_cortex.o
 .comment       0x000000000000007b       0x7c Drivers/STM32F0xx_HAL_Driver/Src/stm32f0xx_hal_gpio.o
 .comment       0x000000000000007b       0x7c Drivers/STM32F0xx_HAL_Driver/Src/stm32f0xx_hal_rcc.o
 .comment       0x000000000000007b       0x7c Drivers/STM32F0xx_HAL_Driver/Src/stm32f0xx_hal_tim.o
 .comment       0x000000000000007b       0x7c Drivers/STM32F0xx_HAL_Driver/Src/stm32f0xx_hal_tim_ex.o

.debug_frame    0x0000000000000000     0x2d2c
 .debug_frame   0x0000000000000000      0x108 Core/Src/main.o
 .debug_frame   0x0000000000000108       0xb0 Core/Src/stm32f0xx_hal_msp.o
 .debug_frame   0x00000000000001b8      0x10c Core/Src/stm32f0xx_it.o
 .debug_frame   0x00000000000002c4      0x244 Core/Src/syscalls.o
 .debug_frame   0x0000000000000508       0x4c Core/Src/system_stm32f0xx.o
 .debug_frame   0x0000000000000554       0xb0 Core/subsystem-can-driver/aux-data-module.o
 .debug_frame   0x0000000000000604      0x24c Core/subsystem-can-driver/subsystem-data-module.o
 .debug_frame   0x0000000000000850      0x1d0 Core/subsystem-can-driver/helper-code/rx-module-binary-tree.o
 .debug_frame   0x0000000000000a20      0x2a4 Drivers/STM32F0xx_HAL_Driver/Src/stm32f0xx_hal.o
 .debug_frame   0x0000000000000cc4      0x490 Drivers/STM32F0xx_HAL_Driver/Src/stm32f0xx_hal_can.o
 .debug_frame   0x0000000000001154      0x2a0 Drivers/STM32F0xx_HAL_Driver/Src/stm32f0xx_hal_cortex.o
 .debug_frame   0x00000000000013f4      0x110 Drivers/STM32F0xx_HAL_Driver/Src/stm32f0xx_hal_gpio.o
 .debug_frame   0x0000000000001504      0x198 Drivers/STM32F0xx_HAL_Driver/Src/stm32f0xx_hal_rcc.o
 .debug_frame   0x000000000000169c      0xe90 Drivers/STM32F0xx_HAL_Driver/Src/stm32f0xx_hal_tim.o
 .debug_frame   0x000000000000252c      0x4f0 Drivers/STM32F0xx_HAL_Driver/Src/stm32f0xx_hal_tim_ex.o
 .debug_frame   0x0000000000002a1c       0x40 c:/st/stm32cubeide_1.0.1/stm32cubeide/plugins/com.st.stm32cube.ide.mcu.externaltools.gnu-tools-for-stm32.7-2018-q2-update.win32_1.0.0.201904181610/tools/bin/../lib/gcc/arm-none-eabi/7.3.1/../../../../arm-none-eabi/lib/thumb/v6-m\libstdc++_nano.a(pure.o)
 .debug_frame   0x0000000000002a5c       0xb0 c:/st/stm32cubeide_1.0.1/stm32cubeide/plugins/com.st.stm32cube.ide.mcu.externaltools.gnu-tools-for-stm32.7-2018-q2-update.win32_1.0.0.201904181610/tools/bin/../lib/gcc/arm-none-eabi/7.3.1/../../../../arm-none-eabi/lib/thumb/v6-m\libstdc++_nano.a(eh_terminate.o)
 .debug_frame   0x0000000000002b0c       0x28 c:/st/stm32cubeide_1.0.1/stm32cubeide/plugins/com.st.stm32cube.ide.mcu.externaltools.gnu-tools-for-stm32.7-2018-q2-update.win32_1.0.0.201904181610/tools/bin/../lib/gcc/arm-none-eabi/7.3.1/../../../../arm-none-eabi/lib/thumb/v6-m\libc_nano.a(lib_a-abort.o)
 .debug_frame   0x0000000000002b34       0x20 c:/st/stm32cubeide_1.0.1/stm32cubeide/plugins/com.st.stm32cube.ide.mcu.externaltools.gnu-tools-for-stm32.7-2018-q2-update.win32_1.0.0.201904181610/tools/bin/../lib/gcc/arm-none-eabi/7.3.1/../../../../arm-none-eabi/lib/thumb/v6-m\libc_nano.a(lib_a-errno.o)
 .debug_frame   0x0000000000002b54       0x2c c:/st/stm32cubeide_1.0.1/stm32cubeide/plugins/com.st.stm32cube.ide.mcu.externaltools.gnu-tools-for-stm32.7-2018-q2-update.win32_1.0.0.201904181610/tools/bin/../lib/gcc/arm-none-eabi/7.3.1/../../../../arm-none-eabi/lib/thumb/v6-m\libc_nano.a(lib_a-init.o)
 .debug_frame   0x0000000000002b80       0x20 c:/st/stm32cubeide_1.0.1/stm32cubeide/plugins/com.st.stm32cube.ide.mcu.externaltools.gnu-tools-for-stm32.7-2018-q2-update.win32_1.0.0.201904181610/tools/bin/../lib/gcc/arm-none-eabi/7.3.1/../../../../arm-none-eabi/lib/thumb/v6-m\libc_nano.a(lib_a-memset.o)
 .debug_frame   0x0000000000002ba0       0xe0 c:/st/stm32cubeide_1.0.1/stm32cubeide/plugins/com.st.stm32cube.ide.mcu.externaltools.gnu-tools-for-stm32.7-2018-q2-update.win32_1.0.0.201904181610/tools/bin/../lib/gcc/arm-none-eabi/7.3.1/../../../../arm-none-eabi/lib/thumb/v6-m\libc_nano.a(lib_a-signal.o)
 .debug_frame   0x0000000000002c80       0x44 c:/st/stm32cubeide_1.0.1/stm32cubeide/plugins/com.st.stm32cube.ide.mcu.externaltools.gnu-tools-for-stm32.7-2018-q2-update.win32_1.0.0.201904181610/tools/bin/../lib/gcc/arm-none-eabi/7.3.1/../../../../arm-none-eabi/lib/thumb/v6-m\libc_nano.a(lib_a-signalr.o)
 .debug_frame   0x0000000000002cc4       0x48 c:/st/stm32cubeide_1.0.1/stm32cubeide/plugins/com.st.stm32cube.ide.mcu.externaltools.gnu-tools-for-stm32.7-2018-q2-update.win32_1.0.0.201904181610/tools/bin/../lib/gcc/arm-none-eabi/7.3.1/../../../../arm-none-eabi/lib/thumb/v6-m\libc_nano.a(lib_a-reent.o)
 .debug_frame   0x0000000000002d0c       0x20 c:/st/stm32cubeide_1.0.1/stm32cubeide/plugins/com.st.stm32cube.ide.mcu.externaltools.gnu-tools-for-stm32.7-2018-q2-update.win32_1.0.0.201904181610/tools/bin/../lib/gcc/arm-none-eabi/7.3.1/thumb/v6-m\libgcc.a(_udivsi3.o)
