main.cpp:101:6:void HAL_ADC_ConvCpltCallback(ADC_HandleTypeDef*)	16	static
main.cpp:114:6:void CAN_init()	8	static
main.cpp:158:6:void HAL_TIM_PeriodElapsedCallback(TIM_HandleTypeDef*)	16	static
main.cpp:194:5:int main()	8	static
main.cpp:361:6:void SystemClock_Config()	88	static
main.cpp:395:13:void MX_ADC_Init()	24	static
main.cpp:454:13:void MX_CAN_Init()	8	static
main.cpp:491:13:void MX_TIM2_Init()	32	static
main.cpp:536:13:void MX_TIM3_Init()	32	static
main.cpp:581:13:void MX_GPIO_Init()	48	static
main.cpp:620:6:void Error_Handler()	8	static,ignoring_inline_asm
