bms-data-module.cpp:30:6:static void BMS_MESSAGE_0::dataPacketToArray(BMS_MESSAGE_0_DATA_PACKET, uint8_t*)	40	static
subsystem-data-module.hpp:184:15:void SUBSYSTEM_DATA_MODULE_TEMPLATE_INTERFACE<CHILD_OBJ, CHILD_DATA>::fillTransmitBuffer() [with CHILD_OBJ = BMS_MESSAGE_0; CHILD_DATA = BMS_MESSAGE_0_DATA_PACKET]	16	static
bms-data-module.cpp:47:27:static BMS_MESSAGE_0_DATA_PACKET BMS_MESSAGE_0::arrayToDataPacket(uint8_t*)	24	static
bms-data-module.cpp:63:1:BMS_MESSAGE_0::BMS_MESSAGE_0()	8	static
