mppt-data-module.cpp:30:6:static void MPPT_MESSAGE_0::dataPacketToArray(MPPT_MESSAGE_0_DATA_PACKET, uint8_t*)	40	static
subsystem-data-module.hpp:184:15:void SUBSYSTEM_DATA_MODULE_TEMPLATE_INTERFACE<CHILD_OBJ, CHILD_DATA>::fillTransmitBuffer() [with CHILD_OBJ = MPPT_MESSAGE_0; CHILD_DATA = MPPT_MESSAGE_0_DATA_PACKET]	16	static
mppt-data-module.cpp:49:28:static MPPT_MESSAGE_0_DATA_PACKET MPPT_MESSAGE_0::arrayToDataPacket(uint8_t*)	24	static
mppt-data-module.cpp:67:1:MPPT_MESSAGE_0::MPPT_MESSAGE_0()	8	static
