Archive member included to satisfy reference by file (symbol)

c:/ides/st/stm32cubeide_1.2.0/stm32cubeide/plugins/com.st.stm32cube.ide.mcu.externaltools.gnu-tools-for-stm32.7-2018-q2-update.win32_1.0.0.201904181610/tools/bin/../lib/gcc/arm-none-eabi/7.3.1/../../../../arm-none-eabi/lib/thumb/v6-m\libstdc++_nano.a(pure.o)
                              Core/subsystem-can-driver/subsystem-data-module.o (__cxa_pure_virtual)
c:/ides/st/stm32cubeide_1.2.0/stm32cubeide/plugins/com.st.stm32cube.ide.mcu.externaltools.gnu-tools-for-stm32.7-2018-q2-update.win32_1.0.0.201904181610/tools/bin/../lib/gcc/arm-none-eabi/7.3.1/../../../../arm-none-eabi/lib/thumb/v6-m\libstdc++_nano.a(eh_terminate.o)
                              c:/ides/st/stm32cubeide_1.2.0/stm32cubeide/plugins/com.st.stm32cube.ide.mcu.externaltools.gnu-tools-for-stm32.7-2018-q2-update.win32_1.0.0.201904181610/tools/bin/../lib/gcc/arm-none-eabi/7.3.1/../../../../arm-none-eabi/lib/thumb/v6-m\libstdc++_nano.a(pure.o) (std::terminate())
c:/ides/st/stm32cubeide_1.2.0/stm32cubeide/plugins/com.st.stm32cube.ide.mcu.externaltools.gnu-tools-for-stm32.7-2018-q2-update.win32_1.0.0.201904181610/tools/bin/../lib/gcc/arm-none-eabi/7.3.1/../../../../arm-none-eabi/lib/thumb/v6-m\libstdc++_nano.a(eh_unex_handler.o)
                              c:/ides/st/stm32cubeide_1.2.0/stm32cubeide/plugins/com.st.stm32cube.ide.mcu.externaltools.gnu-tools-for-stm32.7-2018-q2-update.win32_1.0.0.201904181610/tools/bin/../lib/gcc/arm-none-eabi/7.3.1/../../../../arm-none-eabi/lib/thumb/v6-m\libstdc++_nano.a(eh_terminate.o) (__cxxabiv1::__unexpected_handler)
c:/ides/st/stm32cubeide_1.2.0/stm32cubeide/plugins/com.st.stm32cube.ide.mcu.externaltools.gnu-tools-for-stm32.7-2018-q2-update.win32_1.0.0.201904181610/tools/bin/../lib/gcc/arm-none-eabi/7.3.1/../../../../arm-none-eabi/lib/thumb/v6-m\libstdc++_nano.a(eh_term_handler.o)
                              c:/ides/st/stm32cubeide_1.2.0/stm32cubeide/plugins/com.st.stm32cube.ide.mcu.externaltools.gnu-tools-for-stm32.7-2018-q2-update.win32_1.0.0.201904181610/tools/bin/../lib/gcc/arm-none-eabi/7.3.1/../../../../arm-none-eabi/lib/thumb/v6-m\libstdc++_nano.a(eh_terminate.o) (__cxxabiv1::__terminate_handler)
c:/ides/st/stm32cubeide_1.2.0/stm32cubeide/plugins/com.st.stm32cube.ide.mcu.externaltools.gnu-tools-for-stm32.7-2018-q2-update.win32_1.0.0.201904181610/tools/bin/../lib/gcc/arm-none-eabi/7.3.1/../../../../arm-none-eabi/lib/thumb/v6-m\libc_nano.a(lib_a-abort.o)
                              c:/ides/st/stm32cubeide_1.2.0/stm32cubeide/plugins/com.st.stm32cube.ide.mcu.externaltools.gnu-tools-for-stm32.7-2018-q2-update.win32_1.0.0.201904181610/tools/bin/../lib/gcc/arm-none-eabi/7.3.1/../../../../arm-none-eabi/lib/thumb/v6-m\libstdc++_nano.a(eh_terminate.o) (abort)
c:/ides/st/stm32cubeide_1.2.0/stm32cubeide/plugins/com.st.stm32cube.ide.mcu.externaltools.gnu-tools-for-stm32.7-2018-q2-update.win32_1.0.0.201904181610/tools/bin/../lib/gcc/arm-none-eabi/7.3.1/../../../../arm-none-eabi/lib/thumb/v6-m\libc_nano.a(lib_a-errno.o)
                              Core/Src/syscalls.o (__errno)
c:/ides/st/stm32cubeide_1.2.0/stm32cubeide/plugins/com.st.stm32cube.ide.mcu.externaltools.gnu-tools-for-stm32.7-2018-q2-update.win32_1.0.0.201904181610/tools/bin/../lib/gcc/arm-none-eabi/7.3.1/../../../../arm-none-eabi/lib/thumb/v6-m\libc_nano.a(lib_a-exit.o)
                              c:/ides/st/stm32cubeide_1.2.0/stm32cubeide/plugins/com.st.stm32cube.ide.mcu.externaltools.gnu-tools-for-stm32.7-2018-q2-update.win32_1.0.0.201904181610/tools/bin/../lib/gcc/arm-none-eabi/7.3.1/../../../../arm-none-eabi/lib/thumb/v6-m/crt0.o (exit)
c:/ides/st/stm32cubeide_1.2.0/stm32cubeide/plugins/com.st.stm32cube.ide.mcu.externaltools.gnu-tools-for-stm32.7-2018-q2-update.win32_1.0.0.201904181610/tools/bin/../lib/gcc/arm-none-eabi/7.3.1/../../../../arm-none-eabi/lib/thumb/v6-m\libc_nano.a(lib_a-impure.o)
                              c:/ides/st/stm32cubeide_1.2.0/stm32cubeide/plugins/com.st.stm32cube.ide.mcu.externaltools.gnu-tools-for-stm32.7-2018-q2-update.win32_1.0.0.201904181610/tools/bin/../lib/gcc/arm-none-eabi/7.3.1/../../../../arm-none-eabi/lib/thumb/v6-m\libc_nano.a(lib_a-exit.o) (_global_impure_ptr)
c:/ides/st/stm32cubeide_1.2.0/stm32cubeide/plugins/com.st.stm32cube.ide.mcu.externaltools.gnu-tools-for-stm32.7-2018-q2-update.win32_1.0.0.201904181610/tools/bin/../lib/gcc/arm-none-eabi/7.3.1/../../../../arm-none-eabi/lib/thumb/v6-m\libc_nano.a(lib_a-init.o)
                              c:/ides/st/stm32cubeide_1.2.0/stm32cubeide/plugins/com.st.stm32cube.ide.mcu.externaltools.gnu-tools-for-stm32.7-2018-q2-update.win32_1.0.0.201904181610/tools/bin/../lib/gcc/arm-none-eabi/7.3.1/../../../../arm-none-eabi/lib/thumb/v6-m/crt0.o (__libc_init_array)
[...]
Memory Configuration

Name             Origin             Length             Attributes
RAM              0x0000000020000000 0x0000000000004000 xrw
FLASH            0x0000000008000000 0x0000000000020000 xr
*default*        0x0000000000000000 0xffffffffffffffff

Linker script and memory map

LOAD c:/ides/st/stm32cubeide_1.2.0/stm32cubeide/plugins/com.st.stm32cube.ide.mcu.externaltools.gnu-tools-for-stm32.7-2018-q2-update.win32_1.0.0.201904181610/tools/bin/../lib/gcc/arm-none-eabi/7.3.1/thumb/v6-m/crti.o
LOAD c:/ides/st/stm32cubeide_1.2.0/stm32cubeide/plugins/com.st.stm32cube.ide.mcu.externaltools.gnu-tools-for-stm32.7-2018-q2-update.win32_1.0.0.201904181610/tools/bin/../lib/gcc/arm-none-eabi/7.3.1/thumb/v6-m/crtbegin.o
LOAD c:/ides/st/stm32cubeide_1.2.0/stm32cubeide/plugins/com.st.stm32cube.ide.mcu.externaltools.gnu-tools-for-stm32.7-2018-q2-update.win32_1.0.0.201904181610/tools/bin/../lib/gcc/arm-none-eabi/7.3.1/../../../../arm-none-eabi/lib/thumb/v6-m/crt0.o
LOAD Core/Src/main.o
LOAD Core/Src/stm32f0xx_hal_msp.o
LOAD Core/Src/stm32f0xx_it.o
LOAD Core/Src/syscalls.o
LOAD Core/Src/sysmem.o
LOAD Core/Src/system_stm32f0xx.o
LOAD Core/Startup/startup_stm32f072rbtx.o
LOAD Core/subsystem-can-driver/aux-data-module.o
LOAD Core/subsystem-can-driver/bms-data-module.o
LOAD Core/subsystem-can-driver/mppt-data-module.o
LOAD Core/subsystem-can-driver/subsystem-data-module.o
LOAD Core/subsystem-can-driver/helper-code/rx-module-binary-tree.o
LOAD Drivers/STM32F0xx_HAL_Driver/Src/stm32f0xx_hal.o
LOAD Drivers/STM32F0xx_HAL_Driver/Src/stm32f0xx_hal_can.o
LOAD Drivers/STM32F0xx_HAL_Driver/Src/stm32f0xx_hal_cortex.o
LOAD Drivers/STM32F0xx_HAL_Driver/Src/stm32f0xx_hal_dma.o
LOAD Drivers/STM32F0xx_HAL_Driver/Src/stm32f0xx_hal_exti.o
LOAD Drivers/STM32F0xx_HAL_Driver/Src/stm32f0xx_hal_flash.o
LOAD Drivers/STM32F0xx_HAL_Driver/Src/stm32f0xx_hal_flash_ex.o
LOAD Drivers/STM32F0xx_HAL_Driver/Src/stm32f0xx_hal_gpio.o
LOAD Drivers/STM32F0xx_HAL_Driver/Src/stm32f0xx_hal_i2c.o
LOAD Drivers/STM32F0xx_HAL_Driver/Src/stm32f0xx_hal_i2c_ex.o
LOAD Drivers/STM32F0xx_HAL_Driver/Src/stm32f0xx_hal_pwr.o
LOAD Drivers/STM32F0xx_HAL_Driver/Src/stm32f0xx_hal_pwr_ex.o
LOAD Drivers/STM32F0xx_HAL_Driver/Src/stm32f0xx_hal_rcc.o
LOAD Drivers/STM32F0xx_HAL_Driver/Src/stm32f0xx_hal_rcc_ex.o
LOAD Drivers/STM32F0xx_HAL_Driver/Src/stm32f0xx_hal_spi.o
LOAD Drivers/STM32F0xx_HAL_Driver/Src/stm32f0xx_hal_spi_ex.o
LOAD Drivers/STM32F0xx_HAL_Driver/Src/stm32f0xx_hal_tim.o
LOAD Drivers/STM32F0xx_HAL_Driver/Src/stm32f0xx_hal_tim_ex.o
START GROUP
LOAD c:/ides/st/stm32cubeide_1.2.0/stm32cubeide/plugins/com.st.stm32cube.ide.mcu.externaltools.gnu-tools-for-stm32.7-2018-q2-update.win32_1.0.0.201904181610/tools/bin/../lib/gcc/arm-none-eabi/7.3.1/../../../../arm-none-eabi/lib/thumb/v6-m\libstdc++_nano.a
LOAD c:/ides/st/stm32cubeide_1.2.0/stm32cubeide/plugins/com.st.stm32cube.ide.mcu.externaltools.gnu-tools-for-stm32.7-2018-q2-update.win32_1.0.0.201904181610/tools/bin/../lib/gcc/arm-none-eabi/7.3.1/../../../../arm-none-eabi/lib/thumb/v6-m\libsupc++_nano.a
END GROUP
LOAD c:/ides/st/stm32cubeide_1.2.0/stm32cubeide/plugins/com.st.stm32cube.ide.mcu.externaltools.gnu-tools-for-stm32.7-2018-q2-update.win32_1.0.0.201904181610/tools/bin/../lib/gcc/arm-none-eabi/7.3.1/../../../../arm-none-eabi/lib/thumb/v6-m\libstdc++_nano.a
LOAD c:/ides/st/stm32cubeide_1.2.0/stm32cubeide/plugins/com.st.stm32cube.ide.mcu.externaltools.gnu-tools-for-stm32.7-2018-q2-update.win32_1.0.0.201904181610/tools/bin/../lib/gcc/arm-none-eabi/7.3.1/../../../../arm-none-eabi/lib/thumb/v6-m\libm.a
LOAD c:/ides/st/stm32cubeide_1.2.0/stm32cubeide/plugins/com.st.stm32cube.ide.mcu.externaltools.gnu-tools-for-stm32.7-2018-q2-update.win32_1.0.0.201904181610/tools/bin/../lib/gcc/arm-none-eabi/7.3.1/../../../../arm-none-eabi/lib/thumb/v6-m\libc_nano.a
START GROUP
LOAD c:/ides/st/stm32cubeide_1.2.0/stm32cubeide/plugins/com.st.stm32cube.ide.mcu.externaltools.gnu-tools-for-stm32.7-2018-q2-update.win32_1.0.0.201904181610/tools/bin/../lib/gcc/arm-none-eabi/7.3.1/thumb/v6-m\libgcc.a
LOAD c:/ides/st/stm32cubeide_1.2.0/stm32cubeide/plugins/com.st.stm32cube.ide.mcu.externaltools.gnu-tools-for-stm32.7-2018-q2-update.win32_1.0.0.201904181610/tools/bin/../lib/gcc/arm-none-eabi/7.3.1/../../../../arm-none-eabi/lib/thumb/v6-m\libc_nano.a
END GROUP
START GROUP
LOAD c:/ides/st/stm32cubeide_1.2.0/stm32cubeide/plugins/com.st.stm32cube.ide.mcu.externaltools.gnu-tools-for-stm32.7-2018-q2-update.win32_1.0.0.201904181610/tools/bin/../lib/gcc/arm-none-eabi/7.3.1/thumb/v6-m\libgcc.a
LOAD c:/ides/st/stm32cubeide_1.2.0/stm32cubeide/plugins/com.st.stm32cube.ide.mcu.externaltools.gnu-tools-for-stm32.7-2018-q2-update.win32_1.0.0.201904181610/tools/bin/../lib/gcc/arm-none-eabi/7.3.1/../../../../arm-none-eabi/lib/thumb/v6-m\libc_nano.a
LOAD c:/ides/st/stm32cubeide_1.2.0/stm32cubeide/plugins/com.st.stm32cube.ide.mcu.externaltools.gnu-tools-for-stm32.7-2018-q2-update.win32_1.0.0.201904181610/tools/bin/../lib/gcc/arm-none-eabi/7.3.1/../../../../arm-none-eabi/lib/thumb/v6-m\libnosys.a
END GROUP
START GROUP
LOAD c:/ides/st/stm32cubeide_1.2.0/stm32cubeide/plugins/com.st.stm32cube.ide.mcu.externaltools.gnu-tools-for-stm32.7-2018-q2-update.win32_1.0.0.201904181610/tools/bin/../lib/gcc/arm-none-eabi/7.3.1/thumb/v6-m\libgcc.a
LOAD c:/ides/st/stm32cubeide_1.2.0/stm32cubeide/plugins/com.st.stm32cube.ide.mcu.externaltools.gnu-tools-for-stm32.7-2018-q2-update.win32_1.0.0.201904181610/tools/bin/../lib/gcc/arm-none-eabi/7.3.1/../../../../arm-none-eabi/lib/thumb/v6-m\libc_nano.a
LOAD c:/ides/st/stm32cubeide_1.2.0/stm32cubeide/plugins/com.st.stm32cube.ide.mcu.externaltools.gnu-tools-for-stm32.7-2018-q2-update.win32_1.0.0.201904181610/tools/bin/../lib/gcc/arm-none-eabi/7.3.1/../../../../arm-none-eabi/lib/thumb/v6-m\libnosys.a
END GROUP
LOAD c:/ides/st/stm32cubeide_1.2.0/stm32cubeide/plugins/com.st.stm32cube.ide.mcu.externaltools.gnu-tools-for-stm32.7-2018-q2-update.win32_1.0.0.201904181610/tools/bin/../lib/gcc/arm-none-eabi/7.3.1/thumb/v6-m/crtend.o
LOAD c:/ides/st/stm32cubeide_1.2.0/stm32cubeide/plugins/com.st.stm32cube.ide.mcu.externaltools.gnu-tools-for-stm32.7-2018-q2-update.win32_1.0.0.201904181610/tools/bin/../lib/gcc/arm-none-eabi/7.3.1/thumb/v6-m/crtn.o
                0x0000000020004000                _estack = (ORIGIN (RAM) + LENGTH (RAM))
                0x0000000000000200                _Min_Heap_Size = 0x200
                0x0000000000000400                _Min_Stack_Size = 0x400

.isr_vector     0x0000000008000000       0xc0
                0x0000000008000000                . = ALIGN (0x4)
 *(.isr_vector)
 .isr_vector    0x0000000008000000       0xc0 Core/Startup/startup_stm32f072rbtx.o
                0x0000000008000000                g_pfnVectors
                0x00000000080000c0                . = ALIGN (0x4)

.text           0x00000000080000c0     0x3d98
                0x00000000080000c0                . = ALIGN (0x4)
 *(.text)
 .text          0x00000000080000c0       0x48 c:/ides/st/stm32cubeide_1.2.0/stm32cubeide/plugins/com.st.stm32cube.ide.mcu.externaltools.gnu-tools-for-stm32.7-2018-q2-update.win32_1.0.0.201904181610/tools/bin/../lib/gcc/arm-none-eabi/7.3.1/thumb/v6-m/crtbegin.o
 .text          0x0000000008000108      0x114 c:/ides/st/stm32cubeide_1.2.0/stm32cubeide/plugins/com.st.stm32cube.ide.mcu.externaltools.gnu-tools-for-stm32.7-2018-q2-update.win32_1.0.0.201904181610/tools/bin/../lib/gcc/arm-none-eabi/7.3.1/thumb/v6-m\libgcc.a(_udivsi3.o)
                0x0000000008000108                __aeabi_uidiv
                0x0000000008000108                __udivsi3
                0x0000000008000214                __aeabi_uidivmod
 .text          0x000000000800021c      0x1d4 c:/ides/st/stm32cubeide_1.2.0/stm32cubeide/plugins/com.st.stm32cube.ide.mcu.externaltools.gnu-tools-for-stm32.7-2018-q2-update.win32_1.0.0.201904181610/tools/bin/../lib/gcc/arm-none-eabi/7.3.1/thumb/v6-m\libgcc.a(_divsi3.o)
                0x000000000800021c                __divsi3
                0x000000000800021c                __aeabi_idiv
                0x00000000080003e8                __aeabi_idivmod
 .text          0x00000000080003f0        0x4 c:/ides/st/stm32cubeide_1.2.0/stm32cubeide/plugins/com.st.stm32cube.ide.mcu.externaltools.gnu-tools-for-stm32.7-2018-q2-update.win32_1.0.0.201904181610/tools/bin/../lib/gcc/arm-none-eabi/7.3.1/thumb/v6-m\libgcc.a(_dvmd_tls.o)
                0x00000000080003f0                __aeabi_idiv0
                0x00000000080003f0                __aeabi_ldiv0
 *(.text*)
 .text.main     0x00000000080003f4      0x318 Core/Src/main.o
                0x00000000080003f4                main
 .text._Z18SystemClock_Configv
                0x000000000800070c       0x90 Core/Src/main.o
                0x000000000800070c                SystemClock_Config()
 .text._ZL12MX_SPI2_Initv
                0x000000000800079c       0x84 Core/Src/main.o
 .text._ZL12MX_TIM2_Initv
                0x0000000008000820       0xc0 Core/Src/main.o
 .text._ZL12MX_TIM3_Initv
                0x00000000080008e0       0xc4 Core/Src/main.o
 .text._ZL12MX_GPIO_Initv
                0x00000000080009a4      0x178 Core/Src/main.o
 .text.HAL_GPIO_EXTI_Callback
                0x0000000008000b1c       0x90 Core/Src/main.o
                0x0000000008000b1c                HAL_GPIO_EXTI_Callback
 .text.HAL_TIM_PeriodElapsedCallback
                0x0000000008000bac       0xb8 Core/Src/main.o
                0x0000000008000bac                HAL_TIM_PeriodElapsedCallback
 .text._Z10AuxReceiveP21SUBSYSTEM_DATA_MODULE
                0x0000000008000c64       0x1c Core/Src/main.o
                0x0000000008000c64                AuxReceive(SUBSYSTEM_DATA_MODULE*)
 .text.Error_Handler
                0x0000000008000c80        0xa Core/Src/main.o
                0x0000000008000c80                Error_Handler
 .text._ZN40SUBSYSTEM_DATA_MODULE_TEMPLATE_INTERFACEI13AUX_MESSAGE_025AUX_MESSAGE_0_DATA_PACKETE19GetOldestDataPacketEPb
                0x0000000008000c8a       0x52 Core/Src/main.o
                0x0000000008000c8a                SUBSYSTEM_DATA_MODULE_TEMPLATE_INTERFACE<AUX_MESSAGE_0, AUX_MESSAGE_0_DATA_PACKET>::GetOldestDataPacket(bool*)
 .text._ZN11HELPER_FIFOIhLt3ELt8EE8PopFrontEPb
                0x0000000008000cdc       0x86 Core/Src/main.o
                0x0000000008000cdc                HELPER_FIFO<unsigned char, (unsigned short)3, (unsigned short)8>::PopFront(bool*)
 *fill*         0x0000000008000d62        0x2 
 .text.HAL_MspInit
                0x0000000008000d64       0x48 Core/Src/stm32f0xx_hal_msp.o
                0x0000000008000d64                HAL_MspInit
 .text.HAL_CAN_MspInit
                0x0000000008000dac       0x9c Core/Src/stm32f0xx_hal_msp.o
                0x0000000008000dac                HAL_CAN_MspInit
 .text.HAL_SPI_MspInit
                0x0000000008000e48       0x9c Core/Src/stm32f0xx_hal_msp.o
                0x0000000008000e48                HAL_SPI_MspInit
 .text.HAL_TIM_Base_MspInit
                0x0000000008000ee4       0x80 Core/Src/stm32f0xx_hal_msp.o
                0x0000000008000ee4                HAL_TIM_Base_MspInit
 .text.NMI_Handler
                0x0000000008000f64        0xa Core/Src/stm32f0xx_it.o
                0x0000000008000f64                NMI_Handler
 .text.HardFault_Handler
                0x0000000008000f6e        0x6 Core/Src/stm32f0xx_it.o
                0x0000000008000f6e                HardFault_Handler
 .text.SVC_Handler
                0x0000000008000f74        0xa Core/Src/stm32f0xx_it.o
                0x0000000008000f74                SVC_Handler
 .text.PendSV_Handler
                0x0000000008000f7e        0xa Core/Src/stm32f0xx_it.o
                0x0000000008000f7e                PendSV_Handler
 .text.SysTick_Handler
                0x0000000008000f88        0xe Core/Src/stm32f0xx_it.o
                0x0000000008000f88                SysTick_Handler
 .text.EXTI0_1_IRQHandler
                0x0000000008000f96       0x10 Core/Src/stm32f0xx_it.o
                0x0000000008000f96                EXTI0_1_IRQHandler
 *fill*         0x0000000008000fa6        0x2 
 .text.TIM2_IRQHandler
                0x0000000008000fa8       0x18 Core/Src/stm32f0xx_it.o
                0x0000000008000fa8                TIM2_IRQHandler
 .text.TIM3_IRQHandler
                0x0000000008000fc0       0x18 Core/Src/stm32f0xx_it.o
                0x0000000008000fc0                TIM3_IRQHandler
 .text._getpid  0x0000000008000fd8        0xc Core/Src/syscalls.o
                0x0000000008000fd8                _getpid
 .text._kill    0x0000000008000fe4       0x20 Core/Src/syscalls.o
                0x0000000008000fe4                _kill
 .text._exit    0x0000000008001004       0x18 Core/Src/syscalls.o
                0x0000000008001004                _exit
 .text.SystemInit
                0x000000000800101c        0xa Core/Src/system_stm32f0xx.o
                0x000000000800101c                SystemInit
 *fill*         0x0000000008001026        0x2 
 .text.Reset_Handler
                0x0000000008001028       0x50 Core/Startup/startup_stm32f072rbtx.o
                0x0000000008001028                Reset_Handler
 .text.Default_Handler
                0x0000000008001078        0x2 Core/Startup/startup_stm32f072rbtx.o
                0x0000000008001078                TIM1_CC_IRQHandler
                0x0000000008001078                TSC_IRQHandler
                0x0000000008001078                ADC1_COMP_IRQHandler
                0x0000000008001078                I2C1_IRQHandler
                0x0000000008001078                RCC_CRS_IRQHandler
                0x0000000008001078                SPI1_IRQHandler
                0x0000000008001078                TIM6_DAC_IRQHandler
                0x0000000008001078                USART3_4_IRQHandler
                0x0000000008001078                EXTI2_3_IRQHandler
                0x0000000008001078                I2C2_IRQHandler
                0x0000000008001078                TIM17_IRQHandler
                0x0000000008001078                CEC_CAN_IRQHandler
                0x0000000008001078                RTC_IRQHandler
                0x0000000008001078                PVD_VDDIO2_IRQHandler
                0x0000000008001078                DMA1_Channel4_5_6_7_IRQHandler
                0x0000000008001078                TIM16_IRQHandler
                0x0000000008001078                EXTI4_15_IRQHandler
                0x0000000008001078                DMA1_Channel1_IRQHandler
                0x0000000008001078                Default_Handler
                0x0000000008001078                TIM14_IRQHandler
                0x0000000008001078                TIM7_IRQHandler
                0x0000000008001078                TIM15_IRQHandler
                0x0000000008001078                USB_IRQHandler
                0x0000000008001078                SPI2_IRQHandler
                0x0000000008001078                WWDG_IRQHandler
                0x0000000008001078                DMA1_Channel2_3_IRQHandler
                0x0000000008001078                USART2_IRQHandler
                0x0000000008001078                FLASH_IRQHandler
                0x0000000008001078                USART1_IRQHandler
                0x0000000008001078                TIM1_BRK_UP_TRG_COM_IRQHandler
 .text._ZN13AUX_MESSAGE_017dataPacketToArrayE25AUX_MESSAGE_0_DATA_PACKETPh
                0x000000000800107a       0xbc Core/subsystem-can-driver/aux-data-module.o
                0x000000000800107a                AUX_MESSAGE_0::dataPacketToArray(AUX_MESSAGE_0_DATA_PACKET, unsigned char*)
 .text._ZN13AUX_MESSAGE_017arrayToDataPacketEPh
                0x0000000008001136       0xb0 Core/subsystem-can-driver/aux-data-module.o
                0x0000000008001136                AUX_MESSAGE_0::arrayToDataPacket(unsigned char*)
 *fill*         0x00000000080011e6        0x2 
 .text._ZN13AUX_MESSAGE_0C2Ev
                0x00000000080011e8       0x2c Core/subsystem-can-driver/aux-data-module.o
                0x00000000080011e8                AUX_MESSAGE_0::AUX_MESSAGE_0()
                0x00000000080011e8                AUX_MESSAGE_0::AUX_MESSAGE_0()
 .text._ZN40SUBSYSTEM_DATA_MODULE_TEMPLATE_INTERFACEI13AUX_MESSAGE_025AUX_MESSAGE_0_DATA_PACKETEC2Emhb
                0x0000000008001214       0x3c Core/subsystem-can-driver/aux-data-module.o
                0x0000000008001214                SUBSYSTEM_DATA_MODULE_TEMPLATE_INTERFACE<AUX_MESSAGE_0, AUX_MESSAGE_0_DATA_PACKET>::SUBSYSTEM_DATA_MODULE_TEMPLATE_INTERFACE(unsigned long, unsigned char, bool)
                0x0000000008001214                SUBSYSTEM_DATA_MODULE_TEMPLATE_INTERFACE<AUX_MESSAGE_0, AUX_MESSAGE_0_DATA_PACKET>::SUBSYSTEM_DATA_MODULE_TEMPLATE_INTERFACE(unsigned long, unsigned char, bool)
 .text._ZN40SUBSYSTEM_DATA_MODULE_TEMPLATE_INTERFACEI13AUX_MESSAGE_025AUX_MESSAGE_0_DATA_PACKETE18fillTransmitBufferEv
                0x0000000008001250       0x58 Core/subsystem-can-driver/aux-data-module.o
                0x0000000008001250                SUBSYSTEM_DATA_MODULE_TEMPLATE_INTERFACE<AUX_MESSAGE_0, AUX_MESSAGE_0_DATA_PACKET>::fillTransmitBuffer()
 .text._ZN21SUBSYSTEM_DATA_MODULEC2Emhb
                0x00000000080012a8       0x58 Core/subsystem-can-driver/subsystem-data-module.o
                0x00000000080012a8                SUBSYSTEM_DATA_MODULE::SUBSYSTEM_DATA_MODULE(unsigned long, unsigned char, bool)
                0x00000000080012a8                SUBSYSTEM_DATA_MODULE::SUBSYSTEM_DATA_MODULE(unsigned long, unsigned char, bool)
 .text._ZN21SUBSYSTEM_DATA_MODULE12SetupReceiveEPFvPS_E
                0x0000000008001300       0x40 Core/subsystem-can-driver/subsystem-data-module.o
                0x0000000008001300                SUBSYSTEM_DATA_MODULE::SetupReceive(void (*)(SUBSYSTEM_DATA_MODULE*))
 .text._ZN21SUBSYSTEM_DATA_MODULE8StartCANEP19__CAN_HandleTypeDef
                0x0000000008001340       0xf0 Core/subsystem-can-driver/subsystem-data-module.o
                0x0000000008001340                SUBSYSTEM_DATA_MODULE::StartCAN(__CAN_HandleTypeDef*)
 .text._ZN21SUBSYSTEM_DATA_MODULE11isFifoEmptyEv
                0x0000000008001430       0x1c Core/subsystem-can-driver/subsystem-data-module.o
                0x0000000008001430                SUBSYSTEM_DATA_MODULE::isFifoEmpty()
 .text._ZN11HELPER_FIFOIhLt3ELt8EEC2Ev
                0x000000000800144c       0x24 Core/subsystem-can-driver/subsystem-data-module.o
                0x000000000800144c                HELPER_FIFO<unsigned char, (unsigned short)3, (unsigned short)8>::HELPER_FIFO()
                0x000000000800144c                HELPER_FIFO<unsigned char, (unsigned short)3, (unsigned short)8>::HELPER_FIFO()
 .text._ZN11HELPER_FIFOIhLt3ELt8EE7IsEmptyEv
                0x0000000008001470       0x2a Core/subsystem-can-driver/subsystem-data-module.o
                0x0000000008001470                HELPER_FIFO<unsigned char, (unsigned short)3, (unsigned short)8>::IsEmpty()
 *fill*         0x000000000800149a        0x2 
 .text._Z41__static_initialization_and_destruction_0ii
                0x000000000800149c       0x30 Core/subsystem-can-driver/subsystem-data-module.o
 .text._GLOBAL__sub_I__ZN21SUBSYSTEM_DATA_MODULE13rxModulesTreeE
                0x00000000080014cc       0x18 Core/subsystem-can-driver/subsystem-data-module.o
 .text._ZN14RX_BINARY_TREEC2Ev
                0x00000000080014e4       0x1e Core/subsystem-can-driver/helper-code/rx-module-binary-tree.o
                0x00000000080014e4                RX_BINARY_TREE::RX_BINARY_TREE()
                0x00000000080014e4                RX_BINARY_TREE::RX_BINARY_TREE()
 .text._ZN14RX_BINARY_TREE7AddNodeEP21SUBSYSTEM_DATA_MODULE
                0x0000000008001502       0x34 Core/subsystem-can-driver/helper-code/rx-module-binary-tree.o
                0x0000000008001502                RX_BINARY_TREE::AddNode(SUBSYSTEM_DATA_MODULE*)
 .text._ZN14RX_BINARY_TREE7newNodeEP21SUBSYSTEM_DATA_MODULE
                0x0000000008001536       0x62 Core/subsystem-can-driver/helper-code/rx-module-binary-tree.o
                0x0000000008001536                RX_BINARY_TREE::newNode(SUBSYSTEM_DATA_MODULE*)
 .text._ZN14RX_BINARY_TREE3maxEmm
                0x0000000008001598       0x22 Core/subsystem-can-driver/helper-code/rx-module-binary-tree.o
                0x0000000008001598                RX_BINARY_TREE::max(unsigned long, unsigned long)
 .text._ZN14RX_BINARY_TREE6heightEP4Node
                0x00000000080015ba       0x20 Core/subsystem-can-driver/helper-code/rx-module-binary-tree.o
                0x00000000080015ba                RX_BINARY_TREE::height(Node*)
 .text._ZN14RX_BINARY_TREE8node_keyEP4Node
                0x00000000080015da       0x32 Core/subsystem-can-driver/helper-code/rx-module-binary-tree.o
                0x00000000080015da                RX_BINARY_TREE::node_key(Node*)
 .text._ZN14RX_BINARY_TREE11element_keyEP21SUBSYSTEM_DATA_MODULE
                0x000000000800160c       0x22 Core/subsystem-can-driver/helper-code/rx-module-binary-tree.o
                0x000000000800160c                RX_BINARY_TREE::element_key(SUBSYSTEM_DATA_MODULE*)
 .text._ZN14RX_BINARY_TREE11rightRotateEP4Node
                0x000000000800162e       0xa0 Core/subsystem-can-driver/helper-code/rx-module-binary-tree.o
                0x000000000800162e                RX_BINARY_TREE::rightRotate(Node*)
 .text._ZN14RX_BINARY_TREE10leftRotateEP4Node
                0x00000000080016ce       0xa0 Core/subsystem-can-driver/helper-code/rx-module-binary-tree.o
                0x00000000080016ce                RX_BINARY_TREE::leftRotate(Node*)
 .text._ZN14RX_BINARY_TREE10getBalanceEP4Node
                0x000000000800176e       0x40 Core/subsystem-can-driver/helper-code/rx-module-binary-tree.o
                0x000000000800176e                RX_BINARY_TREE::getBalance(Node*)
 .text._ZN14RX_BINARY_TREE6insertEP4NodeP21SUBSYSTEM_DATA_MODULE
                0x00000000080017ae      0x22e Core/subsystem-can-driver/helper-code/rx-module-binary-tree.o
                0x00000000080017ae                RX_BINARY_TREE::insert(Node*, SUBSYSTEM_DATA_MODULE*)
 .text.HAL_Init
                0x00000000080019dc       0x28 Drivers/STM32F0xx_HAL_Driver/Src/stm32f0xx_hal.o
                0x00000000080019dc                HAL_Init
 .text.HAL_InitTick
                0x0000000008001a04       0x68 Drivers/STM32F0xx_HAL_Driver/Src/stm32f0xx_hal.o
                0x0000000008001a04                HAL_InitTick
 .text.HAL_IncTick
                0x0000000008001a6c       0x24 Drivers/STM32F0xx_HAL_Driver/Src/stm32f0xx_hal.o
                0x0000000008001a6c                HAL_IncTick
 .text.HAL_GetTick
                0x0000000008001a90       0x14 Drivers/STM32F0xx_HAL_Driver/Src/stm32f0xx_hal.o
                0x0000000008001a90                HAL_GetTick
 .text.HAL_CAN_Init
                0x0000000008001aa4      0x1fc Drivers/STM32F0xx_HAL_Driver/Src/stm32f0xx_hal_can.o
                0x0000000008001aa4                HAL_CAN_Init
 .text.HAL_CAN_ConfigFilter
                0x0000000008001ca0      0x1e4 Drivers/STM32F0xx_HAL_Driver/Src/stm32f0xx_hal_can.o
                0x0000000008001ca0                HAL_CAN_ConfigFilter
 .text.HAL_CAN_Start
                0x0000000008001e84       0x8c Drivers/STM32F0xx_HAL_Driver/Src/stm32f0xx_hal_can.o
                0x0000000008001e84                HAL_CAN_Start
 .text.HAL_CAN_ActivateNotification
                0x0000000008001f10       0x54 Drivers/STM32F0xx_HAL_Driver/Src/stm32f0xx_hal_can.o
                0x0000000008001f10                HAL_CAN_ActivateNotification
 .text.__NVIC_EnableIRQ
                0x0000000008001f64       0x34 Drivers/STM32F0xx_HAL_Driver/Src/stm32f0xx_hal_cortex.o
 .text.__NVIC_SetPriority
                0x0000000008001f98       0xdc Drivers/STM32F0xx_HAL_Driver/Src/stm32f0xx_hal_cortex.o
 .text.SysTick_Config
                0x0000000008002074       0x48 Drivers/STM32F0xx_HAL_Driver/Src/stm32f0xx_hal_cortex.o
 .text.HAL_NVIC_SetPriority
                0x00000000080020bc       0x2a Drivers/STM32F0xx_HAL_Driver/Src/stm32f0xx_hal_cortex.o
                0x00000000080020bc                HAL_NVIC_SetPriority
 .text.HAL_NVIC_EnableIRQ
                0x00000000080020e6       0x20 Drivers/STM32F0xx_HAL_Driver/Src/stm32f0xx_hal_cortex.o
                0x00000000080020e6                HAL_NVIC_EnableIRQ
 .text.HAL_SYSTICK_Config
                0x0000000008002106       0x1a Drivers/STM32F0xx_HAL_Driver/Src/stm32f0xx_hal_cortex.o
                0x0000000008002106                HAL_SYSTICK_Config
 .text.HAL_GPIO_Init
                0x0000000008002120      0x2f0 Drivers/STM32F0xx_HAL_Driver/Src/stm32f0xx_hal_gpio.o
                0x0000000008002120                HAL_GPIO_Init
 .text.HAL_GPIO_ReadPin
                0x0000000008002410       0x3a Drivers/STM32F0xx_HAL_Driver/Src/stm32f0xx_hal_gpio.o
                0x0000000008002410                HAL_GPIO_ReadPin
 .text.HAL_GPIO_WritePin
                0x000000000800244a       0x3a Drivers/STM32F0xx_HAL_Driver/Src/stm32f0xx_hal_gpio.o
                0x000000000800244a                HAL_GPIO_WritePin
 .text.HAL_GPIO_EXTI_IRQHandler
                0x0000000008002484       0x38 Drivers/STM32F0xx_HAL_Driver/Src/stm32f0xx_hal_gpio.o
                0x0000000008002484                HAL_GPIO_EXTI_IRQHandler
 .text.HAL_RCC_OscConfig
                0x00000000080024bc      0x70c Drivers/STM32F0xx_HAL_Driver/Src/stm32f0xx_hal_rcc.o
                0x00000000080024bc                HAL_RCC_OscConfig
 .text.HAL_RCC_ClockConfig
                0x0000000008002bc8      0x1b4 Drivers/STM32F0xx_HAL_Driver/Src/stm32f0xx_hal_rcc.o
                0x0000000008002bc8                HAL_RCC_ClockConfig
 .text.HAL_RCC_GetSysClockFreq
                0x0000000008002d7c       0xfc Drivers/STM32F0xx_HAL_Driver/Src/stm32f0xx_hal_rcc.o
                0x0000000008002d7c                HAL_RCC_GetSysClockFreq
 .text.HAL_SPI_Init
                0x0000000008002e78      0x134 Drivers/STM32F0xx_HAL_Driver/Src/stm32f0xx_hal_spi.o
                0x0000000008002e78                HAL_SPI_Init
 .text.HAL_SPI_Transmit
                0x0000000008002fac      0x302 Drivers/STM32F0xx_HAL_Driver/Src/stm32f0xx_hal_spi.o
                0x0000000008002fac                HAL_SPI_Transmit
 .text.HAL_SPI_GetState
                0x00000000080032ae       0x18 Drivers/STM32F0xx_HAL_Driver/Src/stm32f0xx_hal_spi.o
                0x00000000080032ae                HAL_SPI_GetState
 *fill*         0x00000000080032c6        0x2 
 .text.SPI_WaitFlagStateUntilTimeout
                0x00000000080032c8       0xe0 Drivers/STM32F0xx_HAL_Driver/Src/stm32f0xx_hal_spi.o
 .text.SPI_WaitFifoStateUntilTimeout
                0x00000000080033a8       0xe8 Drivers/STM32F0xx_HAL_Driver/Src/stm32f0xx_hal_spi.o
 .text.SPI_EndRxTxTransaction
                0x0000000008003490       0x8c Drivers/STM32F0xx_HAL_Driver/Src/stm32f0xx_hal_spi.o
 .text.HAL_TIM_Base_Init
                0x000000000800351c       0x58 Drivers/STM32F0xx_HAL_Driver/Src/stm32f0xx_hal_tim.o
                0x000000000800351c                HAL_TIM_Base_Init
 .text.HAL_TIM_Base_Start_IT
                0x0000000008003574       0x44 Drivers/STM32F0xx_HAL_Driver/Src/stm32f0xx_hal_tim.o
                0x0000000008003574                HAL_TIM_Base_Start_IT
 .text.HAL_TIM_Base_Stop_IT
                0x00000000080035b8       0x54 Drivers/STM32F0xx_HAL_Driver/Src/stm32f0xx_hal_tim.o
                0x00000000080035b8                HAL_TIM_Base_Stop_IT
 .text.HAL_TIM_IRQHandler
                0x000000000800360c      0x22c Drivers/STM32F0xx_HAL_Driver/Src/stm32f0xx_hal_tim.o
                0x000000000800360c                HAL_TIM_IRQHandler
 .text.HAL_TIM_ConfigClockSource
                0x0000000008003838      0x17c Drivers/STM32F0xx_HAL_Driver/Src/stm32f0xx_hal_tim.o
                0x0000000008003838                HAL_TIM_ConfigClockSource
 .text.HAL_TIM_OC_DelayElapsedCallback
                0x00000000080039b4       0x10 Drivers/STM32F0xx_HAL_Driver/Src/stm32f0xx_hal_tim.o
                0x00000000080039b4                HAL_TIM_OC_DelayElapsedCallback
 .text.HAL_TIM_IC_CaptureCallback
                0x00000000080039c4       0x10 Drivers/STM32F0xx_HAL_Driver/Src/stm32f0xx_hal_tim.o
                0x00000000080039c4                HAL_TIM_IC_CaptureCallback
 .text.HAL_TIM_PWM_PulseFinishedCallback
                0x00000000080039d4       0x10 Drivers/STM32F0xx_HAL_Driver/Src/stm32f0xx_hal_tim.o
                0x00000000080039d4                HAL_TIM_PWM_PulseFinishedCallback
 .text.HAL_TIM_TriggerCallback
                0x00000000080039e4       0x10 Drivers/STM32F0xx_HAL_Driver/Src/stm32f0xx_hal_tim.o
                0x00000000080039e4                HAL_TIM_TriggerCallback
 .text.TIM_Base_SetConfig
                0x00000000080039f4      0x100 Drivers/STM32F0xx_HAL_Driver/Src/stm32f0xx_hal_tim.o
                0x00000000080039f4                TIM_Base_SetConfig
 .text.TIM_TI1_ConfigInputStage
                0x0000000008003af4       0x5c Drivers/STM32F0xx_HAL_Driver/Src/stm32f0xx_hal_tim.o
 .text.TIM_TI2_ConfigInputStage
                0x0000000008003b50       0x64 Drivers/STM32F0xx_HAL_Driver/Src/stm32f0xx_hal_tim.o
 .text.TIM_ITRx_SetConfig
                0x0000000008003bb4       0x32 Drivers/STM32F0xx_HAL_Driver/Src/stm32f0xx_hal_tim.o
 *fill*         0x0000000008003be6        0x2 
 .text.TIM_ETR_SetConfig
                0x0000000008003be8       0x40 Drivers/STM32F0xx_HAL_Driver/Src/stm32f0xx_hal_tim.o
                0x0000000008003be8                TIM_ETR_SetConfig
 .text.HAL_TIMEx_MasterConfigSynchronization
                0x0000000008003c28       0xbc Drivers/STM32F0xx_HAL_Driver/Src/stm32f0xx_hal_tim_ex.o
                0x0000000008003c28                HAL_TIMEx_MasterConfigSynchronization
 .text.HAL_TIMEx_CommutCallback
                0x0000000008003ce4       0x10 Drivers/STM32F0xx_HAL_Driver/Src/stm32f0xx_hal_tim_ex.o
                0x0000000008003ce4                HAL_TIMEx_CommutCallback
 .text.HAL_TIMEx_BreakCallback
                0x0000000008003cf4       0x10 Drivers/STM32F0xx_HAL_Driver/Src/stm32f0xx_hal_tim_ex.o
                0x0000000008003cf4                HAL_TIMEx_BreakCallback
 .text.__cxa_pure_virtual
                0x0000000008003d04        0x6 c:/ides/st/stm32cubeide_1.2.0/stm32cubeide/plugins/com.st.stm32cube.ide.mcu.externaltools.gnu-tools-for-stm32.7-2018-q2-update.win32_1.0.0.201904181610/tools/bin/../lib/gcc/arm-none-eabi/7.3.1/../../../../arm-none-eabi/lib/thumb/v6-m\libstdc++_nano.a(pure.o)
                0x0000000008003d04                __cxa_pure_virtual
 .text._ZN10__cxxabiv111__terminateEPFvvE
                0x0000000008003d0a        0x8 c:/ides/st/stm32cubeide_1.2.0/stm32cubeide/plugins/com.st.stm32cube.ide.mcu.externaltools.gnu-tools-for-stm32.7-2018-q2-update.win32_1.0.0.201904181610/tools/bin/../lib/gcc/arm-none-eabi/7.3.1/../../../../arm-none-eabi/lib/thumb/v6-m\libstdc++_nano.a(eh_terminate.o)
                0x0000000008003d0a                __cxxabiv1::__terminate(void (*)())
 *fill*         0x0000000008003d12        0x2 
 .text._ZSt9terminatev
                0x0000000008003d14       0x10 c:/ides/st/stm32cubeide_1.2.0/stm32cubeide/plugins/com.st.stm32cube.ide.mcu.externaltools.gnu-tools-for-stm32.7-2018-q2-update.win32_1.0.0.201904181610/tools/bin/../lib/gcc/arm-none-eabi/7.3.1/../../../../arm-none-eabi/lib/thumb/v6-m\libstdc++_nano.a(eh_terminate.o)
                0x0000000008003d14                std::terminate()
 .text.abort    0x0000000008003d24        0xe c:/ides/st/stm32cubeide_1.2.0/stm32cubeide/plugins/com.st.stm32cube.ide.mcu.externaltools.gnu-tools-for-stm32.7-2018-q2-update.win32_1.0.0.201904181610/tools/bin/../lib/gcc/arm-none-eabi/7.3.1/../../../../arm-none-eabi/lib/thumb/v6-m\libc_nano.a(lib_a-abort.o)
                0x0000000008003d24                abort
 *fill*         0x0000000008003d32        0x2 
 .text.__errno  0x0000000008003d34        0xc c:/ides/st/stm32cubeide_1.2.0/stm32cubeide/plugins/com.st.stm32cube.ide.mcu.externaltools.gnu-tools-for-stm32.7-2018-q2-update.win32_1.0.0.201904181610/tools/bin/../lib/gcc/arm-none-eabi/7.3.1/../../../../arm-none-eabi/lib/thumb/v6-m\libc_nano.a(lib_a-errno.o)
                0x0000000008003d34                __errno
 .text.__libc_init_array
                0x0000000008003d40       0x48 c:/ides/st/stm32cubeide_1.2.0/stm32cubeide/plugins/com.st.stm32cube.ide.mcu.externaltools.gnu-tools-for-stm32.7-2018-q2-update.win32_1.0.0.201904181610/tools/bin/../lib/gcc/arm-none-eabi/7.3.1/../../../../arm-none-eabi/lib/thumb/v6-m\libc_nano.a(lib_a-init.o)
                0x0000000008003d40                __libc_init_array
 .text.memcpy   0x0000000008003d88       0x12 c:/ides/st/stm32cubeide_1.2.0/stm32cubeide/plugins/com.st.stm32cube.ide.mcu.externaltools.gnu-tools-for-stm32.7-2018-q2-update.win32_1.0.0.201904181610/tools/bin/../lib/gcc/arm-none-eabi/7.3.1/../../../../arm-none-eabi/lib/thumb/v6-m\libc_nano.a(lib_a-memcpy-stub.o)
                0x0000000008003d88                memcpy
 .text.memset   0x0000000008003d9a       0x10 c:/ides/st/stm32cubeide_1.2.0/stm32cubeide/plugins/com.st.stm32cube.ide.mcu.externaltools.gnu-tools-for-stm32.7-2018-q2-update.win32_1.0.0.201904181610/tools/bin/../lib/gcc/arm-none-eabi/7.3.1/../../../../arm-none-eabi/lib/thumb/v6-m\libc_nano.a(lib_a-memset.o)
                0x0000000008003d9a                memset
 .text._raise_r
                0x0000000008003daa       0x54 c:/ides/st/stm32cubeide_1.2.0/stm32cubeide/plugins/com.st.stm32cube.ide.mcu.externaltools.gnu-tools-for-stm32.7-2018-q2-update.win32_1.0.0.201904181610/tools/bin/../lib/gcc/arm-none-eabi/7.3.1/../../../../arm-none-eabi/lib/thumb/v6-m\libc_nano.a(lib_a-signal.o)
                0x0000000008003daa                _raise_r
 *fill*         0x0000000008003dfe        0x2 
 .text.raise    0x0000000008003e00       0x14 c:/ides/st/stm32cubeide_1.2.0/stm32cubeide/plugins/com.st.stm32cube.ide.mcu.externaltools.gnu-tools-for-stm32.7-2018-q2-update.win32_1.0.0.201904181610/tools/bin/../lib/gcc/arm-none-eabi/7.3.1/../../../../arm-none-eabi/lib/thumb/v6-m\libc_nano.a(lib_a-signal.o)
                0x0000000008003e00                raise
 .text._kill_r  0x0000000008003e14       0x24 c:/ides/st/stm32cubeide_1.2.0/stm32cubeide/plugins/com.st.stm32cube.ide.mcu.externaltools.gnu-tools-for-stm32.7-2018-q2-update.win32_1.0.0.201904181610/tools/bin/../lib/gcc/arm-none-eabi/7.3.1/../../../../arm-none-eabi/lib/thumb/v6-m\libc_nano.a(lib_a-signalr.o)
                0x0000000008003e14                _kill_r
 .text._getpid_r
                0x0000000008003e38        0x8 c:/ides/st/stm32cubeide_1.2.0/stm32cubeide/plugins/com.st.stm32cube.ide.mcu.externaltools.gnu-tools-for-stm32.7-2018-q2-update.win32_1.0.0.201904181610/tools/bin/../lib/gcc/arm-none-eabi/7.3.1/../../../../arm-none-eabi/lib/thumb/v6-m\libc_nano.a(lib_a-signalr.o)
                0x0000000008003e38                _getpid_r
 *(.glue_7)
 .glue_7        0x0000000008003e40        0x0 linker stubs
 *(.glue_7t)
 .glue_7t       0x0000000008003e40        0x0 linker stubs
 *(.eh_frame)
 .eh_frame      0x0000000008003e40        0x0 c:/ides/st/stm32cubeide_1.2.0/stm32cubeide/plugins/com.st.stm32cube.ide.mcu.externaltools.gnu-tools-for-stm32.7-2018-q2-update.win32_1.0.0.201904181610/tools/bin/../lib/gcc/arm-none-eabi/7.3.1/thumb/v6-m/crtbegin.o
 *(.init)
 .init          0x0000000008003e40        0x4 c:/ides/st/stm32cubeide_1.2.0/stm32cubeide/plugins/com.st.stm32cube.ide.mcu.externaltools.gnu-tools-for-stm32.7-2018-q2-update.win32_1.0.0.201904181610/tools/bin/../lib/gcc/arm-none-eabi/7.3.1/thumb/v6-m/crti.o
                0x0000000008003e40                _init
 .init          0x0000000008003e44        0x8 c:/ides/st/stm32cubeide_1.2.0/stm32cubeide/plugins/com.st.stm32cube.ide.mcu.externaltools.gnu-tools-for-stm32.7-2018-q2-update.win32_1.0.0.201904181610/tools/bin/../lib/gcc/arm-none-eabi/7.3.1/thumb/v6-m/crtn.o
 *(.fini)
 .fini          0x0000000008003e4c        0x4 c:/ides/st/stm32cubeide_1.2.0/stm32cubeide/plugins/com.st.stm32cube.ide.mcu.externaltools.gnu-tools-for-stm32.7-2018-q2-update.win32_1.0.0.201904181610/tools/bin/../lib/gcc/arm-none-eabi/7.3.1/thumb/v6-m/crti.o
                0x0000000008003e4c                _fini
 .fini          0x0000000008003e50        0x8 c:/ides/st/stm32cubeide_1.2.0/stm32cubeide/plugins/com.st.stm32cube.ide.mcu.externaltools.gnu-tools-for-stm32.7-2018-q2-update.win32_1.0.0.201904181610/tools/bin/../lib/gcc/arm-none-eabi/7.3.1/thumb/v6-m/crtn.o
                0x0000000008003e58                . = ALIGN (0x4)
                0x0000000008003e58                _etext = .

.vfp11_veneer   0x0000000008003e58        0x0
 .vfp11_veneer  0x0000000008003e58        0x0 linker stubs

.v4_bx          0x0000000008003e58        0x0
 .v4_bx         0x0000000008003e58        0x0 linker stubs

.iplt           0x0000000008003e58        0x0
 .iplt          0x0000000008003e58        0x0 c:/ides/st/stm32cubeide_1.2.0/stm32cubeide/plugins/com.st.stm32cube.ide.mcu.externaltools.gnu-tools-for-stm32.7-2018-q2-update.win32_1.0.0.201904181610/tools/bin/../lib/gcc/arm-none-eabi/7.3.1/thumb/v6-m/crtbegin.o

.rodata         0x0000000008003e58       0x58
                0x0000000008003e58                . = ALIGN (0x4)
 *(.rodata)
 .rodata        0x0000000008003e58        0x3 Core/Src/main.o
 *fill*         0x0000000008003e5b        0x1 
 .rodata        0x0000000008003e5c       0x20 Drivers/STM32F0xx_HAL_Driver/Src/stm32f0xx_hal_rcc.o
 *(.rodata*)
 .rodata.AHBPrescTable
                0x0000000008003e7c       0x10 Core/Src/system_stm32f0xx.o
                0x0000000008003e7c                AHBPrescTable
 .rodata._ZTV13AUX_MESSAGE_0
                0x0000000008003e8c        0xc Core/subsystem-can-driver/aux-data-module.o
                0x0000000008003e8c                vtable for AUX_MESSAGE_0
 .rodata._ZTV40SUBSYSTEM_DATA_MODULE_TEMPLATE_INTERFACEI13AUX_MESSAGE_025AUX_MESSAGE_0_DATA_PACKETE
                0x0000000008003e98        0xc Core/subsystem-can-driver/aux-data-module.o
                0x0000000008003e98                vtable for SUBSYSTEM_DATA_MODULE_TEMPLATE_INTERFACE<AUX_MESSAGE_0, AUX_MESSAGE_0_DATA_PACKET>
 .rodata._ZTV21SUBSYSTEM_DATA_MODULE
                0x0000000008003ea4        0xc Core/subsystem-can-driver/subsystem-data-module.o
                0x0000000008003ea4                vtable for SUBSYSTEM_DATA_MODULE
                0x0000000008003eb0                . = ALIGN (0x4)

.rel.dyn        0x0000000008003eb0        0x0
 .rel.iplt      0x0000000008003eb0        0x0 c:/ides/st/stm32cubeide_1.2.0/stm32cubeide/plugins/com.st.stm32cube.ide.mcu.externaltools.gnu-tools-for-stm32.7-2018-q2-update.win32_1.0.0.201904181610/tools/bin/../lib/gcc/arm-none-eabi/7.3.1/thumb/v6-m/crtbegin.o

.ARM.extab      0x0000000008003eb0        0x0
                0x0000000008003eb0                . = ALIGN (0x4)
 *(.ARM.extab* .gnu.linkonce.armextab.*)
                0x0000000008003eb0                . = ALIGN (0x4)

.ARM            0x0000000008003eb0        0x0
                0x0000000008003eb0                . = ALIGN (0x4)
                0x0000000008003eb0                __exidx_start = .
 *(.ARM.exidx*)
                0x0000000008003eb0                __exidx_end = .
                0x0000000008003eb0                . = ALIGN (0x4)

.preinit_array  0x0000000008003eb0        0x0
                0x0000000008003eb0                . = ALIGN (0x4)
                0x0000000008003eb0                PROVIDE (__preinit_array_start = .)
 *(.preinit_array*)
                0x0000000008003eb0                PROVIDE (__preinit_array_end = .)
                0x0000000008003eb0                . = ALIGN (0x4)

.init_array     0x0000000008003eb0        0x8
                0x0000000008003eb0                . = ALIGN (0x4)
                0x0000000008003eb0                PROVIDE (__init_array_start = .)
 *(SORT_BY_NAME(.init_array.*))
 *(.init_array*)
 .init_array    0x0000000008003eb0        0x4 c:/ides/st/stm32cubeide_1.2.0/stm32cubeide/plugins/com.st.stm32cube.ide.mcu.externaltools.gnu-tools-for-stm32.7-2018-q2-update.win32_1.0.0.201904181610/tools/bin/../lib/gcc/arm-none-eabi/7.3.1/thumb/v6-m/crtbegin.o
 .init_array    0x0000000008003eb4        0x4 Core/subsystem-can-driver/subsystem-data-module.o
                0x0000000008003eb8                PROVIDE (__init_array_end = .)
                0x0000000008003eb8                . = ALIGN (0x4)

.fini_array     0x0000000008003eb8        0x4
                0x0000000008003eb8                . = ALIGN (0x4)
                [!provide]                        PROVIDE (__fini_array_start = .)
 *(SORT_BY_NAME(.fini_array.*))
 *(.fini_array*)
 .fini_array    0x0000000008003eb8        0x4 c:/ides/st/stm32cubeide_1.2.0/stm32cubeide/plugins/com.st.stm32cube.ide.mcu.externaltools.gnu-tools-for-stm32.7-2018-q2-update.win32_1.0.0.201904181610/tools/bin/../lib/gcc/arm-none-eabi/7.3.1/thumb/v6-m/crtbegin.o
                [!provide]                        PROVIDE (__fini_array_end = .)
                0x0000000008003ebc                . = ALIGN (0x4)
                0x0000000008003ebc                _sidata = LOADADDR (.data)

.data           0x0000000020000000       0x74 load address 0x0000000008003ebc
                0x0000000020000000                . = ALIGN (0x4)
                0x0000000020000000                _sdata = .
 *(.data)
 *(.data*)
 .data.SystemCoreClock
                0x0000000020000000        0x4 Core/Src/system_stm32f0xx.o
                0x0000000020000000                SystemCoreClock
 .data.uwTickPrio
                0x0000000020000004        0x4 Drivers/STM32F0xx_HAL_Driver/Src/stm32f0xx_hal.o
                0x0000000020000004                uwTickPrio
 .data.uwTickFreq
                0x0000000020000008        0x1 Drivers/STM32F0xx_HAL_Driver/Src/stm32f0xx_hal.o
                0x0000000020000008                uwTickFreq
 *fill*         0x0000000020000009        0x3 
 .data._ZN10__cxxabiv119__terminate_handlerE
                0x000000002000000c        0x4 c:/ides/st/stm32cubeide_1.2.0/stm32cubeide/plugins/com.st.stm32cube.ide.mcu.externaltools.gnu-tools-for-stm32.7-2018-q2-update.win32_1.0.0.201904181610/tools/bin/../lib/gcc/arm-none-eabi/7.3.1/../../../../arm-none-eabi/lib/thumb/v6-m\libstdc++_nano.a(eh_term_handler.o)
                0x000000002000000c                __cxxabiv1::__terminate_handler
 .data._impure_ptr
                0x0000000020000010        0x4 c:/ides/st/stm32cubeide_1.2.0/stm32cubeide/plugins/com.st.stm32cube.ide.mcu.externaltools.gnu-tools-for-stm32.7-2018-q2-update.win32_1.0.0.201904181610/tools/bin/../lib/gcc/arm-none-eabi/7.3.1/../../../../arm-none-eabi/lib/thumb/v6-m\libc_nano.a(lib_a-impure.o)
                0x0000000020000010                _impure_ptr
 .data.impure_data
                0x0000000020000014       0x60 c:/ides/st/stm32cubeide_1.2.0/stm32cubeide/plugins/com.st.stm32cube.ide.mcu.externaltools.gnu-tools-for-stm32.7-2018-q2-update.win32_1.0.0.201904181610/tools/bin/../lib/gcc/arm-none-eabi/7.3.1/../../../../arm-none-eabi/lib/thumb/v6-m\libc_nano.a(lib_a-impure.o)
                0x0000000020000074                . = ALIGN (0x4)
                0x0000000020000074                _edata = .

.igot.plt       0x0000000020000074        0x0 load address 0x0000000008003f30
 .igot.plt      0x0000000020000074        0x0 c:/ides/st/stm32cubeide_1.2.0/stm32cubeide/plugins/com.st.stm32cube.ide.mcu.externaltools.gnu-tools-for-stm32.7-2018-q2-update.win32_1.0.0.201904181610/tools/bin/../lib/gcc/arm-none-eabi/7.3.1/thumb/v6-m/crtbegin.o
                0x0000000020000074                . = ALIGN (0x4)

.bss            0x0000000020000074      0x184 load address 0x0000000008003f30
                0x0000000020000074                _sbss = .
                0x0000000020000074                __bss_start__ = _sbss
 *(.bss)
 .bss           0x0000000020000074       0x1c c:/ides/st/stm32cubeide_1.2.0/stm32cubeide/plugins/com.st.stm32cube.ide.mcu.externaltools.gnu-tools-for-stm32.7-2018-q2-update.win32_1.0.0.201904181610/tools/bin/../lib/gcc/arm-none-eabi/7.3.1/thumb/v6-m/crtbegin.o
 *(.bss*)
 .bss.hcan      0x0000000020000090       0x28 Core/Src/main.o
                0x0000000020000090                hcan
 .bss.hspi2     0x00000000200000b8       0x64 Core/Src/main.o
                0x00000000200000b8                hspi2
 .bss.htim2     0x000000002000011c       0x40 Core/Src/main.o
                0x000000002000011c                htim2
 .bss.htim3     0x000000002000015c       0x40 Core/Src/main.o
                0x000000002000015c                htim3
 .bss.auxPacket
                0x000000002000019c        0x8 Core/Src/main.o
                0x000000002000019c                auxPacket
 .bss._ZL14newCruiseInput
                0x00000000200001a4        0x1 Core/Src/main.o
 .bss._ZL8recharge
                0x00000000200001a5        0x1 Core/Src/main.o
 .bss._ZL12newCANPacket
                0x00000000200001a6        0x1 Core/Src/main.o
 .bss._ZL12cruiseActive
                0x00000000200001a7        0x1 Core/Src/main.o
 .bss._ZL16chargeTripActive
                0x00000000200001a8        0x1 Core/Src/main.o
 *fill*         0x00000000200001a9        0x3 
 .bss._ZL13tickPrecharge
                0x00000000200001ac        0x4 Core/Src/main.o
 .bss._ZL8tickCoil
                0x00000000200001b0        0x4 Core/Src/main.o
 .bss._ZN21SUBSYSTEM_DATA_MODULE13rxModulesTreeE
                0x00000000200001b4       0x38 Core/subsystem-can-driver/subsystem-data-module.o
                0x00000000200001b4                SUBSYSTEM_DATA_MODULE::rxModulesTree
 .bss._ZN21SUBSYSTEM_DATA_MODULE4hcanE
                0x00000000200001ec        0x4 Core/subsystem-can-driver/subsystem-data-module.o
                0x00000000200001ec                SUBSYSTEM_DATA_MODULE::hcan
 *(COMMON)
 COMMON         0x00000000200001f0        0x4 Drivers/STM32F0xx_HAL_Driver/Src/stm32f0xx_hal.o
                0x00000000200001f0                uwTick
 COMMON         0x00000000200001f4        0x4 c:/ides/st/stm32cubeide_1.2.0/stm32cubeide/plugins/com.st.stm32cube.ide.mcu.externaltools.gnu-tools-for-stm32.7-2018-q2-update.win32_1.0.0.201904181610/tools/bin/../lib/gcc/arm-none-eabi/7.3.1/../../../../arm-none-eabi/lib/thumb/v6-m\libc_nano.a(lib_a-reent.o)
                0x00000000200001f4                errno
                0x00000000200001f8                . = ALIGN (0x4)
                0x00000000200001f8                _ebss = .
                0x00000000200001f8                __bss_end__ = _ebss

._user_heap_stack
                0x00000000200001f8      0x600 load address 0x0000000008003f30
                0x00000000200001f8                . = ALIGN (0x8)
                0x00000000200001f8                PROVIDE (end = .)
                [!provide]                        PROVIDE (_end = .)
                0x00000000200003f8                . = (. + _Min_Heap_Size)
 *fill*         0x00000000200001f8      0x200 
                0x00000000200007f8                . = (. + _Min_Stack_Size)
 *fill*         0x00000000200003f8      0x400 
                0x00000000200007f8                . = ALIGN (0x8)

/DISCARD/
 libc.a(*)
 libm.a(*)
 libgcc.a(*)

.ARM.attributes
                0x0000000000000000       0x28
 *(.ARM.attributes)
 .ARM.attributes
                0x0000000000000000       0x1e c:/ides/st/stm32cubeide_1.2.0/stm32cubeide/plugins/com.st.stm32cube.ide.mcu.externaltools.gnu-tools-for-stm32.7-2018-q2-update.win32_1.0.0.201904181610/tools/bin/../lib/gcc/arm-none-eabi/7.3.1/thumb/v6-m/crti.o
 .ARM.attributes
                0x000000000000001e       0x2c c:/ides/st/stm32cubeide_1.2.0/stm32cubeide/plugins/com.st.stm32cube.ide.mcu.externaltools.gnu-tools-for-stm32.7-2018-q2-update.win32_1.0.0.201904181610/tools/bin/../lib/gcc/arm-none-eabi/7.3.1/thumb/v6-m/crtbegin.o
 .ARM.attributes
                0x000000000000004a       0x31 Core/Src/main.o
 .ARM.attributes
                0x000000000000007b       0x31 Core/Src/stm32f0xx_hal_msp.o
 .ARM.attributes
                0x00000000000000ac       0x31 Core/Src/stm32f0xx_it.o
 .ARM.attributes
                0x00000000000000dd       0x31 Core/Src/syscalls.o
 .ARM.attributes
                0x000000000000010e       0x31 Core/Src/system_stm32f0xx.o
 .ARM.attributes
                0x000000000000013f       0x21 Core/Startup/startup_stm32f072rbtx.o
 .ARM.attributes
                0x0000000000000160       0x31 Core/subsystem-can-driver/aux-data-module.o
 .ARM.attributes
                0x0000000000000191       0x31 Core/subsystem-can-driver/subsystem-data-module.o
 .ARM.attributes
                0x00000000000001c2       0x31 Core/subsystem-can-driver/helper-code/rx-module-binary-tree.o
 .ARM.attributes
                0x00000000000001f3       0x31 Drivers/STM32F0xx_HAL_Driver/Src/stm32f0xx_hal.o
 .ARM.attributes
                0x0000000000000224       0x31 Drivers/STM32F0xx_HAL_Driver/Src/stm32f0xx_hal_can.o
 .ARM.attributes
                0x0000000000000255       0x31 Drivers/STM32F0xx_HAL_Driver/Src/stm32f0xx_hal_cortex.o
 .ARM.attributes
                0x0000000000000286       0x31 Drivers/STM32F0xx_HAL_Driver/Src/stm32f0xx_hal_gpio.o
 .ARM.attributes
                0x00000000000002b7       0x31 Drivers/STM32F0xx_HAL_Driver/Src/stm32f0xx_hal_rcc.o
 .ARM.attributes
                0x00000000000002e8       0x31 Drivers/STM32F0xx_HAL_Driver/Src/stm32f0xx_hal_spi.o
 .ARM.attributes
                0x0000000000000319       0x31 Drivers/STM32F0xx_HAL_Driver/Src/stm32f0xx_hal_tim.o
 .ARM.attributes
                0x000000000000034a       0x31 Drivers/STM32F0xx_HAL_Driver/Src/stm32f0xx_hal_tim_ex.o
 .ARM.attributes
                0x000000000000037b       0x2c c:/ides/st/stm32cubeide_1.2.0/stm32cubeide/plugins/com.st.stm32cube.ide.mcu.externaltools.gnu-tools-for-stm32.7-2018-q2-update.win32_1.0.0.201904181610/tools/bin/../lib/gcc/arm-none-eabi/7.3.1/../../../../arm-none-eabi/lib/thumb/v6-m\libstdc++_nano.a(pure.o)
 .ARM.attributes
                0x00000000000003a7       0x2c c:/ides/st/stm32cubeide_1.2.0/stm32cubeide/plugins/com.st.stm32cube.ide.mcu.externaltools.gnu-tools-for-stm32.7-2018-q2-update.win32_1.0.0.201904181610/tools/bin/../lib/gcc/arm-none-eabi/7.3.1/../../../../arm-none-eabi/lib/thumb/v6-m\libstdc++_nano.a(eh_terminate.o)
 .ARM.attributes
                0x00000000000003d3       0x2c c:/ides/st/stm32cubeide_1.2.0/stm32cubeide/plugins/com.st.stm32cube.ide.mcu.externaltools.gnu-tools-for-stm32.7-2018-q2-update.win32_1.0.0.201904181610/tools/bin/../lib/gcc/arm-none-eabi/7.3.1/../../../../arm-none-eabi/lib/thumb/v6-m\libstdc++_nano.a(eh_term_handler.o)
 .ARM.attributes
                0x00000000000003ff       0x2c c:/ides/st/stm32cubeide_1.2.0/stm32cubeide/plugins/com.st.stm32cube.ide.mcu.externaltools.gnu-tools-for-stm32.7-2018-q2-update.win32_1.0.0.201904181610/tools/bin/../lib/gcc/arm-none-eabi/7.3.1/../../../../arm-none-eabi/lib/thumb/v6-m\libc_nano.a(lib_a-abort.o)
 .ARM.attributes
                0x000000000000042b       0x2c c:/ides/st/stm32cubeide_1.2.0/stm32cubeide/plugins/com.st.stm32cube.ide.mcu.externaltools.gnu-tools-for-stm32.7-2018-q2-update.win32_1.0.0.201904181610/tools/bin/../lib/gcc/arm-none-eabi/7.3.1/../../../../arm-none-eabi/lib/thumb/v6-m\libc_nano.a(lib_a-errno.o)
 .ARM.attributes
                0x0000000000000457       0x2c c:/ides/st/stm32cubeide_1.2.0/stm32cubeide/plugins/com.st.stm32cube.ide.mcu.externaltools.gnu-tools-for-stm32.7-2018-q2-update.win32_1.0.0.201904181610/tools/bin/../lib/gcc/arm-none-eabi/7.3.1/../../../../arm-none-eabi/lib/thumb/v6-m\libc_nano.a(lib_a-impure.o)
 .ARM.attributes
                0x0000000000000483       0x2c c:/ides/st/stm32cubeide_1.2.0/stm32cubeide/plugins/com.st.stm32cube.ide.mcu.externaltools.gnu-tools-for-stm32.7-2018-q2-update.win32_1.0.0.201904181610/tools/bin/../lib/gcc/arm-none-eabi/7.3.1/../../../../arm-none-eabi/lib/thumb/v6-m\libc_nano.a(lib_a-init.o)
 .ARM.attributes
                0x00000000000004af       0x2c c:/ides/st/stm32cubeide_1.2.0/stm32cubeide/plugins/com.st.stm32cube.ide.mcu.externaltools.gnu-tools-for-stm32.7-2018-q2-update.win32_1.0.0.201904181610/tools/bin/../lib/gcc/arm-none-eabi/7.3.1/../../../../arm-none-eabi/lib/thumb/v6-m\libc_nano.a(lib_a-memcpy-stub.o)
 .ARM.attributes
                0x00000000000004db       0x2c c:/ides/st/stm32cubeide_1.2.0/stm32cubeide/plugins/com.st.stm32cube.ide.mcu.externaltools.gnu-tools-for-stm32.7-2018-q2-update.win32_1.0.0.201904181610/tools/bin/../lib/gcc/arm-none-eabi/7.3.1/../../../../arm-none-eabi/lib/thumb/v6-m\libc_nano.a(lib_a-memset.o)
 .ARM.attributes
                0x0000000000000507       0x2c c:/ides/st/stm32cubeide_1.2.0/stm32cubeide/plugins/com.st.stm32cube.ide.mcu.externaltools.gnu-tools-for-stm32.7-2018-q2-update.win32_1.0.0.201904181610/tools/bin/../lib/gcc/arm-none-eabi/7.3.1/../../../../arm-none-eabi/lib/thumb/v6-m\libc_nano.a(lib_a-signal.o)
 .ARM.attributes
                0x0000000000000533       0x2c c:/ides/st/stm32cubeide_1.2.0/stm32cubeide/plugins/com.st.stm32cube.ide.mcu.externaltools.gnu-tools-for-stm32.7-2018-q2-update.win32_1.0.0.201904181610/tools/bin/../lib/gcc/arm-none-eabi/7.3.1/../../../../arm-none-eabi/lib/thumb/v6-m\libc_nano.a(lib_a-signalr.o)
 .ARM.attributes
                0x000000000000055f       0x2c c:/ides/st/stm32cubeide_1.2.0/stm32cubeide/plugins/com.st.stm32cube.ide.mcu.externaltools.gnu-tools-for-stm32.7-2018-q2-update.win32_1.0.0.201904181610/tools/bin/../lib/gcc/arm-none-eabi/7.3.1/../../../../arm-none-eabi/lib/thumb/v6-m\libc_nano.a(lib_a-reent.o)
 .ARM.attributes
                0x000000000000058b       0x1e c:/ides/st/stm32cubeide_1.2.0/stm32cubeide/plugins/com.st.stm32cube.ide.mcu.externaltools.gnu-tools-for-stm32.7-2018-q2-update.win32_1.0.0.201904181610/tools/bin/../lib/gcc/arm-none-eabi/7.3.1/thumb/v6-m\libgcc.a(_udivsi3.o)
 .ARM.attributes
                0x00000000000005a9       0x1e c:/ides/st/stm32cubeide_1.2.0/stm32cubeide/plugins/com.st.stm32cube.ide.mcu.externaltools.gnu-tools-for-stm32.7-2018-q2-update.win32_1.0.0.201904181610/tools/bin/../lib/gcc/arm-none-eabi/7.3.1/thumb/v6-m\libgcc.a(_divsi3.o)
 .ARM.attributes
                0x00000000000005c7       0x1e c:/ides/st/stm32cubeide_1.2.0/stm32cubeide/plugins/com.st.stm32cube.ide.mcu.externaltools.gnu-tools-for-stm32.7-2018-q2-update.win32_1.0.0.201904181610/tools/bin/../lib/gcc/arm-none-eabi/7.3.1/thumb/v6-m\libgcc.a(_dvmd_tls.o)
 .ARM.attributes
                0x00000000000005e5       0x1e c:/ides/st/stm32cubeide_1.2.0/stm32cubeide/plugins/com.st.stm32cube.ide.mcu.externaltools.gnu-tools-for-stm32.7-2018-q2-update.win32_1.0.0.201904181610/tools/bin/../lib/gcc/arm-none-eabi/7.3.1/thumb/v6-m/crtn.o
OUTPUT(mcb_rev1.elf elf32-littlearm)

.debug_info     0x0000000000000000     0xe3c0
 .debug_info    0x0000000000000000     0x17be Core/Src/main.o
 .debug_info    0x00000000000017be     0x1093 Core/Src/stm32f0xx_hal_msp.o
 .debug_info    0x0000000000002851      0x683 Core/Src/stm32f0xx_it.o
 .debug_info    0x0000000000002ed4      0xebd Core/Src/syscalls.o
 .debug_info    0x0000000000003d91      0x29e Core/Src/system_stm32f0xx.o
 .debug_info    0x000000000000402f       0x22 Core/Startup/startup_stm32f072rbtx.o
 .debug_info    0x0000000000004051     0x1059 Core/subsystem-can-driver/aux-data-module.o
 .debug_info    0x00000000000050aa     0x1243 Core/subsystem-can-driver/subsystem-data-module.o
 .debug_info    0x00000000000062ed      0x8a3 Core/subsystem-can-driver/helper-code/rx-module-binary-tree.o
 .debug_info    0x0000000000006b90      0x6c0 Drivers/STM32F0xx_HAL_Driver/Src/stm32f0xx_hal.o
 .debug_info    0x0000000000007250      0xf1e Drivers/STM32F0xx_HAL_Driver/Src/stm32f0xx_hal_can.o
 .debug_info    0x000000000000816e      0x78c Drivers/STM32F0xx_HAL_Driver/Src/stm32f0xx_hal_cortex.o
 .debug_info    0x00000000000088fa      0x67a Drivers/STM32F0xx_HAL_Driver/Src/stm32f0xx_hal_gpio.o
 .debug_info    0x0000000000008f74      0x82d Drivers/STM32F0xx_HAL_Driver/Src/stm32f0xx_hal_rcc.o
 .debug_info    0x00000000000097a1     0x1603 Drivers/STM32F0xx_HAL_Driver/Src/stm32f0xx_hal_spi.o
 .debug_info    0x000000000000ada4     0x252c Drivers/STM32F0xx_HAL_Driver/Src/stm32f0xx_hal_tim.o
 .debug_info    0x000000000000d2d0     0x10f0 Drivers/STM32F0xx_HAL_Driver/Src/stm32f0xx_hal_tim_ex.o

.debug_abbrev   0x0000000000000000     0x2530
 .debug_abbrev  0x0000000000000000      0x374 Core/Src/main.o
 .debug_abbrev  0x0000000000000374      0x1d1 Core/Src/stm32f0xx_hal_msp.o
 .debug_abbrev  0x0000000000000545      0x15a Core/Src/stm32f0xx_it.o
 .debug_abbrev  0x000000000000069f      0x261 Core/Src/syscalls.o
 .debug_abbrev  0x0000000000000900      0x12b Core/Src/system_stm32f0xx.o
 .debug_abbrev  0x0000000000000a2b       0x12 Core/Startup/startup_stm32f072rbtx.o
 .debug_abbrev  0x0000000000000a3d      0x405 Core/subsystem-can-driver/aux-data-module.o
 .debug_abbrev  0x0000000000000e42      0x442 Core/subsystem-can-driver/subsystem-data-module.o
 .debug_abbrev  0x0000000000001284      0x276 Core/subsystem-can-driver/helper-code/rx-module-binary-tree.o
 .debug_abbrev  0x00000000000014fa      0x1c7 Drivers/STM32F0xx_HAL_Driver/Src/stm32f0xx_hal.o
 .debug_abbrev  0x00000000000016c1      0x1b7 Drivers/STM32F0xx_HAL_Driver/Src/stm32f0xx_hal_can.o
 .debug_abbrev  0x0000000000001878      0x273 Drivers/STM32F0xx_HAL_Driver/Src/stm32f0xx_hal_cortex.o
 .debug_abbrev  0x0000000000001aeb      0x1c0 Drivers/STM32F0xx_HAL_Driver/Src/stm32f0xx_hal_gpio.o
 .debug_abbrev  0x0000000000001cab      0x20f Drivers/STM32F0xx_HAL_Driver/Src/stm32f0xx_hal_rcc.o
 .debug_abbrev  0x0000000000001eba      0x228 Drivers/STM32F0xx_HAL_Driver/Src/stm32f0xx_hal_spi.o
 .debug_abbrev  0x00000000000020e2      0x230 Drivers/STM32F0xx_HAL_Driver/Src/stm32f0xx_hal_tim.o
 .debug_abbrev  0x0000000000002312      0x21e Drivers/STM32F0xx_HAL_Driver/Src/stm32f0xx_hal_tim_ex.o

.debug_aranges  0x0000000000000000      0xe10
 .debug_aranges
                0x0000000000000000       0x80 Core/Src/main.o
 .debug_aranges
                0x0000000000000080       0x50 Core/Src/stm32f0xx_hal_msp.o
 .debug_aranges
                0x00000000000000d0       0x58 Core/Src/stm32f0xx_it.o
 .debug_aranges
                0x0000000000000128       0xa8 Core/Src/syscalls.o
 .debug_aranges
                0x00000000000001d0       0x28 Core/Src/system_stm32f0xx.o
 .debug_aranges
                0x00000000000001f8       0x28 Core/Startup/startup_stm32f072rbtx.o
 .debug_aranges
                0x0000000000000220       0x40 Core/subsystem-can-driver/aux-data-module.o
 .debug_aranges
                0x0000000000000260       0xa8 Core/subsystem-can-driver/subsystem-data-module.o
 .debug_aranges
                0x0000000000000308       0x88 Core/subsystem-can-driver/helper-code/rx-module-binary-tree.o
 .debug_aranges
                0x0000000000000390       0xd0 Drivers/STM32F0xx_HAL_Driver/Src/stm32f0xx_hal.o
 .debug_aranges
                0x0000000000000460      0x138 Drivers/STM32F0xx_HAL_Driver/Src/stm32f0xx_hal_can.o
 .debug_aranges
                0x0000000000000598       0xc0 Drivers/STM32F0xx_HAL_Driver/Src/stm32f0xx_hal_cortex.o
 .debug_aranges
                0x0000000000000658       0x58 Drivers/STM32F0xx_HAL_Driver/Src/stm32f0xx_hal_gpio.o
 .debug_aranges
                0x00000000000006b0       0x80 Drivers/STM32F0xx_HAL_Driver/Src/stm32f0xx_hal_rcc.o
 .debug_aranges
                0x0000000000000730      0x1d8 Drivers/STM32F0xx_HAL_Driver/Src/stm32f0xx_hal_spi.o
 .debug_aranges
                0x0000000000000908      0x3b8 Drivers/STM32F0xx_HAL_Driver/Src/stm32f0xx_hal_tim.o
 .debug_aranges
                0x0000000000000cc0      0x150 Drivers/STM32F0xx_HAL_Driver/Src/stm32f0xx_hal_tim_ex.o

.debug_ranges   0x0000000000000000      0xd08
 .debug_ranges  0x0000000000000000       0x70 Core/Src/main.o
 .debug_ranges  0x0000000000000070       0x40 Core/Src/stm32f0xx_hal_msp.o
 .debug_ranges  0x00000000000000b0       0x48 Core/Src/stm32f0xx_it.o
 .debug_ranges  0x00000000000000f8       0x98 Core/Src/syscalls.o
 .debug_ranges  0x0000000000000190       0x18 Core/Src/system_stm32f0xx.o
 .debug_ranges  0x00000000000001a8       0x20 Core/Startup/startup_stm32f072rbtx.o
 .debug_ranges  0x00000000000001c8       0x30 Core/subsystem-can-driver/aux-data-module.o
 .debug_ranges  0x00000000000001f8       0x98 Core/subsystem-can-driver/subsystem-data-module.o
 .debug_ranges  0x0000000000000290       0x78 Core/subsystem-can-driver/helper-code/rx-module-binary-tree.o
 .debug_ranges  0x0000000000000308       0xc0 Drivers/STM32F0xx_HAL_Driver/Src/stm32f0xx_hal.o
 .debug_ranges  0x00000000000003c8      0x128 Drivers/STM32F0xx_HAL_Driver/Src/stm32f0xx_hal_can.o
 .debug_ranges  0x00000000000004f0       0xb0 Drivers/STM32F0xx_HAL_Driver/Src/stm32f0xx_hal_cortex.o
 .debug_ranges  0x00000000000005a0       0x48 Drivers/STM32F0xx_HAL_Driver/Src/stm32f0xx_hal_gpio.o
 .debug_ranges  0x00000000000005e8       0x70 Drivers/STM32F0xx_HAL_Driver/Src/stm32f0xx_hal_rcc.o
 .debug_ranges  0x0000000000000658      0x1c8 Drivers/STM32F0xx_HAL_Driver/Src/stm32f0xx_hal_spi.o
 .debug_ranges  0x0000000000000820      0x3a8 Drivers/STM32F0xx_HAL_Driver/Src/stm32f0xx_hal_tim.o
 .debug_ranges  0x0000000000000bc8      0x140 Drivers/STM32F0xx_HAL_Driver/Src/stm32f0xx_hal_tim_ex.o

.debug_macro    0x0000000000000000    0x18517
 .debug_macro   0x0000000000000000      0x212 Core/Src/main.o
 .debug_macro   0x0000000000000212      0xb1a Core/Src/main.o
 .debug_macro   0x0000000000000d2c      0x139 Core/Src/main.o
 .debug_macro   0x0000000000000e65       0x2e Core/Src/main.o
 .debug_macro   0x0000000000000e93       0x22 Core/Src/main.o
 .debug_macro   0x0000000000000eb5       0x1c Core/Src/main.o
 .debug_macro   0x0000000000000ed1       0x22 Core/Src/main.o
 .debug_macro   0x0000000000000ef3       0x8e Core/Src/main.o
 .debug_macro   0x0000000000000f81       0x51 Core/Src/main.o
 .debug_macro   0x0000000000000fd2       0xef Core/Src/main.o
 .debug_macro   0x00000000000010c1       0x6a Core/Src/main.o
 .debug_macro   0x000000000000112b      0x1df Core/Src/main.o
 .debug_macro   0x000000000000130a       0x1c Core/Src/main.o
 .debug_macro   0x0000000000001326       0x22 Core/Src/main.o
 .debug_macro   0x0000000000001348       0xb5 Core/Src/main.o
 .debug_macro   0x00000000000013fd      0x391 Core/Src/main.o
 .debug_macro   0x000000000000178e     0xfe50 Core/Src/main.o
 .debug_macro   0x00000000000115de       0x3c Core/Src/main.o
 .debug_macro   0x000000000001161a      0x17b Core/Src/main.o
 .debug_macro   0x0000000000011795       0x53 Core/Src/main.o
 .debug_macro   0x00000000000117e8      0x946 Core/Src/main.o
 .debug_macro   0x000000000001212e      0x5f3 Core/Src/main.o
 .debug_macro   0x0000000000012721      0x12f Core/Src/main.o
 .debug_macro   0x0000000000012850      0x1a7 Core/Src/main.o
 .debug_macro   0x00000000000129f7      0x1a7 Core/Src/main.o
 .debug_macro   0x0000000000012b9e      0x22c Core/Src/main.o
 .debug_macro   0x0000000000012dca       0x34 Core/Src/main.o
 .debug_macro   0x0000000000012dfe       0x43 Core/Src/main.o
 .debug_macro   0x0000000000012e41       0x28 Core/Src/main.o
 .debug_macro   0x0000000000012e69      0x408 Core/Src/main.o
 .debug_macro   0x0000000000013271       0xb0 Core/Src/main.o
 .debug_macro   0x0000000000013321      0x217 Core/Src/main.o
 .debug_macro   0x0000000000013538      0x22c Core/Src/main.o
 .debug_macro   0x0000000000013764       0x5f Core/Src/main.o
 .debug_macro   0x00000000000137c3       0xa5 Core/Src/main.o
 .debug_macro   0x0000000000013868       0x4c Core/Src/main.o
 .debug_macro   0x00000000000138b4      0x16d Core/Src/main.o
 .debug_macro   0x0000000000013a21      0x305 Core/Src/main.o
 .debug_macro   0x0000000000013d26      0x8ae Core/Src/main.o
 .debug_macro   0x00000000000145d4       0x28 Core/Src/main.o
 .debug_macro   0x00000000000145fc      0x130 Core/Src/main.o
 .debug_macro   0x000000000001472c       0x76 Core/Src/main.o
 .debug_macro   0x00000000000147a2      0x1d3 Core/Src/stm32f0xx_hal_msp.o
 .debug_macro   0x0000000000014975      0xa48 Core/Src/stm32f0xx_hal_msp.o
 .debug_macro   0x00000000000153bd      0x391 Core/Src/stm32f0xx_hal_msp.o
 .debug_macro   0x000000000001574e      0x174 Core/Src/stm32f0xx_hal_msp.o
 .debug_macro   0x00000000000158c2      0x1dd Core/Src/stm32f0xx_it.o
 .debug_macro   0x0000000000015a9f      0x243 Core/Src/syscalls.o
 .debug_macro   0x0000000000015ce2       0x40 Core/Src/syscalls.o
 .debug_macro   0x0000000000015d22       0x18 Core/Src/syscalls.o
 .debug_macro   0x0000000000015d3a       0x94 Core/Src/syscalls.o
 .debug_macro   0x0000000000015dce       0x3c Core/Src/syscalls.o
 .debug_macro   0x0000000000015e0a       0x34 Core/Src/syscalls.o
 .debug_macro   0x0000000000015e3e       0x57 Core/Src/syscalls.o
 .debug_macro   0x0000000000015e95      0x330 Core/Src/syscalls.o
 .debug_macro   0x00000000000161c5       0x52 Core/Src/syscalls.o
 .debug_macro   0x0000000000016217       0x1f Core/Src/syscalls.o
 .debug_macro   0x0000000000016236       0x43 Core/Src/syscalls.o
 .debug_macro   0x0000000000016279       0x20 Core/Src/syscalls.o
 .debug_macro   0x0000000000016299      0x1a3 Core/Src/syscalls.o
 .debug_macro   0x000000000001643c       0x10 Core/Src/syscalls.o
 .debug_macro   0x000000000001644c       0x35 Core/Src/syscalls.o
 .debug_macro   0x0000000000016481       0x10 Core/Src/syscalls.o
 .debug_macro   0x0000000000016491       0x10 Core/Src/syscalls.o
 .debug_macro   0x00000000000164a1       0x10 Core/Src/syscalls.o
 .debug_macro   0x00000000000164b1       0x1c Core/Src/syscalls.o
 .debug_macro   0x00000000000164cd       0x52 Core/Src/syscalls.o
 .debug_macro   0x000000000001651f       0x40 Core/Src/syscalls.o
 .debug_macro   0x000000000001655f       0x10 Core/Src/syscalls.o
 .debug_macro   0x000000000001656f       0x40 Core/Src/syscalls.o
 .debug_macro   0x00000000000165af       0xd7 Core/Src/syscalls.o
 .debug_macro   0x0000000000016686       0x1c Core/Src/syscalls.o
 .debug_macro   0x00000000000166a2       0x3d Core/Src/syscalls.o
 .debug_macro   0x00000000000166df       0x35 Core/Src/syscalls.o
 .debug_macro   0x0000000000016714      0x122 Core/Src/syscalls.o
 .debug_macro   0x0000000000016836       0x16 Core/Src/syscalls.o
 .debug_macro   0x000000000001684c       0x16 Core/Src/syscalls.o
 .debug_macro   0x0000000000016862       0x29 Core/Src/syscalls.o
 .debug_macro   0x000000000001688b       0x10 Core/Src/syscalls.o
 .debug_macro   0x000000000001689b      0x241 Core/Src/syscalls.o
 .debug_macro   0x0000000000016adc       0x1c Core/Src/syscalls.o
 .debug_macro   0x0000000000016af8       0x10 Core/Src/syscalls.o
 .debug_macro   0x0000000000016b08       0x10 Core/Src/syscalls.o
 .debug_macro   0x0000000000016b18       0x16 Core/Src/syscalls.o
 .debug_macro   0x0000000000016b2e      0x145 Core/Src/syscalls.o
 .debug_macro   0x0000000000016c73      0x189 Core/Src/syscalls.o
 .debug_macro   0x0000000000016dfc       0x16 Core/Src/syscalls.o
 .debug_macro   0x0000000000016e12       0x88 Core/Src/syscalls.o
 .debug_macro   0x0000000000016e9a      0x1c4 Core/Src/system_stm32f0xx.o
 .debug_macro   0x000000000001705e      0x20e Core/subsystem-can-driver/aux-data-module.o
 .debug_macro   0x000000000001726c      0x204 Core/subsystem-can-driver/subsystem-data-module.o
 .debug_macro   0x0000000000017470      0x208 Core/subsystem-can-driver/helper-code/rx-module-binary-tree.o
 .debug_macro   0x0000000000017678      0x1e8 Drivers/STM32F0xx_HAL_Driver/Src/stm32f0xx_hal.o
 .debug_macro   0x0000000000017860      0x1cc Drivers/STM32F0xx_HAL_Driver/Src/stm32f0xx_hal_can.o
 .debug_macro   0x0000000000017a2c      0x1c4 Drivers/STM32F0xx_HAL_Driver/Src/stm32f0xx_hal_cortex.o
 .debug_macro   0x0000000000017bf0      0x1fc Drivers/STM32F0xx_HAL_Driver/Src/stm32f0xx_hal_gpio.o
 .debug_macro   0x0000000000017dec      0x1d6 Drivers/STM32F0xx_HAL_Driver/Src/stm32f0xx_hal_rcc.o
 .debug_macro   0x0000000000017fc2      0x1cc Drivers/STM32F0xx_HAL_Driver/Src/stm32f0xx_hal_spi.o
 .debug_macro   0x000000000001818e      0x1c5 Drivers/STM32F0xx_HAL_Driver/Src/stm32f0xx_hal_tim.o
 .debug_macro   0x0000000000018353      0x1c4 Drivers/STM32F0xx_HAL_Driver/Src/stm32f0xx_hal_tim_ex.o

.debug_line     0x0000000000000000     0xa95f
 .debug_line    0x0000000000000000      0x9f2 Core/Src/main.o
 .debug_line    0x00000000000009f2      0x75d Core/Src/stm32f0xx_hal_msp.o
 .debug_line    0x000000000000114f      0x74f Core/Src/stm32f0xx_it.o
 .debug_line    0x000000000000189e      0x75b Core/Src/syscalls.o
 .debug_line    0x0000000000001ff9      0x6e8 Core/Src/system_stm32f0xx.o
 .debug_line    0x00000000000026e1       0x89 Core/Startup/startup_stm32f072rbtx.o
 .debug_line    0x000000000000276a      0x815 Core/subsystem-can-driver/aux-data-module.o
 .debug_line    0x0000000000002f7f      0x97d Core/subsystem-can-driver/subsystem-data-module.o
 .debug_line    0x00000000000038fc      0x972 Core/subsystem-can-driver/helper-code/rx-module-binary-tree.o
 .debug_line    0x000000000000426e      0x87b Drivers/STM32F0xx_HAL_Driver/Src/stm32f0xx_hal.o
 .debug_line    0x0000000000004ae9      0xb62 Drivers/STM32F0xx_HAL_Driver/Src/stm32f0xx_hal_can.o
 .debug_line    0x000000000000564b      0x893 Drivers/STM32F0xx_HAL_Driver/Src/stm32f0xx_hal_cortex.o
 .debug_line    0x0000000000005ede      0x855 Drivers/STM32F0xx_HAL_Driver/Src/stm32f0xx_hal_gpio.o
 .debug_line    0x0000000000006733      0x968 Drivers/STM32F0xx_HAL_Driver/Src/stm32f0xx_hal_rcc.o
 .debug_line    0x000000000000709b     0x1150 Drivers/STM32F0xx_HAL_Driver/Src/stm32f0xx_hal_spi.o
 .debug_line    0x00000000000081eb     0x1aad Drivers/STM32F0xx_HAL_Driver/Src/stm32f0xx_hal_tim.o
 .debug_line    0x0000000000009c98      0xcc7 Drivers/STM32F0xx_HAL_Driver/Src/stm32f0xx_hal_tim_ex.o

.debug_str      0x0000000000000000    0x82520
 .debug_str     0x0000000000000000    0x79b61 Core/Src/main.o
                                      0x7a126 (size before relaxing)
 .debug_str     0x0000000000079b61      0x265 Core/Src/stm32f0xx_hal_msp.o
                                      0x792bd (size before relaxing)
 .debug_str     0x0000000000079dc6       0xa9 Core/Src/stm32f0xx_it.o
                                      0x78bb9 (size before relaxing)
 .debug_str     0x0000000000079e6f     0x5234 Core/Src/syscalls.o
                                       0x87fc (size before relaxing)
 .debug_str     0x000000000007f0a3       0x5f Core/Src/system_stm32f0xx.o
                                      0x7860f (size before relaxing)
 .debug_str     0x000000000007f102       0x36 Core/Startup/startup_stm32f072rbtx.o
                                         0x80 (size before relaxing)
 .debug_str     0x000000000007f138      0xaab Core/subsystem-can-driver/aux-data-module.o
                                      0x79e03 (size before relaxing)
 .debug_str     0x000000000007fbe3      0x2c1 Core/subsystem-can-driver/subsystem-data-module.o
                                      0x79c07 (size before relaxing)
 .debug_str     0x000000000007fea4       0x8d Core/subsystem-can-driver/helper-code/rx-module-binary-tree.o
                                      0x790cd (size before relaxing)
 .debug_str     0x000000000007ff31      0x385 Drivers/STM32F0xx_HAL_Driver/Src/stm32f0xx_hal.o
                                      0x78b7d (size before relaxing)
 .debug_str     0x00000000000802b6      0x42f Drivers/STM32F0xx_HAL_Driver/Src/stm32f0xx_hal_can.o
                                      0x78e00 (size before relaxing)
 .debug_str     0x00000000000806e5      0x1d1 Drivers/STM32F0xx_HAL_Driver/Src/stm32f0xx_hal_cortex.o
                                      0x78a31 (size before relaxing)
 .debug_str     0x00000000000808b6      0x1e5 Drivers/STM32F0xx_HAL_Driver/Src/stm32f0xx_hal_gpio.o
                                      0x788ab (size before relaxing)
 .debug_str     0x0000000000080a9b      0x249 Drivers/STM32F0xx_HAL_Driver/Src/stm32f0xx_hal_rcc.o
                                      0x78a24 (size before relaxing)
 .debug_str     0x0000000000080ce4      0x568 Drivers/STM32F0xx_HAL_Driver/Src/stm32f0xx_hal_spi.o
                                      0x78f48 (size before relaxing)
 .debug_str     0x000000000008124c      0xda5 Drivers/STM32F0xx_HAL_Driver/Src/stm32f0xx_hal_tim.o
                                      0x79808 (size before relaxing)
 .debug_str     0x0000000000081ff1      0x52f Drivers/STM32F0xx_HAL_Driver/Src/stm32f0xx_hal_tim_ex.o
                                      0x78fbc (size before relaxing)

.comment        0x0000000000000000       0x7b
 .comment       0x0000000000000000       0x7b Core/Src/main.o
                                         0x7c (size before relaxing)
 .comment       0x000000000000007b       0x7c Core/Src/stm32f0xx_hal_msp.o
 .comment       0x000000000000007b       0x7c Core/Src/stm32f0xx_it.o
 .comment       0x000000000000007b       0x7c Core/Src/syscalls.o
 .comment       0x000000000000007b       0x7c Core/Src/system_stm32f0xx.o
 .comment       0x000000000000007b       0x7c Core/subsystem-can-driver/aux-data-module.o
 .comment       0x000000000000007b       0x7c Core/subsystem-can-driver/subsystem-data-module.o
 .comment       0x000000000000007b       0x7c Core/subsystem-can-driver/helper-code/rx-module-binary-tree.o
 .comment       0x000000000000007b       0x7c Drivers/STM32F0xx_HAL_Driver/Src/stm32f0xx_hal.o
 .comment       0x000000000000007b       0x7c Drivers/STM32F0xx_HAL_Driver/Src/stm32f0xx_hal_can.o
 .comment       0x000000000000007b       0x7c Drivers/STM32F0xx_HAL_Driver/Src/stm32f0xx_hal_cortex.o
 .comment       0x000000000000007b       0x7c Drivers/STM32F0xx_HAL_Driver/Src/stm32f0xx_hal_gpio.o
 .comment       0x000000000000007b       0x7c Drivers/STM32F0xx_HAL_Driver/Src/stm32f0xx_hal_rcc.o
 .comment       0x000000000000007b       0x7c Drivers/STM32F0xx_HAL_Driver/Src/stm32f0xx_hal_spi.o
 .comment       0x000000000000007b       0x7c Drivers/STM32F0xx_HAL_Driver/Src/stm32f0xx_hal_tim.o
 .comment       0x000000000000007b       0x7c Drivers/STM32F0xx_HAL_Driver/Src/stm32f0xx_hal_tim_ex.o

.debug_frame    0x0000000000000000     0x3544
 .debug_frame   0x0000000000000000      0x1a4 Core/Src/main.o
 .debug_frame   0x00000000000001a4       0xf0 Core/Src/stm32f0xx_hal_msp.o
 .debug_frame   0x0000000000000294       0xf0 Core/Src/stm32f0xx_it.o
 .debug_frame   0x0000000000000384      0x244 Core/Src/syscalls.o
 .debug_frame   0x00000000000005c8       0x4c Core/Src/system_stm32f0xx.o
 .debug_frame   0x0000000000000614       0xb0 Core/subsystem-can-driver/aux-data-module.o
 .debug_frame   0x00000000000006c4      0x24c Core/subsystem-can-driver/subsystem-data-module.o
 .debug_frame   0x0000000000000910      0x1d0 Core/subsystem-can-driver/helper-code/rx-module-binary-tree.o
 .debug_frame   0x0000000000000ae0      0x2a4 Drivers/STM32F0xx_HAL_Driver/Src/stm32f0xx_hal.o
 .debug_frame   0x0000000000000d84      0x490 Drivers/STM32F0xx_HAL_Driver/Src/stm32f0xx_hal_can.o
 .debug_frame   0x0000000000001214      0x2a0 Drivers/STM32F0xx_HAL_Driver/Src/stm32f0xx_hal_cortex.o
 .debug_frame   0x00000000000014b4      0x110 Drivers/STM32F0xx_HAL_Driver/Src/stm32f0xx_hal_gpio.o
 .debug_frame   0x00000000000015c4      0x198 Drivers/STM32F0xx_HAL_Driver/Src/stm32f0xx_hal_rcc.o
 .debug_frame   0x000000000000175c      0x710 Drivers/STM32F0xx_HAL_Driver/Src/stm32f0xx_hal_spi.o
 .debug_frame   0x0000000000001e6c      0xe90 Drivers/STM32F0xx_HAL_Driver/Src/stm32f0xx_hal_tim.o
 .debug_frame   0x0000000000002cfc      0x4f0 Drivers/STM32F0xx_HAL_Driver/Src/stm32f0xx_hal_tim_ex.o
 .debug_frame   0x00000000000031ec       0x40 c:/ides/st/stm32cubeide_1.2.0/stm32cubeide/plugins/com.st.stm32cube.ide.mcu.externaltools.gnu-tools-for-stm32.7-2018-q2-update.win32_1.0.0.201904181610/tools/bin/../lib/gcc/arm-none-eabi/7.3.1/../../../../arm-none-eabi/lib/thumb/v6-m\libstdc++_nano.a(pure.o)
 .debug_frame   0x000000000000322c       0xb0 c:/ides/st/stm32cubeide_1.2.0/stm32cubeide/plugins/com.st.stm32cube.ide.mcu.externaltools.gnu-tools-for-stm32.7-2018-q2-update.win32_1.0.0.201904181610/tools/bin/../lib/gcc/arm-none-eabi/7.3.1/../../../../arm-none-eabi/lib/thumb/v6-m\libstdc++_nano.a(eh_terminate.o)
 .debug_frame   0x00000000000032dc       0x28 c:/ides/st/stm32cubeide_1.2.0/stm32cubeide/plugins/com.st.stm32cube.ide.mcu.externaltools.gnu-tools-for-stm32.7-2018-q2-update.win32_1.0.0.201904181610/tools/bin/../lib/gcc/arm-none-eabi/7.3.1/../../../../arm-none-eabi/lib/thumb/v6-m\libc_nano.a(lib_a-abort.o)
 .debug_frame   0x0000000000003304       0x20 c:/ides/st/stm32cubeide_1.2.0/stm32cubeide/plugins/com.st.stm32cube.ide.mcu.externaltools.gnu-tools-for-stm32.7-2018-q2-update.win32_1.0.0.201904181610/tools/bin/../lib/gcc/arm-none-eabi/7.3.1/../../../../arm-none-eabi/lib/thumb/v6-m\libc_nano.a(lib_a-errno.o)
 .debug_frame   0x0000000000003324       0x2c c:/ides/st/stm32cubeide_1.2.0/stm32cubeide/plugins/com.st.stm32cube.ide.mcu.externaltools.gnu-tools-for-stm32.7-2018-q2-update.win32_1.0.0.201904181610/tools/bin/../lib/gcc/arm-none-eabi/7.3.1/../../../../arm-none-eabi/lib/thumb/v6-m\libc_nano.a(lib_a-init.o)
 .debug_frame   0x0000000000003350       0x28 c:/ides/st/stm32cubeide_1.2.0/stm32cubeide/plugins/com.st.stm32cube.ide.mcu.externaltools.gnu-tools-for-stm32.7-2018-q2-update.win32_1.0.0.201904181610/tools/bin/../lib/gcc/arm-none-eabi/7.3.1/../../../../arm-none-eabi/lib/thumb/v6-m\libc_nano.a(lib_a-memcpy-stub.o)
 .debug_frame   0x0000000000003378       0x20 c:/ides/st/stm32cubeide_1.2.0/stm32cubeide/plugins/com.st.stm32cube.ide.mcu.externaltools.gnu-tools-for-stm32.7-2018-q2-update.win32_1.0.0.201904181610/tools/bin/../lib/gcc/arm-none-eabi/7.3.1/../../../../arm-none-eabi/lib/thumb/v6-m\libc_nano.a(lib_a-memset.o)
 .debug_frame   0x0000000000003398       0xe0 c:/ides/st/stm32cubeide_1.2.0/stm32cubeide/plugins/com.st.stm32cube.ide.mcu.externaltools.gnu-tools-for-stm32.7-2018-q2-update.win32_1.0.0.201904181610/tools/bin/../lib/gcc/arm-none-eabi/7.3.1/../../../../arm-none-eabi/lib/thumb/v6-m\libc_nano.a(lib_a-signal.o)
 .debug_frame   0x0000000000003478       0x44 c:/ides/st/stm32cubeide_1.2.0/stm32cubeide/plugins/com.st.stm32cube.ide.mcu.externaltools.gnu-tools-for-stm32.7-2018-q2-update.win32_1.0.0.201904181610/tools/bin/../lib/gcc/arm-none-eabi/7.3.1/../../../../arm-none-eabi/lib/thumb/v6-m\libc_nano.a(lib_a-signalr.o)
 .debug_frame   0x00000000000034bc       0x48 c:/ides/st/stm32cubeide_1.2.0/stm32cubeide/plugins/com.st.stm32cube.ide.mcu.externaltools.gnu-tools-for-stm32.7-2018-q2-update.win32_1.0.0.201904181610/tools/bin/../lib/gcc/arm-none-eabi/7.3.1/../../../../arm-none-eabi/lib/thumb/v6-m\libc_nano.a(lib_a-reent.o)
 .debug_frame   0x0000000000003504       0x20 c:/ides/st/stm32cubeide_1.2.0/stm32cubeide/plugins/com.st.stm32cube.ide.mcu.externaltools.gnu-tools-for-stm32.7-2018-q2-update.win32_1.0.0.201904181610/tools/bin/../lib/gcc/arm-none-eabi/7.3.1/thumb/v6-m\libgcc.a(_udivsi3.o)
 .debug_frame   0x0000000000003524       0x20 c:/ides/st/stm32cubeide_1.2.0/stm32cubeide/plugins/com.st.stm32cube.ide.mcu.externaltools.gnu-tools-for-stm32.7-2018-q2-update.win32_1.0.0.201904181610/tools/bin/../lib/gcc/arm-none-eabi/7.3.1/thumb/v6-m\libgcc.a(_divsi3.o)
