main.cpp:91:6:void HAL_TIM_PeriodElapsedCallback(TIM_HandleTypeDef*)	16	static
main.cpp:115:5:int main()	32	static
main.cpp:211:6:void SystemClock_Config()	88	static
main.cpp:247:13:void MX_TIM6_Init()	16	static
main.cpp:280:13:void MX_GPIO_Init()	48	static
main.cpp:345:6:void ReceiveAndSend(SUBSYSTEM_DATA_MODULE*)	32	static
main.cpp:400:6:void Error_Handler()	8	static
subsystem-data-module.hpp:177:13:CHILD_DATA SUBSYSTEM_DATA_MODULE_TEMPLATE_INTERFACE<CHILD_OBJ, CHILD_DATA>::GetOldestDataPacket(bool*) [with CHILD_OBJ = AUX_MESSAGE_0; CHILD_DATA = AUX_MESSAGE_0_DATA_PACKET]	48	static
helper-fifo.hpp:82:8:T* HELPER_FIFO<T, DEPTH, SIZE>::PopFront(bool*) [with T = unsigned char; short unsigned int DEPTH = 3; short unsigned int SIZE = 8]	24	static
main.cpp:407:1:void __static_initialization_and_destruction_0(int, int)	16	static
main.cpp:407:1:cpp)	8	static
