17:11:49 **** Clean-only build of configuration Debug for project mcb_rev2 ****
make -j12 clean 
rm -rf *
 
17:11:51 **** Build of configuration Debug for project mcb_rev2 ****
make -j12 all 
arm-none-eabi-gcc "../Drivers/STM32F0xx_HAL_Driver/Src/stm32f0xx_hal.c" -mcpu=cortex-m0 -std=gnu11 -g3 -DUSE_HAL_DRIVER -DSTM32F072xB -DDEBUG -c -I../Drivers/STM32F0xx_HAL_Driver/Inc -I../Drivers/CMSIS/Include -I../Core/Inc -I../Drivers/STM32F0xx_HAL_Driver/Inc/Legacy -I../Drivers/CMSIS/Device/ST/STM32F0xx/Include -O0 -ffunction-sections -fdata-sections -Wall -fstack-usage -MMD -MP -MF"Drivers/STM32F0xx_HAL_Driver/Src/stm32f0xx_hal.d" -MT"Drivers/STM32F0xx_HAL_Driver/Src/stm32f0xx_hal.o" --specs=nano.specs -mfloat-abi=soft -mthumb -o "Drivers/STM32F0xx_HAL_Driver/Src/stm32f0xx_hal.o"
arm-none-eabi-gcc "../Drivers/STM32F0xx_HAL_Driver/Src/stm32f0xx_hal_can.c" -mcpu=cortex-m0 -std=gnu11 -g3 -DUSE_HAL_DRIVER -DSTM32F072xB -DDEBUG -c -I../Drivers/STM32F0xx_HAL_Driver/Inc -I../Drivers/CMSIS/Include -I../Core/Inc -I../Drivers/STM32F0xx_HAL_Driver/Inc/Legacy -I../Drivers/CMSIS/Device/ST/STM32F0xx/Include -O0 -ffunction-sections -fdata-sections -Wall -fstack-usage -MMD -MP -MF"Drivers/STM32F0xx_HAL_Driver/Src/stm32f0xx_hal_can.d" -MT"Drivers/STM32F0xx_HAL_Driver/Src/stm32f0xx_hal_can.o" --specs=nano.specs -mfloat-abi=soft -mthumb -o "Drivers/STM32F0xx_HAL_Driver/Src/stm32f0xx_hal_can.o"
arm-none-eabi-gcc "../Drivers/STM32F0xx_HAL_Driver/Src/stm32f0xx_hal_cortex.c" -mcpu=cortex-m0 -std=gnu11 -g3 -DUSE_HAL_DRIVER -DSTM32F072xB -DDEBUG -c -I../Drivers/STM32F0xx_HAL_Driver/Inc -I../Drivers/CMSIS/Include -I../Core/Inc -I../Drivers/STM32F0xx_HAL_Driver/Inc/Legacy -I../Drivers/CMSIS/Device/ST/STM32F0xx/Include -O0 -ffunction-sections -fdata-sections -Wall -fstack-usage -MMD -MP -MF"Drivers/STM32F0xx_HAL_Driver/Src/stm32f0xx_hal_cortex.d" -MT"Drivers/STM32F0xx_HAL_Driver/Src/stm32f0xx_hal_cortex.o" --specs=nano.specs -mfloat-abi=soft -mthumb -o "Drivers/STM32F0xx_HAL_Driver/Src/stm32f0xx_hal_cortex.o"
arm-none-eabi-gcc "../Drivers/STM32F0xx_HAL_Driver/Src/stm32f0xx_hal_dma.c" -mcpu=cortex-m0 -std=gnu11 -g3 -DUSE_HAL_DRIVER -DSTM32F072xB -DDEBUG -c -I../Drivers/STM32F0xx_HAL_Driver/Inc -I../Drivers/CMSIS/Include -I../Core/Inc -I../Drivers/STM32F0xx_HAL_Driver/Inc/Legacy -I../Drivers/CMSIS/Device/ST/STM32F0xx/Include -O0 -ffunction-sections -fdata-sections -Wall -fstack-usage -MMD -MP -MF"Drivers/STM32F0xx_HAL_Driver/Src/stm32f0xx_hal_dma.d" -MT"Drivers/STM32F0xx_HAL_Driver/Src/stm32f0xx_hal_dma.o" --specs=nano.specs -mfloat-abi=soft -mthumb -o "Drivers/STM32F0xx_HAL_Driver/Src/stm32f0xx_hal_dma.o"
arm-none-eabi-gcc "../Drivers/STM32F0xx_HAL_Driver/Src/stm32f0xx_hal_exti.c" -mcpu=cortex-m0 -std=gnu11 -g3 -DUSE_HAL_DRIVER -DSTM32F072xB -DDEBUG -c -I../Drivers/STM32F0xx_HAL_Driver/Inc -I../Drivers/CMSIS/Include -I../Core/Inc -I../Drivers/STM32F0xx_HAL_Driver/Inc/Legacy -I../Drivers/CMSIS/Device/ST/STM32F0xx/Include -O0 -ffunction-sections -fdata-sections -Wall -fstack-usage -MMD -MP -MF"Drivers/STM32F0xx_HAL_Driver/Src/stm32f0xx_hal_exti.d" -MT"Drivers/STM32F0xx_HAL_Driver/Src/stm32f0xx_hal_exti.o" --specs=nano.specs -mfloat-abi=soft -mthumb -o "Drivers/STM32F0xx_HAL_Driver/Src/stm32f0xx_hal_exti.o"
arm-none-eabi-gcc "../Drivers/STM32F0xx_HAL_Driver/Src/stm32f0xx_hal_flash.c" -mcpu=cortex-m0 -std=gnu11 -g3 -DUSE_HAL_DRIVER -DSTM32F072xB -DDEBUG -c -I../Drivers/STM32F0xx_HAL_Driver/Inc -I../Drivers/CMSIS/Include -I../Core/Inc -I../Drivers/STM32F0xx_HAL_Driver/Inc/Legacy -I../Drivers/CMSIS/Device/ST/STM32F0xx/Include -O0 -ffunction-sections -fdata-sections -Wall -fstack-usage -MMD -MP -MF"Drivers/STM32F0xx_HAL_Driver/Src/stm32f0xx_hal_flash.d" -MT"Drivers/STM32F0xx_HAL_Driver/Src/stm32f0xx_hal_flash.o" --specs=nano.specs -mfloat-abi=soft -mthumb -o "Drivers/STM32F0xx_HAL_Driver/Src/stm32f0xx_hal_flash.o"
arm-none-eabi-gcc "../Drivers/STM32F0xx_HAL_Driver/Src/stm32f0xx_hal_flash_ex.c" -mcpu=cortex-m0 -std=gnu11 -g3 -DUSE_HAL_DRIVER -DSTM32F072xB -DDEBUG -c -I../Drivers/STM32F0xx_HAL_Driver/Inc -I../Drivers/CMSIS/Include -I../Core/Inc -I../Drivers/STM32F0xx_HAL_Driver/Inc/Legacy -I../Drivers/CMSIS/Device/ST/STM32F0xx/Include -O0 -ffunction-sections -fdata-sections -Wall -fstack-usage -MMD -MP -MF"Drivers/STM32F0xx_HAL_Driver/Src/stm32f0xx_hal_flash_ex.d" -MT"Drivers/STM32F0xx_HAL_Driver/Src/stm32f0xx_hal_flash_ex.o" --specs=nano.specs -mfloat-abi=soft -mthumb -o "Drivers/STM32F0xx_HAL_Driver/Src/stm32f0xx_hal_flash_ex.o"
arm-none-eabi-gcc "../Drivers/STM32F0xx_HAL_Driver/Src/stm32f0xx_hal_gpio.c" -mcpu=cortex-m0 -std=gnu11 -g3 -DUSE_HAL_DRIVER -DSTM32F072xB -DDEBUG -c -I../Drivers/STM32F0xx_HAL_Driver/Inc -I../Drivers/CMSIS/Include -I../Core/Inc -I../Drivers/STM32F0xx_HAL_Driver/Inc/Legacy -I../Drivers/CMSIS/Device/ST/STM32F0xx/Include -O0 -ffunction-sections -fdata-sections -Wall -fstack-usage -MMD -MP -MF"Drivers/STM32F0xx_HAL_Driver/Src/stm32f0xx_hal_gpio.d" -MT"Drivers/STM32F0xx_HAL_Driver/Src/stm32f0xx_hal_gpio.o" --specs=nano.specs -mfloat-abi=soft -mthumb -o "Drivers/STM32F0xx_HAL_Driver/Src/stm32f0xx_hal_gpio.o"
arm-none-eabi-gcc "../Drivers/STM32F0xx_HAL_Driver/Src/stm32f0xx_hal_i2c.c" -mcpu=cortex-m0 -std=gnu11 -g3 -DUSE_HAL_DRIVER -DSTM32F072xB -DDEBUG -c -I../Drivers/STM32F0xx_HAL_Driver/Inc -I../Drivers/CMSIS/Include -I../Core/Inc -I../Drivers/STM32F0xx_HAL_Driver/Inc/Legacy -I../Drivers/CMSIS/Device/ST/STM32F0xx/Include -O0 -ffunction-sections -fdata-sections -Wall -fstack-usage -MMD -MP -MF"Drivers/STM32F0xx_HAL_Driver/Src/stm32f0xx_hal_i2c.d" -MT"Drivers/STM32F0xx_HAL_Driver/Src/stm32f0xx_hal_i2c.o" --specs=nano.specs -mfloat-abi=soft -mthumb -o "Drivers/STM32F0xx_HAL_Driver/Src/stm32f0xx_hal_i2c.o"
arm-none-eabi-gcc "../Drivers/STM32F0xx_HAL_Driver/Src/stm32f0xx_hal_i2c_ex.c" -mcpu=cortex-m0 -std=gnu11 -g3 -DUSE_HAL_DRIVER -DSTM32F072xB -DDEBUG -c -I../Drivers/STM32F0xx_HAL_Driver/Inc -I../Drivers/CMSIS/Include -I../Core/Inc -I../Drivers/STM32F0xx_HAL_Driver/Inc/Legacy -I../Drivers/CMSIS/Device/ST/STM32F0xx/Include -O0 -ffunction-sections -fdata-sections -Wall -fstack-usage -MMD -MP -MF"Drivers/STM32F0xx_HAL_Driver/Src/stm32f0xx_hal_i2c_ex.d" -MT"Drivers/STM32F0xx_HAL_Driver/Src/stm32f0xx_hal_i2c_ex.o" --specs=nano.specs -mfloat-abi=soft -mthumb -o "Drivers/STM32F0xx_HAL_Driver/Src/stm32f0xx_hal_i2c_ex.o"
arm-none-eabi-gcc "../Drivers/STM32F0xx_HAL_Driver/Src/stm32f0xx_hal_pwr.c" -mcpu=cortex-m0 -std=gnu11 -g3 -DUSE_HAL_DRIVER -DSTM32F072xB -DDEBUG -c -I../Drivers/STM32F0xx_HAL_Driver/Inc -I../Drivers/CMSIS/Include -I../Core/Inc -I../Drivers/STM32F0xx_HAL_Driver/Inc/Legacy -I../Drivers/CMSIS/Device/ST/STM32F0xx/Include -O0 -ffunction-sections -fdata-sections -Wall -fstack-usage -MMD -MP -MF"Drivers/STM32F0xx_HAL_Driver/Src/stm32f0xx_hal_pwr.d" -MT"Drivers/STM32F0xx_HAL_Driver/Src/stm32f0xx_hal_pwr.o" --specs=nano.specs -mfloat-abi=soft -mthumb -o "Drivers/STM32F0xx_HAL_Driver/Src/stm32f0xx_hal_pwr.o"
arm-none-eabi-gcc "../Drivers/STM32F0xx_HAL_Driver/Src/stm32f0xx_hal_pwr_ex.c" -mcpu=cortex-m0 -std=gnu11 -g3 -DUSE_HAL_DRIVER -DSTM32F072xB -DDEBUG -c -I../Drivers/STM32F0xx_HAL_Driver/Inc -I../Drivers/CMSIS/Include -I../Core/Inc -I../Drivers/STM32F0xx_HAL_Driver/Inc/Legacy -I../Drivers/CMSIS/Device/ST/STM32F0xx/Include -O0 -ffunction-sections -fdata-sections -Wall -fstack-usage -MMD -MP -MF"Drivers/STM32F0xx_HAL_Driver/Src/stm32f0xx_hal_pwr_ex.d" -MT"Drivers/STM32F0xx_HAL_Driver/Src/stm32f0xx_hal_pwr_ex.o" --specs=nano.specs -mfloat-abi=soft -mthumb -o "Drivers/STM32F0xx_HAL_Driver/Src/stm32f0xx_hal_pwr_ex.o"
arm-none-eabi-gcc "../Drivers/STM32F0xx_HAL_Driver/Src/stm32f0xx_hal_rcc.c" -mcpu=cortex-m0 -std=gnu11 -g3 -DUSE_HAL_DRIVER -DSTM32F072xB -DDEBUG -c -I../Drivers/STM32F0xx_HAL_Driver/Inc -I../Drivers/CMSIS/Include -I../Core/Inc -I../Drivers/STM32F0xx_HAL_Driver/Inc/Legacy -I../Drivers/CMSIS/Device/ST/STM32F0xx/Include -O0 -ffunction-sections -fdata-sections -Wall -fstack-usage -MMD -MP -MF"Drivers/STM32F0xx_HAL_Driver/Src/stm32f0xx_hal_rcc.d" -MT"Drivers/STM32F0xx_HAL_Driver/Src/stm32f0xx_hal_rcc.o" --specs=nano.specs -mfloat-abi=soft -mthumb -o "Drivers/STM32F0xx_HAL_Driver/Src/stm32f0xx_hal_rcc.o"
arm-none-eabi-gcc "../Drivers/STM32F0xx_HAL_Driver/Src/stm32f0xx_hal_rcc_ex.c" -mcpu=cortex-m0 -std=gnu11 -g3 -DUSE_HAL_DRIVER -DSTM32F072xB -DDEBUG -c -I../Drivers/STM32F0xx_HAL_Driver/Inc -I../Drivers/CMSIS/Include -I../Core/Inc -I../Drivers/STM32F0xx_HAL_Driver/Inc/Legacy -I../Drivers/CMSIS/Device/ST/STM32F0xx/Include -O0 -ffunction-sections -fdata-sections -Wall -fstack-usage -MMD -MP -MF"Drivers/STM32F0xx_HAL_Driver/Src/stm32f0xx_hal_rcc_ex.d" -MT"Drivers/STM32F0xx_HAL_Driver/Src/stm32f0xx_hal_rcc_ex.o" --specs=nano.specs -mfloat-abi=soft -mthumb -o "Drivers/STM32F0xx_HAL_Driver/Src/stm32f0xx_hal_rcc_ex.o"
arm-none-eabi-gcc "../Drivers/STM32F0xx_HAL_Driver/Src/stm32f0xx_hal_spi.c" -mcpu=cortex-m0 -std=gnu11 -g3 -DUSE_HAL_DRIVER -DSTM32F072xB -DDEBUG -c -I../Drivers/STM32F0xx_HAL_Driver/Inc -I../Drivers/CMSIS/Include -I../Core/Inc -I../Drivers/STM32F0xx_HAL_Driver/Inc/Legacy -I../Drivers/CMSIS/Device/ST/STM32F0xx/Include -O0 -ffunction-sections -fdata-sections -Wall -fstack-usage -MMD -MP -MF"Drivers/STM32F0xx_HAL_Driver/Src/stm32f0xx_hal_spi.d" -MT"Drivers/STM32F0xx_HAL_Driver/Src/stm32f0xx_hal_spi.o" --specs=nano.specs -mfloat-abi=soft -mthumb -o "Drivers/STM32F0xx_HAL_Driver/Src/stm32f0xx_hal_spi.o"
arm-none-eabi-gcc "../Drivers/STM32F0xx_HAL_Driver/Src/stm32f0xx_hal_spi_ex.c" -mcpu=cortex-m0 -std=gnu11 -g3 -DUSE_HAL_DRIVER -DSTM32F072xB -DDEBUG -c -I../Drivers/STM32F0xx_HAL_Driver/Inc -I../Drivers/CMSIS/Include -I../Core/Inc -I../Drivers/STM32F0xx_HAL_Driver/Inc/Legacy -I../Drivers/CMSIS/Device/ST/STM32F0xx/Include -O0 -ffunction-sections -fdata-sections -Wall -fstack-usage -MMD -MP -MF"Drivers/STM32F0xx_HAL_Driver/Src/stm32f0xx_hal_spi_ex.d" -MT"Drivers/STM32F0xx_HAL_Driver/Src/stm32f0xx_hal_spi_ex.o" --specs=nano.specs -mfloat-abi=soft -mthumb -o "Drivers/STM32F0xx_HAL_Driver/Src/stm32f0xx_hal_spi_ex.o"
arm-none-eabi-gcc "../Drivers/STM32F0xx_HAL_Driver/Src/stm32f0xx_hal_tim.c" -mcpu=cortex-m0 -std=gnu11 -g3 -DUSE_HAL_DRIVER -DSTM32F072xB -DDEBUG -c -I../Drivers/STM32F0xx_HAL_Driver/Inc -I../Drivers/CMSIS/Include -I../Core/Inc -I../Drivers/STM32F0xx_HAL_Driver/Inc/Legacy -I../Drivers/CMSIS/Device/ST/STM32F0xx/Include -O0 -ffunction-sections -fdata-sections -Wall -fstack-usage -MMD -MP -MF"Drivers/STM32F0xx_HAL_Driver/Src/stm32f0xx_hal_tim.d" -MT"Drivers/STM32F0xx_HAL_Driver/Src/stm32f0xx_hal_tim.o" --specs=nano.specs -mfloat-abi=soft -mthumb -o "Drivers/STM32F0xx_HAL_Driver/Src/stm32f0xx_hal_tim.o"
arm-none-eabi-gcc "../Drivers/STM32F0xx_HAL_Driver/Src/stm32f0xx_hal_tim_ex.c" -mcpu=cortex-m0 -std=gnu11 -g3 -DUSE_HAL_DRIVER -DSTM32F072xB -DDEBUG -c -I../Drivers/STM32F0xx_HAL_Driver/Inc -I../Drivers/CMSIS/Include -I../Core/Inc -I../Drivers/STM32F0xx_HAL_Driver/Inc/Legacy -I../Drivers/CMSIS/Device/ST/STM32F0xx/Include -O0 -ffunction-sections -fdata-sections -Wall -fstack-usage -MMD -MP -MF"Drivers/STM32F0xx_HAL_Driver/Src/stm32f0xx_hal_tim_ex.d" -MT"Drivers/STM32F0xx_HAL_Driver/Src/stm32f0xx_hal_tim_ex.o" --specs=nano.specs -mfloat-abi=soft -mthumb -o "Drivers/STM32F0xx_HAL_Driver/Src/stm32f0xx_hal_tim_ex.o"
arm-none-eabi-gcc -mcpu=cortex-m0 -g3 -c -x assembler-with-cpp --specs=nano.specs -mfloat-abi=soft -mthumb -o "Core/Startup/startup_stm32f072rbtx.o" "../Core/Startup/startup_stm32f072rbtx.s"
arm-none-eabi-g++ "../Core/Src/subsystem-can-driver/helper-code/rx-module-binary-tree.cpp" -mcpu=cortex-m0 -std=gnu++14 -g3 -DUSE_HAL_DRIVER -DSTM32F072xB -DDEBUG -c -I../Drivers/STM32F0xx_HAL_Driver/Inc -I../Drivers/CMSIS/Include -I../Core/Inc -I"C:/Users/Mark/Google Drive/Solar Gators/Auxiliary_2019-2020/mcb_rev2/Core/Src/subsystem-can-driver" -I../Drivers/STM32F0xx_HAL_Driver/Inc/Legacy -I../Drivers/CMSIS/Device/ST/STM32F0xx/Include -O0 -ffunction-sections -fdata-sections -fno-exceptions -fno-rtti -fno-threadsafe-statics -fno-use-cxa-atexit -Wall -fstack-usage -MMD -MP -MF"Core/Src/subsystem-can-driver/helper-code/rx-module-binary-tree.d" -MT"Core/Src/subsystem-can-driver/helper-code/rx-module-binary-tree.o" --specs=nano.specs -mfloat-abi=soft -mthumb -o "Core/Src/subsystem-can-driver/helper-code/rx-module-binary-tree.o"
arm-none-eabi-g++ "../Core/Src/subsystem-can-driver/aux-data-module.cpp" -mcpu=cortex-m0 -std=gnu++14 -g3 -DUSE_HAL_DRIVER -DSTM32F072xB -DDEBUG -c -I../Drivers/STM32F0xx_HAL_Driver/Inc -I../Drivers/CMSIS/Include -I../Core/Inc -I"C:/Users/Mark/Google Drive/Solar Gators/Auxiliary_2019-2020/mcb_rev2/Core/Src/subsystem-can-driver" -I../Drivers/STM32F0xx_HAL_Driver/Inc/Legacy -I../Drivers/CMSIS/Device/ST/STM32F0xx/Include -O0 -ffunction-sections -fdata-sections -fno-exceptions -fno-rtti -fno-threadsafe-statics -fno-use-cxa-atexit -Wall -fstack-usage -MMD -MP -MF"Core/Src/subsystem-can-driver/aux-data-module.d" -MT"Core/Src/subsystem-can-driver/aux-data-module.o" --specs=nano.specs -mfloat-abi=soft -mthumb -o "Core/Src/subsystem-can-driver/aux-data-module.o"
arm-none-eabi-g++ "../Core/Src/subsystem-can-driver/bms-data-module.cpp" -mcpu=cortex-m0 -std=gnu++14 -g3 -DUSE_HAL_DRIVER -DSTM32F072xB -DDEBUG -c -I../Drivers/STM32F0xx_HAL_Driver/Inc -I../Drivers/CMSIS/Include -I../Core/Inc -I"C:/Users/Mark/Google Drive/Solar Gators/Auxiliary_2019-2020/mcb_rev2/Core/Src/subsystem-can-driver" -I../Drivers/STM32F0xx_HAL_Driver/Inc/Legacy -I../Drivers/CMSIS/Device/ST/STM32F0xx/Include -O0 -ffunction-sections -fdata-sections -fno-exceptions -fno-rtti -fno-threadsafe-statics -fno-use-cxa-atexit -Wall -fstack-usage -MMD -MP -MF"Core/Src/subsystem-can-driver/bms-data-module.d" -MT"Core/Src/subsystem-can-driver/bms-data-module.o" --specs=nano.specs -mfloat-abi=soft -mthumb -o "Core/Src/subsystem-can-driver/bms-data-module.o"
arm-none-eabi-g++ "../Core/Src/subsystem-can-driver/mppt-data-module.cpp" -mcpu=cortex-m0 -std=gnu++14 -g3 -DUSE_HAL_DRIVER -DSTM32F072xB -DDEBUG -c -I../Drivers/STM32F0xx_HAL_Driver/Inc -I../Drivers/CMSIS/Include -I../Core/Inc -I"C:/Users/Mark/Google Drive/Solar Gators/Auxiliary_2019-2020/mcb_rev2/Core/Src/subsystem-can-driver" -I../Drivers/STM32F0xx_HAL_Driver/Inc/Legacy -I../Drivers/CMSIS/Device/ST/STM32F0xx/Include -O0 -ffunction-sections -fdata-sections -fno-exceptions -fno-rtti -fno-threadsafe-statics -fno-use-cxa-atexit -Wall -fstack-usage -MMD -MP -MF"Core/Src/subsystem-can-driver/mppt-data-module.d" -MT"Core/Src/subsystem-can-driver/mppt-data-module.o" --specs=nano.specs -mfloat-abi=soft -mthumb -o "Core/Src/subsystem-can-driver/mppt-data-module.o"
arm-none-eabi-g++ "../Core/Src/subsystem-can-driver/subsystem-data-module.cpp" -mcpu=cortex-m0 -std=gnu++14 -g3 -DUSE_HAL_DRIVER -DSTM32F072xB -DDEBUG -c -I../Drivers/STM32F0xx_HAL_Driver/Inc -I../Drivers/CMSIS/Include -I../Core/Inc -I"C:/Users/Mark/Google Drive/Solar Gators/Auxiliary_2019-2020/mcb_rev2/Core/Src/subsystem-can-driver" -I../Drivers/STM32F0xx_HAL_Driver/Inc/Legacy -I../Drivers/CMSIS/Device/ST/STM32F0xx/Include -O0 -ffunction-sections -fdata-sections -fno-exceptions -fno-rtti -fno-threadsafe-statics -fno-use-cxa-atexit -Wall -fstack-usage -MMD -MP -MF"Core/Src/subsystem-can-driver/subsystem-data-module.d" -MT"Core/Src/subsystem-can-driver/subsystem-data-module.o" --specs=nano.specs -mfloat-abi=soft -mthumb -o "Core/Src/subsystem-can-driver/subsystem-data-module.o"
arm-none-eabi-g++ "../Core/Src/main.cpp" -mcpu=cortex-m0 -std=gnu++14 -g3 -DUSE_HAL_DRIVER -DSTM32F072xB -DDEBUG -c -I../Drivers/STM32F0xx_HAL_Driver/Inc -I../Drivers/CMSIS/Include -I../Core/Inc -I"C:/Users/Mark/Google Drive/Solar Gators/Auxiliary_2019-2020/mcb_rev2/Core/Src/subsystem-can-driver" -I../Drivers/STM32F0xx_HAL_Driver/Inc/Legacy -I../Drivers/CMSIS/Device/ST/STM32F0xx/Include -O0 -ffunction-sections -fdata-sections -fno-exceptions -fno-rtti -fno-threadsafe-statics -fno-use-cxa-atexit -Wall -fstack-usage -MMD -MP -MF"Core/Src/main.d" -MT"Core/Src/main.o" --specs=nano.specs -mfloat-abi=soft -mthumb -o "Core/Src/main.o"
arm-none-eabi-gcc "../Core/Src/stm32f0xx_hal_msp.c" -mcpu=cortex-m0 -std=gnu11 -g3 -DUSE_HAL_DRIVER -DSTM32F072xB -DDEBUG -c -I../Drivers/STM32F0xx_HAL_Driver/Inc -I../Drivers/CMSIS/Include -I../Core/Inc -I../Drivers/STM32F0xx_HAL_Driver/Inc/Legacy -I../Drivers/CMSIS/Device/ST/STM32F0xx/Include -O0 -ffunction-sections -fdata-sections -Wall -fstack-usage -MMD -MP -MF"Core/Src/stm32f0xx_hal_msp.d" -MT"Core/Src/stm32f0xx_hal_msp.o" --specs=nano.specs -mfloat-abi=soft -mthumb -o "Core/Src/stm32f0xx_hal_msp.o"
arm-none-eabi-gcc "../Core/Src/stm32f0xx_it.c" -mcpu=cortex-m0 -std=gnu11 -g3 -DUSE_HAL_DRIVER -DSTM32F072xB -DDEBUG -c -I../Drivers/STM32F0xx_HAL_Driver/Inc -I../Drivers/CMSIS/Include -I../Core/Inc -I../Drivers/STM32F0xx_HAL_Driver/Inc/Legacy -I../Drivers/CMSIS/Device/ST/STM32F0xx/Include -O0 -ffunction-sections -fdata-sections -Wall -fstack-usage -MMD -MP -MF"Core/Src/stm32f0xx_it.d" -MT"Core/Src/stm32f0xx_it.o" --specs=nano.specs -mfloat-abi=soft -mthumb -o "Core/Src/stm32f0xx_it.o"
arm-none-eabi-gcc "../Core/Src/syscalls.c" -mcpu=cortex-m0 -std=gnu11 -g3 -DUSE_HAL_DRIVER -DSTM32F072xB -DDEBUG -c -I../Drivers/STM32F0xx_HAL_Driver/Inc -I../Drivers/CMSIS/Include -I../Core/Inc -I../Drivers/STM32F0xx_HAL_Driver/Inc/Legacy -I../Drivers/CMSIS/Device/ST/STM32F0xx/Include -O0 -ffunction-sections -fdata-sections -Wall -fstack-usage -MMD -MP -MF"Core/Src/syscalls.d" -MT"Core/Src/syscalls.o" --specs=nano.specs -mfloat-abi=soft -mthumb -o "Core/Src/syscalls.o"
arm-none-eabi-gcc "../Core/Src/sysmem.c" -mcpu=cortex-m0 -std=gnu11 -g3 -DUSE_HAL_DRIVER -DSTM32F072xB -DDEBUG -c -I../Drivers/STM32F0xx_HAL_Driver/Inc -I../Drivers/CMSIS/Include -I../Core/Inc -I../Drivers/STM32F0xx_HAL_Driver/Inc/Legacy -I../Drivers/CMSIS/Device/ST/STM32F0xx/Include -O0 -ffunction-sections -fdata-sections -Wall -fstack-usage -MMD -MP -MF"Core/Src/sysmem.d" -MT"Core/Src/sysmem.o" --specs=nano.specs -mfloat-abi=soft -mthumb -o "Core/Src/sysmem.o"
arm-none-eabi-gcc "../Core/Src/system_stm32f0xx.c" -mcpu=cortex-m0 -std=gnu11 -g3 -DUSE_HAL_DRIVER -DSTM32F072xB -DDEBUG -c -I../Drivers/STM32F0xx_HAL_Driver/Inc -I../Drivers/CMSIS/Include -I../Core/Inc -I../Drivers/STM32F0xx_HAL_Driver/Inc/Legacy -I../Drivers/CMSIS/Device/ST/STM32F0xx/Include -O0 -ffunction-sections -fdata-sections -Wall -fstack-usage -MMD -MP -MF"Core/Src/system_stm32f0xx.d" -MT"Core/Src/system_stm32f0xx.o" --specs=nano.specs -mfloat-abi=soft -mthumb -o "Core/Src/system_stm32f0xx.o"
arm-none-eabi-g++ -o "mcb_rev2.elf" @"objects.list"   -mcpu=cortex-m0 -T"C:\Users\Mark\Google Drive\Solar Gators\Auxiliary_2019-2020\mcb_rev2\STM32F072RBTX_FLASH.ld" --specs=nosys.specs -Wl,-Map="mcb_rev2.map" -Wl,--gc-sections -static --specs=nano.specs -mfloat-abi=soft -mthumb -Wl,--start-group -lc -lm -lstdc++ -lsupc++ -Wl,--end-group
Finished building target: mcb_rev2.elf
 
arm-none-eabi-size   mcb_rev2.elf 
arm-none-eabi-objdump -h -S  mcb_rev2.elf  > "mcb_rev2.list"
arm-none-eabi-objcopy  -O binary  mcb_rev2.elf  "mcb_rev2.bin"
   text	   data	    bss	    dec	    hex	filename
  17756	    132	   1924	  19812	   4d64	mcb_rev2.elf
Finished building: default.size.stdout
 
Finished building: mcb_rev2.bin
 
Finished building: mcb_rev2.list
 
17:12:02 **** Incremental Build of configuration Debug for project mcb_rev2 ****
make -j12 all 
arm-none-eabi-size   mcb_rev2.elf 
   text	   data	    bss	    dec	    hex	filename
  17756	    132	   1924	  19812	   4d64	mcb_rev2.elf
Finished building: default.size.stdout
 
17:12:18 **** Incremental Build of configuration Debug for project mcb_rev2 ****
make -j12 all 
arm-none-eabi-size   mcb_rev2.elf 
   text	   data	    bss	    dec	    hex	filename
  17756	    132	   1924	  19812	   4d64	mcb_rev2.elf
Finished building: default.size.stdout
 
17:12:32 **** Incremental Build of configuration Debug for project mcb_rev2 ****
make -j12 all 
arm-none-eabi-size   mcb_rev2.elf 
   text	   data	    bss	    dec	    hex	filename
  17756	    132	   1924	  19812	   4d64	mcb_rev2.elf
Finished building: default.size.stdout
 
17:13:22 **** Incremental Build of configuration Debug for project mcb_rev2 ****
make -j12 all 
arm-none-eabi-g++ "../Core/Src/main.cpp" -mcpu=cortex-m0 -std=gnu++14 -g3 -DUSE_HAL_DRIVER -DSTM32F072xB -DDEBUG -c -I../Drivers/STM32F0xx_HAL_Driver/Inc -I../Drivers/CMSIS/Include -I../Core/Inc -I"C:/Users/Mark/Google Drive/Solar Gators/Auxiliary_2019-2020/mcb_rev2/Core/Src/subsystem-can-driver" -I../Drivers/STM32F0xx_HAL_Driver/Inc/Legacy -I../Drivers/CMSIS/Device/ST/STM32F0xx/Include -O0 -ffunction-sections -fdata-sections -fno-exceptions -fno-rtti -fno-threadsafe-statics -fno-use-cxa-atexit -Wall -fstack-usage -MMD -MP -MF"Core/Src/main.d" -MT"Core/Src/main.o" --specs=nano.specs -mfloat-abi=soft -mthumb -o "Core/Src/main.o"
../Core/Src/main.cpp: In function 'int main()':
../Core/Src/main.cpp:118:11: warning: unused variable 'DAC_PowerOff' [-Wunused-variable]
   uint8_t DAC_PowerOff[3] = {0x40, 0x00, 0x00}; // Power off DAC
           ^~~~~~~~~~~~
arm-none-eabi-g++ -o "mcb_rev2.elf" @"objects.list"   -mcpu=cortex-m0 -T"C:\Users\Mark\Google Drive\Solar Gators\Auxiliary_2019-2020\mcb_rev2\STM32F072RBTX_FLASH.ld" --specs=nosys.specs -Wl,-Map="mcb_rev2.map" -Wl,--gc-sections -static --specs=nano.specs -mfloat-abi=soft -mthumb -Wl,--start-group -lc -lm -lstdc++ -lsupc++ -Wl,--end-group
Finished building target: mcb_rev2.elf
 
arm-none-eabi-objdump -h -S  mcb_rev2.elf  > "mcb_rev2.list"
arm-none-eabi-objcopy  -O binary  mcb_rev2.elf  "mcb_rev2.bin"
arm-none-eabi-size   mcb_rev2.elf 
   text	   data	    bss	    dec	    hex	filename
  17748	    132	   1924	  19804	   4d5c	mcb_rev2.elf
Finished building: default.size.stdout
 
Finished building: mcb_rev2.bin
 
Finished building: mcb_rev2.list
 
17:14:56 **** Incremental Build of configuration Debug for project mcb_rev2 ****
make -j12 all 
arm-none-eabi-g++ "../Core/Src/main.cpp" -mcpu=cortex-m0 -std=gnu++14 -g3 -DUSE_HAL_DRIVER -DSTM32F072xB -DDEBUG -c -I../Drivers/STM32F0xx_HAL_Driver/Inc -I../Drivers/CMSIS/Include -I../Core/Inc -I"C:/Users/Mark/Google Drive/Solar Gators/Auxiliary_2019-2020/mcb_rev2/Core/Src/subsystem-can-driver" -I../Drivers/STM32F0xx_HAL_Driver/Inc/Legacy -I../Drivers/CMSIS/Device/ST/STM32F0xx/Include -O0 -ffunction-sections -fdata-sections -fno-exceptions -fno-rtti -fno-threadsafe-statics -fno-use-cxa-atexit -Wall -fstack-usage -MMD -MP -MF"Core/Src/main.d" -MT"Core/Src/main.o" --specs=nano.specs -mfloat-abi=soft -mthumb -o "Core/Src/main.o"
../Core/Src/main.cpp: In function 'int main()':
../Core/Src/main.cpp:118:11: warning: unused variable 'DAC_PowerOff' [-Wunused-variable]
   uint8_t DAC_PowerOff[3] = {0x40, 0x00, 0x00}; // Power off DAC
           ^~~~~~~~~~~~
arm-none-eabi-g++ -o "mcb_rev2.elf" @"objects.list"   -mcpu=cortex-m0 -T"C:\Users\Mark\Google Drive\Solar Gators\Auxiliary_2019-2020\mcb_rev2\STM32F072RBTX_FLASH.ld" --specs=nosys.specs -Wl,-Map="mcb_rev2.map" -Wl,--gc-sections -static --specs=nano.specs -mfloat-abi=soft -mthumb -Wl,--start-group -lc -lm -lstdc++ -lsupc++ -Wl,--end-group
Finished building target: mcb_rev2.elf
 
arm-none-eabi-objdump -h -S  mcb_rev2.elf  > "mcb_rev2.list"
arm-none-eabi-objcopy  -O binary  mcb_rev2.elf  "mcb_rev2.bin"
arm-none-eabi-size   mcb_rev2.elf 
   text	   data	    bss	    dec	    hex	filename
  17756	    132	   1924	  19812	   4d64	mcb_rev2.elf
Finished building: default.size.stdout
 
Finished building: mcb_rev2.bin
 
Finished building: mcb_rev2.list
 
17:15:47 **** Incremental Build of configuration Debug for project mcb_rev2 ****
make -j12 all 
arm-none-eabi-g++ "../Core/Src/main.cpp" -mcpu=cortex-m0 -std=gnu++14 -g3 -DUSE_HAL_DRIVER -DSTM32F072xB -DDEBUG -c -I../Drivers/STM32F0xx_HAL_Driver/Inc -I../Drivers/CMSIS/Include -I../Core/Inc -I"C:/Users/Mark/Google Drive/Solar Gators/Auxiliary_2019-2020/mcb_rev2/Core/Src/subsystem-can-driver" -I../Drivers/STM32F0xx_HAL_Driver/Inc/Legacy -I../Drivers/CMSIS/Device/ST/STM32F0xx/Include -O0 -ffunction-sections -fdata-sections -fno-exceptions -fno-rtti -fno-threadsafe-statics -fno-use-cxa-atexit -Wall -fstack-usage -MMD -MP -MF"Core/Src/main.d" -MT"Core/Src/main.o" --specs=nano.specs -mfloat-abi=soft -mthumb -o "Core/Src/main.o"
../Core/Src/main.cpp: In function 'int main()':
../Core/Src/main.cpp:118:11: warning: unused variable 'DAC_PowerOff' [-Wunused-variable]
   uint8_t DAC_PowerOff[3] = {0x40, 0x00, 0x00}; // Power off DAC
           ^~~~~~~~~~~~
arm-none-eabi-g++ -o "mcb_rev2.elf" @"objects.list"   -mcpu=cortex-m0 -T"C:\Users\Mark\Google Drive\Solar Gators\Auxiliary_2019-2020\mcb_rev2\STM32F072RBTX_FLASH.ld" --specs=nosys.specs -Wl,-Map="mcb_rev2.map" -Wl,--gc-sections -static --specs=nano.specs -mfloat-abi=soft -mthumb -Wl,--start-group -lc -lm -lstdc++ -lsupc++ -Wl,--end-group
Finished building target: mcb_rev2.elf
 
arm-none-eabi-objdump -h -S  mcb_rev2.elf  > "mcb_rev2.list"
arm-none-eabi-objcopy  -O binary  mcb_rev2.elf  "mcb_rev2.bin"
arm-none-eabi-size   mcb_rev2.elf 
   text	   data	    bss	    dec	    hex	filename
  17756	    132	   1924	  19812	   4d64	mcb_rev2.elf
Finished building: default.size.stdout
 
Finished building: mcb_rev2.bin
 
Finished building: mcb_rev2.list
 
18:19:00 **** Incremental Build of configuration Debug for project mcb_rev2 ****
make -j12 all 
arm-none-eabi-size   mcb_rev2.elf 
   text	   data	    bss	    dec	    hex	filename
  17756	    132	   1924	  19812	   4d64	mcb_rev2.elf
Finished building: default.size.stdout
 
18:19:26 **** Incremental Build of configuration Debug for project mcb_rev2 ****
make -j12 all 
arm-none-eabi-size   mcb_rev2.elf 
   text	   data	    bss	    dec	    hex	filename
  17756	    132	   1924	  19812	   4d64	mcb_rev2.elf
Finished building: default.size.stdout
 
18:21:51 **** Incremental Build of configuration Debug for project mcb_rev2 ****
make -j12 all 
arm-none-eabi-size   mcb_rev2.elf 
   text	   data	    bss	    dec	    hex	filename
  17756	    132	   1924	  19812	   4d64	mcb_rev2.elf
Finished building: default.size.stdout
 
18:22:31 **** Incremental Build of configuration Debug for project mcb_rev2 ****
make -j12 all 
arm-none-eabi-g++ "../Core/Src/main.cpp" -mcpu=cortex-m0 -std=gnu++14 -g3 -DUSE_HAL_DRIVER -DSTM32F072xB -DDEBUG -c -I../Drivers/STM32F0xx_HAL_Driver/Inc -I../Drivers/CMSIS/Include -I../Core/Inc -I"C:/Users/Mark/Google Drive/Solar Gators/Auxiliary_2019-2020/mcb_rev2/Core/Src/subsystem-can-driver" -I../Drivers/STM32F0xx_HAL_Driver/Inc/Legacy -I../Drivers/CMSIS/Device/ST/STM32F0xx/Include -O0 -ffunction-sections -fdata-sections -fno-exceptions -fno-rtti -fno-threadsafe-statics -fno-use-cxa-atexit -Wall -fstack-usage -MMD -MP -MF"Core/Src/main.d" -MT"Core/Src/main.o" --specs=nano.specs -mfloat-abi=soft -mthumb -o "Core/Src/main.o"
arm-none-eabi-g++ -o "mcb_rev2.elf" @"objects.list"   -mcpu=cortex-m0 -T"C:\Users\Mark\Google Drive\Solar Gators\Auxiliary_2019-2020\mcb_rev2\STM32F072RBTX_FLASH.ld" --specs=nosys.specs -Wl,-Map="mcb_rev2.map" -Wl,--gc-sections -static --specs=nano.specs -mfloat-abi=soft -mthumb -Wl,--start-group -lc -lm -lstdc++ -lsupc++ -Wl,--end-group
Finished building target: mcb_rev2.elf
 
arm-none-eabi-objdump -h -S  mcb_rev2.elf  > "mcb_rev2.list"
arm-none-eabi-objcopy  -O binary  mcb_rev2.elf  "mcb_rev2.bin"
arm-none-eabi-size   mcb_rev2.elf 
   text	   data	    bss	    dec	    hex	filename
  17768	    132	   1924	  19824	   4d70	mcb_rev2.elf
Finished building: default.size.stdout
 
Finished building: mcb_rev2.bin
 
Finished building: mcb_rev2.list
 
19:13:59 **** Incremental Build of configuration Debug for project mcb_rev2 ****
make -j12 all 
arm-none-eabi-g++ "../Core/Src/main.cpp" -mcpu=cortex-m0 -std=gnu++14 -g3 -DUSE_HAL_DRIVER -DSTM32F072xB -DDEBUG -c -I../Drivers/STM32F0xx_HAL_Driver/Inc -I../Drivers/CMSIS/Include -I../Core/Inc -I"C:/Users/Mark/Google Drive/Solar Gators/Auxiliary_2019-2020/mcb_rev2/Core/Src/subsystem-can-driver" -I../Drivers/STM32F0xx_HAL_Driver/Inc/Legacy -I../Drivers/CMSIS/Device/ST/STM32F0xx/Include -O0 -ffunction-sections -fdata-sections -fno-exceptions -fno-rtti -fno-threadsafe-statics -fno-use-cxa-atexit -Wall -fstack-usage -MMD -MP -MF"Core/Src/main.d" -MT"Core/Src/main.o" --specs=nano.specs -mfloat-abi=soft -mthumb -o "Core/Src/main.o"
../Core/Src/main.cpp: In function 'int main()':
../Core/Src/main.cpp:234:44: error: invalid conversion from 'uint16_t {aka short unsigned int}' to 'uint16_t* {aka short unsigned int*}' [-fpermissive]
     DAC_SpliceWrite(cruiseDAC, 0x30, sine[i]);
                                      ~~~~~~^
../Core/Src/main.cpp:109:5: note:   initializing argument 3 of 'int DAC_SpliceWrite(slave_t, uint8_t, uint16_t*)'
 int DAC_SpliceWrite(slave_t slave, uint8_t command, uint16_t *data);
     ^~~~~~~~~~~~~~~
../Core/Src/main.cpp:127:18: warning: unused variable 'DAC_PowerOn' [-Wunused-variable]
   static uint8_t DAC_PowerOn[3] = {0x30, 0xFF, 0xF0}; // Power on DAC with max output
                  ^~~~~~~~~~~
../Core/Src/main.cpp:128:18: warning: unused variable 'DAC_PowerOff' [-Wunused-variable]
   static uint8_t DAC_PowerOff[3] = {0x40, 0x00, 0x00}; // Power off DAC
                  ^~~~~~~~~~~~
../Core/Src/main.cpp: At global scope:
../Core/Src/main.cpp:128:18: warning: 'DAC_PowerOff' defined but not used [-Wunused-variable]
../Core/Src/main.cpp:127:18: warning: 'DAC_PowerOn' defined but not used [-Wunused-variable]
   static uint8_t DAC_PowerOn[3] = {0x30, 0xFF, 0xF0}; // Power on DAC with max output
                  ^~~~~~~~~~~
make: *** [Core/Src/subdir.mk:37: Core/Src/main.o] Error 1
"make -j12 all" terminated with exit code 2. Build might be incomplete.
19:14:23 **** Incremental Build of configuration Debug for project mcb_rev2 ****
make -j12 all 
arm-none-eabi-g++ "../Core/Src/main.cpp" -mcpu=cortex-m0 -std=gnu++14 -g3 -DUSE_HAL_DRIVER -DSTM32F072xB -DDEBUG -c -I../Drivers/STM32F0xx_HAL_Driver/Inc -I../Drivers/CMSIS/Include -I../Core/Inc -I"C:/Users/Mark/Google Drive/Solar Gators/Auxiliary_2019-2020/mcb_rev2/Core/Src/subsystem-can-driver" -I../Drivers/STM32F0xx_HAL_Driver/Inc/Legacy -I../Drivers/CMSIS/Device/ST/STM32F0xx/Include -O0 -ffunction-sections -fdata-sections -fno-exceptions -fno-rtti -fno-threadsafe-statics -fno-use-cxa-atexit -Wall -fstack-usage -MMD -MP -MF"Core/Src/main.d" -MT"Core/Src/main.o" --specs=nano.specs -mfloat-abi=soft -mthumb -o "Core/Src/main.o"
../Core/Src/main.cpp: In function 'int main()':
../Core/Src/main.cpp:127:18: warning: unused variable 'DAC_PowerOn' [-Wunused-variable]
   static uint8_t DAC_PowerOn[3] = {0x30, 0xFF, 0xF0}; // Power on DAC with max output
                  ^~~~~~~~~~~
../Core/Src/main.cpp:128:18: warning: unused variable 'DAC_PowerOff' [-Wunused-variable]
   static uint8_t DAC_PowerOff[3] = {0x40, 0x00, 0x00}; // Power off DAC
                  ^~~~~~~~~~~~
../Core/Src/main.cpp: At global scope:
../Core/Src/main.cpp:128:18: warning: 'DAC_PowerOff' defined but not used [-Wunused-variable]
../Core/Src/main.cpp:127:18: warning: 'DAC_PowerOn' defined but not used [-Wunused-variable]
   static uint8_t DAC_PowerOn[3] = {0x30, 0xFF, 0xF0}; // Power on DAC with max output
                  ^~~~~~~~~~~
arm-none-eabi-g++ -o "mcb_rev2.elf" @"objects.list"   -mcpu=cortex-m0 -T"C:\Users\Mark\Google Drive\Solar Gators\Auxiliary_2019-2020\mcb_rev2\STM32F072RBTX_FLASH.ld" --specs=nosys.specs -Wl,-Map="mcb_rev2.map" -Wl,--gc-sections -static --specs=nano.specs -mfloat-abi=soft -mthumb -Wl,--start-group -lc -lm -lstdc++ -lsupc++ -Wl,--end-group
Finished building target: mcb_rev2.elf
 
arm-none-eabi-objdump -h -S  mcb_rev2.elf  > "mcb_rev2.list"
arm-none-eabi-objcopy  -O binary  mcb_rev2.elf  "mcb_rev2.bin"
arm-none-eabi-size   mcb_rev2.elf 
   text	   data	    bss	    dec	    hex	filename
  17824	    236	   1924	  19984	   4e10	mcb_rev2.elf
Finished building: default.size.stdout
 
Finished building: mcb_rev2.bin
 
Finished building: mcb_rev2.list
 
19:16:24 **** Incremental Build of configuration Debug for project mcb_rev2 ****
make -j12 all 
arm-none-eabi-size   mcb_rev2.elf 
   text	   data	    bss	    dec	    hex	filename
  17824	    236	   1924	  19984	   4e10	mcb_rev2.elf
Finished building: default.size.stdout
 
19:20:17 **** Incremental Build of configuration Debug for project mcb_rev2 ****
make -j12 all 
arm-none-eabi-size   mcb_rev2.elf 
   text	   data	    bss	    dec	    hex	filename
  17824	    236	   1924	  19984	   4e10	mcb_rev2.elf
Finished building: default.size.stdout
 
19:20:31 **** Incremental Build of configuration Debug for project mcb_rev2 ****
make -j12 all 
arm-none-eabi-size   mcb_rev2.elf 
   text	   data	    bss	    dec	    hex	filename
  17824	    236	   1924	  19984	   4e10	mcb_rev2.elf
Finished building: default.size.stdout
 
19:20:39 **** Incremental Build of configuration Debug for project mcb_rev2 ****
make -j12 all 
arm-none-eabi-size   mcb_rev2.elf 
   text	   data	    bss	    dec	    hex	filename
  17824	    236	   1924	  19984	   4e10	mcb_rev2.elf
Finished building: default.size.stdout
 
19:20:52 **** Incremental Build of configuration Debug for project mcb_rev2 ****
make -j12 all 
arm-none-eabi-size   mcb_rev2.elf 
   text	   data	    bss	    dec	    hex	filename
  17824	    236	   1924	  19984	   4e10	mcb_rev2.elf
Finished building: default.size.stdout
 
19:22:41 **** Incremental Build of configuration Debug for project mcb_rev2 ****
make -j12 all 
arm-none-eabi-g++ "../Core/Src/main.cpp" -mcpu=cortex-m0 -std=gnu++14 -g3 -DUSE_HAL_DRIVER -DSTM32F072xB -DDEBUG -c -I../Drivers/STM32F0xx_HAL_Driver/Inc -I../Drivers/CMSIS/Include -I../Core/Inc -I"C:/Users/Mark/Google Drive/Solar Gators/Auxiliary_2019-2020/mcb_rev2/Core/Src/subsystem-can-driver" -I../Drivers/STM32F0xx_HAL_Driver/Inc/Legacy -I../Drivers/CMSIS/Device/ST/STM32F0xx/Include -O0 -ffunction-sections -fdata-sections -fno-exceptions -fno-rtti -fno-threadsafe-statics -fno-use-cxa-atexit -Wall -fstack-usage -MMD -MP -MF"Core/Src/main.d" -MT"Core/Src/main.o" --specs=nano.specs -mfloat-abi=soft -mthumb -o "Core/Src/main.o"
../Core/Src/main.cpp: In function 'int main()':
../Core/Src/main.cpp:129:18: warning: unused variable 'DAC_PowerOn' [-Wunused-variable]
   static uint8_t DAC_PowerOn[3] = {0x30, 0xFF, 0xF0}; // Power on DAC with max output
                  ^~~~~~~~~~~
../Core/Src/main.cpp:130:18: warning: unused variable 'DAC_PowerOff' [-Wunused-variable]
   static uint8_t DAC_PowerOff[3] = {0x40, 0x00, 0x00}; // Power off DAC
                  ^~~~~~~~~~~~
../Core/Src/main.cpp: At global scope:
../Core/Src/main.cpp:130:18: warning: 'DAC_PowerOff' defined but not used [-Wunused-variable]
../Core/Src/main.cpp:129:18: warning: 'DAC_PowerOn' defined but not used [-Wunused-variable]
   static uint8_t DAC_PowerOn[3] = {0x30, 0xFF, 0xF0}; // Power on DAC with max output
                  ^~~~~~~~~~~
arm-none-eabi-g++ -o "mcb_rev2.elf" @"objects.list"   -mcpu=cortex-m0 -T"C:\Users\Mark\Google Drive\Solar Gators\Auxiliary_2019-2020\mcb_rev2\STM32F072RBTX_FLASH.ld" --specs=nosys.specs -Wl,-Map="mcb_rev2.map" -Wl,--gc-sections -static --specs=nano.specs -mfloat-abi=soft -mthumb -Wl,--start-group -lc -lm -lstdc++ -lsupc++ -Wl,--end-group
Finished building target: mcb_rev2.elf
 
arm-none-eabi-objdump -h -S  mcb_rev2.elf  > "mcb_rev2.list"
arm-none-eabi-objcopy  -O binary  mcb_rev2.elf  "mcb_rev2.bin"
arm-none-eabi-size   mcb_rev2.elf 
   text	   data	    bss	    dec	    hex	filename
  17824	    236	   1924	  19984	   4e10	mcb_rev2.elf
Finished building: default.size.stdout
 
Finished building: mcb_rev2.bin
 
Finished building: mcb_rev2.list
 
19:37:56 **** Incremental Build of configuration Debug for project mcb_rev2 ****
make -j12 all 
arm-none-eabi-g++ "../Core/Src/subsystem-can-driver/subsystem-data-module.cpp" -mcpu=cortex-m0 -std=gnu++14 -g3 -DUSE_HAL_DRIVER -DSTM32F072xB -DDEBUG -c -I../Drivers/STM32F0xx_HAL_Driver/Inc -I../Drivers/CMSIS/Include -I../Core/Inc -I"C:/Users/Mark/Google Drive/Solar Gators/Auxiliary_2019-2020/mcb_rev2/Core/Src/subsystem-can-driver" -I../Drivers/STM32F0xx_HAL_Driver/Inc/Legacy -I../Drivers/CMSIS/Device/ST/STM32F0xx/Include -O0 -ffunction-sections -fdata-sections -fno-exceptions -fno-rtti -fno-threadsafe-statics -fno-use-cxa-atexit -Wall -fstack-usage -MMD -MP -MF"Core/Src/subsystem-can-driver/subsystem-data-module.d" -MT"Core/Src/subsystem-can-driver/subsystem-data-module.o" --specs=nano.specs -mfloat-abi=soft -mthumb -o "Core/Src/subsystem-can-driver/subsystem-data-module.o"
arm-none-eabi-g++ "../Core/Src/main.cpp" -mcpu=cortex-m0 -std=gnu++14 -g3 -DUSE_HAL_DRIVER -DSTM32F072xB -DDEBUG -c -I../Drivers/STM32F0xx_HAL_Driver/Inc -I../Drivers/CMSIS/Include -I../Core/Inc -I"C:/Users/Mark/Google Drive/Solar Gators/Auxiliary_2019-2020/mcb_rev2/Core/Src/subsystem-can-driver" -I../Drivers/STM32F0xx_HAL_Driver/Inc/Legacy -I../Drivers/CMSIS/Device/ST/STM32F0xx/Include -O0 -ffunction-sections -fdata-sections -fno-exceptions -fno-rtti -fno-threadsafe-statics -fno-use-cxa-atexit -Wall -fstack-usage -MMD -MP -MF"Core/Src/main.d" -MT"Core/Src/main.o" --specs=nano.specs -mfloat-abi=soft -mthumb -o "Core/Src/main.o"
arm-none-eabi-g++ -o "mcb_rev2.elf" @"objects.list"   -mcpu=cortex-m0 -T"C:\Users\Mark\Google Drive\Solar Gators\Auxiliary_2019-2020\mcb_rev2\STM32F072RBTX_FLASH.ld" --specs=nosys.specs -Wl,-Map="mcb_rev2.map" -Wl,--gc-sections -static --specs=nano.specs -mfloat-abi=soft -mthumb -Wl,--start-group -lc -lm -lstdc++ -lsupc++ -Wl,--end-group
Finished building target: mcb_rev2.elf
 
arm-none-eabi-objdump -h -S  mcb_rev2.elf  > "mcb_rev2.list"
arm-none-eabi-objcopy  -O binary  mcb_rev2.elf  "mcb_rev2.bin"
arm-none-eabi-size   mcb_rev2.elf 
   text	   data	    bss	    dec	    hex	filename
  18100	    144	   1928	  20172	   4ecc	mcb_rev2.elf
Finished building: default.size.stdout
 
Finished building: mcb_rev2.bin
 
Finished building: mcb_rev2.list
 
19:39:19 **** Incremental Build of configuration Debug for project mcb_rev2 ****
make -j12 all 
arm-none-eabi-g++ "../Core/Src/main.cpp" -mcpu=cortex-m0 -std=gnu++14 -g3 -DUSE_HAL_DRIVER -DSTM32F072xB -DDEBUG -c -I../Drivers/STM32F0xx_HAL_Driver/Inc -I../Drivers/CMSIS/Include -I../Core/Inc -I"C:/Users/Mark/Google Drive/Solar Gators/Auxiliary_2019-2020/mcb_rev2/Core/Src/subsystem-can-driver" -I../Drivers/STM32F0xx_HAL_Driver/Inc/Legacy -I../Drivers/CMSIS/Device/ST/STM32F0xx/Include -O0 -ffunction-sections -fdata-sections -fno-exceptions -fno-rtti -fno-threadsafe-statics -fno-use-cxa-atexit -Wall -fstack-usage -MMD -MP -MF"Core/Src/main.d" -MT"Core/Src/main.o" --specs=nano.specs -mfloat-abi=soft -mthumb -o "Core/Src/main.o"
arm-none-eabi-g++ -o "mcb_rev2.elf" @"objects.list"   -mcpu=cortex-m0 -T"C:\Users\Mark\Google Drive\Solar Gators\Auxiliary_2019-2020\mcb_rev2\STM32F072RBTX_FLASH.ld" --specs=nosys.specs -Wl,-Map="mcb_rev2.map" -Wl,--gc-sections -static --specs=nano.specs -mfloat-abi=soft -mthumb -Wl,--start-group -lc -lm -lstdc++ -lsupc++ -Wl,--end-group
Finished building target: mcb_rev2.elf
 
arm-none-eabi-objdump -h -S  mcb_rev2.elf  > "mcb_rev2.list"
arm-none-eabi-objcopy  -O binary  mcb_rev2.elf  "mcb_rev2.bin"
arm-none-eabi-size   mcb_rev2.elf 
   text	   data	    bss	    dec	    hex	filename
  18100	    144	   1928	  20172	   4ecc	mcb_rev2.elf
Finished building: default.size.stdout
 
Finished building: mcb_rev2.bin
 
Finished building: mcb_rev2.list
 
19:43:17 **** Incremental Build of configuration Debug for project mcb_rev2 ****
make -j12 all 
arm-none-eabi-g++ "../Core/Src/main.cpp" -mcpu=cortex-m0 -std=gnu++14 -g3 -DUSE_HAL_DRIVER -DSTM32F072xB -DDEBUG -c -I../Drivers/STM32F0xx_HAL_Driver/Inc -I../Drivers/CMSIS/Include -I../Core/Inc -I"C:/Users/Mark/Google Drive/Solar Gators/Auxiliary_2019-2020/mcb_rev2/Core/Src/subsystem-can-driver" -I../Drivers/STM32F0xx_HAL_Driver/Inc/Legacy -I../Drivers/CMSIS/Device/ST/STM32F0xx/Include -O0 -ffunction-sections -fdata-sections -fno-exceptions -fno-rtti -fno-threadsafe-statics -fno-use-cxa-atexit -Wall -fstack-usage -MMD -MP -MF"Core/Src/main.d" -MT"Core/Src/main.o" --specs=nano.specs -mfloat-abi=soft -mthumb -o "Core/Src/main.o"
arm-none-eabi-g++ -o "mcb_rev2.elf" @"objects.list"   -mcpu=cortex-m0 -T"C:\Users\Mark\Google Drive\Solar Gators\Auxiliary_2019-2020\mcb_rev2\STM32F072RBTX_FLASH.ld" --specs=nosys.specs -Wl,-Map="mcb_rev2.map" -Wl,--gc-sections -static --specs=nano.specs -mfloat-abi=soft -mthumb -Wl,--start-group -lc -lm -lstdc++ -lsupc++ -Wl,--end-group
Finished building target: mcb_rev2.elf
 
arm-none-eabi-objdump -h -S  mcb_rev2.elf  > "mcb_rev2.list"
arm-none-eabi-objcopy  -O binary  mcb_rev2.elf  "mcb_rev2.bin"
arm-none-eabi-size   mcb_rev2.elf 
   text	   data	    bss	    dec	    hex	filename
  18100	    144	   1928	  20172	   4ecc	mcb_rev2.elf
Finished building: default.size.stdout
 
Finished building: mcb_rev2.bin
 
Finished building: mcb_rev2.list
 
19:55:44 **** Incremental Build of configuration Debug for project mcb_rev2 ****
make -j12 all 
arm-none-eabi-size   mcb_rev2.elf 
   text	   data	    bss	    dec	    hex	filename
  18100	    144	   1928	  20172	   4ecc	mcb_rev2.elf
Finished building: default.size.stdout
 
19:55:45 **** Incremental Build of configuration Debug for project mcb_rev2 ****
make -j12 all 
arm-none-eabi-size   mcb_rev2.elf 
   text	   data	    bss	    dec	    hex	filename
  18100	    144	   1928	  20172	   4ecc	mcb_rev2.elf
Finished building: default.size.stdout
 
19:56:58 **** Incremental Build of configuration Debug for project mcb_rev2 ****
make -j12 all 
arm-none-eabi-size   mcb_rev2.elf 
   text	   data	    bss	    dec	    hex	filename
  18100	    144	   1928	  20172	   4ecc	mcb_rev2.elf
Finished building: default.size.stdout
 
19:59:12 **** Incremental Build of configuration Debug for project mcb_rev2 ****
make -j12 all 
arm-none-eabi-g++ "../Core/Src/subsystem-can-driver/subsystem-data-module.cpp" -mcpu=cortex-m0 -std=gnu++14 -g3 -DUSE_HAL_DRIVER -DSTM32F072xB -DDEBUG -c -I../Drivers/STM32F0xx_HAL_Driver/Inc -I../Drivers/CMSIS/Include -I../Core/Inc -I"C:/Users/Mark/Google Drive/Solar Gators/Auxiliary_2019-2020/mcb_rev2/Core/Src/subsystem-can-driver" -I../Drivers/STM32F0xx_HAL_Driver/Inc/Legacy -I../Drivers/CMSIS/Device/ST/STM32F0xx/Include -O0 -ffunction-sections -fdata-sections -fno-exceptions -fno-rtti -fno-threadsafe-statics -fno-use-cxa-atexit -Wall -fstack-usage -MMD -MP -MF"Core/Src/subsystem-can-driver/subsystem-data-module.d" -MT"Core/Src/subsystem-can-driver/subsystem-data-module.o" --specs=nano.specs -mfloat-abi=soft -mthumb -o "Core/Src/subsystem-can-driver/subsystem-data-module.o"
arm-none-eabi-g++ -o "mcb_rev2.elf" @"objects.list"   -mcpu=cortex-m0 -T"C:\Users\Mark\Google Drive\Solar Gators\Auxiliary_2019-2020\mcb_rev2\STM32F072RBTX_FLASH.ld" --specs=nosys.specs -Wl,-Map="mcb_rev2.map" -Wl,--gc-sections -static --specs=nano.specs -mfloat-abi=soft -mthumb -Wl,--start-group -lc -lm -lstdc++ -lsupc++ -Wl,--end-group
Finished building target: mcb_rev2.elf
 
arm-none-eabi-objdump -h -S  mcb_rev2.elf  > "mcb_rev2.list"
arm-none-eabi-objcopy  -O binary  mcb_rev2.elf  "mcb_rev2.bin"
arm-none-eabi-size   mcb_rev2.elf 
   text	   data	    bss	    dec	    hex	filename
  18100	    144	   1928	  20172	   4ecc	mcb_rev2.elf
Finished building: default.size.stdout
 
Finished building: mcb_rev2.bin
 
Finished building: mcb_rev2.list
 
20:00:58 **** Incremental Build of configuration Debug for project mcb_rev2 ****
make -j12 all 
arm-none-eabi-g++ "../Core/Src/main.cpp" -mcpu=cortex-m0 -std=gnu++14 -g3 -DUSE_HAL_DRIVER -DSTM32F072xB -DDEBUG -c -I../Drivers/STM32F0xx_HAL_Driver/Inc -I../Drivers/CMSIS/Include -I../Core/Inc -I"C:/Users/Mark/Google Drive/Solar Gators/Auxiliary_2019-2020/mcb_rev2/Core/Src/subsystem-can-driver" -I../Drivers/STM32F0xx_HAL_Driver/Inc/Legacy -I../Drivers/CMSIS/Device/ST/STM32F0xx/Include -O0 -ffunction-sections -fdata-sections -fno-exceptions -fno-rtti -fno-threadsafe-statics -fno-use-cxa-atexit -Wall -fstack-usage -MMD -MP -MF"Core/Src/main.d" -MT"Core/Src/main.o" --specs=nano.specs -mfloat-abi=soft -mthumb -o "Core/Src/main.o"
arm-none-eabi-g++ -o "mcb_rev2.elf" @"objects.list"   -mcpu=cortex-m0 -T"C:\Users\Mark\Google Drive\Solar Gators\Auxiliary_2019-2020\mcb_rev2\STM32F072RBTX_FLASH.ld" --specs=nosys.specs -Wl,-Map="mcb_rev2.map" -Wl,--gc-sections -static --specs=nano.specs -mfloat-abi=soft -mthumb -Wl,--start-group -lc -lm -lstdc++ -lsupc++ -Wl,--end-group
Finished building target: mcb_rev2.elf
 
arm-none-eabi-objdump -h -S  mcb_rev2.elf  > "mcb_rev2.list"
arm-none-eabi-objcopy  -O binary  mcb_rev2.elf  "mcb_rev2.bin"
arm-none-eabi-size   mcb_rev2.elf 
   text	   data	    bss	    dec	    hex	filename
  18848	    144	   1928	  20920	   51b8	mcb_rev2.elf
Finished building: default.size.stdout
 
Finished building: mcb_rev2.bin
 
Finished building: mcb_rev2.list
 
20:02:45 **** Incremental Build of configuration Debug for project mcb_rev2 ****
make -j12 all 
arm-none-eabi-size   mcb_rev2.elf 
   text	   data	    bss	    dec	    hex	filename
  18848	    144	   1928	  20920	   51b8	mcb_rev2.elf
Finished building: default.size.stdout
 
20:04:49 **** Incremental Build of configuration Debug for project mcb_rev2 ****
make -j12 all 
arm-none-eabi-size   mcb_rev2.elf 
   text	   data	    bss	    dec	    hex	filename
  18848	    144	   1928	  20920	   51b8	mcb_rev2.elf
Finished building: default.size.stdout
 
20:08:32 **** Incremental Build of configuration Debug for project mcb_rev2 ****
make -j12 all 
arm-none-eabi-size   mcb_rev2.elf 
   text	   data	    bss	    dec	    hex	filename
  18848	    144	   1928	  20920	   51b8	mcb_rev2.elf
Finished building: default.size.stdout
 
20:08:57 **** Incremental Build of configuration Debug for project mcb_rev2 ****
make -j12 all 
arm-none-eabi-size   mcb_rev2.elf 
   text	   data	    bss	    dec	    hex	filename
  18848	    144	   1928	  20920	   51b8	mcb_rev2.elf
Finished building: default.size.stdout
 
20:09:51 **** Incremental Build of configuration Debug for project mcb_rev2 ****
make -j12 all 
arm-none-eabi-size   mcb_rev2.elf 
   text	   data	    bss	    dec	    hex	filename
  18848	    144	   1928	  20920	   51b8	mcb_rev2.elf
Finished building: default.size.stdout
 
20:11:59 **** Incremental Build of configuration Debug for project mcb_rev2 ****
make -j12 all 
arm-none-eabi-size   mcb_rev2.elf 
   text	   data	    bss	    dec	    hex	filename
  18848	    144	   1928	  20920	   51b8	mcb_rev2.elf
Finished building: default.size.stdout
 
20:12:50 **** Incremental Build of configuration Debug for project mcb_rev2 ****
make -j12 all 
arm-none-eabi-size   mcb_rev2.elf 
   text	   data	    bss	    dec	    hex	filename
  18848	    144	   1928	  20920	   51b8	mcb_rev2.elf
Finished building: default.size.stdout
 
20:13:20 **** Incremental Build of configuration Debug for project mcb_rev2 ****
make -j12 all 
arm-none-eabi-size   mcb_rev2.elf 
   text	   data	    bss	    dec	    hex	filename
  18848	    144	   1928	  20920	   51b8	mcb_rev2.elf
Finished building: default.size.stdout
 
20:16:36 **** Incremental Build of configuration Debug for project mcb_rev2 ****
make -j12 all 
arm-none-eabi-size   mcb_rev2.elf 
   text	   data	    bss	    dec	    hex	filename
  18848	    144	   1928	  20920	   51b8	mcb_rev2.elf
Finished building: default.size.stdout
 
20:17:15 **** Incremental Build of configuration Debug for project mcb_rev2 ****
make -j12 all 
arm-none-eabi-g++ "../Core/Src/subsystem-can-driver/subsystem-data-module.cpp" -mcpu=cortex-m0 -std=gnu++14 -g3 -DUSE_HAL_DRIVER -DSTM32F072xB -DDEBUG -c -I../Drivers/STM32F0xx_HAL_Driver/Inc -I../Drivers/CMSIS/Include -I../Core/Inc -I"C:/Users/Mark/Google Drive/Solar Gators/Auxiliary_2019-2020/mcb_rev2/Core/Src/subsystem-can-driver" -I../Drivers/STM32F0xx_HAL_Driver/Inc/Legacy -I../Drivers/CMSIS/Device/ST/STM32F0xx/Include -O0 -ffunction-sections -fdata-sections -fno-exceptions -fno-rtti -fno-threadsafe-statics -fno-use-cxa-atexit -Wall -fstack-usage -MMD -MP -MF"Core/Src/subsystem-can-driver/subsystem-data-module.d" -MT"Core/Src/subsystem-can-driver/subsystem-data-module.o" --specs=nano.specs -mfloat-abi=soft -mthumb -o "Core/Src/subsystem-can-driver/subsystem-data-module.o"
arm-none-eabi-g++ "../Core/Src/main.cpp" -mcpu=cortex-m0 -std=gnu++14 -g3 -DUSE_HAL_DRIVER -DSTM32F072xB -DDEBUG -c -I../Drivers/STM32F0xx_HAL_Driver/Inc -I../Drivers/CMSIS/Include -I../Core/Inc -I"C:/Users/Mark/Google Drive/Solar Gators/Auxiliary_2019-2020/mcb_rev2/Core/Src/subsystem-can-driver" -I../Drivers/STM32F0xx_HAL_Driver/Inc/Legacy -I../Drivers/CMSIS/Device/ST/STM32F0xx/Include -O0 -ffunction-sections -fdata-sections -fno-exceptions -fno-rtti -fno-threadsafe-statics -fno-use-cxa-atexit -Wall -fstack-usage -MMD -MP -MF"Core/Src/main.d" -MT"Core/Src/main.o" --specs=nano.specs -mfloat-abi=soft -mthumb -o "Core/Src/main.o"
arm-none-eabi-g++ -o "mcb_rev2.elf" @"objects.list"   -mcpu=cortex-m0 -T"C:\Users\Mark\Google Drive\Solar Gators\Auxiliary_2019-2020\mcb_rev2\STM32F072RBTX_FLASH.ld" --specs=nosys.specs -Wl,-Map="mcb_rev2.map" -Wl,--gc-sections -static --specs=nano.specs -mfloat-abi=soft -mthumb -Wl,--start-group -lc -lm -lstdc++ -lsupc++ -Wl,--end-group
Finished building target: mcb_rev2.elf
 
arm-none-eabi-objdump -h -S  mcb_rev2.elf  > "mcb_rev2.list"
arm-none-eabi-objcopy  -O binary  mcb_rev2.elf  "mcb_rev2.bin"
arm-none-eabi-size   mcb_rev2.elf 
   text	   data	    bss	    dec	    hex	filename
  18100	    144	   1928	  20172	   4ecc	mcb_rev2.elf
Finished building: default.size.stdout
 
Finished building: mcb_rev2.bin
 
Finished building: mcb_rev2.list
 
20:17:48 **** Incremental Build of configuration Debug for project mcb_rev2 ****
make -j12 all 
arm-none-eabi-size   mcb_rev2.elf 
   text	   data	    bss	    dec	    hex	filename
  18100	    144	   1928	  20172	   4ecc	mcb_rev2.elf
Finished building: default.size.stdout
 
20:19:29 **** Incremental Build of configuration Debug for project mcb_rev2 ****
make -j12 all 
arm-none-eabi-size   mcb_rev2.elf 
   text	   data	    bss	    dec	    hex	filename
  18100	    144	   1928	  20172	   4ecc	mcb_rev2.elf
Finished building: default.size.stdout
 
20:19:35 **** Incremental Build of configuration Debug for project mcb_rev2 ****
make -j12 all 
arm-none-eabi-size   mcb_rev2.elf 
   text	   data	    bss	    dec	    hex	filename
  18100	    144	   1928	  20172	   4ecc	mcb_rev2.elf
Finished building: default.size.stdout
 
19:31:09 **** Incremental Build of configuration Debug for project mcb_rev2 ****
make -j12 all 
arm-none-eabi-g++ "../Core/Src/main.cpp" -mcpu=cortex-m0 -std=gnu++14 -g3 -DUSE_HAL_DRIVER -DSTM32F072xB -DDEBUG -c -I../Drivers/STM32F0xx_HAL_Driver/Inc -I../Drivers/CMSIS/Include -I../Core/Inc -I"C:/Users/Mark/Google Drive/Solar Gators/Auxiliary_2019-2020/mcb_rev2/Core/Src/subsystem-can-driver" -I../Drivers/STM32F0xx_HAL_Driver/Inc/Legacy -I../Drivers/CMSIS/Device/ST/STM32F0xx/Include -O0 -ffunction-sections -fdata-sections -fno-exceptions -fno-rtti -fno-threadsafe-statics -fno-use-cxa-atexit -Wall -fstack-usage -MMD -MP -MF"Core/Src/main.d" -MT"Core/Src/main.o" --specs=nano.specs -mfloat-abi=soft -mthumb -o "Core/Src/main.o"
arm-none-eabi-g++ -o "mcb_rev2.elf" @"objects.list"   -mcpu=cortex-m0 -T"C:\Users\Mark\Google Drive\Solar Gators\Auxiliary_2019-2020\mcb_rev2\STM32F072RBTX_FLASH.ld" --specs=nosys.specs -Wl,-Map="mcb_rev2.map" -Wl,--gc-sections -static --specs=nano.specs -mfloat-abi=soft -mthumb -Wl,--start-group -lc -lm -lstdc++ -lsupc++ -Wl,--end-group
Finished building target: mcb_rev2.elf
 
arm-none-eabi-objdump -h -S  mcb_rev2.elf  > "mcb_rev2.list"
arm-none-eabi-objcopy  -O binary  mcb_rev2.elf  "mcb_rev2.bin"
arm-none-eabi-size   mcb_rev2.elf 
   text	   data	    bss	    dec	    hex	filename
  17716	    144	   1928	  19788	   4d4c	mcb_rev2.elf
Finished building: default.size.stdout
 
Finished building: mcb_rev2.bin
 
Finished building: mcb_rev2.list
 
19:31:28 **** Incremental Build of configuration Debug for project mcb_rev2 ****
make -j12 all 
arm-none-eabi-size   mcb_rev2.elf 
   text	   data	    bss	    dec	    hex	filename
  17716	    144	   1928	  19788	   4d4c	mcb_rev2.elf
Finished building: default.size.stdout
 
19:31:55 **** Incremental Build of configuration Debug for project mcb_rev2 ****
make -j12 all 
arm-none-eabi-size   mcb_rev2.elf 
   text	   data	    bss	    dec	    hex	filename
  17716	    144	   1928	  19788	   4d4c	mcb_rev2.elf
Finished building: default.size.stdout
 
19:35:17 **** Incremental Build of configuration Debug for project mcb_rev2 ****
make -j12 all 
arm-none-eabi-g++ "../Core/Src/main.cpp" -mcpu=cortex-m0 -std=gnu++14 -g3 -DUSE_HAL_DRIVER -DSTM32F072xB -DDEBUG -c -I../Drivers/STM32F0xx_HAL_Driver/Inc -I../Drivers/CMSIS/Include -I../Core/Inc -I"C:/Users/Mark/Google Drive/Solar Gators/Auxiliary_2019-2020/mcb_rev2/Core/Src/subsystem-can-driver" -I../Drivers/STM32F0xx_HAL_Driver/Inc/Legacy -I../Drivers/CMSIS/Device/ST/STM32F0xx/Include -O0 -ffunction-sections -fdata-sections -fno-exceptions -fno-rtti -fno-threadsafe-statics -fno-use-cxa-atexit -Wall -fstack-usage -MMD -MP -MF"Core/Src/main.d" -MT"Core/Src/main.o" --specs=nano.specs -mfloat-abi=soft -mthumb -o "Core/Src/main.o"
../Core/Src/main.cpp: In function 'int main()':
../Core/Src/main.cpp:129:18: warning: unused variable 'DAC_PowerOn' [-Wunused-variable]
   static uint8_t DAC_PowerOn[3] = {0x30, 0xFF, 0xF0}; // Power on DAC with max output
                  ^~~~~~~~~~~
../Core/Src/main.cpp:130:18: warning: unused variable 'DAC_PowerOff' [-Wunused-variable]
   static uint8_t DAC_PowerOff[3] = {0x40, 0x00, 0x00}; // Power off DAC
                  ^~~~~~~~~~~~
../Core/Src/main.cpp: At global scope:
../Core/Src/main.cpp:130:18: warning: 'DAC_PowerOff' defined but not used [-Wunused-variable]
../Core/Src/main.cpp:129:18: warning: 'DAC_PowerOn' defined but not used [-Wunused-variable]
   static uint8_t DAC_PowerOn[3] = {0x30, 0xFF, 0xF0}; // Power on DAC with max output
                  ^~~~~~~~~~~
arm-none-eabi-g++ -o "mcb_rev2.elf" @"objects.list"   -mcpu=cortex-m0 -T"C:\Users\Mark\Google Drive\Solar Gators\Auxiliary_2019-2020\mcb_rev2\STM32F072RBTX_FLASH.ld" --specs=nosys.specs -Wl,-Map="mcb_rev2.map" -Wl,--gc-sections -static --specs=nano.specs -mfloat-abi=soft -mthumb -Wl,--start-group -lc -lm -lstdc++ -lsupc++ -Wl,--end-group
Finished building target: mcb_rev2.elf
 
arm-none-eabi-objdump -h -S  mcb_rev2.elf  > "mcb_rev2.list"
arm-none-eabi-objcopy  -O binary  mcb_rev2.elf  "mcb_rev2.bin"
arm-none-eabi-size   mcb_rev2.elf 
   text	   data	    bss	    dec	    hex	filename
  17824	    236	   1924	  19984	   4e10	mcb_rev2.elf
Finished building: default.size.stdout
 
Finished building: mcb_rev2.bin
 
Finished building: mcb_rev2.list
 
19:36:45 **** Incremental Build of configuration Debug for project mcb_rev2 ****
make -j12 all 
arm-none-eabi-g++ "../Core/Src/main.cpp" -mcpu=cortex-m0 -std=gnu++14 -g3 -DUSE_HAL_DRIVER -DSTM32F072xB -DDEBUG -c -I../Drivers/STM32F0xx_HAL_Driver/Inc -I../Drivers/CMSIS/Include -I../Core/Inc -I"C:/Users/Mark/Google Drive/Solar Gators/Auxiliary_2019-2020/mcb_rev2/Core/Src/subsystem-can-driver" -I../Drivers/STM32F0xx_HAL_Driver/Inc/Legacy -I../Drivers/CMSIS/Device/ST/STM32F0xx/Include -O0 -ffunction-sections -fdata-sections -fno-exceptions -fno-rtti -fno-threadsafe-statics -fno-use-cxa-atexit -Wall -fstack-usage -MMD -MP -MF"Core/Src/main.d" -MT"Core/Src/main.o" --specs=nano.specs -mfloat-abi=soft -mthumb -o "Core/Src/main.o"
arm-none-eabi-g++ -o "mcb_rev2.elf" @"objects.list"   -mcpu=cortex-m0 -T"C:\Users\Mark\Google Drive\Solar Gators\Auxiliary_2019-2020\mcb_rev2\STM32F072RBTX_FLASH.ld" --specs=nosys.specs -Wl,-Map="mcb_rev2.map" -Wl,--gc-sections -static --specs=nano.specs -mfloat-abi=soft -mthumb -Wl,--start-group -lc -lm -lstdc++ -lsupc++ -Wl,--end-group
Finished building target: mcb_rev2.elf
 
arm-none-eabi-objdump -h -S  mcb_rev2.elf  > "mcb_rev2.list"
arm-none-eabi-objcopy  -O binary  mcb_rev2.elf  "mcb_rev2.bin"
arm-none-eabi-size   mcb_rev2.elf 
   text	   data	    bss	    dec	    hex	filename
  17716	    144	   1928	  19788	   4d4c	mcb_rev2.elf
Finished building: default.size.stdout
 
Finished building: mcb_rev2.bin
 
Finished building: mcb_rev2.list
 
19:37:23 **** Incremental Build of configuration Debug for project mcb_rev2 ****
make -j12 all 
arm-none-eabi-g++ "../Core/Src/main.cpp" -mcpu=cortex-m0 -std=gnu++14 -g3 -DUSE_HAL_DRIVER -DSTM32F072xB -DDEBUG -c -I../Drivers/STM32F0xx_HAL_Driver/Inc -I../Drivers/CMSIS/Include -I../Core/Inc -I"C:/Users/Mark/Google Drive/Solar Gators/Auxiliary_2019-2020/mcb_rev2/Core/Src/subsystem-can-driver" -I../Drivers/STM32F0xx_HAL_Driver/Inc/Legacy -I../Drivers/CMSIS/Device/ST/STM32F0xx/Include -O0 -ffunction-sections -fdata-sections -fno-exceptions -fno-rtti -fno-threadsafe-statics -fno-use-cxa-atexit -Wall -fstack-usage -MMD -MP -MF"Core/Src/main.d" -MT"Core/Src/main.o" --specs=nano.specs -mfloat-abi=soft -mthumb -o "Core/Src/main.o"
../Core/Src/main.cpp: In function 'int main()':
../Core/Src/main.cpp:129:18: warning: unused variable 'DAC_PowerOn' [-Wunused-variable]
   static uint8_t DAC_PowerOn[3] = {0x30, 0xFF, 0xFF}; // Power on DAC with max output
                  ^~~~~~~~~~~
../Core/Src/main.cpp:130:18: warning: unused variable 'DAC_PowerOff' [-Wunused-variable]
   static uint8_t DAC_PowerOff[3] = {0x40, 0x00, 0x00}; // Power off DAC
                  ^~~~~~~~~~~~
../Core/Src/main.cpp: At global scope:
../Core/Src/main.cpp:130:18: warning: 'DAC_PowerOff' defined but not used [-Wunused-variable]
../Core/Src/main.cpp:129:18: warning: 'DAC_PowerOn' defined but not used [-Wunused-variable]
   static uint8_t DAC_PowerOn[3] = {0x30, 0xFF, 0xFF}; // Power on DAC with max output
                  ^~~~~~~~~~~
arm-none-eabi-g++ -o "mcb_rev2.elf" @"objects.list"   -mcpu=cortex-m0 -T"C:\Users\Mark\Google Drive\Solar Gators\Auxiliary_2019-2020\mcb_rev2\STM32F072RBTX_FLASH.ld" --specs=nosys.specs -Wl,-Map="mcb_rev2.map" -Wl,--gc-sections -static --specs=nano.specs -mfloat-abi=soft -mthumb -Wl,--start-group -lc -lm -lstdc++ -lsupc++ -Wl,--end-group
Finished building target: mcb_rev2.elf
 
arm-none-eabi-objdump -h -S  mcb_rev2.elf  > "mcb_rev2.list"
arm-none-eabi-objcopy  -O binary  mcb_rev2.elf  "mcb_rev2.bin"
arm-none-eabi-size   mcb_rev2.elf 
   text	   data	    bss	    dec	    hex	filename
  17824	    236	   1924	  19984	   4e10	mcb_rev2.elf
Finished building: default.size.stdout
 
Finished building: mcb_rev2.bin
 
Finished building: mcb_rev2.list
 
15:38:21 **** Build of configuration Debug for project mcb_rev3 ****
make -j12 all 
arm-none-eabi-gcc "../Drivers/STM32F0xx_HAL_Driver/Src/stm32f0xx_hal.c" -mcpu=cortex-m0 -std=gnu11 -g3 -DUSE_HAL_DRIVER -DSTM32F072xB -DDEBUG -c -I../Core/Inc -I../Drivers/STM32F0xx_HAL_Driver/Inc -I../Drivers/STM32F0xx_HAL_Driver/Inc/Legacy -I../Drivers/CMSIS/Device/ST/STM32F0xx/Include -I../Drivers/CMSIS/Include -O0 -ffunction-sections -fdata-sections -Wall -fstack-usage -MMD -MP -MF"Drivers/STM32F0xx_HAL_Driver/Src/stm32f0xx_hal.d" -MT"Drivers/STM32F0xx_HAL_Driver/Src/stm32f0xx_hal.o" --specs=nano.specs -mfloat-abi=soft -mthumb -o "Drivers/STM32F0xx_HAL_Driver/Src/stm32f0xx_hal.o"
arm-none-eabi-gcc "../Drivers/STM32F0xx_HAL_Driver/Src/stm32f0xx_hal_can.c" -mcpu=cortex-m0 -std=gnu11 -g3 -DUSE_HAL_DRIVER -DSTM32F072xB -DDEBUG -c -I../Core/Inc -I../Drivers/STM32F0xx_HAL_Driver/Inc -I../Drivers/STM32F0xx_HAL_Driver/Inc/Legacy -I../Drivers/CMSIS/Device/ST/STM32F0xx/Include -I../Drivers/CMSIS/Include -O0 -ffunction-sections -fdata-sections -Wall -fstack-usage -MMD -MP -MF"Drivers/STM32F0xx_HAL_Driver/Src/stm32f0xx_hal_can.d" -MT"Drivers/STM32F0xx_HAL_Driver/Src/stm32f0xx_hal_can.o" --specs=nano.specs -mfloat-abi=soft -mthumb -o "Drivers/STM32F0xx_HAL_Driver/Src/stm32f0xx_hal_can.o"
arm-none-eabi-gcc "../Drivers/STM32F0xx_HAL_Driver/Src/stm32f0xx_hal_cortex.c" -mcpu=cortex-m0 -std=gnu11 -g3 -DUSE_HAL_DRIVER -DSTM32F072xB -DDEBUG -c -I../Core/Inc -I../Drivers/STM32F0xx_HAL_Driver/Inc -I../Drivers/STM32F0xx_HAL_Driver/Inc/Legacy -I../Drivers/CMSIS/Device/ST/STM32F0xx/Include -I../Drivers/CMSIS/Include -O0 -ffunction-sections -fdata-sections -Wall -fstack-usage -MMD -MP -MF"Drivers/STM32F0xx_HAL_Driver/Src/stm32f0xx_hal_cortex.d" -MT"Drivers/STM32F0xx_HAL_Driver/Src/stm32f0xx_hal_cortex.o" --specs=nano.specs -mfloat-abi=soft -mthumb -o "Drivers/STM32F0xx_HAL_Driver/Src/stm32f0xx_hal_cortex.o"
arm-none-eabi-gcc "../Drivers/STM32F0xx_HAL_Driver/Src/stm32f0xx_hal_dma.c" -mcpu=cortex-m0 -std=gnu11 -g3 -DUSE_HAL_DRIVER -DSTM32F072xB -DDEBUG -c -I../Core/Inc -I../Drivers/STM32F0xx_HAL_Driver/Inc -I../Drivers/STM32F0xx_HAL_Driver/Inc/Legacy -I../Drivers/CMSIS/Device/ST/STM32F0xx/Include -I../Drivers/CMSIS/Include -O0 -ffunction-sections -fdata-sections -Wall -fstack-usage -MMD -MP -MF"Drivers/STM32F0xx_HAL_Driver/Src/stm32f0xx_hal_dma.d" -MT"Drivers/STM32F0xx_HAL_Driver/Src/stm32f0xx_hal_dma.o" --specs=nano.specs -mfloat-abi=soft -mthumb -o "Drivers/STM32F0xx_HAL_Driver/Src/stm32f0xx_hal_dma.o"
arm-none-eabi-gcc "../Drivers/STM32F0xx_HAL_Driver/Src/stm32f0xx_hal_exti.c" -mcpu=cortex-m0 -std=gnu11 -g3 -DUSE_HAL_DRIVER -DSTM32F072xB -DDEBUG -c -I../Core/Inc -I../Drivers/STM32F0xx_HAL_Driver/Inc -I../Drivers/STM32F0xx_HAL_Driver/Inc/Legacy -I../Drivers/CMSIS/Device/ST/STM32F0xx/Include -I../Drivers/CMSIS/Include -O0 -ffunction-sections -fdata-sections -Wall -fstack-usage -MMD -MP -MF"Drivers/STM32F0xx_HAL_Driver/Src/stm32f0xx_hal_exti.d" -MT"Drivers/STM32F0xx_HAL_Driver/Src/stm32f0xx_hal_exti.o" --specs=nano.specs -mfloat-abi=soft -mthumb -o "Drivers/STM32F0xx_HAL_Driver/Src/stm32f0xx_hal_exti.o"
arm-none-eabi-gcc "../Drivers/STM32F0xx_HAL_Driver/Src/stm32f0xx_hal_flash.c" -mcpu=cortex-m0 -std=gnu11 -g3 -DUSE_HAL_DRIVER -DSTM32F072xB -DDEBUG -c -I../Core/Inc -I../Drivers/STM32F0xx_HAL_Driver/Inc -I../Drivers/STM32F0xx_HAL_Driver/Inc/Legacy -I../Drivers/CMSIS/Device/ST/STM32F0xx/Include -I../Drivers/CMSIS/Include -O0 -ffunction-sections -fdata-sections -Wall -fstack-usage -MMD -MP -MF"Drivers/STM32F0xx_HAL_Driver/Src/stm32f0xx_hal_flash.d" -MT"Drivers/STM32F0xx_HAL_Driver/Src/stm32f0xx_hal_flash.o" --specs=nano.specs -mfloat-abi=soft -mthumb -o "Drivers/STM32F0xx_HAL_Driver/Src/stm32f0xx_hal_flash.o"
arm-none-eabi-gcc "../Drivers/STM32F0xx_HAL_Driver/Src/stm32f0xx_hal_flash_ex.c" -mcpu=cortex-m0 -std=gnu11 -g3 -DUSE_HAL_DRIVER -DSTM32F072xB -DDEBUG -c -I../Core/Inc -I../Drivers/STM32F0xx_HAL_Driver/Inc -I../Drivers/STM32F0xx_HAL_Driver/Inc/Legacy -I../Drivers/CMSIS/Device/ST/STM32F0xx/Include -I../Drivers/CMSIS/Include -O0 -ffunction-sections -fdata-sections -Wall -fstack-usage -MMD -MP -MF"Drivers/STM32F0xx_HAL_Driver/Src/stm32f0xx_hal_flash_ex.d" -MT"Drivers/STM32F0xx_HAL_Driver/Src/stm32f0xx_hal_flash_ex.o" --specs=nano.specs -mfloat-abi=soft -mthumb -o "Drivers/STM32F0xx_HAL_Driver/Src/stm32f0xx_hal_flash_ex.o"
arm-none-eabi-gcc "../Drivers/STM32F0xx_HAL_Driver/Src/stm32f0xx_hal_gpio.c" -mcpu=cortex-m0 -std=gnu11 -g3 -DUSE_HAL_DRIVER -DSTM32F072xB -DDEBUG -c -I../Core/Inc -I../Drivers/STM32F0xx_HAL_Driver/Inc -I../Drivers/STM32F0xx_HAL_Driver/Inc/Legacy -I../Drivers/CMSIS/Device/ST/STM32F0xx/Include -I../Drivers/CMSIS/Include -O0 -ffunction-sections -fdata-sections -Wall -fstack-usage -MMD -MP -MF"Drivers/STM32F0xx_HAL_Driver/Src/stm32f0xx_hal_gpio.d" -MT"Drivers/STM32F0xx_HAL_Driver/Src/stm32f0xx_hal_gpio.o" --specs=nano.specs -mfloat-abi=soft -mthumb -o "Drivers/STM32F0xx_HAL_Driver/Src/stm32f0xx_hal_gpio.o"
arm-none-eabi-gcc "../Drivers/STM32F0xx_HAL_Driver/Src/stm32f0xx_hal_i2c.c" -mcpu=cortex-m0 -std=gnu11 -g3 -DUSE_HAL_DRIVER -DSTM32F072xB -DDEBUG -c -I../Core/Inc -I../Drivers/STM32F0xx_HAL_Driver/Inc -I../Drivers/STM32F0xx_HAL_Driver/Inc/Legacy -I../Drivers/CMSIS/Device/ST/STM32F0xx/Include -I../Drivers/CMSIS/Include -O0 -ffunction-sections -fdata-sections -Wall -fstack-usage -MMD -MP -MF"Drivers/STM32F0xx_HAL_Driver/Src/stm32f0xx_hal_i2c.d" -MT"Drivers/STM32F0xx_HAL_Driver/Src/stm32f0xx_hal_i2c.o" --specs=nano.specs -mfloat-abi=soft -mthumb -o "Drivers/STM32F0xx_HAL_Driver/Src/stm32f0xx_hal_i2c.o"
arm-none-eabi-gcc "../Drivers/STM32F0xx_HAL_Driver/Src/stm32f0xx_hal_i2c_ex.c" -mcpu=cortex-m0 -std=gnu11 -g3 -DUSE_HAL_DRIVER -DSTM32F072xB -DDEBUG -c -I../Core/Inc -I../Drivers/STM32F0xx_HAL_Driver/Inc -I../Drivers/STM32F0xx_HAL_Driver/Inc/Legacy -I../Drivers/CMSIS/Device/ST/STM32F0xx/Include -I../Drivers/CMSIS/Include -O0 -ffunction-sections -fdata-sections -Wall -fstack-usage -MMD -MP -MF"Drivers/STM32F0xx_HAL_Driver/Src/stm32f0xx_hal_i2c_ex.d" -MT"Drivers/STM32F0xx_HAL_Driver/Src/stm32f0xx_hal_i2c_ex.o" --specs=nano.specs -mfloat-abi=soft -mthumb -o "Drivers/STM32F0xx_HAL_Driver/Src/stm32f0xx_hal_i2c_ex.o"
arm-none-eabi-gcc "../Drivers/STM32F0xx_HAL_Driver/Src/stm32f0xx_hal_pwr.c" -mcpu=cortex-m0 -std=gnu11 -g3 -DUSE_HAL_DRIVER -DSTM32F072xB -DDEBUG -c -I../Core/Inc -I../Drivers/STM32F0xx_HAL_Driver/Inc -I../Drivers/STM32F0xx_HAL_Driver/Inc/Legacy -I../Drivers/CMSIS/Device/ST/STM32F0xx/Include -I../Drivers/CMSIS/Include -O0 -ffunction-sections -fdata-sections -Wall -fstack-usage -MMD -MP -MF"Drivers/STM32F0xx_HAL_Driver/Src/stm32f0xx_hal_pwr.d" -MT"Drivers/STM32F0xx_HAL_Driver/Src/stm32f0xx_hal_pwr.o" --specs=nano.specs -mfloat-abi=soft -mthumb -o "Drivers/STM32F0xx_HAL_Driver/Src/stm32f0xx_hal_pwr.o"
arm-none-eabi-gcc "../Drivers/STM32F0xx_HAL_Driver/Src/stm32f0xx_hal_pwr_ex.c" -mcpu=cortex-m0 -std=gnu11 -g3 -DUSE_HAL_DRIVER -DSTM32F072xB -DDEBUG -c -I../Core/Inc -I../Drivers/STM32F0xx_HAL_Driver/Inc -I../Drivers/STM32F0xx_HAL_Driver/Inc/Legacy -I../Drivers/CMSIS/Device/ST/STM32F0xx/Include -I../Drivers/CMSIS/Include -O0 -ffunction-sections -fdata-sections -Wall -fstack-usage -MMD -MP -MF"Drivers/STM32F0xx_HAL_Driver/Src/stm32f0xx_hal_pwr_ex.d" -MT"Drivers/STM32F0xx_HAL_Driver/Src/stm32f0xx_hal_pwr_ex.o" --specs=nano.specs -mfloat-abi=soft -mthumb -o "Drivers/STM32F0xx_HAL_Driver/Src/stm32f0xx_hal_pwr_ex.o"
arm-none-eabi-gcc "../Drivers/STM32F0xx_HAL_Driver/Src/stm32f0xx_hal_rcc.c" -mcpu=cortex-m0 -std=gnu11 -g3 -DUSE_HAL_DRIVER -DSTM32F072xB -DDEBUG -c -I../Core/Inc -I../Drivers/STM32F0xx_HAL_Driver/Inc -I../Drivers/STM32F0xx_HAL_Driver/Inc/Legacy -I../Drivers/CMSIS/Device/ST/STM32F0xx/Include -I../Drivers/CMSIS/Include -O0 -ffunction-sections -fdata-sections -Wall -fstack-usage -MMD -MP -MF"Drivers/STM32F0xx_HAL_Driver/Src/stm32f0xx_hal_rcc.d" -MT"Drivers/STM32F0xx_HAL_Driver/Src/stm32f0xx_hal_rcc.o" --specs=nano.specs -mfloat-abi=soft -mthumb -o "Drivers/STM32F0xx_HAL_Driver/Src/stm32f0xx_hal_rcc.o"
arm-none-eabi-gcc "../Drivers/STM32F0xx_HAL_Driver/Src/stm32f0xx_hal_rcc_ex.c" -mcpu=cortex-m0 -std=gnu11 -g3 -DUSE_HAL_DRIVER -DSTM32F072xB -DDEBUG -c -I../Core/Inc -I../Drivers/STM32F0xx_HAL_Driver/Inc -I../Drivers/STM32F0xx_HAL_Driver/Inc/Legacy -I../Drivers/CMSIS/Device/ST/STM32F0xx/Include -I../Drivers/CMSIS/Include -O0 -ffunction-sections -fdata-sections -Wall -fstack-usage -MMD -MP -MF"Drivers/STM32F0xx_HAL_Driver/Src/stm32f0xx_hal_rcc_ex.d" -MT"Drivers/STM32F0xx_HAL_Driver/Src/stm32f0xx_hal_rcc_ex.o" --specs=nano.specs -mfloat-abi=soft -mthumb -o "Drivers/STM32F0xx_HAL_Driver/Src/stm32f0xx_hal_rcc_ex.o"
arm-none-eabi-gcc "../Drivers/STM32F0xx_HAL_Driver/Src/stm32f0xx_hal_spi.c" -mcpu=cortex-m0 -std=gnu11 -g3 -DUSE_HAL_DRIVER -DSTM32F072xB -DDEBUG -c -I../Core/Inc -I../Drivers/STM32F0xx_HAL_Driver/Inc -I../Drivers/STM32F0xx_HAL_Driver/Inc/Legacy -I../Drivers/CMSIS/Device/ST/STM32F0xx/Include -I../Drivers/CMSIS/Include -O0 -ffunction-sections -fdata-sections -Wall -fstack-usage -MMD -MP -MF"Drivers/STM32F0xx_HAL_Driver/Src/stm32f0xx_hal_spi.d" -MT"Drivers/STM32F0xx_HAL_Driver/Src/stm32f0xx_hal_spi.o" --specs=nano.specs -mfloat-abi=soft -mthumb -o "Drivers/STM32F0xx_HAL_Driver/Src/stm32f0xx_hal_spi.o"
arm-none-eabi-gcc "../Drivers/STM32F0xx_HAL_Driver/Src/stm32f0xx_hal_spi_ex.c" -mcpu=cortex-m0 -std=gnu11 -g3 -DUSE_HAL_DRIVER -DSTM32F072xB -DDEBUG -c -I../Core/Inc -I../Drivers/STM32F0xx_HAL_Driver/Inc -I../Drivers/STM32F0xx_HAL_Driver/Inc/Legacy -I../Drivers/CMSIS/Device/ST/STM32F0xx/Include -I../Drivers/CMSIS/Include -O0 -ffunction-sections -fdata-sections -Wall -fstack-usage -MMD -MP -MF"Drivers/STM32F0xx_HAL_Driver/Src/stm32f0xx_hal_spi_ex.d" -MT"Drivers/STM32F0xx_HAL_Driver/Src/stm32f0xx_hal_spi_ex.o" --specs=nano.specs -mfloat-abi=soft -mthumb -o "Drivers/STM32F0xx_HAL_Driver/Src/stm32f0xx_hal_spi_ex.o"
arm-none-eabi-gcc "../Drivers/STM32F0xx_HAL_Driver/Src/stm32f0xx_hal_tim.c" -mcpu=cortex-m0 -std=gnu11 -g3 -DUSE_HAL_DRIVER -DSTM32F072xB -DDEBUG -c -I../Core/Inc -I../Drivers/STM32F0xx_HAL_Driver/Inc -I../Drivers/STM32F0xx_HAL_Driver/Inc/Legacy -I../Drivers/CMSIS/Device/ST/STM32F0xx/Include -I../Drivers/CMSIS/Include -O0 -ffunction-sections -fdata-sections -Wall -fstack-usage -MMD -MP -MF"Drivers/STM32F0xx_HAL_Driver/Src/stm32f0xx_hal_tim.d" -MT"Drivers/STM32F0xx_HAL_Driver/Src/stm32f0xx_hal_tim.o" --specs=nano.specs -mfloat-abi=soft -mthumb -o "Drivers/STM32F0xx_HAL_Driver/Src/stm32f0xx_hal_tim.o"
arm-none-eabi-gcc "../Drivers/STM32F0xx_HAL_Driver/Src/stm32f0xx_hal_tim_ex.c" -mcpu=cortex-m0 -std=gnu11 -g3 -DUSE_HAL_DRIVER -DSTM32F072xB -DDEBUG -c -I../Core/Inc -I../Drivers/STM32F0xx_HAL_Driver/Inc -I../Drivers/STM32F0xx_HAL_Driver/Inc/Legacy -I../Drivers/CMSIS/Device/ST/STM32F0xx/Include -I../Drivers/CMSIS/Include -O0 -ffunction-sections -fdata-sections -Wall -fstack-usage -MMD -MP -MF"Drivers/STM32F0xx_HAL_Driver/Src/stm32f0xx_hal_tim_ex.d" -MT"Drivers/STM32F0xx_HAL_Driver/Src/stm32f0xx_hal_tim_ex.o" --specs=nano.specs -mfloat-abi=soft -mthumb -o "Drivers/STM32F0xx_HAL_Driver/Src/stm32f0xx_hal_tim_ex.o"
arm-none-eabi-gcc -mcpu=cortex-m0 -g3 -c -x assembler-with-cpp -MMD -MP -MF"Core/Startup/startup_stm32f072rbtx.d" -MT"Core/Startup/startup_stm32f072rbtx.o" --specs=nano.specs -mfloat-abi=soft -mthumb -o "Core/Startup/startup_stm32f072rbtx.o" "../Core/Startup/startup_stm32f072rbtx.s"
arm-none-eabi-g++ "../Core/Src/subsystem-can-driver/helper-code/rx-module-binary-tree.cpp" -mcpu=cortex-m0 -std=gnu++14 -g3 -DUSE_HAL_DRIVER -DSTM32F072xB -DDEBUG -c -I../Core/Inc -I../Drivers/STM32F0xx_HAL_Driver/Inc -I../Drivers/STM32F0xx_HAL_Driver/Inc/Legacy -I../Drivers/CMSIS/Device/ST/STM32F0xx/Include -I../Drivers/CMSIS/Include -I"C:/Users/Mark/Google Drive/Solar Gators/Auxiliary_2019-2020/mcb_rev3/Core/Src/subsystem-can-driver" -O0 -ffunction-sections -fdata-sections -fno-exceptions -fno-rtti -fno-threadsafe-statics -fno-use-cxa-atexit -Wall -fstack-usage -MMD -MP -MF"Core/Src/subsystem-can-driver/helper-code/rx-module-binary-tree.d" -MT"Core/Src/subsystem-can-driver/helper-code/rx-module-binary-tree.o" --specs=nano.specs -mfloat-abi=soft -mthumb -o "Core/Src/subsystem-can-driver/helper-code/rx-module-binary-tree.o"
arm-none-eabi-g++ "../Core/Src/subsystem-can-driver/aux-data-module.cpp" -mcpu=cortex-m0 -std=gnu++14 -g3 -DUSE_HAL_DRIVER -DSTM32F072xB -DDEBUG -c -I../Core/Inc -I../Drivers/STM32F0xx_HAL_Driver/Inc -I../Drivers/STM32F0xx_HAL_Driver/Inc/Legacy -I../Drivers/CMSIS/Device/ST/STM32F0xx/Include -I../Drivers/CMSIS/Include -I"C:/Users/Mark/Google Drive/Solar Gators/Auxiliary_2019-2020/mcb_rev3/Core/Src/subsystem-can-driver" -O0 -ffunction-sections -fdata-sections -fno-exceptions -fno-rtti -fno-threadsafe-statics -fno-use-cxa-atexit -Wall -fstack-usage -MMD -MP -MF"Core/Src/subsystem-can-driver/aux-data-module.d" -MT"Core/Src/subsystem-can-driver/aux-data-module.o" --specs=nano.specs -mfloat-abi=soft -mthumb -o "Core/Src/subsystem-can-driver/aux-data-module.o"
arm-none-eabi-g++ "../Core/Src/subsystem-can-driver/mitsuba-driver-data-module.cpp" -mcpu=cortex-m0 -std=gnu++14 -g3 -DUSE_HAL_DRIVER -DSTM32F072xB -DDEBUG -c -I../Core/Inc -I../Drivers/STM32F0xx_HAL_Driver/Inc -I../Drivers/STM32F0xx_HAL_Driver/Inc/Legacy -I../Drivers/CMSIS/Device/ST/STM32F0xx/Include -I../Drivers/CMSIS/Include -I"C:/Users/Mark/Google Drive/Solar Gators/Auxiliary_2019-2020/mcb_rev3/Core/Src/subsystem-can-driver" -O0 -ffunction-sections -fdata-sections -fno-exceptions -fno-rtti -fno-threadsafe-statics -fno-use-cxa-atexit -Wall -fstack-usage -MMD -MP -MF"Core/Src/subsystem-can-driver/mitsuba-driver-data-module.d" -MT"Core/Src/subsystem-can-driver/mitsuba-driver-data-module.o" --specs=nano.specs -mfloat-abi=soft -mthumb -o "Core/Src/subsystem-can-driver/mitsuba-driver-data-module.o"
arm-none-eabi-g++ "../Core/Src/subsystem-can-driver/orion-data-module.cpp" -mcpu=cortex-m0 -std=gnu++14 -g3 -DUSE_HAL_DRIVER -DSTM32F072xB -DDEBUG -c -I../Core/Inc -I../Drivers/STM32F0xx_HAL_Driver/Inc -I../Drivers/STM32F0xx_HAL_Driver/Inc/Legacy -I../Drivers/CMSIS/Device/ST/STM32F0xx/Include -I../Drivers/CMSIS/Include -I"C:/Users/Mark/Google Drive/Solar Gators/Auxiliary_2019-2020/mcb_rev3/Core/Src/subsystem-can-driver" -O0 -ffunction-sections -fdata-sections -fno-exceptions -fno-rtti -fno-threadsafe-statics -fno-use-cxa-atexit -Wall -fstack-usage -MMD -MP -MF"Core/Src/subsystem-can-driver/orion-data-module.d" -MT"Core/Src/subsystem-can-driver/orion-data-module.o" --specs=nano.specs -mfloat-abi=soft -mthumb -o "Core/Src/subsystem-can-driver/orion-data-module.o"
arm-none-eabi-g++ "../Core/Src/subsystem-can-driver/proton1-data-module.cpp" -mcpu=cortex-m0 -std=gnu++14 -g3 -DUSE_HAL_DRIVER -DSTM32F072xB -DDEBUG -c -I../Core/Inc -I../Drivers/STM32F0xx_HAL_Driver/Inc -I../Drivers/STM32F0xx_HAL_Driver/Inc/Legacy -I../Drivers/CMSIS/Device/ST/STM32F0xx/Include -I../Drivers/CMSIS/Include -I"C:/Users/Mark/Google Drive/Solar Gators/Auxiliary_2019-2020/mcb_rev3/Core/Src/subsystem-can-driver" -O0 -ffunction-sections -fdata-sections -fno-exceptions -fno-rtti -fno-threadsafe-statics -fno-use-cxa-atexit -Wall -fstack-usage -MMD -MP -MF"Core/Src/subsystem-can-driver/proton1-data-module.d" -MT"Core/Src/subsystem-can-driver/proton1-data-module.o" --specs=nano.specs -mfloat-abi=soft -mthumb -o "Core/Src/subsystem-can-driver/proton1-data-module.o"
arm-none-eabi-g++ "../Core/Src/subsystem-can-driver/subsystem-data-module.cpp" -mcpu=cortex-m0 -std=gnu++14 -g3 -DUSE_HAL_DRIVER -DSTM32F072xB -DDEBUG -c -I../Core/Inc -I../Drivers/STM32F0xx_HAL_Driver/Inc -I../Drivers/STM32F0xx_HAL_Driver/Inc/Legacy -I../Drivers/CMSIS/Device/ST/STM32F0xx/Include -I../Drivers/CMSIS/Include -I"C:/Users/Mark/Google Drive/Solar Gators/Auxiliary_2019-2020/mcb_rev3/Core/Src/subsystem-can-driver" -O0 -ffunction-sections -fdata-sections -fno-exceptions -fno-rtti -fno-threadsafe-statics -fno-use-cxa-atexit -Wall -fstack-usage -MMD -MP -MF"Core/Src/subsystem-can-driver/subsystem-data-module.d" -MT"Core/Src/subsystem-can-driver/subsystem-data-module.o" --specs=nano.specs -mfloat-abi=soft -mthumb -o "Core/Src/subsystem-can-driver/subsystem-data-module.o"
arm-none-eabi-g++ "../Core/Src/main.cpp" -mcpu=cortex-m0 -std=gnu++14 -g3 -DUSE_HAL_DRIVER -DSTM32F072xB -DDEBUG -c -I../Core/Inc -I../Drivers/STM32F0xx_HAL_Driver/Inc -I../Drivers/STM32F0xx_HAL_Driver/Inc/Legacy -I../Drivers/CMSIS/Device/ST/STM32F0xx/Include -I../Drivers/CMSIS/Include -I"C:/Users/Mark/Google Drive/Solar Gators/Auxiliary_2019-2020/mcb_rev3/Core/Src/subsystem-can-driver" -O0 -ffunction-sections -fdata-sections -fno-exceptions -fno-rtti -fno-threadsafe-statics -fno-use-cxa-atexit -Wall -fstack-usage -MMD -MP -MF"Core/Src/main.d" -MT"Core/Src/main.o" --specs=nano.specs -mfloat-abi=soft -mthumb -o "Core/Src/main.o"
arm-none-eabi-gcc "../Core/Src/stm32f0xx_hal_msp.c" -mcpu=cortex-m0 -std=gnu11 -g3 -DUSE_HAL_DRIVER -DSTM32F072xB -DDEBUG -c -I../Core/Inc -I../Drivers/STM32F0xx_HAL_Driver/Inc -I../Drivers/STM32F0xx_HAL_Driver/Inc/Legacy -I../Drivers/CMSIS/Device/ST/STM32F0xx/Include -I../Drivers/CMSIS/Include -O0 -ffunction-sections -fdata-sections -Wall -fstack-usage -MMD -MP -MF"Core/Src/stm32f0xx_hal_msp.d" -MT"Core/Src/stm32f0xx_hal_msp.o" --specs=nano.specs -mfloat-abi=soft -mthumb -o "Core/Src/stm32f0xx_hal_msp.o"
arm-none-eabi-gcc "../Core/Src/stm32f0xx_it.c" -mcpu=cortex-m0 -std=gnu11 -g3 -DUSE_HAL_DRIVER -DSTM32F072xB -DDEBUG -c -I../Core/Inc -I../Drivers/STM32F0xx_HAL_Driver/Inc -I../Drivers/STM32F0xx_HAL_Driver/Inc/Legacy -I../Drivers/CMSIS/Device/ST/STM32F0xx/Include -I../Drivers/CMSIS/Include -O0 -ffunction-sections -fdata-sections -Wall -fstack-usage -MMD -MP -MF"Core/Src/stm32f0xx_it.d" -MT"Core/Src/stm32f0xx_it.o" --specs=nano.specs -mfloat-abi=soft -mthumb -o "Core/Src/stm32f0xx_it.o"
arm-none-eabi-gcc "../Core/Src/syscalls.c" -mcpu=cortex-m0 -std=gnu11 -g3 -DUSE_HAL_DRIVER -DSTM32F072xB -DDEBUG -c -I../Core/Inc -I../Drivers/STM32F0xx_HAL_Driver/Inc -I../Drivers/STM32F0xx_HAL_Driver/Inc/Legacy -I../Drivers/CMSIS/Device/ST/STM32F0xx/Include -I../Drivers/CMSIS/Include -O0 -ffunction-sections -fdata-sections -Wall -fstack-usage -MMD -MP -MF"Core/Src/syscalls.d" -MT"Core/Src/syscalls.o" --specs=nano.specs -mfloat-abi=soft -mthumb -o "Core/Src/syscalls.o"
arm-none-eabi-gcc "../Core/Src/sysmem.c" -mcpu=cortex-m0 -std=gnu11 -g3 -DUSE_HAL_DRIVER -DSTM32F072xB -DDEBUG -c -I../Core/Inc -I../Drivers/STM32F0xx_HAL_Driver/Inc -I../Drivers/STM32F0xx_HAL_Driver/Inc/Legacy -I../Drivers/CMSIS/Device/ST/STM32F0xx/Include -I../Drivers/CMSIS/Include -O0 -ffunction-sections -fdata-sections -Wall -fstack-usage -MMD -MP -MF"Core/Src/sysmem.d" -MT"Core/Src/sysmem.o" --specs=nano.specs -mfloat-abi=soft -mthumb -o "Core/Src/sysmem.o"
arm-none-eabi-gcc "../Core/Src/system_stm32f0xx.c" -mcpu=cortex-m0 -std=gnu11 -g3 -DUSE_HAL_DRIVER -DSTM32F072xB -DDEBUG -c -I../Core/Inc -I../Drivers/STM32F0xx_HAL_Driver/Inc -I../Drivers/STM32F0xx_HAL_Driver/Inc/Legacy -I../Drivers/CMSIS/Device/ST/STM32F0xx/Include -I../Drivers/CMSIS/Include -O0 -ffunction-sections -fdata-sections -Wall -fstack-usage -MMD -MP -MF"Core/Src/system_stm32f0xx.d" -MT"Core/Src/system_stm32f0xx.o" --specs=nano.specs -mfloat-abi=soft -mthumb -o "Core/Src/system_stm32f0xx.o"
arm-none-eabi-g++ -o "mcb_rev3.elf" @"objects.list"   -mcpu=cortex-m0 -T"C:\Users\Mark\Google Drive\Solar Gators\Auxiliary_2019-2020\mcb_rev3\STM32F072RBTX_FLASH.ld" --specs=nosys.specs -Wl,-Map="mcb_rev3.map" -Wl,--gc-sections -static --specs=nano.specs -mfloat-abi=soft -mthumb -Wl,--start-group -lc -lm -lstdc++ -lsupc++ -Wl,--end-group
Core/Src/subsystem-can-driver/subsystem-data-module.o: In function `HAL_CAN_MspInit':
C:/Users/Mark/Google Drive/Solar Gators/Auxiliary_2019-2020/mcb_rev3/Debug/../Core/Src/subsystem-can-driver/subsystem-data-module.cpp:74: multiple definition of `HAL_CAN_MspInit'
Core/Src/stm32f0xx_hal_msp.o:C:/Users/Mark/Google Drive/Solar Gators/Auxiliary_2019-2020/mcb_rev3/Debug/../Core/Src/stm32f0xx_hal_msp.c:87: first defined here
Core/Src/subsystem-can-driver/subsystem-data-module.o: In function `HAL_CAN_MspDeInit':
C:/Users/Mark/Google Drive/Solar Gators/Auxiliary_2019-2020/mcb_rev3/Debug/../Core/Src/subsystem-can-driver/subsystem-data-module.cpp:113: multiple definition of `HAL_CAN_MspDeInit'
Core/Src/stm32f0xx_hal_msp.o:C:/Users/Mark/Google Drive/Solar Gators/Auxiliary_2019-2020/mcb_rev3/Debug/../Core/Src/stm32f0xx_hal_msp.c:123: first defined here
collect2.exe: error: ld returned 1 exit status
make: *** [makefile:67: mcb_rev3.elf] Error 1
"make -j12 all" terminated with exit code 2. Build might be incomplete.
15:40:31 **** Incremental Build of configuration Debug for project mcb_rev3 ****
make -j12 all 
arm-none-eabi-g++ "../Core/Src/main.cpp" -mcpu=cortex-m0 -std=gnu++14 -g3 -DUSE_HAL_DRIVER -DSTM32F072xB -DDEBUG -c -I../Core/Inc -I../Drivers/STM32F0xx_HAL_Driver/Inc -I../Drivers/STM32F0xx_HAL_Driver/Inc/Legacy -I../Drivers/CMSIS/Device/ST/STM32F0xx/Include -I../Drivers/CMSIS/Include -I"C:/Users/Mark/Google Drive/Solar Gators/Auxiliary_2019-2020/mcb_rev3/Core/Src/subsystem-can-driver" -O0 -ffunction-sections -fdata-sections -fno-exceptions -fno-rtti -fno-threadsafe-statics -fno-use-cxa-atexit -Wall -fstack-usage -MMD -MP -MF"Core/Src/main.d" -MT"Core/Src/main.o" --specs=nano.specs -mfloat-abi=soft -mthumb -o "Core/Src/main.o"
[...]
                                        ^~~~~~~~~~~~~~~~~
                                        TIM_HandleTypeDef
../Core/Src/subsystem-can-driver/subsystem-data-module.cpp:26:59: error: 'hcan' was not declared in this scope
 void HAL_CAN_RxFifo0MsgPendingCallback(CAN_HandleTypeDef *hcan)
                                                           ^~~~
../Core/Src/subsystem-can-driver/subsystem-data-module.cpp: In function 'void CEC_CAN_IRQHandler()':
../Core/Src/subsystem-can-driver/subsystem-data-module.cpp:61:46: error: 'hcan' is not a member of 'SUBSYSTEM_DATA_MODULE'
   HAL_CAN_IRQHandler(&SUBSYSTEM_DATA_MODULE::hcan);
                                              ^~~~
../Core/Src/subsystem-can-driver/subsystem-data-module.cpp:61:3: error: 'HAL_CAN_IRQHandler' was not declared in this scope
   HAL_CAN_IRQHandler(&SUBSYSTEM_DATA_MODULE::hcan);
   ^~~~~~~~~~~~~~~~~~
make: *** [Core/Src/subdir.mk:41: Core/Src/main.o] Error 1
../Core/Src/subsystem-can-driver/subsystem-data-module.cpp:61:3: note: suggested alternative: 'CEC_CAN_IRQHandler'
   HAL_CAN_IRQHandler(&SUBSYSTEM_DATA_MODULE::hcan);
   ^~~~~~~~~~~~~~~~~~
   CEC_CAN_IRQHandler
../Core/Src/subsystem-can-driver/subsystem-data-module.cpp: At global scope:
../Core/Src/subsystem-can-driver/subsystem-data-module.cpp:73:22: error: variable or field 'HAL_CAN_MspInit' declared void
 void HAL_CAN_MspInit(CAN_HandleTypeDef* hcan)
                      ^~~~~~~~~~~~~~~~~
../Core/Src/subsystem-can-driver/subsystem-data-module.cpp:73:22: error: 'CAN_HandleTypeDef' was not declared in this scope
../Core/Src/subsystem-can-driver/subsystem-data-module.cpp:73:22: note: suggested alternative: 'TIM_HandleTypeDef'
 void HAL_CAN_MspInit(CAN_HandleTypeDef* hcan)
                      ^~~~~~~~~~~~~~~~~
                      TIM_HandleTypeDef
../Core/Src/subsystem-can-driver/subsystem-data-module.cpp:73:41: error: 'hcan' was not declared in this scope
 void HAL_CAN_MspInit(CAN_HandleTypeDef* hcan)
                                         ^~~~
../Core/Src/subsystem-can-driver/subsystem-data-module.cpp:112:24: error: variable or field 'HAL_CAN_MspDeInit' declared void
 void HAL_CAN_MspDeInit(CAN_HandleTypeDef* hcan)
                        ^~~~~~~~~~~~~~~~~
../Core/Src/subsystem-can-driver/subsystem-data-module.cpp:112:24: error: 'CAN_HandleTypeDef' was not declared in this scope
../Core/Src/subsystem-can-driver/subsystem-data-module.cpp:112:24: note: suggested alternative: 'TIM_HandleTypeDef'
 void HAL_CAN_MspDeInit(CAN_HandleTypeDef* hcan)
                        ^~~~~~~~~~~~~~~~~
                        TIM_HandleTypeDef
../Core/Src/subsystem-can-driver/subsystem-data-module.cpp:112:43: error: 'hcan' was not declared in this scope
 void HAL_CAN_MspDeInit(CAN_HandleTypeDef* hcan)
                                           ^~~~
../Core/Src/subsystem-can-driver/subsystem-data-module.cpp: In static member function 'static void SUBSYSTEM_DATA_MODULE::StartCAN()':
../Core/Src/subsystem-can-driver/subsystem-data-module.cpp:179:2: error: 'hcan' was not declared in this scope
  hcan.Instance = CAN;
  ^~~~
../Core/Src/subsystem-can-driver/subsystem-data-module.cpp:181:19: error: 'CAN_MODE_NORMAL' was not declared in this scope
  hcan.Init.Mode = CAN_MODE_NORMAL;
                   ^~~~~~~~~~~~~~~
../Core/Src/subsystem-can-driver/subsystem-data-module.cpp:181:19: note: suggested alternative: 'PWR_PVD_MODE_NORMAL'
  hcan.Init.Mode = CAN_MODE_NORMAL;
                   ^~~~~~~~~~~~~~~
                   PWR_PVD_MODE_NORMAL
../Core/Src/subsystem-can-driver/subsystem-data-module.cpp:183:28: error: 'CAN_SJW_1TQ' was not declared in this scope
  hcan.Init.SyncJumpWidth = CAN_SJW_1TQ;
                            ^~~~~~~~~~~
../Core/Src/subsystem-can-driver/subsystem-data-module.cpp:184:23: error: 'CAN_BS1_13TQ' was not declared in this scope
  hcan.Init.TimeSeg1 = CAN_BS1_13TQ;
                       ^~~~~~~~~~~~
../Core/Src/subsystem-can-driver/subsystem-data-module.cpp:184:23: note: suggested alternative: 'CAN_BTR_TS2'
  hcan.Init.TimeSeg1 = CAN_BS1_13TQ;
                       ^~~~~~~~~~~~
                       CAN_BTR_TS2
../Core/Src/subsystem-can-driver/subsystem-data-module.cpp:185:23: error: 'CAN_BS2_2TQ' was not declared in this scope
  hcan.Init.TimeSeg2 = CAN_BS2_2TQ;
                       ^~~~~~~~~~~
../Core/Src/subsystem-can-driver/subsystem-data-module.cpp:185:23: note: suggested alternative: 'CAN_BTR_TS2'
  hcan.Init.TimeSeg2 = CAN_BS2_2TQ;
                       ^~~~~~~~~~~
                       CAN_BTR_TS2
../Core/Src/subsystem-can-driver/subsystem-data-module.cpp:192:6: error: 'HAL_CAN_Init' was not declared in this scope
  if (HAL_CAN_Init(&hcan) != HAL_OK)
      ^~~~~~~~~~~~
../Core/Src/subsystem-can-driver/subsystem-data-module.cpp:192:6: note: suggested alternative: 'HAL_SPI_Init'
  if (HAL_CAN_Init(&hcan) != HAL_OK)
      ^~~~~~~~~~~~
      HAL_SPI_Init
../Core/Src/subsystem-can-driver/subsystem-data-module.cpp:198:2: error: 'CAN_FilterTypeDef' was not declared in this scope
  CAN_FilterTypeDef sFilterConfig;
  ^~~~~~~~~~~~~~~~~
../Core/Src/subsystem-can-driver/subsystem-data-module.cpp:198:2: note: suggested alternative: 'CAN_TypeDef'
  CAN_FilterTypeDef sFilterConfig;
  ^~~~~~~~~~~~~~~~~
  CAN_TypeDef
../Core/Src/subsystem-can-driver/subsystem-data-module.cpp:199:2: error: 'sFilterConfig' was not declared in this scope
  sFilterConfig.FilterActivation = CAN_FILTER_ENABLE; /*Enable the filter*/
  ^~~~~~~~~~~~~
../Core/Src/subsystem-can-driver/subsystem-data-module.cpp:199:2: note: suggested alternative: 'SysTick_Config'
  sFilterConfig.FilterActivation = CAN_FILTER_ENABLE; /*Enable the filter*/
  ^~~~~~~~~~~~~
  SysTick_Config
../Core/Src/subsystem-can-driver/subsystem-data-module.cpp:199:35: error: 'CAN_FILTER_ENABLE' was not declared in this scope
  sFilterConfig.FilterActivation = CAN_FILTER_ENABLE; /*Enable the filter*/
                                   ^~~~~~~~~~~~~~~~~
../Core/Src/subsystem-can-driver/subsystem-data-module.cpp:199:35: note: suggested alternative: 'CAN_IER_ERRIE'
  sFilterConfig.FilterActivation = CAN_FILTER_ENABLE; /*Enable the filter*/
                                   ^~~~~~~~~~~~~~~~~
                                   CAN_IER_ERRIE
../Core/Src/subsystem-can-driver/subsystem-data-module.cpp:200:29: error: 'CAN_FILTERMODE_IDMASK' was not declared in this scope
  sFilterConfig.FilterMode = CAN_FILTERMODE_IDMASK; /*Mask mode*/
                             ^~~~~~~~~~~~~~~~~~~~~
../Core/Src/subsystem-can-driver/subsystem-data-module.cpp:203:30: error: 'CAN_FILTERSCALE_32BIT' was not declared in this scope
  sFilterConfig.FilterScale = CAN_FILTERSCALE_32BIT; /*One 32-bit filter*/
                              ^~~~~~~~~~~~~~~~~~~~~
../Core/Src/subsystem-can-driver/subsystem-data-module.cpp:206:2: error: 'HAL_CAN_ConfigFilter' was not declared in this scope
  HAL_CAN_ConfigFilter(&hcan, &sFilterConfig);
  ^~~~~~~~~~~~~~~~~~~~
../Core/Src/subsystem-can-driver/subsystem-data-module.cpp:206:2: note: suggested alternative: 'HAL_PWR_ConfigPVD'
  HAL_CAN_ConfigFilter(&hcan, &sFilterConfig);
  ^~~~~~~~~~~~~~~~~~~~
  HAL_PWR_ConfigPVD
../Core/Src/subsystem-can-driver/subsystem-data-module.cpp:209:38: error: 'CAN_IT_RX_FIFO0_MSG_PENDING' was not declared in this scope
  HAL_CAN_ActivateNotification(&hcan, CAN_IT_RX_FIFO0_MSG_PENDING);
                                      ^~~~~~~~~~~~~~~~~~~~~~~~~~~
../Core/Src/subsystem-can-driver/subsystem-data-module.cpp:209:2: error: 'HAL_CAN_ActivateNotification' was not declared in this scope
  HAL_CAN_ActivateNotification(&hcan, CAN_IT_RX_FIFO0_MSG_PENDING);
  ^~~~~~~~~~~~~~~~~~~~~~~~~~~~
../Core/Src/subsystem-can-driver/subsystem-data-module.cpp:212:2: error: 'HAL_CAN_Start' was not declared in this scope
  HAL_CAN_Start(&hcan);
  ^~~~~~~~~~~~~
../Core/Src/subsystem-can-driver/subsystem-data-module.cpp:212:2: note: suggested alternative: 'HAL_DMA_Start'
  HAL_CAN_Start(&hcan);
  ^~~~~~~~~~~~~
  HAL_DMA_Start
../Core/Src/subsystem-can-driver/subsystem-data-module.cpp: In member function 'void SUBSYSTEM_DATA_MODULE::sendTransmitBufferData()':
../Core/Src/subsystem-can-driver/subsystem-data-module.cpp:218:5: error: 'hcan' was not declared in this scope
  if(hcan.Instance != nullptr)
     ^~~~
../Core/Src/subsystem-can-driver/subsystem-data-module.cpp:221:10: error: 'HAL_CAN_GetTxMailboxesFreeLevel' was not declared in this scope
   while(!HAL_CAN_GetTxMailboxesFreeLevel(&hcan));
          ^~~~~~~~~~~~~~~~~~~~~~~~~~~~~~~
../Core/Src/subsystem-can-driver/subsystem-data-module.cpp:225:3: error: 'CAN_TxHeaderTypeDef' was not declared in this scope
   CAN_TxHeaderTypeDef pHeader;
   ^~~~~~~~~~~~~~~~~~~
../Core/Src/subsystem-can-driver/subsystem-data-module.cpp:225:3: note: suggested alternative: 'HAL_TickFreqTypeDef'
   CAN_TxHeaderTypeDef pHeader;
   ^~~~~~~~~~~~~~~~~~~
   HAL_TickFreqTypeDef
../Core/Src/subsystem-can-driver/subsystem-data-module.cpp:226:3: error: 'pHeader' was not declared in this scope
   pHeader.RTR = CAN_RTR_DATA;
   ^~~~~~~
../Core/Src/subsystem-can-driver/subsystem-data-module.cpp:226:17: error: 'CAN_RTR_DATA' was not declared in this scope
   pHeader.RTR = CAN_RTR_DATA;
                 ^~~~~~~~~~~~
../Core/Src/subsystem-can-driver/subsystem-data-module.cpp:226:17: note: suggested alternative: 'CAN_RDL1R_DATA0'
   pHeader.RTR = CAN_RTR_DATA;
                 ^~~~~~~~~~~~
                 CAN_RDL1R_DATA0
../Core/Src/subsystem-can-driver/subsystem-data-module.cpp:231:18: error: 'CAN_ID_EXT' was not declared in this scope
    pHeader.IDE = CAN_ID_EXT;
                  ^~~~~~~~~~
../Core/Src/subsystem-can-driver/subsystem-data-module.cpp:231:18: note: suggested alternative: 'CAN_MSR_TXM'
    pHeader.IDE = CAN_ID_EXT;
                  ^~~~~~~~~~
                  CAN_MSR_TXM
../Core/Src/subsystem-can-driver/subsystem-data-module.cpp:235:18: error: 'CAN_ID_STD' was not declared in this scope
    pHeader.IDE = CAN_ID_STD;
                  ^~~~~~~~~~
../Core/Src/subsystem-can-driver/subsystem-data-module.cpp:235:18: note: suggested alternative: 'CAN_RI1R_STID'
    pHeader.IDE = CAN_ID_STD;
                  ^~~~~~~~~~
                  CAN_RI1R_STID
../Core/Src/subsystem-can-driver/subsystem-data-module.cpp:238:3: error: 'HAL_CAN_AddTxMessage' was not declared in this scope
   HAL_CAN_AddTxMessage(&hcan, &pHeader, this->transmitBuffer, &pTxMailbox);
   ^~~~~~~~~~~~~~~~~~~~
make: *** [Core/Src/subsystem-can-driver/subdir.mk:33: Core/Src/subsystem-can-driver/subsystem-data-module.o] Error 1
"make -j12 all" terminated with exit code 2. Build might be incomplete.
18:00:03 **** Incremental Build of configuration Debug for project mcb_rev3 ****
make -j12 all 
arm-none-eabi-g++ "../Core/Src/main.cpp" -mcpu=cortex-m0 -std=gnu++14 -g3 -DUSE_HAL_DRIVER -DSTM32F072xB -DDEBUG -c -I../Core/Inc -I../Drivers/STM32F0xx_HAL_Driver/Inc -I../Drivers/STM32F0xx_HAL_Driver/Inc/Legacy -I../Drivers/CMSIS/Device/ST/STM32F0xx/Include -I../Drivers/CMSIS/Include -I"C:/Users/Mark/Google Drive/Solar Gators/Auxiliary_2019-2020/mcb_rev3/Core/Src/subsystem-can-driver" -O0 -ffunction-sections -fdata-sections -fno-exceptions -fno-rtti -fno-threadsafe-statics -fno-use-cxa-atexit -Wall -fstack-usage -MMD -MP -MF"Core/Src/main.d" -MT"Core/Src/main.o" --specs=nano.specs -mfloat-abi=soft -mthumb -o "Core/Src/main.o"
../Core/Src/main.cpp: In function 'int main()':
../Core/Src/main.cpp:200:23: error: 'MPPT_PRE_GPIO_Port' was not declared in this scope
     HAL_GPIO_WritePin(MPPT_PRE_GPIO_Port, MPPT_PRE_Pin, GPIO_PIN_SET);
                       ^~~~~~~~~~~~~~~~~~
../Core/Src/main.cpp:200:23: note: suggested alternative: 'PRE_MPPT_GPIO_Port'
     HAL_GPIO_WritePin(MPPT_PRE_GPIO_Port, MPPT_PRE_Pin, GPIO_PIN_SET);
                       ^~~~~~~~~~~~~~~~~~
                       PRE_MPPT_GPIO_Port
../Core/Src/main.cpp:200:43: error: 'MPPT_PRE_Pin' was not declared in this scope
     HAL_GPIO_WritePin(MPPT_PRE_GPIO_Port, MPPT_PRE_Pin, GPIO_PIN_SET);
                                           ^~~~~~~~~~~~
../Core/Src/main.cpp:200:43: note: suggested alternative: 'PRE_MPPT_Pin'
     HAL_GPIO_WritePin(MPPT_PRE_GPIO_Port, MPPT_PRE_Pin, GPIO_PIN_SET);
                                           ^~~~~~~~~~~~
                                           PRE_MPPT_Pin
../Core/Src/main.cpp: In function 'void HAL_TIM_PeriodElapsedCallback(TIM_HandleTypeDef*)':
../Core/Src/main.cpp:447:23: error: switch quantity not an integer
  switch(htim->Instance)
                       ^
In file included from ../Drivers/CMSIS/Device/ST/STM32F0xx/Include/stm32f0xx.h:139:0,
                 from ../Drivers/STM32F0xx_HAL_Driver/Inc/stm32f0xx_hal_def.h:30,
                 from ../Drivers/STM32F0xx_HAL_Driver/Inc/stm32f0xx_hal_rcc.h:29,
                 from ../Core/Inc/stm32f0xx_hal_conf.h:192,
                 from ../Drivers/STM32F0xx_HAL_Driver/Inc/stm32f0xx_hal.h:30,
                 from ../Core/Inc/main.h:31,
                 from ../Core/Src/main.cpp:21:
../Drivers/CMSIS/Device/ST/STM32F0xx/Include/stm32f072xb.h:718:30: error: could not convert '(TIM_TypeDef*)(1073741824 + 0)' from 'TIM_TypeDef*' to '<type error>'
 #define TIM2                ((TIM_TypeDef *) TIM2_BASE)
                             ~^~~~~~~~~~~~~~~~~~~~~~~~~~
../Core/Src/main.cpp:449:7: note: in expansion of macro 'TIM2'
  case TIM2:
       ^~~~
make: *** [Core/Src/subdir.mk:37: Core/Src/main.o] Error 1
"make -j12 all" terminated with exit code 2. Build might be incomplete.
18:00:08 **** Incremental Build of configuration Debug for project mcb_rev3 ****
make -j12 all 
arm-none-eabi-g++ "../Core/Src/main.cpp" -mcpu=cortex-m0 -std=gnu++14 -g3 -DUSE_HAL_DRIVER -DSTM32F072xB -DDEBUG -c -I../Core/Inc -I../Drivers/STM32F0xx_HAL_Driver/Inc -I../Drivers/STM32F0xx_HAL_Driver/Inc/Legacy -I../Drivers/CMSIS/Device/ST/STM32F0xx/Include -I../Drivers/CMSIS/Include -I"C:/Users/Mark/Google Drive/Solar Gators/Auxiliary_2019-2020/mcb_rev3/Core/Src/subsystem-can-driver" -O0 -ffunction-sections -fdata-sections -fno-exceptions -fno-rtti -fno-threadsafe-statics -fno-use-cxa-atexit -Wall -fstack-usage -MMD -MP -MF"Core/Src/main.d" -MT"Core/Src/main.o" --specs=nano.specs -mfloat-abi=soft -mthumb -o "Core/Src/main.o"
../Core/Src/main.cpp: In function 'int main()':
../Core/Src/main.cpp:200:23: error: 'MPPT_PRE_GPIO_Port' was not declared in this scope
     HAL_GPIO_WritePin(MPPT_PRE_GPIO_Port, MPPT_PRE_Pin, GPIO_PIN_SET);
                       ^~~~~~~~~~~~~~~~~~
../Core/Src/main.cpp:200:23: note: suggested alternative: 'PRE_MPPT_GPIO_Port'
     HAL_GPIO_WritePin(MPPT_PRE_GPIO_Port, MPPT_PRE_Pin, GPIO_PIN_SET);
                       ^~~~~~~~~~~~~~~~~~
                       PRE_MPPT_GPIO_Port
../Core/Src/main.cpp:200:43: error: 'MPPT_PRE_Pin' was not declared in this scope
     HAL_GPIO_WritePin(MPPT_PRE_GPIO_Port, MPPT_PRE_Pin, GPIO_PIN_SET);
                                           ^~~~~~~~~~~~
../Core/Src/main.cpp:200:43: note: suggested alternative: 'PRE_MPPT_Pin'
     HAL_GPIO_WritePin(MPPT_PRE_GPIO_Port, MPPT_PRE_Pin, GPIO_PIN_SET);
                                           ^~~~~~~~~~~~
                                           PRE_MPPT_Pin
../Core/Src/main.cpp: In function 'void HAL_TIM_PeriodElapsedCallback(TIM_HandleTypeDef*)':
../Core/Src/main.cpp:447:23: error: switch quantity not an integer
  switch(htim->Instance)
                       ^
In file included from ../Drivers/CMSIS/Device/ST/STM32F0xx/Include/stm32f0xx.h:139:0,
                 from ../Drivers/STM32F0xx_HAL_Driver/Inc/stm32f0xx_hal_def.h:30,
                 from ../Drivers/STM32F0xx_HAL_Driver/Inc/stm32f0xx_hal_rcc.h:29,
                 from ../Core/Inc/stm32f0xx_hal_conf.h:192,
                 from ../Drivers/STM32F0xx_HAL_Driver/Inc/stm32f0xx_hal.h:30,
                 from ../Core/Inc/main.h:31,
                 from ../Core/Src/main.cpp:21:
../Drivers/CMSIS/Device/ST/STM32F0xx/Include/stm32f072xb.h:718:30: error: could not convert '(TIM_TypeDef*)(1073741824 + 0)' from 'TIM_TypeDef*' to '<type error>'
 #define TIM2                ((TIM_TypeDef *) TIM2_BASE)
                             ~^~~~~~~~~~~~~~~~~~~~~~~~~~
../Core/Src/main.cpp:449:7: note: in expansion of macro 'TIM2'
  case TIM2:
       ^~~~
make: *** [Core/Src/subdir.mk:37: Core/Src/main.o] Error 1
"make -j12 all" terminated with exit code 2. Build might be incomplete.
18:00:45 **** Incremental Build of configuration Debug for project mcb_rev3 ****
make -j12 all 
arm-none-eabi-g++ "../Core/Src/main.cpp" -mcpu=cortex-m0 -std=gnu++14 -g3 -DUSE_HAL_DRIVER -DSTM32F072xB -DDEBUG -c -I../Core/Inc -I../Drivers/STM32F0xx_HAL_Driver/Inc -I../Drivers/STM32F0xx_HAL_Driver/Inc/Legacy -I../Drivers/CMSIS/Device/ST/STM32F0xx/Include -I../Drivers/CMSIS/Include -I"C:/Users/Mark/Google Drive/Solar Gators/Auxiliary_2019-2020/mcb_rev3/Core/Src/subsystem-can-driver" -O0 -ffunction-sections -fdata-sections -fno-exceptions -fno-rtti -fno-threadsafe-statics -fno-use-cxa-atexit -Wall -fstack-usage -MMD -MP -MF"Core/Src/main.d" -MT"Core/Src/main.o" --specs=nano.specs -mfloat-abi=soft -mthumb -o "Core/Src/main.o"
../Core/Src/main.cpp: In function 'void HAL_TIM_PeriodElapsedCallback(TIM_HandleTypeDef*)':
../Core/Src/main.cpp:447:23: error: switch quantity not an integer
  switch(htim->Instance)
                       ^
In file included from ../Drivers/CMSIS/Device/ST/STM32F0xx/Include/stm32f0xx.h:139:0,
                 from ../Drivers/STM32F0xx_HAL_Driver/Inc/stm32f0xx_hal_def.h:30,
                 from ../Drivers/STM32F0xx_HAL_Driver/Inc/stm32f0xx_hal_rcc.h:29,
                 from ../Core/Inc/stm32f0xx_hal_conf.h:192,
                 from ../Drivers/STM32F0xx_HAL_Driver/Inc/stm32f0xx_hal.h:30,
                 from ../Core/Inc/main.h:31,
                 from ../Core/Src/main.cpp:21:
../Drivers/CMSIS/Device/ST/STM32F0xx/Include/stm32f072xb.h:718:30: error: could not convert '(TIM_TypeDef*)(1073741824 + 0)' from 'TIM_TypeDef*' to '<type error>'
 #define TIM2                ((TIM_TypeDef *) TIM2_BASE)
                             ~^~~~~~~~~~~~~~~~~~~~~~~~~~
../Core/Src/main.cpp:449:7: note: in expansion of macro 'TIM2'
  case TIM2:
       ^~~~
make: *** [Core/Src/subdir.mk:37: Core/Src/main.o] Error 1
"make -j12 all" terminated with exit code 2. Build might be incomplete.
18:01:52 **** Incremental Build of configuration Debug for project mcb_rev3 ****
make -j12 all 
arm-none-eabi-g++ "../Core/Src/main.cpp" -mcpu=cortex-m0 -std=gnu++14 -g3 -DUSE_HAL_DRIVER -DSTM32F072xB -DDEBUG -c -I../Core/Inc -I../Drivers/STM32F0xx_HAL_Driver/Inc -I../Drivers/STM32F0xx_HAL_Driver/Inc/Legacy -I../Drivers/CMSIS/Device/ST/STM32F0xx/Include -I../Drivers/CMSIS/Include -I"C:/Users/Mark/Google Drive/Solar Gators/Auxiliary_2019-2020/mcb_rev3/Core/Src/subsystem-can-driver" -O0 -ffunction-sections -fdata-sections -fno-exceptions -fno-rtti -fno-threadsafe-statics -fno-use-cxa-atexit -Wall -fstack-usage -MMD -MP -MF"Core/Src/main.d" -MT"Core/Src/main.o" --specs=nano.specs -mfloat-abi=soft -mthumb -o "Core/Src/main.o"
arm-none-eabi-g++ -o "mcb_rev3.elf" @"objects.list"   -mcpu=cortex-m0 -T"C:\Users\Mark\Google Drive\Solar Gators\Auxiliary_2019-2020\mcb_rev3\STM32F072RBTX_FLASH.ld" --specs=nosys.specs -Wl,-Map="mcb_rev3.map" -Wl,--gc-sections -static --specs=nano.specs -mfloat-abi=soft -mthumb -Wl,--start-group -lc -lm -lstdc++ -lsupc++ -Wl,--end-group
Finished building target: mcb_rev3.elf
 
arm-none-eabi-objdump -h -S  mcb_rev3.elf  > "mcb_rev3.list"
arm-none-eabi-objcopy  -O binary  mcb_rev3.elf  "mcb_rev3.bin"
arm-none-eabi-size   mcb_rev3.elf 
   text	   data	    bss	    dec	    hex	filename
  14412	    144	   1992	  16548	   40a4	mcb_rev3.elf
Finished building: default.size.stdout
 
Finished building: mcb_rev3.bin
 
Finished building: mcb_rev3.list
 
18:01:54 **** Incremental Build of configuration Debug for project mcb_rev3 ****
make -j12 all 
arm-none-eabi-size   mcb_rev3.elf 
   text	   data	    bss	    dec	    hex	filename
  14412	    144	   1992	  16548	   40a4	mcb_rev3.elf
Finished building: default.size.stdout
 
