17:11:49 **** Clean-only build of configuration Debug for project mcb_rev2 ****
make -j12 clean 
rm -rf *
 
17:11:51 **** Build of configuration Debug for project mcb_rev2 ****
make -j12 all 
arm-none-eabi-gcc "../Drivers/STM32F0xx_HAL_Driver/Src/stm32f0xx_hal.c" -mcpu=cortex-m0 -std=gnu11 -g3 -DUSE_HAL_DRIVER -DSTM32F072xB -DDEBUG -c -I../Drivers/STM32F0xx_HAL_Driver/Inc -I../Drivers/CMSIS/Include -I../Core/Inc -I../Drivers/STM32F0xx_HAL_Driver/Inc/Legacy -I../Drivers/CMSIS/Device/ST/STM32F0xx/Include -O0 -ffunction-sections -fdata-sections -Wall -fstack-usage -MMD -MP -MF"Drivers/STM32F0xx_HAL_Driver/Src/stm32f0xx_hal.d" -MT"Drivers/STM32F0xx_HAL_Driver/Src/stm32f0xx_hal.o" --specs=nano.specs -mfloat-abi=soft -mthumb -o "Drivers/STM32F0xx_HAL_Driver/Src/stm32f0xx_hal.o"
arm-none-eabi-gcc "../Drivers/STM32F0xx_HAL_Driver/Src/stm32f0xx_hal_can.c" -mcpu=cortex-m0 -std=gnu11 -g3 -DUSE_HAL_DRIVER -DSTM32F072xB -DDEBUG -c -I../Drivers/STM32F0xx_HAL_Driver/Inc -I../Drivers/CMSIS/Include -I../Core/Inc -I../Drivers/STM32F0xx_HAL_Driver/Inc/Legacy -I../Drivers/CMSIS/Device/ST/STM32F0xx/Include -O0 -ffunction-sections -fdata-sections -Wall -fstack-usage -MMD -MP -MF"Drivers/STM32F0xx_HAL_Driver/Src/stm32f0xx_hal_can.d" -MT"Drivers/STM32F0xx_HAL_Driver/Src/stm32f0xx_hal_can.o" --specs=nano.specs -mfloat-abi=soft -mthumb -o "Drivers/STM32F0xx_HAL_Driver/Src/stm32f0xx_hal_can.o"
arm-none-eabi-gcc "../Drivers/STM32F0xx_HAL_Driver/Src/stm32f0xx_hal_cortex.c" -mcpu=cortex-m0 -std=gnu11 -g3 -DUSE_HAL_DRIVER -DSTM32F072xB -DDEBUG -c -I../Drivers/STM32F0xx_HAL_Driver/Inc -I../Drivers/CMSIS/Include -I../Core/Inc -I../Drivers/STM32F0xx_HAL_Driver/Inc/Legacy -I../Drivers/CMSIS/Device/ST/STM32F0xx/Include -O0 -ffunction-sections -fdata-sections -Wall -fstack-usage -MMD -MP -MF"Drivers/STM32F0xx_HAL_Driver/Src/stm32f0xx_hal_cortex.d" -MT"Drivers/STM32F0xx_HAL_Driver/Src/stm32f0xx_hal_cortex.o" --specs=nano.specs -mfloat-abi=soft -mthumb -o "Drivers/STM32F0xx_HAL_Driver/Src/stm32f0xx_hal_cortex.o"
arm-none-eabi-gcc "../Drivers/STM32F0xx_HAL_Driver/Src/stm32f0xx_hal_dma.c" -mcpu=cortex-m0 -std=gnu11 -g3 -DUSE_HAL_DRIVER -DSTM32F072xB -DDEBUG -c -I../Drivers/STM32F0xx_HAL_Driver/Inc -I../Drivers/CMSIS/Include -I../Core/Inc -I../Drivers/STM32F0xx_HAL_Driver/Inc/Legacy -I../Drivers/CMSIS/Device/ST/STM32F0xx/Include -O0 -ffunction-sections -fdata-sections -Wall -fstack-usage -MMD -MP -MF"Drivers/STM32F0xx_HAL_Driver/Src/stm32f0xx_hal_dma.d" -MT"Drivers/STM32F0xx_HAL_Driver/Src/stm32f0xx_hal_dma.o" --specs=nano.specs -mfloat-abi=soft -mthumb -o "Drivers/STM32F0xx_HAL_Driver/Src/stm32f0xx_hal_dma.o"
arm-none-eabi-gcc "../Drivers/STM32F0xx_HAL_Driver/Src/stm32f0xx_hal_exti.c" -mcpu=cortex-m0 -std=gnu11 -g3 -DUSE_HAL_DRIVER -DSTM32F072xB -DDEBUG -c -I../Drivers/STM32F0xx_HAL_Driver/Inc -I../Drivers/CMSIS/Include -I../Core/Inc -I../Drivers/STM32F0xx_HAL_Driver/Inc/Legacy -I../Drivers/CMSIS/Device/ST/STM32F0xx/Include -O0 -ffunction-sections -fdata-sections -Wall -fstack-usage -MMD -MP -MF"Drivers/STM32F0xx_HAL_Driver/Src/stm32f0xx_hal_exti.d" -MT"Drivers/STM32F0xx_HAL_Driver/Src/stm32f0xx_hal_exti.o" --specs=nano.specs -mfloat-abi=soft -mthumb -o "Drivers/STM32F0xx_HAL_Driver/Src/stm32f0xx_hal_exti.o"
arm-none-eabi-gcc "../Drivers/STM32F0xx_HAL_Driver/Src/stm32f0xx_hal_flash.c" -mcpu=cortex-m0 -std=gnu11 -g3 -DUSE_HAL_DRIVER -DSTM32F072xB -DDEBUG -c -I../Drivers/STM32F0xx_HAL_Driver/Inc -I../Drivers/CMSIS/Include -I../Core/Inc -I../Drivers/STM32F0xx_HAL_Driver/Inc/Legacy -I../Drivers/CMSIS/Device/ST/STM32F0xx/Include -O0 -ffunction-sections -fdata-sections -Wall -fstack-usage -MMD -MP -MF"Drivers/STM32F0xx_HAL_Driver/Src/stm32f0xx_hal_flash.d" -MT"Drivers/STM32F0xx_HAL_Driver/Src/stm32f0xx_hal_flash.o" --specs=nano.specs -mfloat-abi=soft -mthumb -o "Drivers/STM32F0xx_HAL_Driver/Src/stm32f0xx_hal_flash.o"
arm-none-eabi-gcc "../Drivers/STM32F0xx_HAL_Driver/Src/stm32f0xx_hal_flash_ex.c" -mcpu=cortex-m0 -std=gnu11 -g3 -DUSE_HAL_DRIVER -DSTM32F072xB -DDEBUG -c -I../Drivers/STM32F0xx_HAL_Driver/Inc -I../Drivers/CMSIS/Include -I../Core/Inc -I../Drivers/STM32F0xx_HAL_Driver/Inc/Legacy -I../Drivers/CMSIS/Device/ST/STM32F0xx/Include -O0 -ffunction-sections -fdata-sections -Wall -fstack-usage -MMD -MP -MF"Drivers/STM32F0xx_HAL_Driver/Src/stm32f0xx_hal_flash_ex.d" -MT"Drivers/STM32F0xx_HAL_Driver/Src/stm32f0xx_hal_flash_ex.o" --specs=nano.specs -mfloat-abi=soft -mthumb -o "Drivers/STM32F0xx_HAL_Driver/Src/stm32f0xx_hal_flash_ex.o"
arm-none-eabi-gcc "../Drivers/STM32F0xx_HAL_Driver/Src/stm32f0xx_hal_gpio.c" -mcpu=cortex-m0 -std=gnu11 -g3 -DUSE_HAL_DRIVER -DSTM32F072xB -DDEBUG -c -I../Drivers/STM32F0xx_HAL_Driver/Inc -I../Drivers/CMSIS/Include -I../Core/Inc -I../Drivers/STM32F0xx_HAL_Driver/Inc/Legacy -I../Drivers/CMSIS/Device/ST/STM32F0xx/Include -O0 -ffunction-sections -fdata-sections -Wall -fstack-usage -MMD -MP -MF"Drivers/STM32F0xx_HAL_Driver/Src/stm32f0xx_hal_gpio.d" -MT"Drivers/STM32F0xx_HAL_Driver/Src/stm32f0xx_hal_gpio.o" --specs=nano.specs -mfloat-abi=soft -mthumb -o "Drivers/STM32F0xx_HAL_Driver/Src/stm32f0xx_hal_gpio.o"
arm-none-eabi-gcc "../Drivers/STM32F0xx_HAL_Driver/Src/stm32f0xx_hal_i2c.c" -mcpu=cortex-m0 -std=gnu11 -g3 -DUSE_HAL_DRIVER -DSTM32F072xB -DDEBUG -c -I../Drivers/STM32F0xx_HAL_Driver/Inc -I../Drivers/CMSIS/Include -I../Core/Inc -I../Drivers/STM32F0xx_HAL_Driver/Inc/Legacy -I../Drivers/CMSIS/Device/ST/STM32F0xx/Include -O0 -ffunction-sections -fdata-sections -Wall -fstack-usage -MMD -MP -MF"Drivers/STM32F0xx_HAL_Driver/Src/stm32f0xx_hal_i2c.d" -MT"Drivers/STM32F0xx_HAL_Driver/Src/stm32f0xx_hal_i2c.o" --specs=nano.specs -mfloat-abi=soft -mthumb -o "Drivers/STM32F0xx_HAL_Driver/Src/stm32f0xx_hal_i2c.o"
arm-none-eabi-gcc "../Drivers/STM32F0xx_HAL_Driver/Src/stm32f0xx_hal_i2c_ex.c" -mcpu=cortex-m0 -std=gnu11 -g3 -DUSE_HAL_DRIVER -DSTM32F072xB -DDEBUG -c -I../Drivers/STM32F0xx_HAL_Driver/Inc -I../Drivers/CMSIS/Include -I../Core/Inc -I../Drivers/STM32F0xx_HAL_Driver/Inc/Legacy -I../Drivers/CMSIS/Device/ST/STM32F0xx/Include -O0 -ffunction-sections -fdata-sections -Wall -fstack-usage -MMD -MP -MF"Drivers/STM32F0xx_HAL_Driver/Src/stm32f0xx_hal_i2c_ex.d" -MT"Drivers/STM32F0xx_HAL_Driver/Src/stm32f0xx_hal_i2c_ex.o" --specs=nano.specs -mfloat-abi=soft -mthumb -o "Drivers/STM32F0xx_HAL_Driver/Src/stm32f0xx_hal_i2c_ex.o"
arm-none-eabi-gcc "../Drivers/STM32F0xx_HAL_Driver/Src/stm32f0xx_hal_pwr.c" -mcpu=cortex-m0 -std=gnu11 -g3 -DUSE_HAL_DRIVER -DSTM32F072xB -DDEBUG -c -I../Drivers/STM32F0xx_HAL_Driver/Inc -I../Drivers/CMSIS/Include -I../Core/Inc -I../Drivers/STM32F0xx_HAL_Driver/Inc/Legacy -I../Drivers/CMSIS/Device/ST/STM32F0xx/Include -O0 -ffunction-sections -fdata-sections -Wall -fstack-usage -MMD -MP -MF"Drivers/STM32F0xx_HAL_Driver/Src/stm32f0xx_hal_pwr.d" -MT"Drivers/STM32F0xx_HAL_Driver/Src/stm32f0xx_hal_pwr.o" --specs=nano.specs -mfloat-abi=soft -mthumb -o "Drivers/STM32F0xx_HAL_Driver/Src/stm32f0xx_hal_pwr.o"
arm-none-eabi-gcc "../Drivers/STM32F0xx_HAL_Driver/Src/stm32f0xx_hal_pwr_ex.c" -mcpu=cortex-m0 -std=gnu11 -g3 -DUSE_HAL_DRIVER -DSTM32F072xB -DDEBUG -c -I../Drivers/STM32F0xx_HAL_Driver/Inc -I../Drivers/CMSIS/Include -I../Core/Inc -I../Drivers/STM32F0xx_HAL_Driver/Inc/Legacy -I../Drivers/CMSIS/Device/ST/STM32F0xx/Include -O0 -ffunction-sections -fdata-sections -Wall -fstack-usage -MMD -MP -MF"Drivers/STM32F0xx_HAL_Driver/Src/stm32f0xx_hal_pwr_ex.d" -MT"Drivers/STM32F0xx_HAL_Driver/Src/stm32f0xx_hal_pwr_ex.o" --specs=nano.specs -mfloat-abi=soft -mthumb -o "Drivers/STM32F0xx_HAL_Driver/Src/stm32f0xx_hal_pwr_ex.o"
arm-none-eabi-gcc "../Drivers/STM32F0xx_HAL_Driver/Src/stm32f0xx_hal_rcc.c" -mcpu=cortex-m0 -std=gnu11 -g3 -DUSE_HAL_DRIVER -DSTM32F072xB -DDEBUG -c -I../Drivers/STM32F0xx_HAL_Driver/Inc -I../Drivers/CMSIS/Include -I../Core/Inc -I../Drivers/STM32F0xx_HAL_Driver/Inc/Legacy -I../Drivers/CMSIS/Device/ST/STM32F0xx/Include -O0 -ffunction-sections -fdata-sections -Wall -fstack-usage -MMD -MP -MF"Drivers/STM32F0xx_HAL_Driver/Src/stm32f0xx_hal_rcc.d" -MT"Drivers/STM32F0xx_HAL_Driver/Src/stm32f0xx_hal_rcc.o" --specs=nano.specs -mfloat-abi=soft -mthumb -o "Drivers/STM32F0xx_HAL_Driver/Src/stm32f0xx_hal_rcc.o"
arm-none-eabi-gcc "../Drivers/STM32F0xx_HAL_Driver/Src/stm32f0xx_hal_rcc_ex.c" -mcpu=cortex-m0 -std=gnu11 -g3 -DUSE_HAL_DRIVER -DSTM32F072xB -DDEBUG -c -I../Drivers/STM32F0xx_HAL_Driver/Inc -I../Drivers/CMSIS/Include -I../Core/Inc -I../Drivers/STM32F0xx_HAL_Driver/Inc/Legacy -I../Drivers/CMSIS/Device/ST/STM32F0xx/Include -O0 -ffunction-sections -fdata-sections -Wall -fstack-usage -MMD -MP -MF"Drivers/STM32F0xx_HAL_Driver/Src/stm32f0xx_hal_rcc_ex.d" -MT"Drivers/STM32F0xx_HAL_Driver/Src/stm32f0xx_hal_rcc_ex.o" --specs=nano.specs -mfloat-abi=soft -mthumb -o "Drivers/STM32F0xx_HAL_Driver/Src/stm32f0xx_hal_rcc_ex.o"
arm-none-eabi-gcc "../Drivers/STM32F0xx_HAL_Driver/Src/stm32f0xx_hal_spi.c" -mcpu=cortex-m0 -std=gnu11 -g3 -DUSE_HAL_DRIVER -DSTM32F072xB -DDEBUG -c -I../Drivers/STM32F0xx_HAL_Driver/Inc -I../Drivers/CMSIS/Include -I../Core/Inc -I../Drivers/STM32F0xx_HAL_Driver/Inc/Legacy -I../Drivers/CMSIS/Device/ST/STM32F0xx/Include -O0 -ffunction-sections -fdata-sections -Wall -fstack-usage -MMD -MP -MF"Drivers/STM32F0xx_HAL_Driver/Src/stm32f0xx_hal_spi.d" -MT"Drivers/STM32F0xx_HAL_Driver/Src/stm32f0xx_hal_spi.o" --specs=nano.specs -mfloat-abi=soft -mthumb -o "Drivers/STM32F0xx_HAL_Driver/Src/stm32f0xx_hal_spi.o"
arm-none-eabi-gcc "../Drivers/STM32F0xx_HAL_Driver/Src/stm32f0xx_hal_spi_ex.c" -mcpu=cortex-m0 -std=gnu11 -g3 -DUSE_HAL_DRIVER -DSTM32F072xB -DDEBUG -c -I../Drivers/STM32F0xx_HAL_Driver/Inc -I../Drivers/CMSIS/Include -I../Core/Inc -I../Drivers/STM32F0xx_HAL_Driver/Inc/Legacy -I../Drivers/CMSIS/Device/ST/STM32F0xx/Include -O0 -ffunction-sections -fdata-sections -Wall -fstack-usage -MMD -MP -MF"Drivers/STM32F0xx_HAL_Driver/Src/stm32f0xx_hal_spi_ex.d" -MT"Drivers/STM32F0xx_HAL_Driver/Src/stm32f0xx_hal_spi_ex.o" --specs=nano.specs -mfloat-abi=soft -mthumb -o "Drivers/STM32F0xx_HAL_Driver/Src/stm32f0xx_hal_spi_ex.o"
arm-none-eabi-gcc "../Drivers/STM32F0xx_HAL_Driver/Src/stm32f0xx_hal_tim.c" -mcpu=cortex-m0 -std=gnu11 -g3 -DUSE_HAL_DRIVER -DSTM32F072xB -DDEBUG -c -I../Drivers/STM32F0xx_HAL_Driver/Inc -I../Drivers/CMSIS/Include -I../Core/Inc -I../Drivers/STM32F0xx_HAL_Driver/Inc/Legacy -I../Drivers/CMSIS/Device/ST/STM32F0xx/Include -O0 -ffunction-sections -fdata-sections -Wall -fstack-usage -MMD -MP -MF"Drivers/STM32F0xx_HAL_Driver/Src/stm32f0xx_hal_tim.d" -MT"Drivers/STM32F0xx_HAL_Driver/Src/stm32f0xx_hal_tim.o" --specs=nano.specs -mfloat-abi=soft -mthumb -o "Drivers/STM32F0xx_HAL_Driver/Src/stm32f0xx_hal_tim.o"
arm-none-eabi-gcc "../Drivers/STM32F0xx_HAL_Driver/Src/stm32f0xx_hal_tim_ex.c" -mcpu=cortex-m0 -std=gnu11 -g3 -DUSE_HAL_DRIVER -DSTM32F072xB -DDEBUG -c -I../Drivers/STM32F0xx_HAL_Driver/Inc -I../Drivers/CMSIS/Include -I../Core/Inc -I../Drivers/STM32F0xx_HAL_Driver/Inc/Legacy -I../Drivers/CMSIS/Device/ST/STM32F0xx/Include -O0 -ffunction-sections -fdata-sections -Wall -fstack-usage -MMD -MP -MF"Drivers/STM32F0xx_HAL_Driver/Src/stm32f0xx_hal_tim_ex.d" -MT"Drivers/STM32F0xx_HAL_Driver/Src/stm32f0xx_hal_tim_ex.o" --specs=nano.specs -mfloat-abi=soft -mthumb -o "Drivers/STM32F0xx_HAL_Driver/Src/stm32f0xx_hal_tim_ex.o"
arm-none-eabi-gcc -mcpu=cortex-m0 -g3 -c -x assembler-with-cpp --specs=nano.specs -mfloat-abi=soft -mthumb -o "Core/Startup/startup_stm32f072rbtx.o" "../Core/Startup/startup_stm32f072rbtx.s"
arm-none-eabi-g++ "../Core/Src/subsystem-can-driver/helper-code/rx-module-binary-tree.cpp" -mcpu=cortex-m0 -std=gnu++14 -g3 -DUSE_HAL_DRIVER -DSTM32F072xB -DDEBUG -c -I../Drivers/STM32F0xx_HAL_Driver/Inc -I../Drivers/CMSIS/Include -I../Core/Inc -I"C:/Users/Mark/Google Drive/Solar Gators/Auxiliary_2019-2020/mcb_rev2/Core/Src/subsystem-can-driver" -I../Drivers/STM32F0xx_HAL_Driver/Inc/Legacy -I../Drivers/CMSIS/Device/ST/STM32F0xx/Include -O0 -ffunction-sections -fdata-sections -fno-exceptions -fno-rtti -fno-threadsafe-statics -fno-use-cxa-atexit -Wall -fstack-usage -MMD -MP -MF"Core/Src/subsystem-can-driver/helper-code/rx-module-binary-tree.d" -MT"Core/Src/subsystem-can-driver/helper-code/rx-module-binary-tree.o" --specs=nano.specs -mfloat-abi=soft -mthumb -o "Core/Src/subsystem-can-driver/helper-code/rx-module-binary-tree.o"
arm-none-eabi-g++ "../Core/Src/subsystem-can-driver/aux-data-module.cpp" -mcpu=cortex-m0 -std=gnu++14 -g3 -DUSE_HAL_DRIVER -DSTM32F072xB -DDEBUG -c -I../Drivers/STM32F0xx_HAL_Driver/Inc -I../Drivers/CMSIS/Include -I../Core/Inc -I"C:/Users/Mark/Google Drive/Solar Gators/Auxiliary_2019-2020/mcb_rev2/Core/Src/subsystem-can-driver" -I../Drivers/STM32F0xx_HAL_Driver/Inc/Legacy -I../Drivers/CMSIS/Device/ST/STM32F0xx/Include -O0 -ffunction-sections -fdata-sections -fno-exceptions -fno-rtti -fno-threadsafe-statics -fno-use-cxa-atexit -Wall -fstack-usage -MMD -MP -MF"Core/Src/subsystem-can-driver/aux-data-module.d" -MT"Core/Src/subsystem-can-driver/aux-data-module.o" --specs=nano.specs -mfloat-abi=soft -mthumb -o "Core/Src/subsystem-can-driver/aux-data-module.o"
arm-none-eabi-g++ "../Core/Src/subsystem-can-driver/bms-data-module.cpp" -mcpu=cortex-m0 -std=gnu++14 -g3 -DUSE_HAL_DRIVER -DSTM32F072xB -DDEBUG -c -I../Drivers/STM32F0xx_HAL_Driver/Inc -I../Drivers/CMSIS/Include -I../Core/Inc -I"C:/Users/Mark/Google Drive/Solar Gators/Auxiliary_2019-2020/mcb_rev2/Core/Src/subsystem-can-driver" -I../Drivers/STM32F0xx_HAL_Driver/Inc/Legacy -I../Drivers/CMSIS/Device/ST/STM32F0xx/Include -O0 -ffunction-sections -fdata-sections -fno-exceptions -fno-rtti -fno-threadsafe-statics -fno-use-cxa-atexit -Wall -fstack-usage -MMD -MP -MF"Core/Src/subsystem-can-driver/bms-data-module.d" -MT"Core/Src/subsystem-can-driver/bms-data-module.o" --specs=nano.specs -mfloat-abi=soft -mthumb -o "Core/Src/subsystem-can-driver/bms-data-module.o"
arm-none-eabi-g++ "../Core/Src/subsystem-can-driver/mppt-data-module.cpp" -mcpu=cortex-m0 -std=gnu++14 -g3 -DUSE_HAL_DRIVER -DSTM32F072xB -DDEBUG -c -I../Drivers/STM32F0xx_HAL_Driver/Inc -I../Drivers/CMSIS/Include -I../Core/Inc -I"C:/Users/Mark/Google Drive/Solar Gators/Auxiliary_2019-2020/mcb_rev2/Core/Src/subsystem-can-driver" -I../Drivers/STM32F0xx_HAL_Driver/Inc/Legacy -I../Drivers/CMSIS/Device/ST/STM32F0xx/Include -O0 -ffunction-sections -fdata-sections -fno-exceptions -fno-rtti -fno-threadsafe-statics -fno-use-cxa-atexit -Wall -fstack-usage -MMD -MP -MF"Core/Src/subsystem-can-driver/mppt-data-module.d" -MT"Core/Src/subsystem-can-driver/mppt-data-module.o" --specs=nano.specs -mfloat-abi=soft -mthumb -o "Core/Src/subsystem-can-driver/mppt-data-module.o"
arm-none-eabi-g++ "../Core/Src/subsystem-can-driver/subsystem-data-module.cpp" -mcpu=cortex-m0 -std=gnu++14 -g3 -DUSE_HAL_DRIVER -DSTM32F072xB -DDEBUG -c -I../Drivers/STM32F0xx_HAL_Driver/Inc -I../Drivers/CMSIS/Include -I../Core/Inc -I"C:/Users/Mark/Google Drive/Solar Gators/Auxiliary_2019-2020/mcb_rev2/Core/Src/subsystem-can-driver" -I../Drivers/STM32F0xx_HAL_Driver/Inc/Legacy -I../Drivers/CMSIS/Device/ST/STM32F0xx/Include -O0 -ffunction-sections -fdata-sections -fno-exceptions -fno-rtti -fno-threadsafe-statics -fno-use-cxa-atexit -Wall -fstack-usage -MMD -MP -MF"Core/Src/subsystem-can-driver/subsystem-data-module.d" -MT"Core/Src/subsystem-can-driver/subsystem-data-module.o" --specs=nano.specs -mfloat-abi=soft -mthumb -o "Core/Src/subsystem-can-driver/subsystem-data-module.o"
arm-none-eabi-g++ "../Core/Src/main.cpp" -mcpu=cortex-m0 -std=gnu++14 -g3 -DUSE_HAL_DRIVER -DSTM32F072xB -DDEBUG -c -I../Drivers/STM32F0xx_HAL_Driver/Inc -I../Drivers/CMSIS/Include -I../Core/Inc -I"C:/Users/Mark/Google Drive/Solar Gators/Auxiliary_2019-2020/mcb_rev2/Core/Src/subsystem-can-driver" -I../Drivers/STM32F0xx_HAL_Driver/Inc/Legacy -I../Drivers/CMSIS/Device/ST/STM32F0xx/Include -O0 -ffunction-sections -fdata-sections -fno-exceptions -fno-rtti -fno-threadsafe-statics -fno-use-cxa-atexit -Wall -fstack-usage -MMD -MP -MF"Core/Src/main.d" -MT"Core/Src/main.o" --specs=nano.specs -mfloat-abi=soft -mthumb -o "Core/Src/main.o"
arm-none-eabi-gcc "../Core/Src/stm32f0xx_hal_msp.c" -mcpu=cortex-m0 -std=gnu11 -g3 -DUSE_HAL_DRIVER -DSTM32F072xB -DDEBUG -c -I../Drivers/STM32F0xx_HAL_Driver/Inc -I../Drivers/CMSIS/Include -I../Core/Inc -I../Drivers/STM32F0xx_HAL_Driver/Inc/Legacy -I../Drivers/CMSIS/Device/ST/STM32F0xx/Include -O0 -ffunction-sections -fdata-sections -Wall -fstack-usage -MMD -MP -MF"Core/Src/stm32f0xx_hal_msp.d" -MT"Core/Src/stm32f0xx_hal_msp.o" --specs=nano.specs -mfloat-abi=soft -mthumb -o "Core/Src/stm32f0xx_hal_msp.o"
arm-none-eabi-gcc "../Core/Src/stm32f0xx_it.c" -mcpu=cortex-m0 -std=gnu11 -g3 -DUSE_HAL_DRIVER -DSTM32F072xB -DDEBUG -c -I../Drivers/STM32F0xx_HAL_Driver/Inc -I../Drivers/CMSIS/Include -I../Core/Inc -I../Drivers/STM32F0xx_HAL_Driver/Inc/Legacy -I../Drivers/CMSIS/Device/ST/STM32F0xx/Include -O0 -ffunction-sections -fdata-sections -Wall -fstack-usage -MMD -MP -MF"Core/Src/stm32f0xx_it.d" -MT"Core/Src/stm32f0xx_it.o" --specs=nano.specs -mfloat-abi=soft -mthumb -o "Core/Src/stm32f0xx_it.o"
arm-none-eabi-gcc "../Core/Src/syscalls.c" -mcpu=cortex-m0 -std=gnu11 -g3 -DUSE_HAL_DRIVER -DSTM32F072xB -DDEBUG -c -I../Drivers/STM32F0xx_HAL_Driver/Inc -I../Drivers/CMSIS/Include -I../Core/Inc -I../Drivers/STM32F0xx_HAL_Driver/Inc/Legacy -I../Drivers/CMSIS/Device/ST/STM32F0xx/Include -O0 -ffunction-sections -fdata-sections -Wall -fstack-usage -MMD -MP -MF"Core/Src/syscalls.d" -MT"Core/Src/syscalls.o" --specs=nano.specs -mfloat-abi=soft -mthumb -o "Core/Src/syscalls.o"
arm-none-eabi-gcc "../Core/Src/sysmem.c" -mcpu=cortex-m0 -std=gnu11 -g3 -DUSE_HAL_DRIVER -DSTM32F072xB -DDEBUG -c -I../Drivers/STM32F0xx_HAL_Driver/Inc -I../Drivers/CMSIS/Include -I../Core/Inc -I../Drivers/STM32F0xx_HAL_Driver/Inc/Legacy -I../Drivers/CMSIS/Device/ST/STM32F0xx/Include -O0 -ffunction-sections -fdata-sections -Wall -fstack-usage -MMD -MP -MF"Core/Src/sysmem.d" -MT"Core/Src/sysmem.o" --specs=nano.specs -mfloat-abi=soft -mthumb -o "Core/Src/sysmem.o"
arm-none-eabi-gcc "../Core/Src/system_stm32f0xx.c" -mcpu=cortex-m0 -std=gnu11 -g3 -DUSE_HAL_DRIVER -DSTM32F072xB -DDEBUG -c -I../Drivers/STM32F0xx_HAL_Driver/Inc -I../Drivers/CMSIS/Include -I../Core/Inc -I../Drivers/STM32F0xx_HAL_Driver/Inc/Legacy -I../Drivers/CMSIS/Device/ST/STM32F0xx/Include -O0 -ffunction-sections -fdata-sections -Wall -fstack-usage -MMD -MP -MF"Core/Src/system_stm32f0xx.d" -MT"Core/Src/system_stm32f0xx.o" --specs=nano.specs -mfloat-abi=soft -mthumb -o "Core/Src/system_stm32f0xx.o"
arm-none-eabi-g++ -o "mcb_rev2.elf" @"objects.list"   -mcpu=cortex-m0 -T"C:\Users\Mark\Google Drive\Solar Gators\Auxiliary_2019-2020\mcb_rev2\STM32F072RBTX_FLASH.ld" --specs=nosys.specs -Wl,-Map="mcb_rev2.map" -Wl,--gc-sections -static --specs=nano.specs -mfloat-abi=soft -mthumb -Wl,--start-group -lc -lm -lstdc++ -lsupc++ -Wl,--end-group
Finished building target: mcb_rev2.elf
 
arm-none-eabi-size   mcb_rev2.elf 
arm-none-eabi-objdump -h -S  mcb_rev2.elf  > "mcb_rev2.list"
arm-none-eabi-objcopy  -O binary  mcb_rev2.elf  "mcb_rev2.bin"
   text	   data	    bss	    dec	    hex	filename
  17756	    132	   1924	  19812	   4d64	mcb_rev2.elf
Finished building: default.size.stdout
 
Finished building: mcb_rev2.bin
 
Finished building: mcb_rev2.list
 
17:12:02 **** Incremental Build of configuration Debug for project mcb_rev2 ****
make -j12 all 
arm-none-eabi-size   mcb_rev2.elf 
   text	   data	    bss	    dec	    hex	filename
  17756	    132	   1924	  19812	   4d64	mcb_rev2.elf
Finished building: default.size.stdout
 
17:12:18 **** Incremental Build of configuration Debug for project mcb_rev2 ****
make -j12 all 
arm-none-eabi-size   mcb_rev2.elf 
   text	   data	    bss	    dec	    hex	filename
  17756	    132	   1924	  19812	   4d64	mcb_rev2.elf
Finished building: default.size.stdout
 
17:12:32 **** Incremental Build of configuration Debug for project mcb_rev2 ****
make -j12 all 
arm-none-eabi-size   mcb_rev2.elf 
   text	   data	    bss	    dec	    hex	filename
  17756	    132	   1924	  19812	   4d64	mcb_rev2.elf
Finished building: default.size.stdout
 
17:13:22 **** Incremental Build of configuration Debug for project mcb_rev2 ****
make -j12 all 
arm-none-eabi-g++ "../Core/Src/main.cpp" -mcpu=cortex-m0 -std=gnu++14 -g3 -DUSE_HAL_DRIVER -DSTM32F072xB -DDEBUG -c -I../Drivers/STM32F0xx_HAL_Driver/Inc -I../Drivers/CMSIS/Include -I../Core/Inc -I"C:/Users/Mark/Google Drive/Solar Gators/Auxiliary_2019-2020/mcb_rev2/Core/Src/subsystem-can-driver" -I../Drivers/STM32F0xx_HAL_Driver/Inc/Legacy -I../Drivers/CMSIS/Device/ST/STM32F0xx/Include -O0 -ffunction-sections -fdata-sections -fno-exceptions -fno-rtti -fno-threadsafe-statics -fno-use-cxa-atexit -Wall -fstack-usage -MMD -MP -MF"Core/Src/main.d" -MT"Core/Src/main.o" --specs=nano.specs -mfloat-abi=soft -mthumb -o "Core/Src/main.o"
../Core/Src/main.cpp: In function 'int main()':
../Core/Src/main.cpp:118:11: warning: unused variable 'DAC_PowerOff' [-Wunused-variable]
   uint8_t DAC_PowerOff[3] = {0x40, 0x00, 0x00}; // Power off DAC
           ^~~~~~~~~~~~
arm-none-eabi-g++ -o "mcb_rev2.elf" @"objects.list"   -mcpu=cortex-m0 -T"C:\Users\Mark\Google Drive\Solar Gators\Auxiliary_2019-2020\mcb_rev2\STM32F072RBTX_FLASH.ld" --specs=nosys.specs -Wl,-Map="mcb_rev2.map" -Wl,--gc-sections -static --specs=nano.specs -mfloat-abi=soft -mthumb -Wl,--start-group -lc -lm -lstdc++ -lsupc++ -Wl,--end-group
Finished building target: mcb_rev2.elf
 
arm-none-eabi-objdump -h -S  mcb_rev2.elf  > "mcb_rev2.list"
arm-none-eabi-objcopy  -O binary  mcb_rev2.elf  "mcb_rev2.bin"
arm-none-eabi-size   mcb_rev2.elf 
   text	   data	    bss	    dec	    hex	filename
  17748	    132	   1924	  19804	   4d5c	mcb_rev2.elf
Finished building: default.size.stdout
 
Finished building: mcb_rev2.bin
 
Finished building: mcb_rev2.list
 
17:14:56 **** Incremental Build of configuration Debug for project mcb_rev2 ****
make -j12 all 
arm-none-eabi-g++ "../Core/Src/main.cpp" -mcpu=cortex-m0 -std=gnu++14 -g3 -DUSE_HAL_DRIVER -DSTM32F072xB -DDEBUG -c -I../Drivers/STM32F0xx_HAL_Driver/Inc -I../Drivers/CMSIS/Include -I../Core/Inc -I"C:/Users/Mark/Google Drive/Solar Gators/Auxiliary_2019-2020/mcb_rev2/Core/Src/subsystem-can-driver" -I../Drivers/STM32F0xx_HAL_Driver/Inc/Legacy -I../Drivers/CMSIS/Device/ST/STM32F0xx/Include -O0 -ffunction-sections -fdata-sections -fno-exceptions -fno-rtti -fno-threadsafe-statics -fno-use-cxa-atexit -Wall -fstack-usage -MMD -MP -MF"Core/Src/main.d" -MT"Core/Src/main.o" --specs=nano.specs -mfloat-abi=soft -mthumb -o "Core/Src/main.o"
../Core/Src/main.cpp: In function 'int main()':
../Core/Src/main.cpp:118:11: warning: unused variable 'DAC_PowerOff' [-Wunused-variable]
   uint8_t DAC_PowerOff[3] = {0x40, 0x00, 0x00}; // Power off DAC
           ^~~~~~~~~~~~
arm-none-eabi-g++ -o "mcb_rev2.elf" @"objects.list"   -mcpu=cortex-m0 -T"C:\Users\Mark\Google Drive\Solar Gators\Auxiliary_2019-2020\mcb_rev2\STM32F072RBTX_FLASH.ld" --specs=nosys.specs -Wl,-Map="mcb_rev2.map" -Wl,--gc-sections -static --specs=nano.specs -mfloat-abi=soft -mthumb -Wl,--start-group -lc -lm -lstdc++ -lsupc++ -Wl,--end-group
Finished building target: mcb_rev2.elf
 
arm-none-eabi-objdump -h -S  mcb_rev2.elf  > "mcb_rev2.list"
arm-none-eabi-objcopy  -O binary  mcb_rev2.elf  "mcb_rev2.bin"
arm-none-eabi-size   mcb_rev2.elf 
   text	   data	    bss	    dec	    hex	filename
  17756	    132	   1924	  19812	   4d64	mcb_rev2.elf
Finished building: default.size.stdout
 
Finished building: mcb_rev2.bin
 
Finished building: mcb_rev2.list
 
17:15:47 **** Incremental Build of configuration Debug for project mcb_rev2 ****
make -j12 all 
arm-none-eabi-g++ "../Core/Src/main.cpp" -mcpu=cortex-m0 -std=gnu++14 -g3 -DUSE_HAL_DRIVER -DSTM32F072xB -DDEBUG -c -I../Drivers/STM32F0xx_HAL_Driver/Inc -I../Drivers/CMSIS/Include -I../Core/Inc -I"C:/Users/Mark/Google Drive/Solar Gators/Auxiliary_2019-2020/mcb_rev2/Core/Src/subsystem-can-driver" -I../Drivers/STM32F0xx_HAL_Driver/Inc/Legacy -I../Drivers/CMSIS/Device/ST/STM32F0xx/Include -O0 -ffunction-sections -fdata-sections -fno-exceptions -fno-rtti -fno-threadsafe-statics -fno-use-cxa-atexit -Wall -fstack-usage -MMD -MP -MF"Core/Src/main.d" -MT"Core/Src/main.o" --specs=nano.specs -mfloat-abi=soft -mthumb -o "Core/Src/main.o"
../Core/Src/main.cpp: In function 'int main()':
../Core/Src/main.cpp:118:11: warning: unused variable 'DAC_PowerOff' [-Wunused-variable]
   uint8_t DAC_PowerOff[3] = {0x40, 0x00, 0x00}; // Power off DAC
           ^~~~~~~~~~~~
arm-none-eabi-g++ -o "mcb_rev2.elf" @"objects.list"   -mcpu=cortex-m0 -T"C:\Users\Mark\Google Drive\Solar Gators\Auxiliary_2019-2020\mcb_rev2\STM32F072RBTX_FLASH.ld" --specs=nosys.specs -Wl,-Map="mcb_rev2.map" -Wl,--gc-sections -static --specs=nano.specs -mfloat-abi=soft -mthumb -Wl,--start-group -lc -lm -lstdc++ -lsupc++ -Wl,--end-group
Finished building target: mcb_rev2.elf
 
arm-none-eabi-objdump -h -S  mcb_rev2.elf  > "mcb_rev2.list"
arm-none-eabi-objcopy  -O binary  mcb_rev2.elf  "mcb_rev2.bin"
arm-none-eabi-size   mcb_rev2.elf 
   text	   data	    bss	    dec	    hex	filename
  17756	    132	   1924	  19812	   4d64	mcb_rev2.elf
Finished building: default.size.stdout
 
Finished building: mcb_rev2.bin
 
Finished building: mcb_rev2.list
 
18:19:00 **** Incremental Build of configuration Debug for project mcb_rev2 ****
make -j12 all 
arm-none-eabi-size   mcb_rev2.elf 
   text	   data	    bss	    dec	    hex	filename
  17756	    132	   1924	  19812	   4d64	mcb_rev2.elf
Finished building: default.size.stdout
 
18:19:26 **** Incremental Build of configuration Debug for project mcb_rev2 ****
make -j12 all 
arm-none-eabi-size   mcb_rev2.elf 
   text	   data	    bss	    dec	    hex	filename
  17756	    132	   1924	  19812	   4d64	mcb_rev2.elf
Finished building: default.size.stdout
 
18:21:51 **** Incremental Build of configuration Debug for project mcb_rev2 ****
make -j12 all 
arm-none-eabi-size   mcb_rev2.elf 
   text	   data	    bss	    dec	    hex	filename
  17756	    132	   1924	  19812	   4d64	mcb_rev2.elf
Finished building: default.size.stdout
 
18:22:31 **** Incremental Build of configuration Debug for project mcb_rev2 ****
make -j12 all 
arm-none-eabi-g++ "../Core/Src/main.cpp" -mcpu=cortex-m0 -std=gnu++14 -g3 -DUSE_HAL_DRIVER -DSTM32F072xB -DDEBUG -c -I../Drivers/STM32F0xx_HAL_Driver/Inc -I../Drivers/CMSIS/Include -I../Core/Inc -I"C:/Users/Mark/Google Drive/Solar Gators/Auxiliary_2019-2020/mcb_rev2/Core/Src/subsystem-can-driver" -I../Drivers/STM32F0xx_HAL_Driver/Inc/Legacy -I../Drivers/CMSIS/Device/ST/STM32F0xx/Include -O0 -ffunction-sections -fdata-sections -fno-exceptions -fno-rtti -fno-threadsafe-statics -fno-use-cxa-atexit -Wall -fstack-usage -MMD -MP -MF"Core/Src/main.d" -MT"Core/Src/main.o" --specs=nano.specs -mfloat-abi=soft -mthumb -o "Core/Src/main.o"
arm-none-eabi-g++ -o "mcb_rev2.elf" @"objects.list"   -mcpu=cortex-m0 -T"C:\Users\Mark\Google Drive\Solar Gators\Auxiliary_2019-2020\mcb_rev2\STM32F072RBTX_FLASH.ld" --specs=nosys.specs -Wl,-Map="mcb_rev2.map" -Wl,--gc-sections -static --specs=nano.specs -mfloat-abi=soft -mthumb -Wl,--start-group -lc -lm -lstdc++ -lsupc++ -Wl,--end-group
Finished building target: mcb_rev2.elf
 
arm-none-eabi-objdump -h -S  mcb_rev2.elf  > "mcb_rev2.list"
arm-none-eabi-objcopy  -O binary  mcb_rev2.elf  "mcb_rev2.bin"
arm-none-eabi-size   mcb_rev2.elf 
   text	   data	    bss	    dec	    hex	filename
  17768	    132	   1924	  19824	   4d70	mcb_rev2.elf
Finished building: default.size.stdout
 
Finished building: mcb_rev2.bin
 
Finished building: mcb_rev2.list
 
19:13:59 **** Incremental Build of configuration Debug for project mcb_rev2 ****
make -j12 all 
arm-none-eabi-g++ "../Core/Src/main.cpp" -mcpu=cortex-m0 -std=gnu++14 -g3 -DUSE_HAL_DRIVER -DSTM32F072xB -DDEBUG -c -I../Drivers/STM32F0xx_HAL_Driver/Inc -I../Drivers/CMSIS/Include -I../Core/Inc -I"C:/Users/Mark/Google Drive/Solar Gators/Auxiliary_2019-2020/mcb_rev2/Core/Src/subsystem-can-driver" -I../Drivers/STM32F0xx_HAL_Driver/Inc/Legacy -I../Drivers/CMSIS/Device/ST/STM32F0xx/Include -O0 -ffunction-sections -fdata-sections -fno-exceptions -fno-rtti -fno-threadsafe-statics -fno-use-cxa-atexit -Wall -fstack-usage -MMD -MP -MF"Core/Src/main.d" -MT"Core/Src/main.o" --specs=nano.specs -mfloat-abi=soft -mthumb -o "Core/Src/main.o"
../Core/Src/main.cpp: In function 'int main()':
../Core/Src/main.cpp:234:44: error: invalid conversion from 'uint16_t {aka short unsigned int}' to 'uint16_t* {aka short unsigned int*}' [-fpermissive]
     DAC_SpliceWrite(cruiseDAC, 0x30, sine[i]);
                                      ~~~~~~^
../Core/Src/main.cpp:109:5: note:   initializing argument 3 of 'int DAC_SpliceWrite(slave_t, uint8_t, uint16_t*)'
 int DAC_SpliceWrite(slave_t slave, uint8_t command, uint16_t *data);
     ^~~~~~~~~~~~~~~
../Core/Src/main.cpp:127:18: warning: unused variable 'DAC_PowerOn' [-Wunused-variable]
   static uint8_t DAC_PowerOn[3] = {0x30, 0xFF, 0xF0}; // Power on DAC with max output
                  ^~~~~~~~~~~
../Core/Src/main.cpp:128:18: warning: unused variable 'DAC_PowerOff' [-Wunused-variable]
   static uint8_t DAC_PowerOff[3] = {0x40, 0x00, 0x00}; // Power off DAC
                  ^~~~~~~~~~~~
../Core/Src/main.cpp: At global scope:
../Core/Src/main.cpp:128:18: warning: 'DAC_PowerOff' defined but not used [-Wunused-variable]
../Core/Src/main.cpp:127:18: warning: 'DAC_PowerOn' defined but not used [-Wunused-variable]
   static uint8_t DAC_PowerOn[3] = {0x30, 0xFF, 0xF0}; // Power on DAC with max output
                  ^~~~~~~~~~~
make: *** [Core/Src/subdir.mk:37: Core/Src/main.o] Error 1
"make -j12 all" terminated with exit code 2. Build might be incomplete.
19:14:23 **** Incremental Build of configuration Debug for project mcb_rev2 ****
make -j12 all 
arm-none-eabi-g++ "../Core/Src/main.cpp" -mcpu=cortex-m0 -std=gnu++14 -g3 -DUSE_HAL_DRIVER -DSTM32F072xB -DDEBUG -c -I../Drivers/STM32F0xx_HAL_Driver/Inc -I../Drivers/CMSIS/Include -I../Core/Inc -I"C:/Users/Mark/Google Drive/Solar Gators/Auxiliary_2019-2020/mcb_rev2/Core/Src/subsystem-can-driver" -I../Drivers/STM32F0xx_HAL_Driver/Inc/Legacy -I../Drivers/CMSIS/Device/ST/STM32F0xx/Include -O0 -ffunction-sections -fdata-sections -fno-exceptions -fno-rtti -fno-threadsafe-statics -fno-use-cxa-atexit -Wall -fstack-usage -MMD -MP -MF"Core/Src/main.d" -MT"Core/Src/main.o" --specs=nano.specs -mfloat-abi=soft -mthumb -o "Core/Src/main.o"
../Core/Src/main.cpp: In function 'int main()':
../Core/Src/main.cpp:127:18: warning: unused variable 'DAC_PowerOn' [-Wunused-variable]
   static uint8_t DAC_PowerOn[3] = {0x30, 0xFF, 0xF0}; // Power on DAC with max output
                  ^~~~~~~~~~~
../Core/Src/main.cpp:128:18: warning: unused variable 'DAC_PowerOff' [-Wunused-variable]
   static uint8_t DAC_PowerOff[3] = {0x40, 0x00, 0x00}; // Power off DAC
                  ^~~~~~~~~~~~
../Core/Src/main.cpp: At global scope:
../Core/Src/main.cpp:128:18: warning: 'DAC_PowerOff' defined but not used [-Wunused-variable]
../Core/Src/main.cpp:127:18: warning: 'DAC_PowerOn' defined but not used [-Wunused-variable]
   static uint8_t DAC_PowerOn[3] = {0x30, 0xFF, 0xF0}; // Power on DAC with max output
                  ^~~~~~~~~~~
arm-none-eabi-g++ -o "mcb_rev2.elf" @"objects.list"   -mcpu=cortex-m0 -T"C:\Users\Mark\Google Drive\Solar Gators\Auxiliary_2019-2020\mcb_rev2\STM32F072RBTX_FLASH.ld" --specs=nosys.specs -Wl,-Map="mcb_rev2.map" -Wl,--gc-sections -static --specs=nano.specs -mfloat-abi=soft -mthumb -Wl,--start-group -lc -lm -lstdc++ -lsupc++ -Wl,--end-group
Finished building target: mcb_rev2.elf
 
arm-none-eabi-objdump -h -S  mcb_rev2.elf  > "mcb_rev2.list"
arm-none-eabi-objcopy  -O binary  mcb_rev2.elf  "mcb_rev2.bin"
arm-none-eabi-size   mcb_rev2.elf 
   text	   data	    bss	    dec	    hex	filename
  17824	    236	   1924	  19984	   4e10	mcb_rev2.elf
Finished building: default.size.stdout
 
Finished building: mcb_rev2.bin
 
Finished building: mcb_rev2.list
 
19:16:24 **** Incremental Build of configuration Debug for project mcb_rev2 ****
make -j12 all 
arm-none-eabi-size   mcb_rev2.elf 
   text	   data	    bss	    dec	    hex	filename
  17824	    236	   1924	  19984	   4e10	mcb_rev2.elf
Finished building: default.size.stdout
 
19:20:17 **** Incremental Build of configuration Debug for project mcb_rev2 ****
make -j12 all 
arm-none-eabi-size   mcb_rev2.elf 
   text	   data	    bss	    dec	    hex	filename
  17824	    236	   1924	  19984	   4e10	mcb_rev2.elf
Finished building: default.size.stdout
 
19:20:31 **** Incremental Build of configuration Debug for project mcb_rev2 ****
make -j12 all 
arm-none-eabi-size   mcb_rev2.elf 
   text	   data	    bss	    dec	    hex	filename
  17824	    236	   1924	  19984	   4e10	mcb_rev2.elf
Finished building: default.size.stdout
 
19:20:39 **** Incremental Build of configuration Debug for project mcb_rev2 ****
make -j12 all 
arm-none-eabi-size   mcb_rev2.elf 
   text	   data	    bss	    dec	    hex	filename
  17824	    236	   1924	  19984	   4e10	mcb_rev2.elf
Finished building: default.size.stdout
 
19:20:52 **** Incremental Build of configuration Debug for project mcb_rev2 ****
make -j12 all 
arm-none-eabi-size   mcb_rev2.elf 
   text	   data	    bss	    dec	    hex	filename
  17824	    236	   1924	  19984	   4e10	mcb_rev2.elf
Finished building: default.size.stdout
 
19:22:41 **** Incremental Build of configuration Debug for project mcb_rev2 ****
make -j12 all 
arm-none-eabi-g++ "../Core/Src/main.cpp" -mcpu=cortex-m0 -std=gnu++14 -g3 -DUSE_HAL_DRIVER -DSTM32F072xB -DDEBUG -c -I../Drivers/STM32F0xx_HAL_Driver/Inc -I../Drivers/CMSIS/Include -I../Core/Inc -I"C:/Users/Mark/Google Drive/Solar Gators/Auxiliary_2019-2020/mcb_rev2/Core/Src/subsystem-can-driver" -I../Drivers/STM32F0xx_HAL_Driver/Inc/Legacy -I../Drivers/CMSIS/Device/ST/STM32F0xx/Include -O0 -ffunction-sections -fdata-sections -fno-exceptions -fno-rtti -fno-threadsafe-statics -fno-use-cxa-atexit -Wall -fstack-usage -MMD -MP -MF"Core/Src/main.d" -MT"Core/Src/main.o" --specs=nano.specs -mfloat-abi=soft -mthumb -o "Core/Src/main.o"
../Core/Src/main.cpp: In function 'int main()':
../Core/Src/main.cpp:129:18: warning: unused variable 'DAC_PowerOn' [-Wunused-variable]
   static uint8_t DAC_PowerOn[3] = {0x30, 0xFF, 0xF0}; // Power on DAC with max output
                  ^~~~~~~~~~~
../Core/Src/main.cpp:130:18: warning: unused variable 'DAC_PowerOff' [-Wunused-variable]
   static uint8_t DAC_PowerOff[3] = {0x40, 0x00, 0x00}; // Power off DAC
                  ^~~~~~~~~~~~
../Core/Src/main.cpp: At global scope:
../Core/Src/main.cpp:130:18: warning: 'DAC_PowerOff' defined but not used [-Wunused-variable]
../Core/Src/main.cpp:129:18: warning: 'DAC_PowerOn' defined but not used [-Wunused-variable]
   static uint8_t DAC_PowerOn[3] = {0x30, 0xFF, 0xF0}; // Power on DAC with max output
                  ^~~~~~~~~~~
arm-none-eabi-g++ -o "mcb_rev2.elf" @"objects.list"   -mcpu=cortex-m0 -T"C:\Users\Mark\Google Drive\Solar Gators\Auxiliary_2019-2020\mcb_rev2\STM32F072RBTX_FLASH.ld" --specs=nosys.specs -Wl,-Map="mcb_rev2.map" -Wl,--gc-sections -static --specs=nano.specs -mfloat-abi=soft -mthumb -Wl,--start-group -lc -lm -lstdc++ -lsupc++ -Wl,--end-group
Finished building target: mcb_rev2.elf
 
arm-none-eabi-objdump -h -S  mcb_rev2.elf  > "mcb_rev2.list"
arm-none-eabi-objcopy  -O binary  mcb_rev2.elf  "mcb_rev2.bin"
arm-none-eabi-size   mcb_rev2.elf 
   text	   data	    bss	    dec	    hex	filename
  17824	    236	   1924	  19984	   4e10	mcb_rev2.elf
Finished building: default.size.stdout
 
Finished building: mcb_rev2.bin
 
Finished building: mcb_rev2.list
 
19:37:56 **** Incremental Build of configuration Debug for project mcb_rev2 ****
make -j12 all 
arm-none-eabi-g++ "../Core/Src/subsystem-can-driver/subsystem-data-module.cpp" -mcpu=cortex-m0 -std=gnu++14 -g3 -DUSE_HAL_DRIVER -DSTM32F072xB -DDEBUG -c -I../Drivers/STM32F0xx_HAL_Driver/Inc -I../Drivers/CMSIS/Include -I../Core/Inc -I"C:/Users/Mark/Google Drive/Solar Gators/Auxiliary_2019-2020/mcb_rev2/Core/Src/subsystem-can-driver" -I../Drivers/STM32F0xx_HAL_Driver/Inc/Legacy -I../Drivers/CMSIS/Device/ST/STM32F0xx/Include -O0 -ffunction-sections -fdata-sections -fno-exceptions -fno-rtti -fno-threadsafe-statics -fno-use-cxa-atexit -Wall -fstack-usage -MMD -MP -MF"Core/Src/subsystem-can-driver/subsystem-data-module.d" -MT"Core/Src/subsystem-can-driver/subsystem-data-module.o" --specs=nano.specs -mfloat-abi=soft -mthumb -o "Core/Src/subsystem-can-driver/subsystem-data-module.o"
arm-none-eabi-g++ "../Core/Src/main.cpp" -mcpu=cortex-m0 -std=gnu++14 -g3 -DUSE_HAL_DRIVER -DSTM32F072xB -DDEBUG -c -I../Drivers/STM32F0xx_HAL_Driver/Inc -I../Drivers/CMSIS/Include -I../Core/Inc -I"C:/Users/Mark/Google Drive/Solar Gators/Auxiliary_2019-2020/mcb_rev2/Core/Src/subsystem-can-driver" -I../Drivers/STM32F0xx_HAL_Driver/Inc/Legacy -I../Drivers/CMSIS/Device/ST/STM32F0xx/Include -O0 -ffunction-sections -fdata-sections -fno-exceptions -fno-rtti -fno-threadsafe-statics -fno-use-cxa-atexit -Wall -fstack-usage -MMD -MP -MF"Core/Src/main.d" -MT"Core/Src/main.o" --specs=nano.specs -mfloat-abi=soft -mthumb -o "Core/Src/main.o"
arm-none-eabi-g++ -o "mcb_rev2.elf" @"objects.list"   -mcpu=cortex-m0 -T"C:\Users\Mark\Google Drive\Solar Gators\Auxiliary_2019-2020\mcb_rev2\STM32F072RBTX_FLASH.ld" --specs=nosys.specs -Wl,-Map="mcb_rev2.map" -Wl,--gc-sections -static --specs=nano.specs -mfloat-abi=soft -mthumb -Wl,--start-group -lc -lm -lstdc++ -lsupc++ -Wl,--end-group
Finished building target: mcb_rev2.elf
 
arm-none-eabi-objdump -h -S  mcb_rev2.elf  > "mcb_rev2.list"
arm-none-eabi-objcopy  -O binary  mcb_rev2.elf  "mcb_rev2.bin"
arm-none-eabi-size   mcb_rev2.elf 
   text	   data	    bss	    dec	    hex	filename
  18100	    144	   1928	  20172	   4ecc	mcb_rev2.elf
Finished building: default.size.stdout
 
Finished building: mcb_rev2.bin
 
Finished building: mcb_rev2.list
 
19:39:19 **** Incremental Build of configuration Debug for project mcb_rev2 ****
make -j12 all 
arm-none-eabi-g++ "../Core/Src/main.cpp" -mcpu=cortex-m0 -std=gnu++14 -g3 -DUSE_HAL_DRIVER -DSTM32F072xB -DDEBUG -c -I../Drivers/STM32F0xx_HAL_Driver/Inc -I../Drivers/CMSIS/Include -I../Core/Inc -I"C:/Users/Mark/Google Drive/Solar Gators/Auxiliary_2019-2020/mcb_rev2/Core/Src/subsystem-can-driver" -I../Drivers/STM32F0xx_HAL_Driver/Inc/Legacy -I../Drivers/CMSIS/Device/ST/STM32F0xx/Include -O0 -ffunction-sections -fdata-sections -fno-exceptions -fno-rtti -fno-threadsafe-statics -fno-use-cxa-atexit -Wall -fstack-usage -MMD -MP -MF"Core/Src/main.d" -MT"Core/Src/main.o" --specs=nano.specs -mfloat-abi=soft -mthumb -o "Core/Src/main.o"
arm-none-eabi-g++ -o "mcb_rev2.elf" @"objects.list"   -mcpu=cortex-m0 -T"C:\Users\Mark\Google Drive\Solar Gators\Auxiliary_2019-2020\mcb_rev2\STM32F072RBTX_FLASH.ld" --specs=nosys.specs -Wl,-Map="mcb_rev2.map" -Wl,--gc-sections -static --specs=nano.specs -mfloat-abi=soft -mthumb -Wl,--start-group -lc -lm -lstdc++ -lsupc++ -Wl,--end-group
Finished building target: mcb_rev2.elf
 
arm-none-eabi-objdump -h -S  mcb_rev2.elf  > "mcb_rev2.list"
arm-none-eabi-objcopy  -O binary  mcb_rev2.elf  "mcb_rev2.bin"
arm-none-eabi-size   mcb_rev2.elf 
   text	   data	    bss	    dec	    hex	filename
  18100	    144	   1928	  20172	   4ecc	mcb_rev2.elf
Finished building: default.size.stdout
 
Finished building: mcb_rev2.bin
 
Finished building: mcb_rev2.list
 
19:43:17 **** Incremental Build of configuration Debug for project mcb_rev2 ****
make -j12 all 
arm-none-eabi-g++ "../Core/Src/main.cpp" -mcpu=cortex-m0 -std=gnu++14 -g3 -DUSE_HAL_DRIVER -DSTM32F072xB -DDEBUG -c -I../Drivers/STM32F0xx_HAL_Driver/Inc -I../Drivers/CMSIS/Include -I../Core/Inc -I"C:/Users/Mark/Google Drive/Solar Gators/Auxiliary_2019-2020/mcb_rev2/Core/Src/subsystem-can-driver" -I../Drivers/STM32F0xx_HAL_Driver/Inc/Legacy -I../Drivers/CMSIS/Device/ST/STM32F0xx/Include -O0 -ffunction-sections -fdata-sections -fno-exceptions -fno-rtti -fno-threadsafe-statics -fno-use-cxa-atexit -Wall -fstack-usage -MMD -MP -MF"Core/Src/main.d" -MT"Core/Src/main.o" --specs=nano.specs -mfloat-abi=soft -mthumb -o "Core/Src/main.o"
arm-none-eabi-g++ -o "mcb_rev2.elf" @"objects.list"   -mcpu=cortex-m0 -T"C:\Users\Mark\Google Drive\Solar Gators\Auxiliary_2019-2020\mcb_rev2\STM32F072RBTX_FLASH.ld" --specs=nosys.specs -Wl,-Map="mcb_rev2.map" -Wl,--gc-sections -static --specs=nano.specs -mfloat-abi=soft -mthumb -Wl,--start-group -lc -lm -lstdc++ -lsupc++ -Wl,--end-group
Finished building target: mcb_rev2.elf
 
arm-none-eabi-objdump -h -S  mcb_rev2.elf  > "mcb_rev2.list"
arm-none-eabi-objcopy  -O binary  mcb_rev2.elf  "mcb_rev2.bin"
arm-none-eabi-size   mcb_rev2.elf 
   text	   data	    bss	    dec	    hex	filename
  18100	    144	   1928	  20172	   4ecc	mcb_rev2.elf
Finished building: default.size.stdout
 
Finished building: mcb_rev2.bin
 
Finished building: mcb_rev2.list
 
19:55:44 **** Incremental Build of configuration Debug for project mcb_rev2 ****
make -j12 all 
arm-none-eabi-size   mcb_rev2.elf 
   text	   data	    bss	    dec	    hex	filename
  18100	    144	   1928	  20172	   4ecc	mcb_rev2.elf
Finished building: default.size.stdout
 
19:55:45 **** Incremental Build of configuration Debug for project mcb_rev2 ****
make -j12 all 
arm-none-eabi-size   mcb_rev2.elf 
   text	   data	    bss	    dec	    hex	filename
  18100	    144	   1928	  20172	   4ecc	mcb_rev2.elf
Finished building: default.size.stdout
 
19:56:58 **** Incremental Build of configuration Debug for project mcb_rev2 ****
make -j12 all 
arm-none-eabi-size   mcb_rev2.elf 
   text	   data	    bss	    dec	    hex	filename
  18100	    144	   1928	  20172	   4ecc	mcb_rev2.elf
Finished building: default.size.stdout
 
19:59:12 **** Incremental Build of configuration Debug for project mcb_rev2 ****
make -j12 all 
arm-none-eabi-g++ "../Core/Src/subsystem-can-driver/subsystem-data-module.cpp" -mcpu=cortex-m0 -std=gnu++14 -g3 -DUSE_HAL_DRIVER -DSTM32F072xB -DDEBUG -c -I../Drivers/STM32F0xx_HAL_Driver/Inc -I../Drivers/CMSIS/Include -I../Core/Inc -I"C:/Users/Mark/Google Drive/Solar Gators/Auxiliary_2019-2020/mcb_rev2/Core/Src/subsystem-can-driver" -I../Drivers/STM32F0xx_HAL_Driver/Inc/Legacy -I../Drivers/CMSIS/Device/ST/STM32F0xx/Include -O0 -ffunction-sections -fdata-sections -fno-exceptions -fno-rtti -fno-threadsafe-statics -fno-use-cxa-atexit -Wall -fstack-usage -MMD -MP -MF"Core/Src/subsystem-can-driver/subsystem-data-module.d" -MT"Core/Src/subsystem-can-driver/subsystem-data-module.o" --specs=nano.specs -mfloat-abi=soft -mthumb -o "Core/Src/subsystem-can-driver/subsystem-data-module.o"
arm-none-eabi-g++ -o "mcb_rev2.elf" @"objects.list"   -mcpu=cortex-m0 -T"C:\Users\Mark\Google Drive\Solar Gators\Auxiliary_2019-2020\mcb_rev2\STM32F072RBTX_FLASH.ld" --specs=nosys.specs -Wl,-Map="mcb_rev2.map" -Wl,--gc-sections -static --specs=nano.specs -mfloat-abi=soft -mthumb -Wl,--start-group -lc -lm -lstdc++ -lsupc++ -Wl,--end-group
Finished building target: mcb_rev2.elf
 
arm-none-eabi-objdump -h -S  mcb_rev2.elf  > "mcb_rev2.list"
arm-none-eabi-objcopy  -O binary  mcb_rev2.elf  "mcb_rev2.bin"
arm-none-eabi-size   mcb_rev2.elf 
   text	   data	    bss	    dec	    hex	filename
  18100	    144	   1928	  20172	   4ecc	mcb_rev2.elf
Finished building: default.size.stdout
 
Finished building: mcb_rev2.bin
 
Finished building: mcb_rev2.list
 
20:00:58 **** Incremental Build of configuration Debug for project mcb_rev2 ****
make -j12 all 
arm-none-eabi-g++ "../Core/Src/main.cpp" -mcpu=cortex-m0 -std=gnu++14 -g3 -DUSE_HAL_DRIVER -DSTM32F072xB -DDEBUG -c -I../Drivers/STM32F0xx_HAL_Driver/Inc -I../Drivers/CMSIS/Include -I../Core/Inc -I"C:/Users/Mark/Google Drive/Solar Gators/Auxiliary_2019-2020/mcb_rev2/Core/Src/subsystem-can-driver" -I../Drivers/STM32F0xx_HAL_Driver/Inc/Legacy -I../Drivers/CMSIS/Device/ST/STM32F0xx/Include -O0 -ffunction-sections -fdata-sections -fno-exceptions -fno-rtti -fno-threadsafe-statics -fno-use-cxa-atexit -Wall -fstack-usage -MMD -MP -MF"Core/Src/main.d" -MT"Core/Src/main.o" --specs=nano.specs -mfloat-abi=soft -mthumb -o "Core/Src/main.o"
arm-none-eabi-g++ -o "mcb_rev2.elf" @"objects.list"   -mcpu=cortex-m0 -T"C:\Users\Mark\Google Drive\Solar Gators\Auxiliary_2019-2020\mcb_rev2\STM32F072RBTX_FLASH.ld" --specs=nosys.specs -Wl,-Map="mcb_rev2.map" -Wl,--gc-sections -static --specs=nano.specs -mfloat-abi=soft -mthumb -Wl,--start-group -lc -lm -lstdc++ -lsupc++ -Wl,--end-group
Finished building target: mcb_rev2.elf
 
arm-none-eabi-objdump -h -S  mcb_rev2.elf  > "mcb_rev2.list"
arm-none-eabi-objcopy  -O binary  mcb_rev2.elf  "mcb_rev2.bin"
arm-none-eabi-size   mcb_rev2.elf 
   text	   data	    bss	    dec	    hex	filename
  18848	    144	   1928	  20920	   51b8	mcb_rev2.elf
Finished building: default.size.stdout
 
Finished building: mcb_rev2.bin
 
Finished building: mcb_rev2.list
 
20:02:45 **** Incremental Build of configuration Debug for project mcb_rev2 ****
make -j12 all 
arm-none-eabi-size   mcb_rev2.elf 
   text	   data	    bss	    dec	    hex	filename
  18848	    144	   1928	  20920	   51b8	mcb_rev2.elf
Finished building: default.size.stdout
 
20:04:49 **** Incremental Build of configuration Debug for project mcb_rev2 ****
make -j12 all 
arm-none-eabi-size   mcb_rev2.elf 
   text	   data	    bss	    dec	    hex	filename
  18848	    144	   1928	  20920	   51b8	mcb_rev2.elf
Finished building: default.size.stdout
 
20:08:32 **** Incremental Build of configuration Debug for project mcb_rev2 ****
make -j12 all 
arm-none-eabi-size   mcb_rev2.elf 
   text	   data	    bss	    dec	    hex	filename
  18848	    144	   1928	  20920	   51b8	mcb_rev2.elf
Finished building: default.size.stdout
 
20:08:57 **** Incremental Build of configuration Debug for project mcb_rev2 ****
make -j12 all 
arm-none-eabi-size   mcb_rev2.elf 
   text	   data	    bss	    dec	    hex	filename
  18848	    144	   1928	  20920	   51b8	mcb_rev2.elf
Finished building: default.size.stdout
 
20:09:51 **** Incremental Build of configuration Debug for project mcb_rev2 ****
make -j12 all 
arm-none-eabi-size   mcb_rev2.elf 
   text	   data	    bss	    dec	    hex	filename
  18848	    144	   1928	  20920	   51b8	mcb_rev2.elf
Finished building: default.size.stdout
 
20:11:59 **** Incremental Build of configuration Debug for project mcb_rev2 ****
make -j12 all 
arm-none-eabi-size   mcb_rev2.elf 
   text	   data	    bss	    dec	    hex	filename
  18848	    144	   1928	  20920	   51b8	mcb_rev2.elf
Finished building: default.size.stdout
 
20:12:50 **** Incremental Build of configuration Debug for project mcb_rev2 ****
make -j12 all 
arm-none-eabi-size   mcb_rev2.elf 
   text	   data	    bss	    dec	    hex	filename
  18848	    144	   1928	  20920	   51b8	mcb_rev2.elf
Finished building: default.size.stdout
 
20:13:20 **** Incremental Build of configuration Debug for project mcb_rev2 ****
make -j12 all 
arm-none-eabi-size   mcb_rev2.elf 
   text	   data	    bss	    dec	    hex	filename
  18848	    144	   1928	  20920	   51b8	mcb_rev2.elf
Finished building: default.size.stdout
 
20:16:36 **** Incremental Build of configuration Debug for project mcb_rev2 ****
make -j12 all 
arm-none-eabi-size   mcb_rev2.elf 
   text	   data	    bss	    dec	    hex	filename
  18848	    144	   1928	  20920	   51b8	mcb_rev2.elf
Finished building: default.size.stdout
 
20:17:15 **** Incremental Build of configuration Debug for project mcb_rev2 ****
make -j12 all 
arm-none-eabi-g++ "../Core/Src/subsystem-can-driver/subsystem-data-module.cpp" -mcpu=cortex-m0 -std=gnu++14 -g3 -DUSE_HAL_DRIVER -DSTM32F072xB -DDEBUG -c -I../Drivers/STM32F0xx_HAL_Driver/Inc -I../Drivers/CMSIS/Include -I../Core/Inc -I"C:/Users/Mark/Google Drive/Solar Gators/Auxiliary_2019-2020/mcb_rev2/Core/Src/subsystem-can-driver" -I../Drivers/STM32F0xx_HAL_Driver/Inc/Legacy -I../Drivers/CMSIS/Device/ST/STM32F0xx/Include -O0 -ffunction-sections -fdata-sections -fno-exceptions -fno-rtti -fno-threadsafe-statics -fno-use-cxa-atexit -Wall -fstack-usage -MMD -MP -MF"Core/Src/subsystem-can-driver/subsystem-data-module.d" -MT"Core/Src/subsystem-can-driver/subsystem-data-module.o" --specs=nano.specs -mfloat-abi=soft -mthumb -o "Core/Src/subsystem-can-driver/subsystem-data-module.o"
arm-none-eabi-g++ "../Core/Src/main.cpp" -mcpu=cortex-m0 -std=gnu++14 -g3 -DUSE_HAL_DRIVER -DSTM32F072xB -DDEBUG -c -I../Drivers/STM32F0xx_HAL_Driver/Inc -I../Drivers/CMSIS/Include -I../Core/Inc -I"C:/Users/Mark/Google Drive/Solar Gators/Auxiliary_2019-2020/mcb_rev2/Core/Src/subsystem-can-driver" -I../Drivers/STM32F0xx_HAL_Driver/Inc/Legacy -I../Drivers/CMSIS/Device/ST/STM32F0xx/Include -O0 -ffunction-sections -fdata-sections -fno-exceptions -fno-rtti -fno-threadsafe-statics -fno-use-cxa-atexit -Wall -fstack-usage -MMD -MP -MF"Core/Src/main.d" -MT"Core/Src/main.o" --specs=nano.specs -mfloat-abi=soft -mthumb -o "Core/Src/main.o"
arm-none-eabi-g++ -o "mcb_rev2.elf" @"objects.list"   -mcpu=cortex-m0 -T"C:\Users\Mark\Google Drive\Solar Gators\Auxiliary_2019-2020\mcb_rev2\STM32F072RBTX_FLASH.ld" --specs=nosys.specs -Wl,-Map="mcb_rev2.map" -Wl,--gc-sections -static --specs=nano.specs -mfloat-abi=soft -mthumb -Wl,--start-group -lc -lm -lstdc++ -lsupc++ -Wl,--end-group
Finished building target: mcb_rev2.elf
 
arm-none-eabi-objdump -h -S  mcb_rev2.elf  > "mcb_rev2.list"
arm-none-eabi-objcopy  -O binary  mcb_rev2.elf  "mcb_rev2.bin"
arm-none-eabi-size   mcb_rev2.elf 
   text	   data	    bss	    dec	    hex	filename
  18100	    144	   1928	  20172	   4ecc	mcb_rev2.elf
Finished building: default.size.stdout
 
Finished building: mcb_rev2.bin
 
Finished building: mcb_rev2.list
 
20:17:48 **** Incremental Build of configuration Debug for project mcb_rev2 ****
make -j12 all 
arm-none-eabi-size   mcb_rev2.elf 
   text	   data	    bss	    dec	    hex	filename
  18100	    144	   1928	  20172	   4ecc	mcb_rev2.elf
Finished building: default.size.stdout
 
20:19:29 **** Incremental Build of configuration Debug for project mcb_rev2 ****
make -j12 all 
arm-none-eabi-size   mcb_rev2.elf 
   text	   data	    bss	    dec	    hex	filename
  18100	    144	   1928	  20172	   4ecc	mcb_rev2.elf
Finished building: default.size.stdout
 
20:19:35 **** Incremental Build of configuration Debug for project mcb_rev2 ****
make -j12 all 
arm-none-eabi-size   mcb_rev2.elf 
   text	   data	    bss	    dec	    hex	filename
  18100	    144	   1928	  20172	   4ecc	mcb_rev2.elf
Finished building: default.size.stdout
 
19:31:09 **** Incremental Build of configuration Debug for project mcb_rev2 ****
make -j12 all 
arm-none-eabi-g++ "../Core/Src/main.cpp" -mcpu=cortex-m0 -std=gnu++14 -g3 -DUSE_HAL_DRIVER -DSTM32F072xB -DDEBUG -c -I../Drivers/STM32F0xx_HAL_Driver/Inc -I../Drivers/CMSIS/Include -I../Core/Inc -I"C:/Users/Mark/Google Drive/Solar Gators/Auxiliary_2019-2020/mcb_rev2/Core/Src/subsystem-can-driver" -I../Drivers/STM32F0xx_HAL_Driver/Inc/Legacy -I../Drivers/CMSIS/Device/ST/STM32F0xx/Include -O0 -ffunction-sections -fdata-sections -fno-exceptions -fno-rtti -fno-threadsafe-statics -fno-use-cxa-atexit -Wall -fstack-usage -MMD -MP -MF"Core/Src/main.d" -MT"Core/Src/main.o" --specs=nano.specs -mfloat-abi=soft -mthumb -o "Core/Src/main.o"
arm-none-eabi-g++ -o "mcb_rev2.elf" @"objects.list"   -mcpu=cortex-m0 -T"C:\Users\Mark\Google Drive\Solar Gators\Auxiliary_2019-2020\mcb_rev2\STM32F072RBTX_FLASH.ld" --specs=nosys.specs -Wl,-Map="mcb_rev2.map" -Wl,--gc-sections -static --specs=nano.specs -mfloat-abi=soft -mthumb -Wl,--start-group -lc -lm -lstdc++ -lsupc++ -Wl,--end-group
Finished building target: mcb_rev2.elf
 
arm-none-eabi-objdump -h -S  mcb_rev2.elf  > "mcb_rev2.list"
arm-none-eabi-objcopy  -O binary  mcb_rev2.elf  "mcb_rev2.bin"
arm-none-eabi-size   mcb_rev2.elf 
   text	   data	    bss	    dec	    hex	filename
  17716	    144	   1928	  19788	   4d4c	mcb_rev2.elf
Finished building: default.size.stdout
 
Finished building: mcb_rev2.bin
 
Finished building: mcb_rev2.list
 
19:31:28 **** Incremental Build of configuration Debug for project mcb_rev2 ****
make -j12 all 
arm-none-eabi-size   mcb_rev2.elf 
   text	   data	    bss	    dec	    hex	filename
  17716	    144	   1928	  19788	   4d4c	mcb_rev2.elf
Finished building: default.size.stdout
 
19:31:55 **** Incremental Build of configuration Debug for project mcb_rev2 ****
make -j12 all 
arm-none-eabi-size   mcb_rev2.elf 
   text	   data	    bss	    dec	    hex	filename
  17716	    144	   1928	  19788	   4d4c	mcb_rev2.elf
Finished building: default.size.stdout
 
19:35:17 **** Incremental Build of configuration Debug for project mcb_rev2 ****
make -j12 all 
arm-none-eabi-g++ "../Core/Src/main.cpp" -mcpu=cortex-m0 -std=gnu++14 -g3 -DUSE_HAL_DRIVER -DSTM32F072xB -DDEBUG -c -I../Drivers/STM32F0xx_HAL_Driver/Inc -I../Drivers/CMSIS/Include -I../Core/Inc -I"C:/Users/Mark/Google Drive/Solar Gators/Auxiliary_2019-2020/mcb_rev2/Core/Src/subsystem-can-driver" -I../Drivers/STM32F0xx_HAL_Driver/Inc/Legacy -I../Drivers/CMSIS/Device/ST/STM32F0xx/Include -O0 -ffunction-sections -fdata-sections -fno-exceptions -fno-rtti -fno-threadsafe-statics -fno-use-cxa-atexit -Wall -fstack-usage -MMD -MP -MF"Core/Src/main.d" -MT"Core/Src/main.o" --specs=nano.specs -mfloat-abi=soft -mthumb -o "Core/Src/main.o"
../Core/Src/main.cpp: In function 'int main()':
../Core/Src/main.cpp:129:18: warning: unused variable 'DAC_PowerOn' [-Wunused-variable]
   static uint8_t DAC_PowerOn[3] = {0x30, 0xFF, 0xF0}; // Power on DAC with max output
                  ^~~~~~~~~~~
../Core/Src/main.cpp:130:18: warning: unused variable 'DAC_PowerOff' [-Wunused-variable]
   static uint8_t DAC_PowerOff[3] = {0x40, 0x00, 0x00}; // Power off DAC
                  ^~~~~~~~~~~~
../Core/Src/main.cpp: At global scope:
../Core/Src/main.cpp:130:18: warning: 'DAC_PowerOff' defined but not used [-Wunused-variable]
../Core/Src/main.cpp:129:18: warning: 'DAC_PowerOn' defined but not used [-Wunused-variable]
   static uint8_t DAC_PowerOn[3] = {0x30, 0xFF, 0xF0}; // Power on DAC with max output
                  ^~~~~~~~~~~
arm-none-eabi-g++ -o "mcb_rev2.elf" @"objects.list"   -mcpu=cortex-m0 -T"C:\Users\Mark\Google Drive\Solar Gators\Auxiliary_2019-2020\mcb_rev2\STM32F072RBTX_FLASH.ld" --specs=nosys.specs -Wl,-Map="mcb_rev2.map" -Wl,--gc-sections -static --specs=nano.specs -mfloat-abi=soft -mthumb -Wl,--start-group -lc -lm -lstdc++ -lsupc++ -Wl,--end-group
Finished building target: mcb_rev2.elf
 
arm-none-eabi-objdump -h -S  mcb_rev2.elf  > "mcb_rev2.list"
arm-none-eabi-objcopy  -O binary  mcb_rev2.elf  "mcb_rev2.bin"
arm-none-eabi-size   mcb_rev2.elf 
   text	   data	    bss	    dec	    hex	filename
  17824	    236	   1924	  19984	   4e10	mcb_rev2.elf
Finished building: default.size.stdout
 
Finished building: mcb_rev2.bin
 
Finished building: mcb_rev2.list
 
19:36:45 **** Incremental Build of configuration Debug for project mcb_rev2 ****
make -j12 all 
arm-none-eabi-g++ "../Core/Src/main.cpp" -mcpu=cortex-m0 -std=gnu++14 -g3 -DUSE_HAL_DRIVER -DSTM32F072xB -DDEBUG -c -I../Drivers/STM32F0xx_HAL_Driver/Inc -I../Drivers/CMSIS/Include -I../Core/Inc -I"C:/Users/Mark/Google Drive/Solar Gators/Auxiliary_2019-2020/mcb_rev2/Core/Src/subsystem-can-driver" -I../Drivers/STM32F0xx_HAL_Driver/Inc/Legacy -I../Drivers/CMSIS/Device/ST/STM32F0xx/Include -O0 -ffunction-sections -fdata-sections -fno-exceptions -fno-rtti -fno-threadsafe-statics -fno-use-cxa-atexit -Wall -fstack-usage -MMD -MP -MF"Core/Src/main.d" -MT"Core/Src/main.o" --specs=nano.specs -mfloat-abi=soft -mthumb -o "Core/Src/main.o"
arm-none-eabi-g++ -o "mcb_rev2.elf" @"objects.list"   -mcpu=cortex-m0 -T"C:\Users\Mark\Google Drive\Solar Gators\Auxiliary_2019-2020\mcb_rev2\STM32F072RBTX_FLASH.ld" --specs=nosys.specs -Wl,-Map="mcb_rev2.map" -Wl,--gc-sections -static --specs=nano.specs -mfloat-abi=soft -mthumb -Wl,--start-group -lc -lm -lstdc++ -lsupc++ -Wl,--end-group
Finished building target: mcb_rev2.elf
 
arm-none-eabi-objdump -h -S  mcb_rev2.elf  > "mcb_rev2.list"
arm-none-eabi-objcopy  -O binary  mcb_rev2.elf  "mcb_rev2.bin"
arm-none-eabi-size   mcb_rev2.elf 
   text	   data	    bss	    dec	    hex	filename
  17716	    144	   1928	  19788	   4d4c	mcb_rev2.elf
Finished building: default.size.stdout
 
Finished building: mcb_rev2.bin
 
Finished building: mcb_rev2.list
 
19:37:23 **** Incremental Build of configuration Debug for project mcb_rev2 ****
make -j12 all 
arm-none-eabi-g++ "../Core/Src/main.cpp" -mcpu=cortex-m0 -std=gnu++14 -g3 -DUSE_HAL_DRIVER -DSTM32F072xB -DDEBUG -c -I../Drivers/STM32F0xx_HAL_Driver/Inc -I../Drivers/CMSIS/Include -I../Core/Inc -I"C:/Users/Mark/Google Drive/Solar Gators/Auxiliary_2019-2020/mcb_rev2/Core/Src/subsystem-can-driver" -I../Drivers/STM32F0xx_HAL_Driver/Inc/Legacy -I../Drivers/CMSIS/Device/ST/STM32F0xx/Include -O0 -ffunction-sections -fdata-sections -fno-exceptions -fno-rtti -fno-threadsafe-statics -fno-use-cxa-atexit -Wall -fstack-usage -MMD -MP -MF"Core/Src/main.d" -MT"Core/Src/main.o" --specs=nano.specs -mfloat-abi=soft -mthumb -o "Core/Src/main.o"
../Core/Src/main.cpp: In function 'int main()':
../Core/Src/main.cpp:129:18: warning: unused variable 'DAC_PowerOn' [-Wunused-variable]
   static uint8_t DAC_PowerOn[3] = {0x30, 0xFF, 0xFF}; // Power on DAC with max output
                  ^~~~~~~~~~~
../Core/Src/main.cpp:130:18: warning: unused variable 'DAC_PowerOff' [-Wunused-variable]
   static uint8_t DAC_PowerOff[3] = {0x40, 0x00, 0x00}; // Power off DAC
                  ^~~~~~~~~~~~
../Core/Src/main.cpp: At global scope:
../Core/Src/main.cpp:130:18: warning: 'DAC_PowerOff' defined but not used [-Wunused-variable]
../Core/Src/main.cpp:129:18: warning: 'DAC_PowerOn' defined but not used [-Wunused-variable]
   static uint8_t DAC_PowerOn[3] = {0x30, 0xFF, 0xFF}; // Power on DAC with max output
                  ^~~~~~~~~~~
arm-none-eabi-g++ -o "mcb_rev2.elf" @"objects.list"   -mcpu=cortex-m0 -T"C:\Users\Mark\Google Drive\Solar Gators\Auxiliary_2019-2020\mcb_rev2\STM32F072RBTX_FLASH.ld" --specs=nosys.specs -Wl,-Map="mcb_rev2.map" -Wl,--gc-sections -static --specs=nano.specs -mfloat-abi=soft -mthumb -Wl,--start-group -lc -lm -lstdc++ -lsupc++ -Wl,--end-group
Finished building target: mcb_rev2.elf
 
arm-none-eabi-objdump -h -S  mcb_rev2.elf  > "mcb_rev2.list"
arm-none-eabi-objcopy  -O binary  mcb_rev2.elf  "mcb_rev2.bin"
arm-none-eabi-size   mcb_rev2.elf 
   text	   data	    bss	    dec	    hex	filename
  17824	    236	   1924	  19984	   4e10	mcb_rev2.elf
Finished building: default.size.stdout
 
Finished building: mcb_rev2.bin
 
Finished building: mcb_rev2.list
 
